H2spec test server listening on 0.0.0.0:9080
Run h2spec with: h2spec -h localhost -p 9080 -t
HTTP/2 server listening on 0.0.0.0:9080
2025-06-27T02:08:09.900525Z  DEBUG - Connection.start called, is_server=true
2025-06-27T02:08:09.900530Z  DEBUG - Reading client preface...
2025-06-27T02:08:09.900533Z  DEBUG - Attempting to read 24 bytes for preface
2025-06-27T02:08:09.900558Z  DEBUG - Read preface bytes: 505249202a20485454502f322e300d0a0d0a534d0d0a0d0a
2025-06-27T02:08:09.900563Z  DEBUG - Client preface read successfully
2025-06-27T02:08:09.900563Z  DEBUG - Starting without preface...
2025-06-27T02:08:09.900608Z  DEBUG - Connection started successfully
2025-06-27T02:08:09.900814Z  DEBUG - Read loop started for connection 127.0.0.1
2025-06-27T02:08:09.900815Z  DEBUG - Reading frame header...
2025-06-27T02:08:09.900849Z  DEBUG - Applying remote setting: INITIAL_WINDOW_SIZE = 65535
2025-06-27T02:08:09.900852Z  DEBUG - Updating stream windows: old=65535, new=65535, diff=0
2025-06-27T02:08:09.900853Z  DEBUG - Sending SETTINGS ACK
2025-06-27T02:08:09.901049Z  DEBUG - Read loop IO error: IO::Error - write (#<TCPSocket:0x102f7cd80>): Broken pipe
2025-06-27T02:08:09.901050Z  DEBUG - Socket closed: false
2025-06-27T02:08:09.901051Z  DEBUG - Read loop exiting, closing connection
2025-06-27T02:08:09.901222Z  DEBUG - Connection.start called, is_server=true
2025-06-27T02:08:09.901222Z  DEBUG - Reading client preface...
2025-06-27T02:08:09.901224Z  DEBUG - Attempting to read 24 bytes for preface
2025-06-27T02:08:09.901232Z  DEBUG - Read preface bytes: 505249202a20485454502f322e300d0a0d0a534d0d0a0d0a
2025-06-27T02:08:09.901234Z  DEBUG - Client preface read successfully
2025-06-27T02:08:09.901234Z  DEBUG - Starting without preface...
2025-06-27T02:08:09.901257Z  DEBUG - Connection started successfully
2025-06-27T02:08:09.901327Z  DEBUG - Read loop started for connection 127.0.0.1
2025-06-27T02:08:09.901328Z  DEBUG - Reading frame header...
2025-06-27T02:08:09.901335Z  DEBUG - Applying remote setting: INITIAL_WINDOW_SIZE = 65535
2025-06-27T02:08:09.901337Z  DEBUG - Updating stream windows: old=65535, new=65535, diff=0
2025-06-27T02:08:09.901338Z  DEBUG - Sending SETTINGS ACK
2025-06-27T02:08:09.901353Z  DEBUG - SETTINGS ACK sent
2025-06-27T02:08:09.901356Z  DEBUG - Successfully handled frame: HT2::SettingsFrame on stream 0
2025-06-27T02:08:09.901358Z  DEBUG - Reading frame header...
2025-06-27T02:08:09.901375Z  DEBUG - Successfully handled frame: HT2::SettingsFrame on stream 0
2025-06-27T02:08:09.901377Z  DEBUG - Reading frame header...
2025-06-27T02:08:09.901381Z  DEBUG - Successfully handled frame: HT2::SettingsFrame on stream 0
2025-06-27T02:08:09.901382Z  DEBUG - Reading frame header...
2025-06-27T02:08:09.901524Z  DEBUG - Successfully handled frame: HT2::PriorityFrame on stream 1
2025-06-27T02:08:09.901526Z  DEBUG - Reading frame header...
2025-06-27T02:08:09.901550Z  DEBUG - Successfully handled frame: HT2::PingFrame on stream 0
2025-06-27T02:08:09.901551Z  DEBUG - Reading frame header...
2025-06-27T02:08:09.901723Z  DEBUG - Failed to read frame header: End of file reached
2025-06-27T02:08:09.901737Z  DEBUG - Read loop IO error: IO::EOFError - End of file reached
2025-06-27T02:08:09.901738Z  DEBUG - Socket closed: false
2025-06-27T02:08:09.901739Z  DEBUG - Read loop exiting, closing connection
2025-06-27T02:08:09.902445Z  DEBUG - Connection.start called, is_server=true
2025-06-27T02:08:09.902445Z  DEBUG - Reading client preface...
2025-06-27T02:08:09.902456Z  DEBUG - Attempting to read 24 bytes for preface
2025-06-27T02:08:09.902470Z  DEBUG - Read preface bytes: 505249202a20485454502f322e300d0a0d0a534d0d0a0d0a
2025-06-27T02:08:09.902473Z  DEBUG - Client preface read successfully
2025-06-27T02:08:09.902474Z  DEBUG - Starting without preface...
2025-06-27T02:08:09.902502Z  DEBUG - Connection started successfully
2025-06-27T02:08:09.902602Z  DEBUG - Read loop started for connection 127.0.0.1
2025-06-27T02:08:09.902604Z  DEBUG - Reading frame header...
2025-06-27T02:08:09.902616Z  DEBUG - Applying remote setting: INITIAL_WINDOW_SIZE = 65535
2025-06-27T02:08:09.902618Z  DEBUG - Updating stream windows: old=65535, new=65535, diff=0
2025-06-27T02:08:09.902619Z  DEBUG - Sending SETTINGS ACK
2025-06-27T02:08:09.902635Z  DEBUG - SETTINGS ACK sent
2025-06-27T02:08:09.902636Z  DEBUG - Successfully handled frame: HT2::SettingsFrame on stream 0
2025-06-27T02:08:09.902638Z  DEBUG - Reading frame header...
2025-06-27T02:08:09.902648Z  DEBUG - Successfully handled frame: HT2::SettingsFrame on stream 0
2025-06-27T02:08:09.902650Z  DEBUG - Reading frame header...
2025-06-27T02:08:09.902654Z  DEBUG - Successfully handled frame: HT2::SettingsFrame on stream 0
2025-06-27T02:08:09.902655Z  DEBUG - Reading frame header...
2025-06-27T02:08:09.902812Z  DEBUG - Applying remote setting: INITIAL_WINDOW_SIZE = 0
2025-06-27T02:08:09.902816Z  DEBUG - Updating stream windows: old=65535, new=0, diff=-65535
2025-06-27T02:08:09.902817Z  DEBUG - Sending SETTINGS ACK
2025-06-27T02:08:09.902834Z  DEBUG - SETTINGS ACK sent
2025-06-27T02:08:09.902835Z  DEBUG - Successfully handled frame: HT2::SettingsFrame on stream 0
2025-06-27T02:08:09.902837Z  DEBUG - Reading frame header...
2025-06-27T02:08:09.902843Z  DEBUG - HEADERS frame parsing: payload_size=15, offset=0, padding=0, header_block_size=15
2025-06-27T02:08:09.902845Z  DEBUG - Header block hex: 828684418aa0e41d139d09b8f81e07
2025-06-27T02:08:09.902896Z  DEBUG - HEADERS frame: stream_id=1, flags=END_STREAM | END_HEADERS, padding=0, priority=nil, header_block_size=15
2025-06-27T02:08:09.902897Z  DEBUG - Full header block hex: 828684418aa0e41d139d09b8f81e07
2025-06-27T02:08:09.902899Z  DEBUG - Decoding HEADERS frame with block size: 15
2025-06-27T02:08:09.902900Z  DEBUG - First 20 bytes of header block: less than 20 bytes
2025-06-27T02:08:09.902906Z  DEBUG - HPACK: Decoding Huffman string, length=10, data=a0e41d139d09b8f81e07
2025-06-27T02:08:09.903019Z  DEBUG - Huffman decode: data.size=10, hex=a0e41d139d09b8f81e07
2025-06-27T02:08:09.903020Z  DEBUG - Huffman decode: Checking for potential EOS pattern in data
2025-06-27T02:08:09.903026Z  DEBUG - Huffman padding check: last_symbol_bit=76, total_bits=80, padding_bits=3
2025-06-27T02:08:09.903030Z  DEBUG - HPACK: Huffman decoded to: "localhost:9080"
2025-06-27T02:08:09.903054Z  DEBUG - Decoded headers before validation: [{":method", "GET"}, {":scheme", "http"}, {":path", "/"}, {":authority", "localhost:9080"}]
2025-06-27T02:08:09.903085Z  DEBUG - Validated headers: [{":method", "GET"}, {":scheme", "http"}, {":path", "/"}, {":authority", "localhost:9080"}]
2025-06-27T02:08:09.903097Z  DEBUG - Server received headers for stream 1, end_stream: true, headers_count: 4
2025-06-27T02:08:09.903106Z  DEBUG - Headers: [{":method", "GET"}, {":scheme", "http"}, {":path", "/"}, {":authority", "localhost:9080"}]
2025-06-27T02:08:09.903113Z  DEBUG - is_trailers=false, end_stream=true, stream.end_stream_received=true
2025-06-27T02:08:09.903114Z  DEBUG - Processing request immediately (headers with END_STREAM)
2025-06-27T02:08:09.903122Z  DEBUG - Successfully handled frame: HT2::HeadersFrame on stream 1
2025-06-27T02:08:09.903124Z  DEBUG - Reading frame header...
2025-06-27T02:08:09.903130Z  DEBUG - Received WINDOW_UPDATE: stream_id=1, increment=1
2025-06-27T02:08:09.903134Z  DEBUG - Successfully handled frame: HT2::WindowUpdateFrame on stream 1
2025-06-27T02:08:09.903135Z  DEBUG - Reading frame header...
2025-06-27T02:08:09.903377Z  DEBUG - Handling stream 1 with headers: [{":method", "GET"}, {":scheme", "http"}, {":path", "/"}, {":authority", "localhost:9080"}]
2025-06-27T02:08:09.903396Z  DEBUG - Created request for stream 1: GET /
2025-06-27T02:08:09.903398Z   INFO - Request: GET /
2025-06-27T02:08:09.903402Z  DEBUG - Response.send_headers called, end_stream=false, headers_sent=false
2025-06-27T02:08:09.903408Z  DEBUG - Response: Sending 2 headers
2025-06-27T02:08:09.903410Z  DEBUG - Stream 1: send_headers called with 2 headers, end_stream=false
2025-06-27T02:08:09.903423Z  DEBUG - Stream 1: Sending HEADERS frame with flags=END_HEADERS, header_block_size=13
2025-06-27T02:08:09.903445Z  DEBUG - Stream 1: send_headers completed, new state=HALF_CLOSED_REMOTE
2025-06-27T02:08:09.903447Z  DEBUG - Response.write: Sending 100 bytes of data
2025-06-27T02:08:09.903449Z  DEBUG - Response.write: stream_window=1, conn_window=65535, available=1
2025-06-27T02:08:09.903457Z  DEBUG - Stream.send_chunks: Starting to send 100 bytes in chunks of 1
2025-06-27T02:08:09.903460Z  DEBUG - Stream.send_chunk: Sending chunk from 0 to 1 (1 bytes), last_chunk=false
2025-06-27T02:08:09.903463Z  DEBUG - Stream.send_data: size=1, send_window=1, conn_window=65535
2025-06-27T02:08:09.903474Z  DEBUG - Stream.send_chunks: No window available, waiting...
2025-06-27T02:08:09.903657Z  DEBUG - Failed to read frame header: End of file reached
2025-06-27T02:08:09.903668Z  DEBUG - Read loop IO error: IO::EOFError - End of file reached
2025-06-27T02:08:09.903670Z  DEBUG - Socket closed: false
2025-06-27T02:08:09.903670Z  DEBUG - Read loop exiting, closing connection
2025-06-27T02:08:09.904336Z  DEBUG - Connection.start called, is_server=true
2025-06-27T02:08:09.904337Z  DEBUG - Reading client preface...
2025-06-27T02:08:09.904338Z  DEBUG - Attempting to read 24 bytes for preface
2025-06-27T02:08:09.904346Z  DEBUG - Read preface bytes: 505249202a20485454502f322e300d0a0d0a534d0d0a0d0a
2025-06-27T02:08:09.904348Z  DEBUG - Client preface read successfully
2025-06-27T02:08:09.904348Z  DEBUG - Starting without preface...
2025-06-27T02:08:09.904365Z  DEBUG - Connection started successfully
2025-06-27T02:08:09.904423Z  DEBUG - Read loop started for connection 127.0.0.1
2025-06-27T02:08:09.904424Z  DEBUG - Reading frame header...
2025-06-27T02:08:09.904430Z  DEBUG - Applying remote setting: INITIAL_WINDOW_SIZE = 65535
2025-06-27T02:08:09.904432Z  DEBUG - Updating stream windows: old=65535, new=65535, diff=0
2025-06-27T02:08:09.904433Z  DEBUG - Sending SETTINGS ACK
2025-06-27T02:08:09.904444Z  DEBUG - SETTINGS ACK sent
2025-06-27T02:08:09.904445Z  DEBUG - Successfully handled frame: HT2::SettingsFrame on stream 0
2025-06-27T02:08:09.904446Z  DEBUG - Reading frame header...
2025-06-27T02:08:09.904452Z  DEBUG - Successfully handled frame: HT2::SettingsFrame on stream 0
2025-06-27T02:08:09.904453Z  DEBUG - Reading frame header...
2025-06-27T02:08:09.904457Z  DEBUG - Successfully handled frame: HT2::SettingsFrame on stream 0
2025-06-27T02:08:09.904458Z  DEBUG - Reading frame header...
2025-06-27T02:08:09.904568Z  DEBUG - Applying remote setting: INITIAL_WINDOW_SIZE = 0
2025-06-27T02:08:09.904570Z  DEBUG - Updating stream windows: old=65535, new=0, diff=-65535
2025-06-27T02:08:09.904570Z  DEBUG - Sending SETTINGS ACK
2025-06-27T02:08:09.904579Z  DEBUG - SETTINGS ACK sent
2025-06-27T02:08:09.904580Z  DEBUG - Successfully handled frame: HT2::SettingsFrame on stream 0
2025-06-27T02:08:09.904581Z  DEBUG - Reading frame header...
2025-06-27T02:08:09.904584Z  DEBUG - HEADERS frame parsing: payload_size=15, offset=0, padding=0, header_block_size=15
2025-06-27T02:08:09.904587Z  DEBUG - Header block hex: 828684418aa0e41d139d09b8f81e07
2025-06-27T02:08:09.904595Z  DEBUG - HEADERS frame: stream_id=1, flags=END_STREAM | END_HEADERS, padding=0, priority=nil, header_block_size=15
2025-06-27T02:08:09.904597Z  DEBUG - Full header block hex: 828684418aa0e41d139d09b8f81e07
2025-06-27T02:08:09.904598Z  DEBUG - Decoding HEADERS frame with block size: 15
2025-06-27T02:08:09.904598Z  DEBUG - First 20 bytes of header block: less than 20 bytes
2025-06-27T02:08:09.904601Z  DEBUG - HPACK: Decoding Huffman string, length=10, data=a0e41d139d09b8f81e07
2025-06-27T02:08:09.904694Z  DEBUG - Huffman decode: data.size=10, hex=a0e41d139d09b8f81e07
2025-06-27T02:08:09.904694Z  DEBUG - Huffman decode: Checking for potential EOS pattern in data
2025-06-27T02:08:09.904698Z  DEBUG - Huffman padding check: last_symbol_bit=76, total_bits=80, padding_bits=3
2025-06-27T02:08:09.904700Z  DEBUG - HPACK: Huffman decoded to: "localhost:9080"
2025-06-27T02:08:09.904710Z  DEBUG - Decoded headers before validation: [{":method", "GET"}, {":scheme", "http"}, {":path", "/"}, {":authority", "localhost:9080"}]
2025-06-27T02:08:09.904725Z  DEBUG - Validated headers: [{":method", "GET"}, {":scheme", "http"}, {":path", "/"}, {":authority", "localhost:9080"}]
2025-06-27T02:08:09.904729Z  DEBUG - Server received headers for stream 1, end_stream: true, headers_count: 4
2025-06-27T02:08:09.904736Z  DEBUG - Headers: [{":method", "GET"}, {":scheme", "http"}, {":path", "/"}, {":authority", "localhost:9080"}]
2025-06-27T02:08:09.904738Z  DEBUG - is_trailers=false, end_stream=true, stream.end_stream_received=true
2025-06-27T02:08:09.904738Z  DEBUG - Processing request immediately (headers with END_STREAM)
2025-06-27T02:08:09.904741Z  DEBUG - Successfully handled frame: HT2::HeadersFrame on stream 1
2025-06-27T02:08:09.904742Z  DEBUG - Reading frame header...
2025-06-27T02:08:09.904748Z  DEBUG - Successfully handled frame: HT2::PriorityFrame on stream 1
2025-06-27T02:08:09.904749Z  DEBUG - Reading frame header...
2025-06-27T02:08:09.904755Z  DEBUG - Received WINDOW_UPDATE: stream_id=1, increment=1
2025-06-27T02:08:09.904758Z  DEBUG - Successfully handled frame: HT2::WindowUpdateFrame on stream 1
2025-06-27T02:08:09.904759Z  DEBUG - Reading frame header...
2025-06-27T02:08:09.904981Z  DEBUG - Handling stream 1 with headers: [{":method", "GET"}, {":scheme", "http"}, {":path", "/"}, {":authority", "localhost:9080"}]
2025-06-27T02:08:09.904983Z  DEBUG - Created request for stream 1: GET /
2025-06-27T02:08:09.904984Z   INFO - Request: GET /
2025-06-27T02:08:09.904986Z  DEBUG - Response.send_headers called, end_stream=false, headers_sent=false
2025-06-27T02:08:09.904989Z  DEBUG - Response: Sending 2 headers
2025-06-27T02:08:09.904990Z  DEBUG - Stream 1: send_headers called with 2 headers, end_stream=false
2025-06-27T02:08:09.904997Z  DEBUG - Stream 1: Sending HEADERS frame with flags=END_HEADERS, header_block_size=13
2025-06-27T02:08:09.905013Z  DEBUG - Stream 1: send_headers completed, new state=HALF_CLOSED_REMOTE
2025-06-27T02:08:09.905014Z  DEBUG - Response.write: Sending 100 bytes of data
2025-06-27T02:08:09.905015Z  DEBUG - Response.write: stream_window=1, conn_window=65535, available=1
2025-06-27T02:08:09.905017Z  DEBUG - Stream.send_chunks: Starting to send 100 bytes in chunks of 1
2025-06-27T02:08:09.905019Z  DEBUG - Stream.send_chunk: Sending chunk from 0 to 1 (1 bytes), last_chunk=false
2025-06-27T02:08:09.905020Z  DEBUG - Stream.send_data: size=1, send_window=1, conn_window=65535
2025-06-27T02:08:09.905027Z  DEBUG - Stream.send_chunks: No window available, waiting...
2025-06-27T02:08:09.905155Z  DEBUG - Failed to read frame header: End of file reached
2025-06-27T02:08:09.905164Z  DEBUG - Read loop IO error: IO::EOFError - End of file reached
2025-06-27T02:08:09.905165Z  DEBUG - Socket closed: false
2025-06-27T02:08:09.905166Z  DEBUG - Read loop exiting, closing connection
2025-06-27T02:08:09.905814Z  DEBUG - Connection.start called, is_server=true
2025-06-27T02:08:09.905814Z  DEBUG - Reading client preface...
2025-06-27T02:08:09.905815Z  DEBUG - Attempting to read 24 bytes for preface
2025-06-27T02:08:09.905826Z  DEBUG - Read preface bytes: 505249202a20485454502f322e300d0a0d0a534d0d0a0d0a
2025-06-27T02:08:09.905827Z  DEBUG - Client preface read successfully
2025-06-27T02:08:09.905828Z  DEBUG - Starting without preface...
2025-06-27T02:08:09.905855Z  DEBUG - Connection started successfully
2025-06-27T02:08:09.905913Z  DEBUG - Read loop started for connection 127.0.0.1
2025-06-27T02:08:09.905914Z  DEBUG - Reading frame header...
2025-06-27T02:08:09.905919Z  DEBUG - Applying remote setting: INITIAL_WINDOW_SIZE = 65535
2025-06-27T02:08:09.905921Z  DEBUG - Updating stream windows: old=65535, new=65535, diff=0
2025-06-27T02:08:09.905921Z  DEBUG - Sending SETTINGS ACK
2025-06-27T02:08:09.905935Z  DEBUG - SETTINGS ACK sent
2025-06-27T02:08:09.905936Z  DEBUG - Successfully handled frame: HT2::SettingsFrame on stream 0
2025-06-27T02:08:09.905937Z  DEBUG - Reading frame header...
2025-06-27T02:08:09.905943Z  DEBUG - Successfully handled frame: HT2::SettingsFrame on stream 0
2025-06-27T02:08:09.905944Z  DEBUG - Reading frame header...
2025-06-27T02:08:09.905947Z  DEBUG - Successfully handled frame: HT2::SettingsFrame on stream 0
2025-06-27T02:08:09.905948Z  DEBUG - Reading frame header...
2025-06-27T02:08:09.906059Z  DEBUG - HEADERS frame parsing: payload_size=15, offset=0, padding=0, header_block_size=15
2025-06-27T02:08:09.906060Z  DEBUG - Header block hex: 828684418aa0e41d139d09b8f81e07
2025-06-27T02:08:09.906071Z  DEBUG - HEADERS frame: stream_id=1, flags=END_STREAM | END_HEADERS, padding=0, priority=nil, header_block_size=15
2025-06-27T02:08:09.906075Z  DEBUG - Full header block hex: 828684418aa0e41d139d09b8f81e07
2025-06-27T02:08:09.906075Z  DEBUG - Decoding HEADERS frame with block size: 15
2025-06-27T02:08:09.906076Z  DEBUG - First 20 bytes of header block: less than 20 bytes
2025-06-27T02:08:09.906078Z  DEBUG - HPACK: Decoding Huffman string, length=10, data=a0e41d139d09b8f81e07
2025-06-27T02:08:09.906161Z  DEBUG - Huffman decode: data.size=10, hex=a0e41d139d09b8f81e07
2025-06-27T02:08:09.906162Z  DEBUG - Huffman decode: Checking for potential EOS pattern in data
2025-06-27T02:08:09.906165Z  DEBUG - Huffman padding check: last_symbol_bit=76, total_bits=80, padding_bits=3
2025-06-27T02:08:09.906167Z  DEBUG - HPACK: Huffman decoded to: "localhost:9080"
2025-06-27T02:08:09.906176Z  DEBUG - Decoded headers before validation: [{":method", "GET"}, {":scheme", "http"}, {":path", "/"}, {":authority", "localhost:9080"}]
2025-06-27T02:08:09.906194Z  DEBUG - Validated headers: [{":method", "GET"}, {":scheme", "http"}, {":path", "/"}, {":authority", "localhost:9080"}]
2025-06-27T02:08:09.906197Z  DEBUG - Server received headers for stream 1, end_stream: true, headers_count: 4
2025-06-27T02:08:09.906204Z  DEBUG - Headers: [{":method", "GET"}, {":scheme", "http"}, {":path", "/"}, {":authority", "localhost:9080"}]
2025-06-27T02:08:09.906205Z  DEBUG - is_trailers=false, end_stream=true, stream.end_stream_received=true
2025-06-27T02:08:09.906206Z  DEBUG - Processing request immediately (headers with END_STREAM)
2025-06-27T02:08:09.906208Z  DEBUG - Successfully handled frame: HT2::HeadersFrame on stream 1
2025-06-27T02:08:09.906209Z  DEBUG - Reading frame header...
2025-06-27T02:08:09.906226Z  DEBUG - Successfully handled frame: HT2::RstStreamFrame on stream 1
2025-06-27T02:08:09.906227Z  DEBUG - Reading frame header...
2025-06-27T02:08:09.906242Z  DEBUG - Successfully handled frame: HT2::PingFrame on stream 0
2025-06-27T02:08:09.906243Z  DEBUG - Reading frame header...
2025-06-27T02:08:09.906413Z  DEBUG - Handling stream 1 with headers: [{":method", "GET"}, {":scheme", "http"}, {":path", "/"}, {":authority", "localhost:9080"}]
2025-06-27T02:08:09.906415Z  DEBUG - Created request for stream 1: GET /
2025-06-27T02:08:09.906416Z   INFO - Request: GET /
2025-06-27T02:08:09.906418Z  DEBUG - Response.send_headers called, end_stream=false, headers_sent=false
2025-06-27T02:08:09.906420Z  DEBUG - Response: Sending 2 headers
2025-06-27T02:08:09.906421Z  DEBUG - Stream 1: send_headers called with 2 headers, end_stream=false
2025-06-27T02:08:09.906459Z  ERROR - Error writing response: Cannot send headers on closed stream
2025-06-27T02:08:09.906460Z  DEBUG - Response.close: Sending empty DATA frame with END_STREAM
2025-06-27T02:08:09.906561Z  DEBUG - Failed to read frame header: End of file reached
2025-06-27T02:08:09.906571Z  DEBUG - Read loop IO error: IO::EOFError - End of file reached
2025-06-27T02:08:09.906572Z  DEBUG - Socket closed: false
2025-06-27T02:08:09.906572Z  DEBUG - Read loop exiting, closing connection
2025-06-27T02:08:09.907074Z  DEBUG - Connection.start called, is_server=true
2025-06-27T02:08:09.907074Z  DEBUG - Reading client preface...
2025-06-27T02:08:09.907075Z  DEBUG - Attempting to read 24 bytes for preface
2025-06-27T02:08:09.907081Z  DEBUG - Read preface bytes: 505249202a20485454502f322e300d0a0d0a534d0d0a0d0a
2025-06-27T02:08:09.907083Z  DEBUG - Client preface read successfully
2025-06-27T02:08:09.907083Z  DEBUG - Starting without preface...
2025-06-27T02:08:09.907115Z  DEBUG - Connection started successfully
2025-06-27T02:08:09.907170Z  DEBUG - Read loop started for connection 127.0.0.1
2025-06-27T02:08:09.907171Z  DEBUG - Reading frame header...
2025-06-27T02:08:09.907182Z  DEBUG - Applying remote setting: INITIAL_WINDOW_SIZE = 65535
2025-06-27T02:08:09.907184Z  DEBUG - Updating stream windows: old=65535, new=65535, diff=0
2025-06-27T02:08:09.907184Z  DEBUG - Sending SETTINGS ACK
2025-06-27T02:08:09.907195Z  DEBUG - SETTINGS ACK sent
2025-06-27T02:08:09.907196Z  DEBUG - Successfully handled frame: HT2::SettingsFrame on stream 0
2025-06-27T02:08:09.907197Z  DEBUG - Reading frame header...
2025-06-27T02:08:09.907201Z  DEBUG - Successfully handled frame: HT2::SettingsFrame on stream 0
2025-06-27T02:08:09.907202Z  DEBUG - Reading frame header...
2025-06-27T02:08:09.907206Z  DEBUG - Successfully handled frame: HT2::SettingsFrame on stream 0
2025-06-27T02:08:09.907207Z  DEBUG - Reading frame header...
2025-06-27T02:08:09.907312Z  DEBUG - HEADERS frame parsing: payload_size=15, offset=0, padding=0, header_block_size=15
2025-06-27T02:08:09.907313Z  DEBUG - Header block hex: 828684418aa0e41d139d09b8f81e07
2025-06-27T02:08:09.907319Z  DEBUG - HEADERS frame: stream_id=1, flags=END_STREAM | END_HEADERS, padding=0, priority=nil, header_block_size=15
2025-06-27T02:08:09.907320Z  DEBUG - Full header block hex: 828684418aa0e41d139d09b8f81e07
2025-06-27T02:08:09.907321Z  DEBUG - Decoding HEADERS frame with block size: 15
2025-06-27T02:08:09.907322Z  DEBUG - First 20 bytes of header block: less than 20 bytes
2025-06-27T02:08:09.907324Z  DEBUG - HPACK: Decoding Huffman string, length=10, data=a0e41d139d09b8f81e07
2025-06-27T02:08:09.907413Z  DEBUG - Huffman decode: data.size=10, hex=a0e41d139d09b8f81e07
2025-06-27T02:08:09.907413Z  DEBUG - Huffman decode: Checking for potential EOS pattern in data
2025-06-27T02:08:09.907416Z  DEBUG - Huffman padding check: last_symbol_bit=76, total_bits=80, padding_bits=3
2025-06-27T02:08:09.907418Z  DEBUG - HPACK: Huffman decoded to: "localhost:9080"
2025-06-27T02:08:09.907427Z  DEBUG - Decoded headers before validation: [{":method", "GET"}, {":scheme", "http"}, {":path", "/"}, {":authority", "localhost:9080"}]
2025-06-27T02:08:09.907440Z  DEBUG - Validated headers: [{":method", "GET"}, {":scheme", "http"}, {":path", "/"}, {":authority", "localhost:9080"}]
2025-06-27T02:08:09.907444Z  DEBUG - Server received headers for stream 1, end_stream: true, headers_count: 4
2025-06-27T02:08:09.907451Z  DEBUG - Headers: [{":method", "GET"}, {":scheme", "http"}, {":path", "/"}, {":authority", "localhost:9080"}]
2025-06-27T02:08:09.907452Z  DEBUG - is_trailers=false, end_stream=true, stream.end_stream_received=true
2025-06-27T02:08:09.907453Z  DEBUG - Processing request immediately (headers with END_STREAM)
2025-06-27T02:08:09.907455Z  DEBUG - Successfully handled frame: HT2::HeadersFrame on stream 1
2025-06-27T02:08:09.907457Z  DEBUG - Reading frame header...
2025-06-27T02:08:09.907598Z  DEBUG - Handling stream 1 with headers: [{":method", "GET"}, {":scheme", "http"}, {":path", "/"}, {":authority", "localhost:9080"}]
2025-06-27T02:08:09.907601Z  DEBUG - Created request for stream 1: GET /
2025-06-27T02:08:09.907601Z   INFO - Request: GET /
2025-06-27T02:08:09.907603Z  DEBUG - Response.send_headers called, end_stream=false, headers_sent=false
2025-06-27T02:08:09.907605Z  DEBUG - Response: Sending 2 headers
2025-06-27T02:08:09.907606Z  DEBUG - Stream 1: send_headers called with 2 headers, end_stream=false
2025-06-27T02:08:09.907614Z  DEBUG - Stream 1: Sending HEADERS frame with flags=END_HEADERS, header_block_size=13
2025-06-27T02:08:09.907629Z  DEBUG - Stream 1: send_headers completed, new state=HALF_CLOSED_REMOTE
2025-06-27T02:08:09.907630Z  DEBUG - Response.write: Sending 100 bytes of data
2025-06-27T02:08:09.907632Z  DEBUG - Response.write: stream_window=65535, conn_window=65535, available=65535
2025-06-27T02:08:09.907633Z  DEBUG - Stream.send_chunks: Starting to send 100 bytes in chunks of 16384
2025-06-27T02:08:09.907635Z  DEBUG - Stream.send_chunk: Sending chunk from 0 to 100 (100 bytes), last_chunk=true
2025-06-27T02:08:09.907637Z  DEBUG - Stream.send_data: size=100, send_window=65535, conn_window=65535
2025-06-27T02:08:09.907643Z  DEBUG - Stream.send_chunks: Finished sending all chunks
2025-06-27T02:08:09.907643Z  DEBUG - Response.close: Sending empty DATA frame with END_STREAM
2025-06-27T02:08:09.907645Z  DEBUG - Stream.send_data: size=0, send_window=65435, conn_window=65435
2025-06-27T02:08:09.907651Z  DEBUG - Completed handling stream 1
2025-06-27T02:08:09.907792Z  DEBUG - Successfully handled frame: HT2::PriorityFrame on stream 1
2025-06-27T02:08:09.907794Z  DEBUG - Reading frame header...
2025-06-27T02:08:09.907809Z  DEBUG - Successfully handled frame: HT2::PingFrame on stream 0
2025-06-27T02:08:09.907810Z  DEBUG - Reading frame header...
2025-06-27T02:08:09.907932Z  DEBUG - Failed to read frame header: End of file reached
2025-06-27T02:08:09.907942Z  DEBUG - Read loop IO error: IO::EOFError - End of file reached
2025-06-27T02:08:09.907943Z  DEBUG - Socket closed: false
2025-06-27T02:08:09.907944Z  DEBUG - Read loop exiting, closing connection
2025-06-27T02:08:09.908572Z  DEBUG - Connection.start called, is_server=true
2025-06-27T02:08:09.908573Z  DEBUG - Reading client preface...
2025-06-27T02:08:09.908574Z  DEBUG - Attempting to read 24 bytes for preface
2025-06-27T02:08:09.908584Z  DEBUG - Read preface bytes: 505249202a20485454502f322e300d0a0d0a534d0d0a0d0a
2025-06-27T02:08:09.908586Z  DEBUG - Client preface read successfully
2025-06-27T02:08:09.908587Z  DEBUG - Starting without preface...
2025-06-27T02:08:09.908616Z  DEBUG - Connection started successfully
2025-06-27T02:08:09.908673Z  DEBUG - Read loop started for connection 127.0.0.1
2025-06-27T02:08:09.908674Z  DEBUG - Reading frame header...
2025-06-27T02:08:09.908679Z  DEBUG - Applying remote setting: INITIAL_WINDOW_SIZE = 65535
2025-06-27T02:08:09.908681Z  DEBUG - Updating stream windows: old=65535, new=65535, diff=0
2025-06-27T02:08:09.908681Z  DEBUG - Sending SETTINGS ACK
2025-06-27T02:08:09.908692Z  DEBUG - SETTINGS ACK sent
2025-06-27T02:08:09.908693Z  DEBUG - Successfully handled frame: HT2::SettingsFrame on stream 0
2025-06-27T02:08:09.908694Z  DEBUG - Reading frame header...
2025-06-27T02:08:09.908700Z  DEBUG - Successfully handled frame: HT2::SettingsFrame on stream 0
2025-06-27T02:08:09.908701Z  DEBUG - Reading frame header...
2025-06-27T02:08:09.908705Z  DEBUG - Successfully handled frame: HT2::SettingsFrame on stream 0
2025-06-27T02:08:09.908706Z  DEBUG - Reading frame header...
2025-06-27T02:08:09.908813Z  DEBUG - HEADERS frame parsing: payload_size=15, offset=0, padding=0, header_block_size=15
2025-06-27T02:08:09.908814Z  DEBUG - Header block hex: 838684418aa0e41d139d09b8f81e07
2025-06-27T02:08:09.908823Z  DEBUG - HEADERS frame: stream_id=1, flags=END_HEADERS, padding=0, priority=nil, header_block_size=15
2025-06-27T02:08:09.908824Z  DEBUG - Full header block hex: 838684418aa0e41d139d09b8f81e07
2025-06-27T02:08:09.908824Z  DEBUG - Decoding HEADERS frame with block size: 15
2025-06-27T02:08:09.908825Z  DEBUG - First 20 bytes of header block: less than 20 bytes
2025-06-27T02:08:09.908828Z  DEBUG - HPACK: Decoding Huffman string, length=10, data=a0e41d139d09b8f81e07
2025-06-27T02:08:09.908916Z  DEBUG - Huffman decode: data.size=10, hex=a0e41d139d09b8f81e07
2025-06-27T02:08:09.908916Z  DEBUG - Huffman decode: Checking for potential EOS pattern in data
2025-06-27T02:08:09.908921Z  DEBUG - Huffman padding check: last_symbol_bit=76, total_bits=80, padding_bits=3
2025-06-27T02:08:09.908923Z  DEBUG - HPACK: Huffman decoded to: "localhost:9080"
2025-06-27T02:08:09.908934Z  DEBUG - Decoded headers before validation: [{":method", "POST"}, {":scheme", "http"}, {":path", "/"}, {":authority", "localhost:9080"}]
2025-06-27T02:08:09.908951Z  DEBUG - Validated headers: [{":method", "POST"}, {":scheme", "http"}, {":path", "/"}, {":authority", "localhost:9080"}]
2025-06-27T02:08:09.908955Z  DEBUG - Server received headers for stream 1, end_stream: false, headers_count: 4
2025-06-27T02:08:09.908963Z  DEBUG - Headers: [{":method", "POST"}, {":scheme", "http"}, {":path", "/"}, {":authority", "localhost:9080"}]
2025-06-27T02:08:09.908964Z  DEBUG - is_trailers=false, end_stream=false, stream.end_stream_received=false
2025-06-27T02:08:09.908964Z  DEBUG - Received headers without END_STREAM, waiting for more frames
2025-06-27T02:08:09.908965Z  DEBUG - Successfully handled frame: HT2::HeadersFrame on stream 1
2025-06-27T02:08:09.908967Z  DEBUG - Reading frame header...
2025-06-27T02:08:09.908978Z  DEBUG - Server received data for stream 1, size: 4, end_stream: true
2025-06-27T02:08:09.908978Z  DEBUG - Processing request after data with END_STREAM
2025-06-27T02:08:09.908981Z  DEBUG - Successfully handled frame: HT2::DataFrame on stream 1
2025-06-27T02:08:09.908983Z  DEBUG - Reading frame header...
2025-06-27T02:08:09.909170Z  DEBUG - Handling stream 1 with headers: [{":method", "POST"}, {":scheme", "http"}, {":path", "/"}, {":authority", "localhost:9080"}]
2025-06-27T02:08:09.909173Z  DEBUG - Created request for stream 1: POST /
2025-06-27T02:08:09.909174Z   INFO - Request: POST /
2025-06-27T02:08:09.909177Z  DEBUG - Response.send_headers called, end_stream=false, headers_sent=false
2025-06-27T02:08:09.909180Z  DEBUG - Response: Sending 2 headers
2025-06-27T02:08:09.909181Z  DEBUG - Stream 1: send_headers called with 2 headers, end_stream=false
2025-06-27T02:08:09.909189Z  DEBUG - Stream 1: Sending HEADERS frame with flags=END_HEADERS, header_block_size=13
2025-06-27T02:08:09.909204Z  DEBUG - Stream 1: send_headers completed, new state=HALF_CLOSED_REMOTE
2025-06-27T02:08:09.909205Z  DEBUG - Response.write: Sending 100 bytes of data
2025-06-27T02:08:09.909207Z  DEBUG - Response.write: stream_window=65535, conn_window=65535, available=65535
2025-06-27T02:08:09.909209Z  DEBUG - Stream.send_chunks: Starting to send 100 bytes in chunks of 16384
2025-06-27T02:08:09.909211Z  DEBUG - Stream.send_chunk: Sending chunk from 0 to 100 (100 bytes), last_chunk=true
2025-06-27T02:08:09.909213Z  DEBUG - Stream.send_data: size=100, send_window=65535, conn_window=65535
2025-06-27T02:08:09.909220Z  DEBUG - Stream.send_chunks: Finished sending all chunks
2025-06-27T02:08:09.909220Z  DEBUG - Response.close: Sending empty DATA frame with END_STREAM
2025-06-27T02:08:09.909222Z  DEBUG - Stream.send_data: size=0, send_window=65435, conn_window=65435
2025-06-27T02:08:09.909238Z  DEBUG - Completed handling stream 1
2025-06-27T02:08:09.909389Z  DEBUG - Failed to read frame header: read (#<TCPSocket:0x102f7c6c0>): Connection reset by peer
2025-06-27T02:08:09.909398Z  DEBUG - Read loop IO error: IO::Error - read (#<TCPSocket:0x102f7c6c0>): Connection reset by peer
2025-06-27T02:08:09.909399Z  DEBUG - Socket closed: false
2025-06-27T02:08:09.909399Z  DEBUG - Read loop exiting, closing connection
2025-06-27T02:08:09.909460Z  DEBUG - Failed to send GOAWAY: write (#<TCPSocket:0x102f7c6c0>): Broken pipe
2025-06-27T02:08:09.910039Z  DEBUG - Connection.start called, is_server=true
2025-06-27T02:08:09.910040Z  DEBUG - Reading client preface...
2025-06-27T02:08:09.910041Z  DEBUG - Attempting to read 24 bytes for preface
2025-06-27T02:08:09.910053Z  DEBUG - Read preface bytes: 505249202a20485454502f322e300d0a0d0a534d0d0a0d0a
2025-06-27T02:08:09.910055Z  DEBUG - Client preface read successfully
2025-06-27T02:08:09.910055Z  DEBUG - Starting without preface...
2025-06-27T02:08:09.910081Z  DEBUG - Connection started successfully
2025-06-27T02:08:09.910148Z  DEBUG - Read loop started for connection 127.0.0.1
2025-06-27T02:08:09.910149Z  DEBUG - Reading frame header...
2025-06-27T02:08:09.910158Z  DEBUG - Applying remote setting: INITIAL_WINDOW_SIZE = 65535
2025-06-27T02:08:09.910160Z  DEBUG - Updating stream windows: old=65535, new=65535, diff=0
2025-06-27T02:08:09.910161Z  DEBUG - Sending SETTINGS ACK
2025-06-27T02:08:09.910174Z  DEBUG - SETTINGS ACK sent
2025-06-27T02:08:09.910175Z  DEBUG - Successfully handled frame: HT2::SettingsFrame on stream 0
2025-06-27T02:08:09.910177Z  DEBUG - Reading frame header...
2025-06-27T02:08:09.910184Z  DEBUG - Successfully handled frame: HT2::SettingsFrame on stream 0
2025-06-27T02:08:09.910185Z  DEBUG - Reading frame header...
2025-06-27T02:08:09.910189Z  DEBUG - Successfully handled frame: HT2::SettingsFrame on stream 0
2025-06-27T02:08:09.910190Z  DEBUG - Reading frame header...
2025-06-27T02:08:09.910322Z  DEBUG - HEADERS frame parsing: payload_size=15, offset=0, padding=0, header_block_size=15
2025-06-27T02:08:09.910324Z  DEBUG - Header block hex: 838684418aa0e41d139d09b8f81e07
2025-06-27T02:08:09.910334Z  DEBUG - HEADERS frame: stream_id=1, flags=END_HEADERS, padding=0, priority=nil, header_block_size=15
2025-06-27T02:08:09.910335Z  DEBUG - Full header block hex: 838684418aa0e41d139d09b8f81e07
2025-06-27T02:08:09.910336Z  DEBUG - Decoding HEADERS frame with block size: 15
2025-06-27T02:08:09.910337Z  DEBUG - First 20 bytes of header block: less than 20 bytes
2025-06-27T02:08:09.910340Z  DEBUG - HPACK: Decoding Huffman string, length=10, data=a0e41d139d09b8f81e07
2025-06-27T02:08:09.910435Z  DEBUG - Huffman decode: data.size=10, hex=a0e41d139d09b8f81e07
2025-06-27T02:08:09.910436Z  DEBUG - Huffman decode: Checking for potential EOS pattern in data
2025-06-27T02:08:09.910440Z  DEBUG - Huffman padding check: last_symbol_bit=76, total_bits=80, padding_bits=3
2025-06-27T02:08:09.910442Z  DEBUG - HPACK: Huffman decoded to: "localhost:9080"
2025-06-27T02:08:09.910454Z  DEBUG - Decoded headers before validation: [{":method", "POST"}, {":scheme", "http"}, {":path", "/"}, {":authority", "localhost:9080"}]
2025-06-27T02:08:09.910470Z  DEBUG - Validated headers: [{":method", "POST"}, {":scheme", "http"}, {":path", "/"}, {":authority", "localhost:9080"}]
2025-06-27T02:08:09.910475Z  DEBUG - Server received headers for stream 1, end_stream: false, headers_count: 4
2025-06-27T02:08:09.910483Z  DEBUG - Headers: [{":method", "POST"}, {":scheme", "http"}, {":path", "/"}, {":authority", "localhost:9080"}]
2025-06-27T02:08:09.910484Z  DEBUG - is_trailers=false, end_stream=false, stream.end_stream_received=false
2025-06-27T02:08:09.910485Z  DEBUG - Received headers without END_STREAM, waiting for more frames
2025-06-27T02:08:09.910486Z  DEBUG - Successfully handled frame: HT2::HeadersFrame on stream 1
2025-06-27T02:08:09.910487Z  DEBUG - Reading frame header...
2025-06-27T02:08:09.910496Z  DEBUG - Server received data for stream 1, size: 4, end_stream: false
2025-06-27T02:08:09.910496Z  DEBUG - Successfully handled frame: HT2::DataFrame on stream 1
2025-06-27T02:08:09.910498Z  DEBUG - Reading frame header...
2025-06-27T02:08:09.910504Z  DEBUG - Server received data for stream 1, size: 4, end_stream: true
2025-06-27T02:08:09.910505Z  DEBUG - Processing request after data with END_STREAM
2025-06-27T02:08:09.910508Z  DEBUG - Successfully handled frame: HT2::DataFrame on stream 1
2025-06-27T02:08:09.910509Z  DEBUG - Reading frame header...
2025-06-27T02:08:09.910703Z  DEBUG - Handling stream 1 with headers: [{":method", "POST"}, {":scheme", "http"}, {":path", "/"}, {":authority", "localhost:9080"}]
2025-06-27T02:08:09.910707Z  DEBUG - Created request for stream 1: POST /
2025-06-27T02:08:09.910708Z   INFO - Request: POST /
2025-06-27T02:08:09.910710Z  DEBUG - Response.send_headers called, end_stream=false, headers_sent=false
2025-06-27T02:08:09.910715Z  DEBUG - Response: Sending 2 headers
2025-06-27T02:08:09.910716Z  DEBUG - Stream 1: send_headers called with 2 headers, end_stream=false
2025-06-27T02:08:09.910725Z  DEBUG - Stream 1: Sending HEADERS frame with flags=END_HEADERS, header_block_size=13
2025-06-27T02:08:09.911133Z  DEBUG - Stream 1: send_headers completed, new state=HALF_CLOSED_REMOTE
2025-06-27T02:08:09.911135Z  DEBUG - Response.write: Sending 100 bytes of data
2025-06-27T02:08:09.911137Z  DEBUG - Response.write: stream_window=65535, conn_window=65535, available=65535
2025-06-27T02:08:09.911140Z  DEBUG - Stream.send_chunks: Starting to send 100 bytes in chunks of 16384
2025-06-27T02:08:09.911142Z  DEBUG - Stream.send_chunk: Sending chunk from 0 to 100 (100 bytes), last_chunk=true
2025-06-27T02:08:09.911144Z  DEBUG - Stream.send_data: size=100, send_window=65535, conn_window=65535
2025-06-27T02:08:09.911156Z  DEBUG - Stream.send_chunks: Finished sending all chunks
2025-06-27T02:08:09.911156Z  DEBUG - Response.close: Sending empty DATA frame with END_STREAM
2025-06-27T02:08:09.911158Z  DEBUG - Stream.send_data: size=0, send_window=65435, conn_window=65435
2025-06-27T02:08:09.911165Z  DEBUG - Completed handling stream 1
2025-06-27T02:08:09.911327Z  DEBUG - Failed to read frame header: read (#<TCPSocket:0x102f7c5a0>): Connection reset by peer
2025-06-27T02:08:09.911338Z  DEBUG - Read loop IO error: IO::Error - read (#<TCPSocket:0x102f7c5a0>): Connection reset by peer
2025-06-27T02:08:09.911339Z  DEBUG - Socket closed: false
2025-06-27T02:08:09.911339Z  DEBUG - Read loop exiting, closing connection
2025-06-27T02:08:09.911402Z  DEBUG - Failed to send GOAWAY: write (#<TCPSocket:0x102f7c5a0>): Broken pipe
2025-06-27T02:08:09.911508Z  DEBUG - Connection.start called, is_server=true
2025-06-27T02:08:09.911509Z  DEBUG - Reading client preface...
2025-06-27T02:08:09.911510Z  DEBUG - Attempting to read 24 bytes for preface
2025-06-27T02:08:09.911523Z  DEBUG - Read preface bytes: 505249202a20485454502f322e300d0a0d0a534d0d0a0d0a
2025-06-27T02:08:09.911525Z  DEBUG - Client preface read successfully
2025-06-27T02:08:09.911526Z  DEBUG - Starting without preface...
2025-06-27T02:08:09.911553Z  DEBUG - Connection started successfully
2025-06-27T02:08:09.911611Z  DEBUG - Read loop started for connection 127.0.0.1
2025-06-27T02:08:09.911612Z  DEBUG - Reading frame header...
2025-06-27T02:08:09.911617Z  DEBUG - Applying remote setting: INITIAL_WINDOW_SIZE = 65535
2025-06-27T02:08:09.911619Z  DEBUG - Updating stream windows: old=65535, new=65535, diff=0
2025-06-27T02:08:09.911620Z  DEBUG - Sending SETTINGS ACK
2025-06-27T02:08:09.911631Z  DEBUG - SETTINGS ACK sent
2025-06-27T02:08:09.911632Z  DEBUG - Successfully handled frame: HT2::SettingsFrame on stream 0
2025-06-27T02:08:09.911633Z  DEBUG - Reading frame header...
2025-06-27T02:08:09.911705Z  DEBUG - Successfully handled frame: HT2::SettingsFrame on stream 0
2025-06-27T02:08:09.911706Z  DEBUG - Reading frame header...
2025-06-27T02:08:09.911756Z  DEBUG - Successfully handled frame: HT2::SettingsFrame on stream 0
2025-06-27T02:08:09.911758Z  DEBUG - Reading frame header...
2025-06-27T02:08:09.911768Z  DEBUG - HEADERS frame parsing: payload_size=15, offset=0, padding=0, header_block_size=15
2025-06-27T02:08:09.911769Z  DEBUG - Header block hex: 838684418aa0e41d139d09b8f81e07
2025-06-27T02:08:09.911777Z  DEBUG - HEADERS frame: stream_id=1, flags=END_HEADERS, padding=0, priority=nil, header_block_size=15
2025-06-27T02:08:09.911778Z  DEBUG - Full header block hex: 838684418aa0e41d139d09b8f81e07
2025-06-27T02:08:09.911779Z  DEBUG - Decoding HEADERS frame with block size: 15
2025-06-27T02:08:09.911780Z  DEBUG - First 20 bytes of header block: less than 20 bytes
2025-06-27T02:08:09.911782Z  DEBUG - HPACK: Decoding Huffman string, length=10, data=a0e41d139d09b8f81e07
2025-06-27T02:08:09.911872Z  DEBUG - Huffman decode: data.size=10, hex=a0e41d139d09b8f81e07
2025-06-27T02:08:09.911873Z  DEBUG - Huffman decode: Checking for potential EOS pattern in data
2025-06-27T02:08:09.911876Z  DEBUG - Huffman padding check: last_symbol_bit=76, total_bits=80, padding_bits=3
2025-06-27T02:08:09.911879Z  DEBUG - HPACK: Huffman decoded to: "localhost:9080"
2025-06-27T02:08:09.911888Z  DEBUG - Decoded headers before validation: [{":method", "POST"}, {":scheme", "http"}, {":path", "/"}, {":authority", "localhost:9080"}]
2025-06-27T02:08:09.911903Z  DEBUG - Validated headers: [{":method", "POST"}, {":scheme", "http"}, {":path", "/"}, {":authority", "localhost:9080"}]
2025-06-27T02:08:09.911907Z  DEBUG - Server received headers for stream 1, end_stream: false, headers_count: 4
2025-06-27T02:08:09.911914Z  DEBUG - Headers: [{":method", "POST"}, {":scheme", "http"}, {":path", "/"}, {":authority", "localhost:9080"}]
2025-06-27T02:08:09.911915Z  DEBUG - is_trailers=false, end_stream=false, stream.end_stream_received=false
2025-06-27T02:08:09.911915Z  DEBUG - Received headers without END_STREAM, waiting for more frames
2025-06-27T02:08:09.911916Z  DEBUG - Successfully handled frame: HT2::HeadersFrame on stream 1
2025-06-27T02:08:09.911918Z  DEBUG - Reading frame header...
2025-06-27T02:08:09.911928Z  DEBUG - Server received data for stream 1, size: 4, end_stream: true
2025-06-27T02:08:09.911929Z  DEBUG - Processing request after data with END_STREAM
2025-06-27T02:08:09.911931Z  DEBUG - Successfully handled frame: HT2::DataFrame on stream 1
2025-06-27T02:08:09.911932Z  DEBUG - Reading frame header...
2025-06-27T02:08:09.912115Z  DEBUG - Handling stream 1 with headers: [{":method", "POST"}, {":scheme", "http"}, {":path", "/"}, {":authority", "localhost:9080"}]
2025-06-27T02:08:09.912118Z  DEBUG - Created request for stream 1: POST /
2025-06-27T02:08:09.912118Z   INFO - Request: POST /
2025-06-27T02:08:09.912120Z  DEBUG - Response.send_headers called, end_stream=false, headers_sent=false
2025-06-27T02:08:09.912122Z  DEBUG - Response: Sending 2 headers
2025-06-27T02:08:09.912123Z  DEBUG - Stream 1: send_headers called with 2 headers, end_stream=false
2025-06-27T02:08:09.912129Z  DEBUG - Stream 1: Sending HEADERS frame with flags=END_HEADERS, header_block_size=13
2025-06-27T02:08:09.912143Z  DEBUG - Stream 1: send_headers completed, new state=HALF_CLOSED_REMOTE
2025-06-27T02:08:09.912143Z  DEBUG - Response.write: Sending 100 bytes of data
2025-06-27T02:08:09.912145Z  DEBUG - Response.write: stream_window=65535, conn_window=65535, available=65535
2025-06-27T02:08:09.912147Z  DEBUG - Stream.send_chunks: Starting to send 100 bytes in chunks of 16384
2025-06-27T02:08:09.912148Z  DEBUG - Stream.send_chunk: Sending chunk from 0 to 100 (100 bytes), last_chunk=true
2025-06-27T02:08:09.912149Z  DEBUG - Stream.send_data: size=100, send_window=65535, conn_window=65535
2025-06-27T02:08:09.912155Z  DEBUG - Stream.send_chunks: Finished sending all chunks
2025-06-27T02:08:09.912156Z  DEBUG - Response.close: Sending empty DATA frame with END_STREAM
2025-06-27T02:08:09.912157Z  DEBUG - Stream.send_data: size=0, send_window=65435, conn_window=65435
2025-06-27T02:08:09.912161Z  DEBUG - Completed handling stream 1
2025-06-27T02:08:09.912294Z  DEBUG - Failed to read frame header: read (#<TCPSocket:0x102f7c480>): Connection reset by peer
2025-06-27T02:08:09.912302Z  DEBUG - Read loop IO error: IO::Error - read (#<TCPSocket:0x102f7c480>): Connection reset by peer
2025-06-27T02:08:09.912303Z  DEBUG - Socket closed: false
2025-06-27T02:08:09.912303Z  DEBUG - Read loop exiting, closing connection
2025-06-27T02:08:09.912353Z  DEBUG - Failed to send GOAWAY: write (#<TCPSocket:0x102f7c480>): Broken pipe
2025-06-27T02:08:09.912815Z  DEBUG - Connection.start called, is_server=true
2025-06-27T02:08:09.912816Z  DEBUG - Reading client preface...
2025-06-27T02:08:09.912817Z  DEBUG - Attempting to read 24 bytes for preface
2025-06-27T02:08:09.912823Z  DEBUG - Read preface bytes: 505249202a20485454502f322e300d0a0d0a534d0d0a0d0a
2025-06-27T02:08:09.912824Z  DEBUG - Client preface read successfully
2025-06-27T02:08:09.912824Z  DEBUG - Starting without preface...
2025-06-27T02:08:09.912847Z  DEBUG - Connection started successfully
2025-06-27T02:08:09.912901Z  DEBUG - Read loop started for connection 127.0.0.1
2025-06-27T02:08:09.912902Z  DEBUG - Reading frame header...
2025-06-27T02:08:09.912906Z  DEBUG - Applying remote setting: INITIAL_WINDOW_SIZE = 65535
2025-06-27T02:08:09.912908Z  DEBUG - Updating stream windows: old=65535, new=65535, diff=0
2025-06-27T02:08:09.912908Z  DEBUG - Sending SETTINGS ACK
2025-06-27T02:08:09.912918Z  DEBUG - SETTINGS ACK sent
2025-06-27T02:08:09.912918Z  DEBUG - Successfully handled frame: HT2::SettingsFrame on stream 0
2025-06-27T02:08:09.912919Z  DEBUG - Reading frame header...
2025-06-27T02:08:09.912924Z  DEBUG - Successfully handled frame: HT2::SettingsFrame on stream 0
2025-06-27T02:08:09.912925Z  DEBUG - Reading frame header...
2025-06-27T02:08:09.912928Z  DEBUG - Successfully handled frame: HT2::SettingsFrame on stream 0
2025-06-27T02:08:09.912929Z  DEBUG - Reading frame header...
2025-06-27T02:08:09.913019Z  DEBUG - HEADERS frame parsing: payload_size=15, offset=0, padding=0, header_block_size=15
2025-06-27T02:08:09.913020Z  DEBUG - Header block hex: 828684418aa0e41d139d09b8f81e07
2025-06-27T02:08:09.913025Z  DEBUG - HEADERS frame: stream_id=1, flags=END_STREAM | END_HEADERS, padding=0, priority=nil, header_block_size=15
2025-06-27T02:08:09.913026Z  DEBUG - Full header block hex: 828684418aa0e41d139d09b8f81e07
2025-06-27T02:08:09.913026Z  DEBUG - Decoding HEADERS frame with block size: 15
2025-06-27T02:08:09.913027Z  DEBUG - First 20 bytes of header block: less than 20 bytes
2025-06-27T02:08:09.913029Z  DEBUG - HPACK: Decoding Huffman string, length=10, data=a0e41d139d09b8f81e07
2025-06-27T02:08:09.913103Z  DEBUG - Huffman decode: data.size=10, hex=a0e41d139d09b8f81e07
2025-06-27T02:08:09.913104Z  DEBUG - Huffman decode: Checking for potential EOS pattern in data
2025-06-27T02:08:09.913106Z  DEBUG - Huffman padding check: last_symbol_bit=76, total_bits=80, padding_bits=3
2025-06-27T02:08:09.913108Z  DEBUG - HPACK: Huffman decoded to: "localhost:9080"
2025-06-27T02:08:09.913116Z  DEBUG - Decoded headers before validation: [{":method", "GET"}, {":scheme", "http"}, {":path", "/"}, {":authority", "localhost:9080"}]
2025-06-27T02:08:09.913130Z  DEBUG - Validated headers: [{":method", "GET"}, {":scheme", "http"}, {":path", "/"}, {":authority", "localhost:9080"}]
2025-06-27T02:08:09.913133Z  DEBUG - Server received headers for stream 1, end_stream: true, headers_count: 4
2025-06-27T02:08:09.913139Z  DEBUG - Headers: [{":method", "GET"}, {":scheme", "http"}, {":path", "/"}, {":authority", "localhost:9080"}]
2025-06-27T02:08:09.913140Z  DEBUG - is_trailers=false, end_stream=true, stream.end_stream_received=true
2025-06-27T02:08:09.913140Z  DEBUG - Processing request immediately (headers with END_STREAM)
2025-06-27T02:08:09.913142Z  DEBUG - Successfully handled frame: HT2::HeadersFrame on stream 1
2025-06-27T02:08:09.913143Z  DEBUG - Reading frame header...
2025-06-27T02:08:09.913271Z  DEBUG - Handling stream 1 with headers: [{":method", "GET"}, {":scheme", "http"}, {":path", "/"}, {":authority", "localhost:9080"}]
2025-06-27T02:08:09.913273Z  DEBUG - Created request for stream 1: GET /
2025-06-27T02:08:09.913274Z   INFO - Request: GET /
2025-06-27T02:08:09.913275Z  DEBUG - Response.send_headers called, end_stream=false, headers_sent=false
2025-06-27T02:08:09.913277Z  DEBUG - Response: Sending 2 headers
2025-06-27T02:08:09.913278Z  DEBUG - Stream 1: send_headers called with 2 headers, end_stream=false
2025-06-27T02:08:09.913284Z  DEBUG - Stream 1: Sending HEADERS frame with flags=END_HEADERS, header_block_size=13
2025-06-27T02:08:09.913302Z  DEBUG - Stream 1: send_headers completed, new state=HALF_CLOSED_REMOTE
2025-06-27T02:08:09.913303Z  DEBUG - Response.write: Sending 100 bytes of data
2025-06-27T02:08:09.913304Z  DEBUG - Response.write: stream_window=65535, conn_window=65535, available=65535
2025-06-27T02:08:09.913305Z  DEBUG - Stream.send_chunks: Starting to send 100 bytes in chunks of 16384
2025-06-27T02:08:09.913306Z  DEBUG - Stream.send_chunk: Sending chunk from 0 to 100 (100 bytes), last_chunk=true
2025-06-27T02:08:09.913308Z  DEBUG - Stream.send_data: size=100, send_window=65535, conn_window=65535
2025-06-27T02:08:09.913314Z  DEBUG - Stream.send_chunks: Finished sending all chunks
2025-06-27T02:08:09.913314Z  DEBUG - Response.close: Sending empty DATA frame with END_STREAM
2025-06-27T02:08:09.913315Z  DEBUG - Stream.send_data: size=0, send_window=65435, conn_window=65435
2025-06-27T02:08:09.913320Z  DEBUG - Completed handling stream 1
2025-06-27T02:08:09.913454Z  DEBUG - Failed to read frame header: read (#<TCPSocket:0x102f7c360>): Connection reset by peer
2025-06-27T02:08:09.913465Z  DEBUG - Read loop IO error: IO::Error - read (#<TCPSocket:0x102f7c360>): Connection reset by peer
2025-06-27T02:08:09.913465Z  DEBUG - Socket closed: false
2025-06-27T02:08:09.913466Z  DEBUG - Read loop exiting, closing connection
2025-06-27T02:08:09.913521Z  DEBUG - Failed to send GOAWAY: write (#<TCPSocket:0x102f7c360>): Broken pipe
2025-06-27T02:08:09.913870Z  DEBUG - Connection.start called, is_server=true
2025-06-27T02:08:09.913871Z  DEBUG - Reading client preface...
2025-06-27T02:08:09.913872Z  DEBUG - Attempting to read 24 bytes for preface
2025-06-27T02:08:09.913881Z  DEBUG - Read preface bytes: 505249202a20485454502f322e300d0a0d0a534d0d0a0d0a
2025-06-27T02:08:09.913883Z  DEBUG - Client preface read successfully
2025-06-27T02:08:09.913883Z  DEBUG - Starting without preface...
2025-06-27T02:08:09.913910Z  DEBUG - Connection started successfully
2025-06-27T02:08:09.914000Z  DEBUG - Read loop started for connection 127.0.0.1
2025-06-27T02:08:09.914001Z  DEBUG - Reading frame header...
2025-06-27T02:08:09.914008Z  DEBUG - Applying remote setting: INITIAL_WINDOW_SIZE = 65535
2025-06-27T02:08:09.914010Z  DEBUG - Updating stream windows: old=65535, new=65535, diff=0
2025-06-27T02:08:09.914010Z  DEBUG - Sending SETTINGS ACK
2025-06-27T02:08:09.914027Z  DEBUG - SETTINGS ACK sent
2025-06-27T02:08:09.914028Z  DEBUG - Successfully handled frame: HT2::SettingsFrame on stream 0
2025-06-27T02:08:09.914029Z  DEBUG - Reading frame header...
2025-06-27T02:08:09.914036Z  DEBUG - Successfully handled frame: HT2::SettingsFrame on stream 0
2025-06-27T02:08:09.914037Z  DEBUG - Reading frame header...
2025-06-27T02:08:09.914040Z  DEBUG - Successfully handled frame: HT2::SettingsFrame on stream 0
2025-06-27T02:08:09.914041Z  DEBUG - Reading frame header...
2025-06-27T02:08:09.914141Z  DEBUG - HEADERS frame parsing: payload_size=24, offset=1, padding=8, header_block_size=15
2025-06-27T02:08:09.914143Z  DEBUG - Header block hex: 828684418aa0e41d139d09b8f81e07
2025-06-27T02:08:09.914150Z  DEBUG - HEADERS frame: stream_id=1, flags=END_STREAM | END_HEADERS | PADDED, padding=8, priority=nil, header_block_size=15
2025-06-27T02:08:09.914151Z  DEBUG - Full header block hex: 828684418aa0e41d139d09b8f81e07
2025-06-27T02:08:09.914152Z  DEBUG - Decoding HEADERS frame with block size: 15
2025-06-27T02:08:09.914153Z  DEBUG - First 20 bytes of header block: less than 20 bytes
2025-06-27T02:08:09.914155Z  DEBUG - HPACK: Decoding Huffman string, length=10, data=a0e41d139d09b8f81e07
2025-06-27T02:08:09.914236Z  DEBUG - Huffman decode: data.size=10, hex=a0e41d139d09b8f81e07
2025-06-27T02:08:09.914237Z  DEBUG - Huffman decode: Checking for potential EOS pattern in data
2025-06-27T02:08:09.914240Z  DEBUG - Huffman padding check: last_symbol_bit=76, total_bits=80, padding_bits=3
2025-06-27T02:08:09.914243Z  DEBUG - HPACK: Huffman decoded to: "localhost:9080"
2025-06-27T02:08:09.914252Z  DEBUG - Decoded headers before validation: [{":method", "GET"}, {":scheme", "http"}, {":path", "/"}, {":authority", "localhost:9080"}]
2025-06-27T02:08:09.914267Z  DEBUG - Validated headers: [{":method", "GET"}, {":scheme", "http"}, {":path", "/"}, {":authority", "localhost:9080"}]
2025-06-27T02:08:09.914271Z  DEBUG - Server received headers for stream 1, end_stream: true, headers_count: 4
2025-06-27T02:08:09.914277Z  DEBUG - Headers: [{":method", "GET"}, {":scheme", "http"}, {":path", "/"}, {":authority", "localhost:9080"}]
2025-06-27T02:08:09.914278Z  DEBUG - is_trailers=false, end_stream=true, stream.end_stream_received=true
2025-06-27T02:08:09.914278Z  DEBUG - Processing request immediately (headers with END_STREAM)
2025-06-27T02:08:09.914281Z  DEBUG - Successfully handled frame: HT2::HeadersFrame on stream 1
2025-06-27T02:08:09.914283Z  DEBUG - Reading frame header...
2025-06-27T02:08:09.914409Z  DEBUG - Handling stream 1 with headers: [{":method", "GET"}, {":scheme", "http"}, {":path", "/"}, {":authority", "localhost:9080"}]
2025-06-27T02:08:09.914412Z  DEBUG - Created request for stream 1: GET /
2025-06-27T02:08:09.914414Z   INFO - Request: GET /
2025-06-27T02:08:09.914416Z  DEBUG - Response.send_headers called, end_stream=false, headers_sent=false
2025-06-27T02:08:09.914418Z  DEBUG - Response: Sending 2 headers
2025-06-27T02:08:09.914419Z  DEBUG - Stream 1: send_headers called with 2 headers, end_stream=false
2025-06-27T02:08:09.914427Z  DEBUG - Stream 1: Sending HEADERS frame with flags=END_HEADERS, header_block_size=13
2025-06-27T02:08:09.914446Z  DEBUG - Stream 1: send_headers completed, new state=HALF_CLOSED_REMOTE
2025-06-27T02:08:09.914447Z  DEBUG - Response.write: Sending 100 bytes of data
2025-06-27T02:08:09.914449Z  DEBUG - Response.write: stream_window=65535, conn_window=65535, available=65535
2025-06-27T02:08:09.914451Z  DEBUG - Stream.send_chunks: Starting to send 100 bytes in chunks of 16384
2025-06-27T02:08:09.914453Z  DEBUG - Stream.send_chunk: Sending chunk from 0 to 100 (100 bytes), last_chunk=true
2025-06-27T02:08:09.914455Z  DEBUG - Stream.send_data: size=100, send_window=65535, conn_window=65535
2025-06-27T02:08:09.914462Z  DEBUG - Stream.send_chunks: Finished sending all chunks
2025-06-27T02:08:09.914462Z  DEBUG - Response.close: Sending empty DATA frame with END_STREAM
2025-06-27T02:08:09.914463Z  DEBUG - Stream.send_data: size=0, send_window=65435, conn_window=65435
2025-06-27T02:08:09.914469Z  DEBUG - Completed handling stream 1
2025-06-27T02:08:09.914620Z  DEBUG - Failed to read frame header: read (#<TCPSocket:0x102f7c240>): Connection reset by peer
2025-06-27T02:08:09.914629Z  DEBUG - Read loop IO error: IO::Error - read (#<TCPSocket:0x102f7c240>): Connection reset by peer
2025-06-27T02:08:09.914629Z  DEBUG - Socket closed: false
2025-06-27T02:08:09.914630Z  DEBUG - Read loop exiting, closing connection
2025-06-27T02:08:09.914686Z  DEBUG - Failed to send GOAWAY: write (#<TCPSocket:0x102f7c240>): Broken pipe
2025-06-27T02:08:09.915154Z  DEBUG - Connection.start called, is_server=true
2025-06-27T02:08:09.915154Z  DEBUG - Reading client preface...
2025-06-27T02:08:09.915155Z  DEBUG - Attempting to read 24 bytes for preface
2025-06-27T02:08:09.915164Z  DEBUG - Read preface bytes: 505249202a20485454502f322e300d0a0d0a534d0d0a0d0a
2025-06-27T02:08:09.915165Z  DEBUG - Client preface read successfully
2025-06-27T02:08:09.915165Z  DEBUG - Starting without preface...
2025-06-27T02:08:09.915188Z  DEBUG - Connection started successfully
2025-06-27T02:08:09.915242Z  DEBUG - Read loop started for connection 127.0.0.1
2025-06-27T02:08:09.915243Z  DEBUG - Reading frame header...
2025-06-27T02:08:09.915248Z  DEBUG - Applying remote setting: INITIAL_WINDOW_SIZE = 65535
2025-06-27T02:08:09.915250Z  DEBUG - Updating stream windows: old=65535, new=65535, diff=0
2025-06-27T02:08:09.915251Z  DEBUG - Sending SETTINGS ACK
2025-06-27T02:08:09.915261Z  DEBUG - SETTINGS ACK sent
2025-06-27T02:08:09.915262Z  DEBUG - Successfully handled frame: HT2::SettingsFrame on stream 0
2025-06-27T02:08:09.915263Z  DEBUG - Reading frame header...
2025-06-27T02:08:09.915268Z  DEBUG - Successfully handled frame: HT2::SettingsFrame on stream 0
2025-06-27T02:08:09.915269Z  DEBUG - Reading frame header...
2025-06-27T02:08:09.915272Z  DEBUG - Successfully handled frame: HT2::SettingsFrame on stream 0
2025-06-27T02:08:09.915273Z  DEBUG - Reading frame header...
2025-06-27T02:08:09.915361Z  DEBUG - HEADERS frame parsing: payload_size=20, offset=5, padding=0, header_block_size=15
2025-06-27T02:08:09.915362Z  DEBUG - Header block hex: 828684418aa0e41d139d09b8f81e07
2025-06-27T02:08:09.915385Z  DEBUG - HEADERS frame: stream_id=1, flags=END_STREAM | END_HEADERS | PRIORITY, padding=0, priority=HT2::PriorityData(@stream_dependency=0, @weight=255, @exclusive=false), header_block_size=15
2025-06-27T02:08:09.915386Z  DEBUG - Full header block hex: 828684418aa0e41d139d09b8f81e07
2025-06-27T02:08:09.915389Z  DEBUG - Decoding HEADERS frame with block size: 15
2025-06-27T02:08:09.915389Z  DEBUG - First 20 bytes of header block: less than 20 bytes
2025-06-27T02:08:09.915392Z  DEBUG - HPACK: Decoding Huffman string, length=10, data=a0e41d139d09b8f81e07
2025-06-27T02:08:09.915479Z  DEBUG - Huffman decode: data.size=10, hex=a0e41d139d09b8f81e07
2025-06-27T02:08:09.915480Z  DEBUG - Huffman decode: Checking for potential EOS pattern in data
2025-06-27T02:08:09.915483Z  DEBUG - Huffman padding check: last_symbol_bit=76, total_bits=80, padding_bits=3
2025-06-27T02:08:09.915485Z  DEBUG - HPACK: Huffman decoded to: "localhost:9080"
2025-06-27T02:08:09.915494Z  DEBUG - Decoded headers before validation: [{":method", "GET"}, {":scheme", "http"}, {":path", "/"}, {":authority", "localhost:9080"}]
2025-06-27T02:08:09.915507Z  DEBUG - Validated headers: [{":method", "GET"}, {":scheme", "http"}, {":path", "/"}, {":authority", "localhost:9080"}]
2025-06-27T02:08:09.915510Z  DEBUG - Server received headers for stream 1, end_stream: true, headers_count: 4
2025-06-27T02:08:09.915516Z  DEBUG - Headers: [{":method", "GET"}, {":scheme", "http"}, {":path", "/"}, {":authority", "localhost:9080"}]
2025-06-27T02:08:09.915517Z  DEBUG - is_trailers=false, end_stream=true, stream.end_stream_received=true
2025-06-27T02:08:09.915518Z  DEBUG - Processing request immediately (headers with END_STREAM)
2025-06-27T02:08:09.915520Z  DEBUG - Successfully handled frame: HT2::HeadersFrame on stream 1
2025-06-27T02:08:09.915521Z  DEBUG - Reading frame header...
2025-06-27T02:08:09.915651Z  DEBUG - Handling stream 1 with headers: [{":method", "GET"}, {":scheme", "http"}, {":path", "/"}, {":authority", "localhost:9080"}]
2025-06-27T02:08:09.915654Z  DEBUG - Created request for stream 1: GET /
2025-06-27T02:08:09.915654Z   INFO - Request: GET /
2025-06-27T02:08:09.915656Z  DEBUG - Response.send_headers called, end_stream=false, headers_sent=false
2025-06-27T02:08:09.915658Z  DEBUG - Response: Sending 2 headers
2025-06-27T02:08:09.915659Z  DEBUG - Stream 1: send_headers called with 2 headers, end_stream=false
2025-06-27T02:08:09.915665Z  DEBUG - Stream 1: Sending HEADERS frame with flags=END_HEADERS, header_block_size=13
2025-06-27T02:08:09.915683Z  DEBUG - Stream 1: send_headers completed, new state=HALF_CLOSED_REMOTE
2025-06-27T02:08:09.915684Z  DEBUG - Response.write: Sending 100 bytes of data
2025-06-27T02:08:09.915686Z  DEBUG - Response.write: stream_window=65535, conn_window=65535, available=65535
2025-06-27T02:08:09.915687Z  DEBUG - Stream.send_chunks: Starting to send 100 bytes in chunks of 16384
2025-06-27T02:08:09.915689Z  DEBUG - Stream.send_chunk: Sending chunk from 0 to 100 (100 bytes), last_chunk=true
2025-06-27T02:08:09.915690Z  DEBUG - Stream.send_data: size=100, send_window=65535, conn_window=65535
2025-06-27T02:08:09.915695Z  DEBUG - Stream.send_chunks: Finished sending all chunks
2025-06-27T02:08:09.915695Z  DEBUG - Response.close: Sending empty DATA frame with END_STREAM
2025-06-27T02:08:09.915697Z  DEBUG - Stream.send_data: size=0, send_window=65435, conn_window=65435
2025-06-27T02:08:09.915702Z  DEBUG - Completed handling stream 1
2025-06-27T02:08:09.915834Z  DEBUG - Failed to read frame header: read (#<TCPSocket:0x102f7c120>): Connection reset by peer
2025-06-27T02:08:09.915843Z  DEBUG - Read loop IO error: IO::Error - read (#<TCPSocket:0x102f7c120>): Connection reset by peer
2025-06-27T02:08:09.915843Z  DEBUG - Socket closed: false
2025-06-27T02:08:09.915844Z  DEBUG - Read loop exiting, closing connection
2025-06-27T02:08:09.915892Z  DEBUG - Failed to send GOAWAY: write (#<TCPSocket:0x102f7c120>): Broken pipe
2025-06-27T02:08:09.916325Z  DEBUG - Connection.start called, is_server=true
2025-06-27T02:08:09.916326Z  DEBUG - Reading client preface...
2025-06-27T02:08:09.916326Z  DEBUG - Attempting to read 24 bytes for preface
2025-06-27T02:08:09.916345Z  DEBUG - Read preface bytes: 505249202a20485454502f322e300d0a0d0a534d0d0a0d0a
2025-06-27T02:08:09.916346Z  DEBUG - Client preface read successfully
2025-06-27T02:08:09.916347Z  DEBUG - Starting without preface...
2025-06-27T02:08:09.916368Z  DEBUG - Connection started successfully
2025-06-27T02:08:09.916419Z  DEBUG - Read loop started for connection 127.0.0.1
2025-06-27T02:08:09.916420Z  DEBUG - Reading frame header...
2025-06-27T02:08:09.916424Z  DEBUG - Applying remote setting: INITIAL_WINDOW_SIZE = 65535
2025-06-27T02:08:09.916425Z  DEBUG - Updating stream windows: old=65535, new=65535, diff=0
2025-06-27T02:08:09.916426Z  DEBUG - Sending SETTINGS ACK
2025-06-27T02:08:09.916437Z  DEBUG - SETTINGS ACK sent
2025-06-27T02:08:09.916437Z  DEBUG - Successfully handled frame: HT2::SettingsFrame on stream 0
2025-06-27T02:08:09.916438Z  DEBUG - Reading frame header...
2025-06-27T02:08:09.916443Z  DEBUG - Successfully handled frame: HT2::SettingsFrame on stream 0
2025-06-27T02:08:09.916444Z  DEBUG - Reading frame header...
2025-06-27T02:08:09.916447Z  DEBUG - Successfully handled frame: HT2::SettingsFrame on stream 0
2025-06-27T02:08:09.916448Z  DEBUG - Reading frame header...
2025-06-27T02:08:09.916547Z  DEBUG - Successfully handled frame: HT2::PriorityFrame on stream 1
2025-06-27T02:08:09.916548Z  DEBUG - Reading frame header...
2025-06-27T02:08:09.916551Z  DEBUG - HEADERS frame parsing: payload_size=15, offset=0, padding=0, header_block_size=15
2025-06-27T02:08:09.916551Z  DEBUG - Header block hex: 828684418aa0e41d139d09b8f81e07
2025-06-27T02:08:09.916554Z  DEBUG - HEADERS frame: stream_id=1, flags=END_STREAM | END_HEADERS, padding=0, priority=nil, header_block_size=15
2025-06-27T02:08:09.916555Z  DEBUG - Full header block hex: 828684418aa0e41d139d09b8f81e07
2025-06-27T02:08:09.916555Z  DEBUG - Decoding HEADERS frame with block size: 15
2025-06-27T02:08:09.916556Z  DEBUG - First 20 bytes of header block: less than 20 bytes
2025-06-27T02:08:09.916558Z  DEBUG - HPACK: Decoding Huffman string, length=10, data=a0e41d139d09b8f81e07
2025-06-27T02:08:09.916638Z  DEBUG - Huffman decode: data.size=10, hex=a0e41d139d09b8f81e07
2025-06-27T02:08:09.916639Z  DEBUG - Huffman decode: Checking for potential EOS pattern in data
2025-06-27T02:08:09.916647Z  DEBUG - Huffman padding check: last_symbol_bit=76, total_bits=80, padding_bits=3
2025-06-27T02:08:09.916649Z  DEBUG - HPACK: Huffman decoded to: "localhost:9080"
2025-06-27T02:08:09.916657Z  DEBUG - Decoded headers before validation: [{":method", "GET"}, {":scheme", "http"}, {":path", "/"}, {":authority", "localhost:9080"}]
2025-06-27T02:08:09.916672Z  DEBUG - Validated headers: [{":method", "GET"}, {":scheme", "http"}, {":path", "/"}, {":authority", "localhost:9080"}]
2025-06-27T02:08:09.916674Z  DEBUG - Server received headers for stream 1, end_stream: true, headers_count: 4
2025-06-27T02:08:09.916680Z  DEBUG - Headers: [{":method", "GET"}, {":scheme", "http"}, {":path", "/"}, {":authority", "localhost:9080"}]
2025-06-27T02:08:09.916681Z  DEBUG - is_trailers=false, end_stream=true, stream.end_stream_received=true
2025-06-27T02:08:09.916681Z  DEBUG - Processing request immediately (headers with END_STREAM)
2025-06-27T02:08:09.916683Z  DEBUG - Successfully handled frame: HT2::HeadersFrame on stream 1
2025-06-27T02:08:09.916684Z  DEBUG - Reading frame header...
2025-06-27T02:08:09.916819Z  DEBUG - Handling stream 1 with headers: [{":method", "GET"}, {":scheme", "http"}, {":path", "/"}, {":authority", "localhost:9080"}]
2025-06-27T02:08:09.916821Z  DEBUG - Created request for stream 1: GET /
2025-06-27T02:08:09.916821Z   INFO - Request: GET /
2025-06-27T02:08:09.916823Z  DEBUG - Response.send_headers called, end_stream=false, headers_sent=false
2025-06-27T02:08:09.916825Z  DEBUG - Response: Sending 2 headers
2025-06-27T02:08:09.916825Z  DEBUG - Stream 1: send_headers called with 2 headers, end_stream=false
2025-06-27T02:08:09.916832Z  DEBUG - Stream 1: Sending HEADERS frame with flags=END_HEADERS, header_block_size=13
2025-06-27T02:08:09.916849Z  DEBUG - Stream 1: send_headers completed, new state=HALF_CLOSED_REMOTE
2025-06-27T02:08:09.916850Z  DEBUG - Response.write: Sending 100 bytes of data
2025-06-27T02:08:09.916851Z  DEBUG - Response.write: stream_window=65535, conn_window=65535, available=65535
2025-06-27T02:08:09.916852Z  DEBUG - Stream.send_chunks: Starting to send 100 bytes in chunks of 16384
2025-06-27T02:08:09.916853Z  DEBUG - Stream.send_chunk: Sending chunk from 0 to 100 (100 bytes), last_chunk=true
2025-06-27T02:08:09.916854Z  DEBUG - Stream.send_data: size=100, send_window=65535, conn_window=65535
2025-06-27T02:08:09.916875Z  DEBUG - Stream.send_chunks: Finished sending all chunks
2025-06-27T02:08:09.916875Z  DEBUG - Response.close: Sending empty DATA frame with END_STREAM
2025-06-27T02:08:09.916876Z  DEBUG - Stream.send_data: size=0, send_window=65435, conn_window=65435
2025-06-27T02:08:09.916889Z  DEBUG - Completed handling stream 1
2025-06-27T02:08:09.917023Z  DEBUG - Failed to read frame header: read (#<TCPSocket:0x102f7c000>): Connection reset by peer
2025-06-27T02:08:09.917033Z  DEBUG - Read loop IO error: IO::Error - read (#<TCPSocket:0x102f7c000>): Connection reset by peer
2025-06-27T02:08:09.917034Z  DEBUG - Socket closed: false
2025-06-27T02:08:09.917034Z  DEBUG - Read loop exiting, closing connection
2025-06-27T02:08:09.917082Z  DEBUG - Failed to send GOAWAY: write (#<TCPSocket:0x102f7c000>): Broken pipe
2025-06-27T02:08:09.917453Z  DEBUG - Connection.start called, is_server=true
2025-06-27T02:08:09.917453Z  DEBUG - Reading client preface...
2025-06-27T02:08:09.917454Z  DEBUG - Attempting to read 24 bytes for preface
2025-06-27T02:08:09.917459Z  DEBUG - Read preface bytes: 505249202a20485454502f322e300d0a0d0a534d0d0a0d0a
2025-06-27T02:08:09.917460Z  DEBUG - Client preface read successfully
2025-06-27T02:08:09.917461Z  DEBUG - Starting without preface...
2025-06-27T02:08:09.917477Z  DEBUG - Connection started successfully
2025-06-27T02:08:09.917531Z  DEBUG - Read loop started for connection 127.0.0.1
2025-06-27T02:08:09.917532Z  DEBUG - Reading frame header...
2025-06-27T02:08:09.917536Z  DEBUG - Applying remote setting: INITIAL_WINDOW_SIZE = 65535
2025-06-27T02:08:09.917537Z  DEBUG - Updating stream windows: old=65535, new=65535, diff=0
2025-06-27T02:08:09.917537Z  DEBUG - Sending SETTINGS ACK
2025-06-27T02:08:09.917550Z  DEBUG - SETTINGS ACK sent
2025-06-27T02:08:09.917550Z  DEBUG - Successfully handled frame: HT2::SettingsFrame on stream 0
2025-06-27T02:08:09.917551Z  DEBUG - Reading frame header...
2025-06-27T02:08:09.917556Z  DEBUG - Successfully handled frame: HT2::SettingsFrame on stream 0
2025-06-27T02:08:09.917557Z  DEBUG - Reading frame header...
2025-06-27T02:08:09.917559Z  DEBUG - Successfully handled frame: HT2::SettingsFrame on stream 0
2025-06-27T02:08:09.917560Z  DEBUG - Reading frame header...
2025-06-27T02:08:09.917656Z  DEBUG - Successfully handled frame: HT2::PriorityFrame on stream 1
2025-06-27T02:08:09.917657Z  DEBUG - Reading frame header...
2025-06-27T02:08:09.917659Z  DEBUG - HEADERS frame parsing: payload_size=15, offset=0, padding=0, header_block_size=15
2025-06-27T02:08:09.917660Z  DEBUG - Header block hex: 828684418aa0e41d139d09b8f81e07
2025-06-27T02:08:09.917663Z  DEBUG - HEADERS frame: stream_id=1, flags=END_STREAM | END_HEADERS, padding=0, priority=nil, header_block_size=15
2025-06-27T02:08:09.917663Z  DEBUG - Full header block hex: 828684418aa0e41d139d09b8f81e07
2025-06-27T02:08:09.917664Z  DEBUG - Decoding HEADERS frame with block size: 15
2025-06-27T02:08:09.917664Z  DEBUG - First 20 bytes of header block: less than 20 bytes
2025-06-27T02:08:09.917666Z  DEBUG - HPACK: Decoding Huffman string, length=10, data=a0e41d139d09b8f81e07
2025-06-27T02:08:09.917747Z  DEBUG - Huffman decode: data.size=10, hex=a0e41d139d09b8f81e07
2025-06-27T02:08:09.917747Z  DEBUG - Huffman decode: Checking for potential EOS pattern in data
2025-06-27T02:08:09.917750Z  DEBUG - Huffman padding check: last_symbol_bit=76, total_bits=80, padding_bits=3
2025-06-27T02:08:09.917752Z  DEBUG - HPACK: Huffman decoded to: "localhost:9080"
2025-06-27T02:08:09.917759Z  DEBUG - Decoded headers before validation: [{":method", "GET"}, {":scheme", "http"}, {":path", "/"}, {":authority", "localhost:9080"}]
2025-06-27T02:08:09.917771Z  DEBUG - Validated headers: [{":method", "GET"}, {":scheme", "http"}, {":path", "/"}, {":authority", "localhost:9080"}]
2025-06-27T02:08:09.917773Z  DEBUG - Server received headers for stream 1, end_stream: true, headers_count: 4
2025-06-27T02:08:09.917779Z  DEBUG - Headers: [{":method", "GET"}, {":scheme", "http"}, {":path", "/"}, {":authority", "localhost:9080"}]
2025-06-27T02:08:09.917780Z  DEBUG - is_trailers=false, end_stream=true, stream.end_stream_received=true
2025-06-27T02:08:09.917780Z  DEBUG - Processing request immediately (headers with END_STREAM)
2025-06-27T02:08:09.917782Z  DEBUG - Successfully handled frame: HT2::HeadersFrame on stream 1
2025-06-27T02:08:09.917783Z  DEBUG - Reading frame header...
2025-06-27T02:08:09.917918Z  DEBUG - Handling stream 1 with headers: [{":method", "GET"}, {":scheme", "http"}, {":path", "/"}, {":authority", "localhost:9080"}]
2025-06-27T02:08:09.917920Z  DEBUG - Created request for stream 1: GET /
2025-06-27T02:08:09.917920Z   INFO - Request: GET /
2025-06-27T02:08:09.917922Z  DEBUG - Response.send_headers called, end_stream=false, headers_sent=false
2025-06-27T02:08:09.917924Z  DEBUG - Response: Sending 2 headers
2025-06-27T02:08:09.917924Z  DEBUG - Stream 1: send_headers called with 2 headers, end_stream=false
2025-06-27T02:08:09.917930Z  DEBUG - Stream 1: Sending HEADERS frame with flags=END_HEADERS, header_block_size=13
2025-06-27T02:08:09.917948Z  DEBUG - Stream 1: send_headers completed, new state=HALF_CLOSED_REMOTE
2025-06-27T02:08:09.917949Z  DEBUG - Response.write: Sending 100 bytes of data
2025-06-27T02:08:09.917950Z  DEBUG - Response.write: stream_window=65535, conn_window=65535, available=65535
2025-06-27T02:08:09.917955Z  DEBUG - Stream.send_chunks: Starting to send 100 bytes in chunks of 16384
2025-06-27T02:08:09.917956Z  DEBUG - Stream.send_chunk: Sending chunk from 0 to 100 (100 bytes), last_chunk=true
2025-06-27T02:08:09.917958Z  DEBUG - Stream.send_data: size=100, send_window=65535, conn_window=65535
2025-06-27T02:08:09.917963Z  DEBUG - Stream.send_chunks: Finished sending all chunks
2025-06-27T02:08:09.917963Z  DEBUG - Response.close: Sending empty DATA frame with END_STREAM
2025-06-27T02:08:09.917964Z  DEBUG - Stream.send_data: size=0, send_window=65435, conn_window=65435
2025-06-27T02:08:09.917969Z  DEBUG - Completed handling stream 1
2025-06-27T02:08:09.918106Z  DEBUG - Failed to read frame header: read (#<TCPSocket:0x1030e4ea0>): Connection reset by peer
2025-06-27T02:08:09.918115Z  DEBUG - Read loop IO error: IO::Error - read (#<TCPSocket:0x1030e4ea0>): Connection reset by peer
2025-06-27T02:08:09.918115Z  DEBUG - Socket closed: false
2025-06-27T02:08:09.918116Z  DEBUG - Read loop exiting, closing connection
2025-06-27T02:08:09.918165Z  DEBUG - Failed to send GOAWAY: write (#<TCPSocket:0x1030e4ea0>): Broken pipe
2025-06-27T02:08:09.918575Z  DEBUG - Connection.start called, is_server=true
2025-06-27T02:08:09.918575Z  DEBUG - Reading client preface...
2025-06-27T02:08:09.918576Z  DEBUG - Attempting to read 24 bytes for preface
2025-06-27T02:08:09.918584Z  DEBUG - Read preface bytes: 505249202a20485454502f322e300d0a0d0a534d0d0a0d0a
2025-06-27T02:08:09.918585Z  DEBUG - Client preface read successfully
2025-06-27T02:08:09.918585Z  DEBUG - Starting without preface...
2025-06-27T02:08:09.918611Z  DEBUG - Connection started successfully
2025-06-27T02:08:09.918659Z  DEBUG - Read loop started for connection 127.0.0.1
2025-06-27T02:08:09.918660Z  DEBUG - Reading frame header...
2025-06-27T02:08:09.918664Z  DEBUG - Applying remote setting: INITIAL_WINDOW_SIZE = 65535
2025-06-27T02:08:09.918665Z  DEBUG - Updating stream windows: old=65535, new=65535, diff=0
2025-06-27T02:08:09.918666Z  DEBUG - Sending SETTINGS ACK
2025-06-27T02:08:09.918678Z  DEBUG - SETTINGS ACK sent
2025-06-27T02:08:09.918679Z  DEBUG - Successfully handled frame: HT2::SettingsFrame on stream 0
2025-06-27T02:08:09.918680Z  DEBUG - Reading frame header...
2025-06-27T02:08:09.918684Z  DEBUG - Successfully handled frame: HT2::SettingsFrame on stream 0
2025-06-27T02:08:09.918685Z  DEBUG - Reading frame header...
2025-06-27T02:08:09.918688Z  DEBUG - Successfully handled frame: HT2::SettingsFrame on stream 0
2025-06-27T02:08:09.918688Z  DEBUG - Reading frame header...
2025-06-27T02:08:09.918782Z  DEBUG - Successfully handled frame: HT2::PriorityFrame on stream 3
2025-06-27T02:08:09.918783Z  DEBUG - Reading frame header...
2025-06-27T02:08:09.918785Z  DEBUG - HEADERS frame parsing: payload_size=15, offset=0, padding=0, header_block_size=15
2025-06-27T02:08:09.918789Z  DEBUG - Header block hex: 828684418aa0e41d139d09b8f81e07
2025-06-27T02:08:09.918798Z  DEBUG - HEADERS frame: stream_id=1, flags=END_STREAM | END_HEADERS, padding=0, priority=nil, header_block_size=15
2025-06-27T02:08:09.918798Z  DEBUG - Full header block hex: 828684418aa0e41d139d09b8f81e07
2025-06-27T02:08:09.918799Z  DEBUG - Decoding HEADERS frame with block size: 15
2025-06-27T02:08:09.918800Z  DEBUG - First 20 bytes of header block: less than 20 bytes
2025-06-27T02:08:09.918801Z  DEBUG - HPACK: Decoding Huffman string, length=10, data=a0e41d139d09b8f81e07
2025-06-27T02:08:09.918872Z  DEBUG - Huffman decode: data.size=10, hex=a0e41d139d09b8f81e07
2025-06-27T02:08:09.918872Z  DEBUG - Huffman decode: Checking for potential EOS pattern in data
2025-06-27T02:08:09.918874Z  DEBUG - Huffman padding check: last_symbol_bit=76, total_bits=80, padding_bits=3
2025-06-27T02:08:09.918876Z  DEBUG - HPACK: Huffman decoded to: "localhost:9080"
2025-06-27T02:08:09.918884Z  DEBUG - Decoded headers before validation: [{":method", "GET"}, {":scheme", "http"}, {":path", "/"}, {":authority", "localhost:9080"}]
2025-06-27T02:08:09.918896Z  DEBUG - Validated headers: [{":method", "GET"}, {":scheme", "http"}, {":path", "/"}, {":authority", "localhost:9080"}]
2025-06-27T02:08:09.918898Z  DEBUG - Server received headers for stream 1, end_stream: true, headers_count: 4
2025-06-27T02:08:09.918904Z  DEBUG - Headers: [{":method", "GET"}, {":scheme", "http"}, {":path", "/"}, {":authority", "localhost:9080"}]
2025-06-27T02:08:09.918905Z  DEBUG - is_trailers=false, end_stream=true, stream.end_stream_received=true
2025-06-27T02:08:09.918905Z  DEBUG - Processing request immediately (headers with END_STREAM)
2025-06-27T02:08:09.918907Z  DEBUG - Successfully handled frame: HT2::HeadersFrame on stream 1
2025-06-27T02:08:09.918908Z  DEBUG - Reading frame header...
2025-06-27T02:08:09.919043Z  DEBUG - Handling stream 1 with headers: [{":method", "GET"}, {":scheme", "http"}, {":path", "/"}, {":authority", "localhost:9080"}]
2025-06-27T02:08:09.919045Z  DEBUG - Created request for stream 1: GET /
2025-06-27T02:08:09.919046Z   INFO - Request: GET /
2025-06-27T02:08:09.919047Z  DEBUG - Response.send_headers called, end_stream=false, headers_sent=false
2025-06-27T02:08:09.919049Z  DEBUG - Response: Sending 2 headers
2025-06-27T02:08:09.919049Z  DEBUG - Stream 1: send_headers called with 2 headers, end_stream=false
2025-06-27T02:08:09.919060Z  DEBUG - Stream 1: Sending HEADERS frame with flags=END_HEADERS, header_block_size=13
2025-06-27T02:08:09.919073Z  DEBUG - Stream 1: send_headers completed, new state=HALF_CLOSED_REMOTE
2025-06-27T02:08:09.919074Z  DEBUG - Response.write: Sending 100 bytes of data
2025-06-27T02:08:09.919075Z  DEBUG - Response.write: stream_window=65535, conn_window=65535, available=65535
2025-06-27T02:08:09.919076Z  DEBUG - Stream.send_chunks: Starting to send 100 bytes in chunks of 16384
2025-06-27T02:08:09.919078Z  DEBUG - Stream.send_chunk: Sending chunk from 0 to 100 (100 bytes), last_chunk=true
2025-06-27T02:08:09.919079Z  DEBUG - Stream.send_data: size=100, send_window=65535, conn_window=65535
2025-06-27T02:08:09.919084Z  DEBUG - Stream.send_chunks: Finished sending all chunks
2025-06-27T02:08:09.919084Z  DEBUG - Response.close: Sending empty DATA frame with END_STREAM
2025-06-27T02:08:09.919085Z  DEBUG - Stream.send_data: size=0, send_window=65435, conn_window=65435
2025-06-27T02:08:09.919090Z  DEBUG - Completed handling stream 1
2025-06-27T02:08:09.919220Z  DEBUG - Failed to read frame header: read (#<TCPSocket:0x1030e4d80>): Connection reset by peer
2025-06-27T02:08:09.919227Z  DEBUG - Read loop IO error: IO::Error - read (#<TCPSocket:0x1030e4d80>): Connection reset by peer
2025-06-27T02:08:09.919228Z  DEBUG - Socket closed: false
2025-06-27T02:08:09.919229Z  DEBUG - Read loop exiting, closing connection
2025-06-27T02:08:09.919277Z  DEBUG - Failed to send GOAWAY: write (#<TCPSocket:0x1030e4d80>): Broken pipe
2025-06-27T02:08:09.919676Z  DEBUG - Connection.start called, is_server=true
2025-06-27T02:08:09.919676Z  DEBUG - Reading client preface...
2025-06-27T02:08:09.919677Z  DEBUG - Attempting to read 24 bytes for preface
2025-06-27T02:08:09.919681Z  DEBUG - Read preface bytes: 505249202a20485454502f322e300d0a0d0a534d0d0a0d0a
2025-06-27T02:08:09.919682Z  DEBUG - Client preface read successfully
2025-06-27T02:08:09.919683Z  DEBUG - Starting without preface...
2025-06-27T02:08:09.919702Z  DEBUG - Connection started successfully
2025-06-27T02:08:09.919753Z  DEBUG - Read loop started for connection 127.0.0.1
2025-06-27T02:08:09.919754Z  DEBUG - Reading frame header...
2025-06-27T02:08:09.919758Z  DEBUG - Applying remote setting: INITIAL_WINDOW_SIZE = 65535
2025-06-27T02:08:09.919759Z  DEBUG - Updating stream windows: old=65535, new=65535, diff=0
2025-06-27T02:08:09.919760Z  DEBUG - Sending SETTINGS ACK
2025-06-27T02:08:09.919769Z  DEBUG - SETTINGS ACK sent
2025-06-27T02:08:09.919769Z  DEBUG - Successfully handled frame: HT2::SettingsFrame on stream 0
2025-06-27T02:08:09.919770Z  DEBUG - Reading frame header...
2025-06-27T02:08:09.919775Z  DEBUG - Successfully handled frame: HT2::SettingsFrame on stream 0
2025-06-27T02:08:09.919776Z  DEBUG - Reading frame header...
2025-06-27T02:08:09.919779Z  DEBUG - Successfully handled frame: HT2::SettingsFrame on stream 0
2025-06-27T02:08:09.919780Z  DEBUG - Reading frame header...
2025-06-27T02:08:09.919868Z  DEBUG - Successfully handled frame: HT2::PriorityFrame on stream 1
2025-06-27T02:08:09.919869Z  DEBUG - Reading frame header...
2025-06-27T02:08:09.919871Z  DEBUG - HEADERS frame parsing: payload_size=15, offset=0, padding=0, header_block_size=15
2025-06-27T02:08:09.919872Z  DEBUG - Header block hex: 828684418aa0e41d139d09b8f81e07
2025-06-27T02:08:09.919875Z  DEBUG - HEADERS frame: stream_id=1, flags=END_STREAM | END_HEADERS, padding=0, priority=nil, header_block_size=15
2025-06-27T02:08:09.919876Z  DEBUG - Full header block hex: 828684418aa0e41d139d09b8f81e07
2025-06-27T02:08:09.919876Z  DEBUG - Decoding HEADERS frame with block size: 15
2025-06-27T02:08:09.919877Z  DEBUG - First 20 bytes of header block: less than 20 bytes
2025-06-27T02:08:09.919879Z  DEBUG - HPACK: Decoding Huffman string, length=10, data=a0e41d139d09b8f81e07
2025-06-27T02:08:09.919958Z  DEBUG - Huffman decode: data.size=10, hex=a0e41d139d09b8f81e07
2025-06-27T02:08:09.919958Z  DEBUG - Huffman decode: Checking for potential EOS pattern in data
2025-06-27T02:08:09.919960Z  DEBUG - Huffman padding check: last_symbol_bit=76, total_bits=80, padding_bits=3
2025-06-27T02:08:09.919964Z  DEBUG - HPACK: Huffman decoded to: "localhost:9080"
2025-06-27T02:08:09.919971Z  DEBUG - Decoded headers before validation: [{":method", "GET"}, {":scheme", "http"}, {":path", "/"}, {":authority", "localhost:9080"}]
2025-06-27T02:08:09.919981Z  DEBUG - Validated headers: [{":method", "GET"}, {":scheme", "http"}, {":path", "/"}, {":authority", "localhost:9080"}]
2025-06-27T02:08:09.919983Z  DEBUG - Server received headers for stream 1, end_stream: true, headers_count: 4
2025-06-27T02:08:09.919989Z  DEBUG - Headers: [{":method", "GET"}, {":scheme", "http"}, {":path", "/"}, {":authority", "localhost:9080"}]
2025-06-27T02:08:09.919990Z  DEBUG - is_trailers=false, end_stream=true, stream.end_stream_received=true
2025-06-27T02:08:09.919990Z  DEBUG - Processing request immediately (headers with END_STREAM)
2025-06-27T02:08:09.919992Z  DEBUG - Successfully handled frame: HT2::HeadersFrame on stream 1
2025-06-27T02:08:09.919992Z  DEBUG - Reading frame header...
2025-06-27T02:08:09.920125Z  DEBUG - Handling stream 1 with headers: [{":method", "GET"}, {":scheme", "http"}, {":path", "/"}, {":authority", "localhost:9080"}]
2025-06-27T02:08:09.920127Z  DEBUG - Created request for stream 1: GET /
2025-06-27T02:08:09.920127Z   INFO - Request: GET /
2025-06-27T02:08:09.920128Z  DEBUG - Response.send_headers called, end_stream=false, headers_sent=false
2025-06-27T02:08:09.920133Z  DEBUG - Response: Sending 2 headers
2025-06-27T02:08:09.920134Z  DEBUG - Stream 1: send_headers called with 2 headers, end_stream=false
2025-06-27T02:08:09.920138Z  DEBUG - Stream 1: Sending HEADERS frame with flags=END_HEADERS, header_block_size=13
2025-06-27T02:08:09.920150Z  DEBUG - Stream 1: send_headers completed, new state=HALF_CLOSED_REMOTE
2025-06-27T02:08:09.920151Z  DEBUG - Response.write: Sending 100 bytes of data
2025-06-27T02:08:09.920151Z  DEBUG - Response.write: stream_window=65535, conn_window=65535, available=65535
2025-06-27T02:08:09.920153Z  DEBUG - Stream.send_chunks: Starting to send 100 bytes in chunks of 16384
2025-06-27T02:08:09.920154Z  DEBUG - Stream.send_chunk: Sending chunk from 0 to 100 (100 bytes), last_chunk=true
2025-06-27T02:08:09.920155Z  DEBUG - Stream.send_data: size=100, send_window=65535, conn_window=65535
2025-06-27T02:08:09.920159Z  DEBUG - Stream.send_chunks: Finished sending all chunks
2025-06-27T02:08:09.920160Z  DEBUG - Response.close: Sending empty DATA frame with END_STREAM
2025-06-27T02:08:09.920161Z  DEBUG - Stream.send_data: size=0, send_window=65435, conn_window=65435
2025-06-27T02:08:09.920164Z  DEBUG - Completed handling stream 1
2025-06-27T02:08:09.920282Z  DEBUG - Failed to read frame header: read (#<TCPSocket:0x1030e4c60>): Connection reset by peer
2025-06-27T02:08:09.920289Z  DEBUG - Read loop IO error: IO::Error - read (#<TCPSocket:0x1030e4c60>): Connection reset by peer
2025-06-27T02:08:09.920290Z  DEBUG - Socket closed: false
2025-06-27T02:08:09.920290Z  DEBUG - Read loop exiting, closing connection
2025-06-27T02:08:09.920334Z  DEBUG - Failed to send GOAWAY: write (#<TCPSocket:0x1030e4c60>): Broken pipe
2025-06-27T02:08:09.920790Z  DEBUG - Connection.start called, is_server=true
2025-06-27T02:08:09.920790Z  DEBUG - Reading client preface...
2025-06-27T02:08:09.920791Z  DEBUG - Attempting to read 24 bytes for preface
2025-06-27T02:08:09.920796Z  DEBUG - Read preface bytes: 505249202a20485454502f322e300d0a0d0a534d0d0a0d0a
2025-06-27T02:08:09.920797Z  DEBUG - Client preface read successfully
2025-06-27T02:08:09.920797Z  DEBUG - Starting without preface...
2025-06-27T02:08:09.920810Z  DEBUG - Connection started successfully
2025-06-27T02:08:09.920856Z  DEBUG - Read loop started for connection 127.0.0.1
2025-06-27T02:08:09.920857Z  DEBUG - Reading frame header...
2025-06-27T02:08:09.920862Z  DEBUG - Applying remote setting: INITIAL_WINDOW_SIZE = 65535
2025-06-27T02:08:09.920863Z  DEBUG - Updating stream windows: old=65535, new=65535, diff=0
2025-06-27T02:08:09.920864Z  DEBUG - Sending SETTINGS ACK
2025-06-27T02:08:09.920873Z  DEBUG - SETTINGS ACK sent
2025-06-27T02:08:09.920873Z  DEBUG - Successfully handled frame: HT2::SettingsFrame on stream 0
2025-06-27T02:08:09.920874Z  DEBUG - Reading frame header...
2025-06-27T02:08:09.920879Z  DEBUG - Successfully handled frame: HT2::SettingsFrame on stream 0
2025-06-27T02:08:09.920879Z  DEBUG - Reading frame header...
2025-06-27T02:08:09.920885Z  DEBUG - Successfully handled frame: HT2::SettingsFrame on stream 0
2025-06-27T02:08:09.920886Z  DEBUG - Reading frame header...
2025-06-27T02:08:09.920973Z  DEBUG - Successfully handled frame: HT2::PriorityFrame on stream 3
2025-06-27T02:08:09.920974Z  DEBUG - Reading frame header...
2025-06-27T02:08:09.920977Z  DEBUG - HEADERS frame parsing: payload_size=15, offset=0, padding=0, header_block_size=15
2025-06-27T02:08:09.920978Z  DEBUG - Header block hex: 828684418aa0e41d139d09b8f81e07
2025-06-27T02:08:09.920983Z  DEBUG - HEADERS frame: stream_id=1, flags=END_STREAM | END_HEADERS, padding=0, priority=nil, header_block_size=15
2025-06-27T02:08:09.920983Z  DEBUG - Full header block hex: 828684418aa0e41d139d09b8f81e07
2025-06-27T02:08:09.920984Z  DEBUG - Decoding HEADERS frame with block size: 15
2025-06-27T02:08:09.920984Z  DEBUG - First 20 bytes of header block: less than 20 bytes
2025-06-27T02:08:09.920986Z  DEBUG - HPACK: Decoding Huffman string, length=10, data=a0e41d139d09b8f81e07
2025-06-27T02:08:09.921051Z  DEBUG - Huffman decode: data.size=10, hex=a0e41d139d09b8f81e07
2025-06-27T02:08:09.921052Z  DEBUG - Huffman decode: Checking for potential EOS pattern in data
2025-06-27T02:08:09.921054Z  DEBUG - Huffman padding check: last_symbol_bit=76, total_bits=80, padding_bits=3
2025-06-27T02:08:09.921056Z  DEBUG - HPACK: Huffman decoded to: "localhost:9080"
2025-06-27T02:08:09.921063Z  DEBUG - Decoded headers before validation: [{":method", "GET"}, {":scheme", "http"}, {":path", "/"}, {":authority", "localhost:9080"}]
2025-06-27T02:08:09.921076Z  DEBUG - Validated headers: [{":method", "GET"}, {":scheme", "http"}, {":path", "/"}, {":authority", "localhost:9080"}]
2025-06-27T02:08:09.921079Z  DEBUG - Server received headers for stream 1, end_stream: true, headers_count: 4
2025-06-27T02:08:09.921084Z  DEBUG - Headers: [{":method", "GET"}, {":scheme", "http"}, {":path", "/"}, {":authority", "localhost:9080"}]
2025-06-27T02:08:09.921085Z  DEBUG - is_trailers=false, end_stream=true, stream.end_stream_received=true
2025-06-27T02:08:09.921085Z  DEBUG - Processing request immediately (headers with END_STREAM)
2025-06-27T02:08:09.921087Z  DEBUG - Successfully handled frame: HT2::HeadersFrame on stream 1
2025-06-27T02:08:09.921088Z  DEBUG - Reading frame header...
2025-06-27T02:08:09.921207Z  DEBUG - Handling stream 1 with headers: [{":method", "GET"}, {":scheme", "http"}, {":path", "/"}, {":authority", "localhost:9080"}]
2025-06-27T02:08:09.921209Z  DEBUG - Created request for stream 1: GET /
2025-06-27T02:08:09.921209Z   INFO - Request: GET /
2025-06-27T02:08:09.921211Z  DEBUG - Response.send_headers called, end_stream=false, headers_sent=false
2025-06-27T02:08:09.921212Z  DEBUG - Response: Sending 2 headers
2025-06-27T02:08:09.921213Z  DEBUG - Stream 1: send_headers called with 2 headers, end_stream=false
2025-06-27T02:08:09.921218Z  DEBUG - Stream 1: Sending HEADERS frame with flags=END_HEADERS, header_block_size=13
2025-06-27T02:08:09.921235Z  DEBUG - Stream 1: send_headers completed, new state=HALF_CLOSED_REMOTE
2025-06-27T02:08:09.921236Z  DEBUG - Response.write: Sending 100 bytes of data
2025-06-27T02:08:09.921237Z  DEBUG - Response.write: stream_window=65535, conn_window=65535, available=65535
2025-06-27T02:08:09.921239Z  DEBUG - Stream.send_chunks: Starting to send 100 bytes in chunks of 16384
2025-06-27T02:08:09.921240Z  DEBUG - Stream.send_chunk: Sending chunk from 0 to 100 (100 bytes), last_chunk=true
2025-06-27T02:08:09.921241Z  DEBUG - Stream.send_data: size=100, send_window=65535, conn_window=65535
2025-06-27T02:08:09.921245Z  DEBUG - Stream.send_chunks: Finished sending all chunks
2025-06-27T02:08:09.921246Z  DEBUG - Response.close: Sending empty DATA frame with END_STREAM
2025-06-27T02:08:09.921247Z  DEBUG - Stream.send_data: size=0, send_window=65435, conn_window=65435
2025-06-27T02:08:09.921251Z  DEBUG - Completed handling stream 1
2025-06-27T02:08:09.921366Z  DEBUG - Failed to read frame header: read (#<TCPSocket:0x1030e4b40>): Connection reset by peer
2025-06-27T02:08:09.921374Z  DEBUG - Read loop IO error: IO::Error - read (#<TCPSocket:0x1030e4b40>): Connection reset by peer
2025-06-27T02:08:09.921375Z  DEBUG - Socket closed: false
2025-06-27T02:08:09.921375Z  DEBUG - Read loop exiting, closing connection
2025-06-27T02:08:09.921420Z  DEBUG - Failed to send GOAWAY: write (#<TCPSocket:0x1030e4b40>): Broken pipe
2025-06-27T02:08:09.921796Z  DEBUG - Connection.start called, is_server=true
2025-06-27T02:08:09.921797Z  DEBUG - Reading client preface...
2025-06-27T02:08:09.921797Z  DEBUG - Attempting to read 24 bytes for preface
2025-06-27T02:08:09.921802Z  DEBUG - Read preface bytes: 505249202a20485454502f322e300d0a0d0a534d0d0a0d0a
2025-06-27T02:08:09.921803Z  DEBUG - Client preface read successfully
2025-06-27T02:08:09.921803Z  DEBUG - Starting without preface...
2025-06-27T02:08:09.921815Z  DEBUG - Connection started successfully
2025-06-27T02:08:09.921860Z  DEBUG - Read loop started for connection 127.0.0.1
2025-06-27T02:08:09.921861Z  DEBUG - Reading frame header...
2025-06-27T02:08:09.921865Z  DEBUG - Applying remote setting: INITIAL_WINDOW_SIZE = 65535
2025-06-27T02:08:09.921867Z  DEBUG - Updating stream windows: old=65535, new=65535, diff=0
2025-06-27T02:08:09.921867Z  DEBUG - Sending SETTINGS ACK
2025-06-27T02:08:09.921880Z  DEBUG - SETTINGS ACK sent
2025-06-27T02:08:09.921880Z  DEBUG - Successfully handled frame: HT2::SettingsFrame on stream 0
2025-06-27T02:08:09.921882Z  DEBUG - Reading frame header...
2025-06-27T02:08:09.921886Z  DEBUG - Successfully handled frame: HT2::SettingsFrame on stream 0
2025-06-27T02:08:09.921887Z  DEBUG - Reading frame header...
2025-06-27T02:08:09.921890Z  DEBUG - Successfully handled frame: HT2::SettingsFrame on stream 0
2025-06-27T02:08:09.921891Z  DEBUG - Reading frame header...
2025-06-27T02:08:09.921970Z  DEBUG - HEADERS frame parsing: payload_size=15, offset=0, padding=0, header_block_size=15
2025-06-27T02:08:09.921971Z  DEBUG - Header block hex: 828684418aa0e41d139d09b8f81e07
2025-06-27T02:08:09.921977Z  DEBUG - HEADERS frame: stream_id=1, flags=END_HEADERS, padding=0, priority=nil, header_block_size=15
2025-06-27T02:08:09.921978Z  DEBUG - Full header block hex: 828684418aa0e41d139d09b8f81e07
2025-06-27T02:08:09.921978Z  DEBUG - Decoding HEADERS frame with block size: 15
2025-06-27T02:08:09.921979Z  DEBUG - First 20 bytes of header block: less than 20 bytes
2025-06-27T02:08:09.921980Z  DEBUG - HPACK: Decoding Huffman string, length=10, data=a0e41d139d09b8f81e07
2025-06-27T02:08:09.922052Z  DEBUG - Huffman decode: data.size=10, hex=a0e41d139d09b8f81e07
2025-06-27T02:08:09.922052Z  DEBUG - Huffman decode: Checking for potential EOS pattern in data
2025-06-27T02:08:09.922054Z  DEBUG - Huffman padding check: last_symbol_bit=76, total_bits=80, padding_bits=3
2025-06-27T02:08:09.922056Z  DEBUG - HPACK: Huffman decoded to: "localhost:9080"
2025-06-27T02:08:09.922062Z  DEBUG - Decoded headers before validation: [{":method", "GET"}, {":scheme", "http"}, {":path", "/"}, {":authority", "localhost:9080"}]
2025-06-27T02:08:09.922073Z  DEBUG - Validated headers: [{":method", "GET"}, {":scheme", "http"}, {":path", "/"}, {":authority", "localhost:9080"}]
2025-06-27T02:08:09.922075Z  DEBUG - Server received headers for stream 1, end_stream: false, headers_count: 4
2025-06-27T02:08:09.922080Z  DEBUG - Headers: [{":method", "GET"}, {":scheme", "http"}, {":path", "/"}, {":authority", "localhost:9080"}]
2025-06-27T02:08:09.922081Z  DEBUG - is_trailers=false, end_stream=false, stream.end_stream_received=false
2025-06-27T02:08:09.922081Z  DEBUG - Received headers without END_STREAM, waiting for more frames
2025-06-27T02:08:09.922082Z  DEBUG - Successfully handled frame: HT2::HeadersFrame on stream 1
2025-06-27T02:08:09.922083Z  DEBUG - Reading frame header...
2025-06-27T02:08:09.922093Z  DEBUG - Successfully handled frame: HT2::RstStreamFrame on stream 1
2025-06-27T02:08:09.922094Z  DEBUG - Reading frame header...
2025-06-27T02:08:09.922110Z  DEBUG - Successfully handled frame: HT2::PingFrame on stream 0
2025-06-27T02:08:09.922111Z  DEBUG - Reading frame header...
2025-06-27T02:08:09.922253Z  DEBUG - Failed to read frame header: End of file reached
2025-06-27T02:08:09.922262Z  DEBUG - Read loop IO error: IO::EOFError - End of file reached
2025-06-27T02:08:09.922262Z  DEBUG - Socket closed: false
2025-06-27T02:08:09.922263Z  DEBUG - Read loop exiting, closing connection
2025-06-27T02:08:09.922763Z  DEBUG - Connection.start called, is_server=true
2025-06-27T02:08:09.922764Z  DEBUG - Reading client preface...
2025-06-27T02:08:09.922764Z  DEBUG - Attempting to read 24 bytes for preface
2025-06-27T02:08:09.922797Z  DEBUG - Read preface bytes: 505249202a20485454502f322e300d0a0d0a534d0d0a0d0a
2025-06-27T02:08:09.922798Z  DEBUG - Client preface read successfully
2025-06-27T02:08:09.922799Z  DEBUG - Starting without preface...
2025-06-27T02:08:09.922816Z  DEBUG - Connection started successfully
2025-06-27T02:08:09.922843Z  DEBUG - Read loop started for connection 127.0.0.1
2025-06-27T02:08:09.922844Z  DEBUG - Reading frame header...
2025-06-27T02:08:09.922848Z  DEBUG - Applying remote setting: INITIAL_WINDOW_SIZE = 65535
2025-06-27T02:08:09.922850Z  DEBUG - Updating stream windows: old=65535, new=65535, diff=0
2025-06-27T02:08:09.922850Z  DEBUG - Sending SETTINGS ACK
2025-06-27T02:08:09.922857Z  DEBUG - SETTINGS ACK sent
2025-06-27T02:08:09.922858Z  DEBUG - Successfully handled frame: HT2::SettingsFrame on stream 0
2025-06-27T02:08:09.922859Z  DEBUG - Reading frame header...
2025-06-27T02:08:09.922862Z  DEBUG - Successfully handled frame: HT2::SettingsFrame on stream 0
2025-06-27T02:08:09.922863Z  DEBUG - Reading frame header...
2025-06-27T02:08:09.922930Z  DEBUG - Successfully handled frame: HT2::SettingsFrame on stream 0
2025-06-27T02:08:09.922931Z  DEBUG - Reading frame header...
2025-06-27T02:08:09.922939Z  DEBUG - Applying remote setting: HEADER_TABLE_SIZE = 4096
2025-06-27T02:08:09.922940Z  DEBUG - Applying remote setting: ENABLE_PUSH = 1
2025-06-27T02:08:09.922942Z  DEBUG - Applying remote setting: MAX_CONCURRENT_STREAMS = 100
2025-06-27T02:08:09.922943Z  DEBUG - Applying remote setting: INITIAL_WINDOW_SIZE = 65535
2025-06-27T02:08:09.922944Z  DEBUG - Updating stream windows: old=65535, new=65535, diff=0
2025-06-27T02:08:09.922945Z  DEBUG - Applying remote setting: MAX_FRAME_SIZE = 16384
2025-06-27T02:08:09.922946Z  DEBUG - Applying remote setting: MAX_HEADER_LIST_SIZE = 100
2025-06-27T02:08:09.922947Z  DEBUG - Sending SETTINGS ACK
2025-06-27T02:08:09.922959Z  DEBUG - SETTINGS ACK sent
2025-06-27T02:08:09.922959Z  DEBUG - Successfully handled frame: HT2::SettingsFrame on stream 0
2025-06-27T02:08:09.922961Z  DEBUG - Reading frame header...
2025-06-27T02:08:09.923071Z  DEBUG - Failed to read frame header: End of file reached
2025-06-27T02:08:09.923080Z  DEBUG - Read loop IO error: IO::EOFError - End of file reached
2025-06-27T02:08:09.923081Z  DEBUG - Socket closed: false
2025-06-27T02:08:09.923081Z  DEBUG - Read loop exiting, closing connection
2025-06-27T02:08:09.923612Z  DEBUG - Connection.start called, is_server=true
2025-06-27T02:08:09.923612Z  DEBUG - Reading client preface...
2025-06-27T02:08:09.923613Z  DEBUG - Attempting to read 24 bytes for preface
2025-06-27T02:08:09.923618Z  DEBUG - Read preface bytes: 505249202a20485454502f322e300d0a0d0a534d0d0a0d0a
2025-06-27T02:08:09.923619Z  DEBUG - Client preface read successfully
2025-06-27T02:08:09.923619Z  DEBUG - Starting without preface...
2025-06-27T02:08:09.923632Z  DEBUG - Connection started successfully
2025-06-27T02:08:09.923682Z  DEBUG - Read loop started for connection 127.0.0.1
2025-06-27T02:08:09.923683Z  DEBUG - Reading frame header...
2025-06-27T02:08:09.923687Z  DEBUG - Applying remote setting: INITIAL_WINDOW_SIZE = 65535
2025-06-27T02:08:09.923688Z  DEBUG - Updating stream windows: old=65535, new=65535, diff=0
2025-06-27T02:08:09.923689Z  DEBUG - Sending SETTINGS ACK
2025-06-27T02:08:09.923699Z  DEBUG - SETTINGS ACK sent
2025-06-27T02:08:09.923700Z  DEBUG - Successfully handled frame: HT2::SettingsFrame on stream 0
2025-06-27T02:08:09.923701Z  DEBUG - Reading frame header...
2025-06-27T02:08:09.923705Z  DEBUG - Successfully handled frame: HT2::SettingsFrame on stream 0
2025-06-27T02:08:09.923705Z  DEBUG - Reading frame header...
2025-06-27T02:08:09.923708Z  DEBUG - Successfully handled frame: HT2::SettingsFrame on stream 0
2025-06-27T02:08:09.923709Z  DEBUG - Reading frame header...
2025-06-27T02:08:09.923795Z  DEBUG - Successfully handled frame: HT2::PingFrame on stream 0
2025-06-27T02:08:09.923796Z  DEBUG - Reading frame header...
2025-06-27T02:08:09.923901Z  DEBUG - Failed to read frame header: End of file reached
2025-06-27T02:08:09.923909Z  DEBUG - Read loop IO error: IO::EOFError - End of file reached
2025-06-27T02:08:09.923910Z  DEBUG - Socket closed: false
2025-06-27T02:08:09.923910Z  DEBUG - Read loop exiting, closing connection
2025-06-27T02:08:09.924390Z  DEBUG - Connection.start called, is_server=true
2025-06-27T02:08:09.924391Z  DEBUG - Reading client preface...
2025-06-27T02:08:09.924391Z  DEBUG - Attempting to read 24 bytes for preface
2025-06-27T02:08:09.924398Z  DEBUG - Read preface bytes: 505249202a20485454502f322e300d0a0d0a534d0d0a0d0a
2025-06-27T02:08:09.924399Z  DEBUG - Client preface read successfully
2025-06-27T02:08:09.924400Z  DEBUG - Starting without preface...
2025-06-27T02:08:09.924417Z  DEBUG - Connection started successfully
2025-06-27T02:08:09.924459Z  DEBUG - Read loop started for connection 127.0.0.1
2025-06-27T02:08:09.924460Z  DEBUG - Reading frame header...
2025-06-27T02:08:09.924463Z  DEBUG - Applying remote setting: INITIAL_WINDOW_SIZE = 65535
2025-06-27T02:08:09.924464Z  DEBUG - Updating stream windows: old=65535, new=65535, diff=0
2025-06-27T02:08:09.924465Z  DEBUG - Sending SETTINGS ACK
2025-06-27T02:08:09.924471Z  DEBUG - SETTINGS ACK sent
2025-06-27T02:08:09.924471Z  DEBUG - Successfully handled frame: HT2::SettingsFrame on stream 0
2025-06-27T02:08:09.924472Z  DEBUG - Reading frame header...
2025-06-27T02:08:09.924480Z  DEBUG - Successfully handled frame: HT2::SettingsFrame on stream 0
2025-06-27T02:08:09.924481Z  DEBUG - Reading frame header...
2025-06-27T02:08:09.924486Z  DEBUG - Successfully handled frame: HT2::SettingsFrame on stream 0
2025-06-27T02:08:09.924486Z  DEBUG - Reading frame header...
2025-06-27T02:08:09.924565Z  DEBUG - Successfully handled frame: HT2::GoAwayFrame on stream 0
2025-06-27T02:08:09.924566Z  DEBUG - Reading frame header...
2025-06-27T02:08:09.924579Z  DEBUG - Successfully handled frame: HT2::PingFrame on stream 0
2025-06-27T02:08:09.924580Z  DEBUG - Reading frame header...
2025-06-27T02:08:09.924672Z  DEBUG - Failed to read frame header: End of file reached
2025-06-27T02:08:09.924678Z  DEBUG - Read loop IO error: IO::EOFError - End of file reached
2025-06-27T02:08:09.924679Z  DEBUG - Socket closed: false
2025-06-27T02:08:09.924679Z  DEBUG - Read loop exiting, closing connection
2025-06-27T02:08:09.925149Z  DEBUG - Connection.start called, is_server=true
2025-06-27T02:08:09.925149Z  DEBUG - Reading client preface...
2025-06-27T02:08:09.925150Z  DEBUG - Attempting to read 24 bytes for preface
2025-06-27T02:08:09.925159Z  DEBUG - Read preface bytes: 505249202a20485454502f322e300d0a0d0a534d0d0a0d0a
2025-06-27T02:08:09.925159Z  DEBUG - Client preface read successfully
2025-06-27T02:08:09.925160Z  DEBUG - Starting without preface...
2025-06-27T02:08:09.925174Z  DEBUG - Connection started successfully
2025-06-27T02:08:09.925215Z  DEBUG - Read loop started for connection 127.0.0.1
2025-06-27T02:08:09.925215Z  DEBUG - Reading frame header...
2025-06-27T02:08:09.925219Z  DEBUG - Applying remote setting: INITIAL_WINDOW_SIZE = 65535
2025-06-27T02:08:09.925220Z  DEBUG - Updating stream windows: old=65535, new=65535, diff=0
2025-06-27T02:08:09.925221Z  DEBUG - Sending SETTINGS ACK
2025-06-27T02:08:09.925229Z  DEBUG - SETTINGS ACK sent
2025-06-27T02:08:09.925229Z  DEBUG - Successfully handled frame: HT2::SettingsFrame on stream 0
2025-06-27T02:08:09.925230Z  DEBUG - Reading frame header...
2025-06-27T02:08:09.925232Z  DEBUG - Successfully handled frame: HT2::SettingsFrame on stream 0
2025-06-27T02:08:09.925233Z  DEBUG - Reading frame header...
2025-06-27T02:08:09.925237Z  DEBUG - Successfully handled frame: HT2::SettingsFrame on stream 0
2025-06-27T02:08:09.925238Z  DEBUG - Reading frame header...
2025-06-27T02:08:09.925309Z  DEBUG - Received WINDOW_UPDATE: stream_id=0, increment=1
2025-06-27T02:08:09.925310Z  DEBUG - Connection window updated to 65536
2025-06-27T02:08:09.925314Z  DEBUG - Successfully handled frame: HT2::WindowUpdateFrame on stream 0
2025-06-27T02:08:09.925315Z  DEBUG - Reading frame header...
2025-06-27T02:08:09.925328Z  DEBUG - Successfully handled frame: HT2::PingFrame on stream 0
2025-06-27T02:08:09.925329Z  DEBUG - Reading frame header...
2025-06-27T02:08:09.925433Z  DEBUG - Failed to read frame header: End of file reached
2025-06-27T02:08:09.925441Z  DEBUG - Read loop IO error: IO::EOFError - End of file reached
2025-06-27T02:08:09.925442Z  DEBUG - Socket closed: false
2025-06-27T02:08:09.925442Z  DEBUG - Read loop exiting, closing connection
2025-06-27T02:08:09.925872Z  DEBUG - Connection.start called, is_server=true
2025-06-27T02:08:09.925873Z  DEBUG - Reading client preface...
2025-06-27T02:08:09.925873Z  DEBUG - Attempting to read 24 bytes for preface
2025-06-27T02:08:09.925881Z  DEBUG - Read preface bytes: 505249202a20485454502f322e300d0a0d0a534d0d0a0d0a
2025-06-27T02:08:09.925882Z  DEBUG - Client preface read successfully
2025-06-27T02:08:09.925882Z  DEBUG - Starting without preface...
2025-06-27T02:08:09.925896Z  DEBUG - Connection started successfully
2025-06-27T02:08:09.925940Z  DEBUG - Read loop started for connection 127.0.0.1
2025-06-27T02:08:09.925941Z  DEBUG - Reading frame header...
2025-06-27T02:08:09.925947Z  DEBUG - Applying remote setting: INITIAL_WINDOW_SIZE = 65535
2025-06-27T02:08:09.925949Z  DEBUG - Updating stream windows: old=65535, new=65535, diff=0
2025-06-27T02:08:09.925949Z  DEBUG - Sending SETTINGS ACK
2025-06-27T02:08:09.925959Z  DEBUG - SETTINGS ACK sent
2025-06-27T02:08:09.925960Z  DEBUG - Successfully handled frame: HT2::SettingsFrame on stream 0
2025-06-27T02:08:09.925961Z  DEBUG - Reading frame header...
2025-06-27T02:08:09.925964Z  DEBUG - Successfully handled frame: HT2::SettingsFrame on stream 0
2025-06-27T02:08:09.925965Z  DEBUG - Reading frame header...
2025-06-27T02:08:09.925968Z  DEBUG - Successfully handled frame: HT2::SettingsFrame on stream 0
2025-06-27T02:08:09.925969Z  DEBUG - Reading frame header...
2025-06-27T02:08:09.926044Z  DEBUG - HEADERS frame parsing: payload_size=15, offset=0, padding=0, header_block_size=15
2025-06-27T02:08:09.926045Z  DEBUG - Header block hex: 828684418aa0e41d139d09b8f81e07
2025-06-27T02:08:09.926051Z  DEBUG - HEADERS frame: stream_id=1, flags=END_STREAM | END_HEADERS, padding=0, priority=nil, header_block_size=15
2025-06-27T02:08:09.926051Z  DEBUG - Full header block hex: 828684418aa0e41d139d09b8f81e07
2025-06-27T02:08:09.926052Z  DEBUG - Decoding HEADERS frame with block size: 15
2025-06-27T02:08:09.926053Z  DEBUG - First 20 bytes of header block: less than 20 bytes
2025-06-27T02:08:09.926055Z  DEBUG - HPACK: Decoding Huffman string, length=10, data=a0e41d139d09b8f81e07
2025-06-27T02:08:09.926120Z  DEBUG - Huffman decode: data.size=10, hex=a0e41d139d09b8f81e07
2025-06-27T02:08:09.926120Z  DEBUG - Huffman decode: Checking for potential EOS pattern in data
2025-06-27T02:08:09.926122Z  DEBUG - Huffman padding check: last_symbol_bit=76, total_bits=80, padding_bits=3
2025-06-27T02:08:09.926124Z  DEBUG - HPACK: Huffman decoded to: "localhost:9080"
2025-06-27T02:08:09.926131Z  DEBUG - Decoded headers before validation: [{":method", "GET"}, {":scheme", "http"}, {":path", "/"}, {":authority", "localhost:9080"}]
2025-06-27T02:08:09.926438Z  DEBUG - Validated headers: [{":method", "GET"}, {":scheme", "http"}, {":path", "/"}, {":authority", "localhost:9080"}]
2025-06-27T02:08:09.926443Z  DEBUG - Server received headers for stream 1, end_stream: true, headers_count: 4
2025-06-27T02:08:09.926448Z  DEBUG - Headers: [{":method", "GET"}, {":scheme", "http"}, {":path", "/"}, {":authority", "localhost:9080"}]
2025-06-27T02:08:09.926449Z  DEBUG - is_trailers=false, end_stream=true, stream.end_stream_received=true
2025-06-27T02:08:09.926449Z  DEBUG - Processing request immediately (headers with END_STREAM)
2025-06-27T02:08:09.926451Z  DEBUG - Successfully handled frame: HT2::HeadersFrame on stream 1
2025-06-27T02:08:09.926452Z  DEBUG - Reading frame header...
2025-06-27T02:08:09.926455Z  DEBUG - Received WINDOW_UPDATE: stream_id=1, increment=1
2025-06-27T02:08:09.926457Z  DEBUG - Successfully handled frame: HT2::WindowUpdateFrame on stream 1
2025-06-27T02:08:09.926458Z  DEBUG - Reading frame header...
2025-06-27T02:08:09.926571Z  DEBUG - Handling stream 1 with headers: [{":method", "GET"}, {":scheme", "http"}, {":path", "/"}, {":authority", "localhost:9080"}]
2025-06-27T02:08:09.926574Z  DEBUG - Created request for stream 1: GET /
2025-06-27T02:08:09.926574Z   INFO - Request: GET /
2025-06-27T02:08:09.926576Z  DEBUG - Response.send_headers called, end_stream=false, headers_sent=false
2025-06-27T02:08:09.926577Z  DEBUG - Response: Sending 2 headers
2025-06-27T02:08:09.926578Z  DEBUG - Stream 1: send_headers called with 2 headers, end_stream=false
2025-06-27T02:08:09.926583Z  DEBUG - Stream 1: Sending HEADERS frame with flags=END_HEADERS, header_block_size=13
2025-06-27T02:08:09.926599Z  DEBUG - Stream 1: send_headers completed, new state=HALF_CLOSED_REMOTE
2025-06-27T02:08:09.926600Z  DEBUG - Response.write: Sending 100 bytes of data
2025-06-27T02:08:09.926600Z  DEBUG - Response.write: stream_window=65536, conn_window=65535, available=65535
2025-06-27T02:08:09.926602Z  DEBUG - Stream.send_chunks: Starting to send 100 bytes in chunks of 16384
2025-06-27T02:08:09.926603Z  DEBUG - Stream.send_chunk: Sending chunk from 0 to 100 (100 bytes), last_chunk=true
2025-06-27T02:08:09.926604Z  DEBUG - Stream.send_data: size=100, send_window=65536, conn_window=65535
2025-06-27T02:08:09.926609Z  DEBUG - Stream.send_chunks: Finished sending all chunks
2025-06-27T02:08:09.926609Z  DEBUG - Response.close: Sending empty DATA frame with END_STREAM
2025-06-27T02:08:09.926610Z  DEBUG - Stream.send_data: size=0, send_window=65436, conn_window=65435
2025-06-27T02:08:09.926614Z  DEBUG - Completed handling stream 1
2025-06-27T02:08:09.926720Z  DEBUG - Failed to read frame header: read (#<TCPSocket:0x1030e4480>): Connection reset by peer
2025-06-27T02:08:09.926726Z  DEBUG - Read loop IO error: IO::Error - read (#<TCPSocket:0x1030e4480>): Connection reset by peer
2025-06-27T02:08:09.926727Z  DEBUG - Socket closed: false
2025-06-27T02:08:09.926727Z  DEBUG - Read loop exiting, closing connection
2025-06-27T02:08:09.926773Z  DEBUG - Failed to send GOAWAY: write (#<TCPSocket:0x1030e4480>): Broken pipe
2025-06-27T02:08:09.927120Z  DEBUG - Connection.start called, is_server=true
2025-06-27T02:08:09.927120Z  DEBUG - Reading client preface...
2025-06-27T02:08:09.927121Z  DEBUG - Attempting to read 24 bytes for preface
2025-06-27T02:08:09.927148Z  DEBUG - Read preface bytes: 505249202a20485454502f322e300d0a0d0a534d0d0a0d0a
2025-06-27T02:08:09.927149Z  DEBUG - Client preface read successfully
2025-06-27T02:08:09.927149Z  DEBUG - Starting without preface...
2025-06-27T02:08:09.927167Z  DEBUG - Connection started successfully
2025-06-27T02:08:09.927191Z  DEBUG - Read loop started for connection 127.0.0.1
2025-06-27T02:08:09.927192Z  DEBUG - Reading frame header...
2025-06-27T02:08:09.927195Z  DEBUG - Applying remote setting: INITIAL_WINDOW_SIZE = 65535
2025-06-27T02:08:09.927197Z  DEBUG - Updating stream windows: old=65535, new=65535, diff=0
2025-06-27T02:08:09.927197Z  DEBUG - Sending SETTINGS ACK
2025-06-27T02:08:09.927202Z  DEBUG - SETTINGS ACK sent
2025-06-27T02:08:09.927202Z  DEBUG - Successfully handled frame: HT2::SettingsFrame on stream 0
2025-06-27T02:08:09.927203Z  DEBUG - Reading frame header...
2025-06-27T02:08:09.927207Z  DEBUG - Successfully handled frame: HT2::SettingsFrame on stream 0
2025-06-27T02:08:09.927208Z  DEBUG - Reading frame header...
2025-06-27T02:08:09.927277Z  DEBUG - Successfully handled frame: HT2::SettingsFrame on stream 0
2025-06-27T02:08:09.927278Z  DEBUG - Reading frame header...
2025-06-27T02:08:09.927280Z  DEBUG - HEADERS frame parsing: payload_size=5, offset=0, padding=0, header_block_size=5
2025-06-27T02:08:09.927281Z  DEBUG - Header block hex: 828684418a
2025-06-27T02:08:09.927285Z  DEBUG - HEADERS frame: stream_id=1, flags=END_STREAM, padding=0, priority=nil, header_block_size=5
2025-06-27T02:08:09.927285Z  DEBUG - Full header block hex: 828684418a
2025-06-27T02:08:09.927286Z  DEBUG - HEADERS without END_HEADERS received, expecting CONTINUATION frames for stream 1
2025-06-27T02:08:09.927288Z  DEBUG - Saved 5 bytes, end_stream=true
2025-06-27T02:08:09.927288Z  DEBUG - Successfully handled frame: HT2::HeadersFrame on stream 1
2025-06-27T02:08:09.927290Z  DEBUG - Reading frame header...
2025-06-27T02:08:09.927295Z  DEBUG - CONTINUATION frame received: stream_id=1, end_headers=true, header_block_size=10
2025-06-27T02:08:09.927296Z  DEBUG - CONTINUATION frame count: 1
2025-06-27T02:08:09.927297Z  DEBUG - CONTINUATION headers buffer size: 15
2025-06-27T02:08:09.927297Z  DEBUG - CONTINUATION: Added 10 bytes, total frames: 1
2025-06-27T02:08:09.927298Z  DEBUG - CONTINUATION: END_HEADERS received, processing complete header block
2025-06-27T02:08:09.927299Z  DEBUG - HPACK: Decoding Huffman string, length=10, data=a0e41d139d09b8f81e07
2025-06-27T02:08:09.927360Z  DEBUG - Huffman decode: data.size=10, hex=a0e41d139d09b8f81e07
2025-06-27T02:08:09.927360Z  DEBUG - Huffman decode: Checking for potential EOS pattern in data
2025-06-27T02:08:09.927362Z  DEBUG - Huffman padding check: last_symbol_bit=76, total_bits=80, padding_bits=3
2025-06-27T02:08:09.927364Z  DEBUG - HPACK: Huffman decoded to: "localhost:9080"
2025-06-27T02:08:09.927366Z  DEBUG - CONTINUATION: Decoded 4 headers
2025-06-27T02:08:09.927373Z  DEBUG - CONTINUATION: Invoking on_headers callback with 4 headers, end_stream=true
2025-06-27T02:08:09.927374Z  DEBUG - Server received headers for stream 1, end_stream: true, headers_count: 4
2025-06-27T02:08:09.927378Z  DEBUG - Headers: [{":method", "GET"}, {":scheme", "http"}, {":path", "/"}, {":authority", "localhost:9080"}]
2025-06-27T02:08:09.927379Z  DEBUG - is_trailers=false, end_stream=true, stream.end_stream_received=true
2025-06-27T02:08:09.927379Z  DEBUG - Processing request immediately (headers with END_STREAM)
2025-06-27T02:08:09.927381Z  DEBUG - CONTINUATION: Processing complete, state cleared
2025-06-27T02:08:09.927381Z  DEBUG - CONTINUATION handler completed for stream 1
2025-06-27T02:08:09.927382Z  DEBUG - Successfully handled frame: HT2::ContinuationFrame on stream 1
2025-06-27T02:08:09.927382Z  DEBUG - Reading frame header...
2025-06-27T02:08:09.927526Z  DEBUG - Handling stream 1 with headers: [{":method", "GET"}, {":scheme", "http"}, {":path", "/"}, {":authority", "localhost:9080"}]
2025-06-27T02:08:09.927528Z  DEBUG - Created request for stream 1: GET /
2025-06-27T02:08:09.927528Z   INFO - Request: GET /
2025-06-27T02:08:09.927529Z  DEBUG - Response.send_headers called, end_stream=false, headers_sent=false
2025-06-27T02:08:09.927531Z  DEBUG - Response: Sending 2 headers
2025-06-27T02:08:09.927532Z  DEBUG - Stream 1: send_headers called with 2 headers, end_stream=false
2025-06-27T02:08:09.927537Z  DEBUG - Stream 1: Sending HEADERS frame with flags=END_HEADERS, header_block_size=13
2025-06-27T02:08:09.927547Z  DEBUG - Stream 1: send_headers completed, new state=HALF_CLOSED_REMOTE
2025-06-27T02:08:09.927547Z  DEBUG - Response.write: Sending 100 bytes of data
2025-06-27T02:08:09.927548Z  DEBUG - Response.write: stream_window=65535, conn_window=65535, available=65535
2025-06-27T02:08:09.927550Z  DEBUG - Stream.send_chunks: Starting to send 100 bytes in chunks of 16384
2025-06-27T02:08:09.927551Z  DEBUG - Stream.send_chunk: Sending chunk from 0 to 100 (100 bytes), last_chunk=true
2025-06-27T02:08:09.927552Z  DEBUG - Stream.send_data: size=100, send_window=65535, conn_window=65535
2025-06-27T02:08:09.927556Z  DEBUG - Stream.send_chunks: Finished sending all chunks
2025-06-27T02:08:09.927556Z  DEBUG - Response.close: Sending empty DATA frame with END_STREAM
2025-06-27T02:08:09.927557Z  DEBUG - Stream.send_data: size=0, send_window=65435, conn_window=65435
2025-06-27T02:08:09.927561Z  DEBUG - Completed handling stream 1
2025-06-27T02:08:09.927671Z  DEBUG - Failed to read frame header: read (#<TCPSocket:0x1030e4360>): Connection reset by peer
2025-06-27T02:08:09.927677Z  DEBUG - Read loop IO error: IO::Error - read (#<TCPSocket:0x1030e4360>): Connection reset by peer
2025-06-27T02:08:09.927678Z  DEBUG - Socket closed: false
2025-06-27T02:08:09.927678Z  DEBUG - Read loop exiting, closing connection
2025-06-27T02:08:09.927717Z  DEBUG - Failed to send GOAWAY: write (#<TCPSocket:0x1030e4360>): Broken pipe
2025-06-27T02:08:09.928073Z  DEBUG - Connection.start called, is_server=true
2025-06-27T02:08:09.928073Z  DEBUG - Reading client preface...
2025-06-27T02:08:09.928073Z  DEBUG - Attempting to read 24 bytes for preface
2025-06-27T02:08:09.928084Z  DEBUG - Read preface bytes: 505249202a20485454502f322e300d0a0d0a534d0d0a0d0a
2025-06-27T02:08:09.928085Z  DEBUG - Client preface read successfully
2025-06-27T02:08:09.928085Z  DEBUG - Starting without preface...
2025-06-27T02:08:09.928100Z  DEBUG - Connection started successfully
2025-06-27T02:08:09.928141Z  DEBUG - Read loop started for connection 127.0.0.1
2025-06-27T02:08:09.928141Z  DEBUG - Reading frame header...
2025-06-27T02:08:09.928147Z  DEBUG - Applying remote setting: INITIAL_WINDOW_SIZE = 65535
2025-06-27T02:08:09.928148Z  DEBUG - Updating stream windows: old=65535, new=65535, diff=0
2025-06-27T02:08:09.928149Z  DEBUG - Sending SETTINGS ACK
2025-06-27T02:08:09.928158Z  DEBUG - SETTINGS ACK sent
2025-06-27T02:08:09.928159Z  DEBUG - Successfully handled frame: HT2::SettingsFrame on stream 0
2025-06-27T02:08:09.928160Z  DEBUG - Reading frame header...
2025-06-27T02:08:09.928163Z  DEBUG - Successfully handled frame: HT2::SettingsFrame on stream 0
2025-06-27T02:08:09.928164Z  DEBUG - Reading frame header...
2025-06-27T02:08:09.928166Z  DEBUG - Successfully handled frame: HT2::SettingsFrame on stream 0
2025-06-27T02:08:09.928167Z  DEBUG - Reading frame header...
2025-06-27T02:08:09.928242Z  DEBUG - HEADERS frame parsing: payload_size=5, offset=0, padding=0, header_block_size=5
2025-06-27T02:08:09.928242Z  DEBUG - Header block hex: 828684418a
2025-06-27T02:08:09.928247Z  DEBUG - HEADERS frame: stream_id=1, flags=END_STREAM, padding=0, priority=nil, header_block_size=5
2025-06-27T02:08:09.928247Z  DEBUG - Full header block hex: 828684418a
2025-06-27T02:08:09.928248Z  DEBUG - HEADERS without END_HEADERS received, expecting CONTINUATION frames for stream 1
2025-06-27T02:08:09.928249Z  DEBUG - Saved 5 bytes, end_stream=true
2025-06-27T02:08:09.928250Z  DEBUG - Successfully handled frame: HT2::HeadersFrame on stream 1
2025-06-27T02:08:09.928251Z  DEBUG - Reading frame header...
2025-06-27T02:08:09.928254Z  DEBUG - CONTINUATION frame received: stream_id=1, end_headers=false, header_block_size=5
2025-06-27T02:08:09.928255Z  DEBUG - CONTINUATION frame count: 1
2025-06-27T02:08:09.928256Z  DEBUG - CONTINUATION headers buffer size: 10
2025-06-27T02:08:09.928257Z  DEBUG - CONTINUATION: Added 5 bytes, total frames: 1
2025-06-27T02:08:09.928257Z  DEBUG - CONTINUATION: Waiting for more frames (no END_HEADERS yet)
2025-06-27T02:08:09.928257Z  DEBUG - CONTINUATION handler completed for stream 1
2025-06-27T02:08:09.928258Z  DEBUG - Successfully handled frame: HT2::ContinuationFrame on stream 1
2025-06-27T02:08:09.928259Z  DEBUG - Reading frame header...
2025-06-27T02:08:09.928261Z  DEBUG - CONTINUATION frame received: stream_id=1, end_headers=true, header_block_size=5
2025-06-27T02:08:09.928262Z  DEBUG - CONTINUATION frame count: 2
2025-06-27T02:08:09.928262Z  DEBUG - CONTINUATION headers buffer size: 15
2025-06-27T02:08:09.928263Z  DEBUG - CONTINUATION: Added 5 bytes, total frames: 2
2025-06-27T02:08:09.928263Z  DEBUG - CONTINUATION: END_HEADERS received, processing complete header block
2025-06-27T02:08:09.928264Z  DEBUG - HPACK: Decoding Huffman string, length=10, data=a0e41d139d09b8f81e07
2025-06-27T02:08:09.928323Z  DEBUG - Huffman decode: data.size=10, hex=a0e41d139d09b8f81e07
2025-06-27T02:08:09.928323Z  DEBUG - Huffman decode: Checking for potential EOS pattern in data
2025-06-27T02:08:09.928325Z  DEBUG - Huffman padding check: last_symbol_bit=76, total_bits=80, padding_bits=3
2025-06-27T02:08:09.928326Z  DEBUG - HPACK: Huffman decoded to: "localhost:9080"
2025-06-27T02:08:09.928328Z  DEBUG - CONTINUATION: Decoded 4 headers
2025-06-27T02:08:09.928334Z  DEBUG - CONTINUATION: Invoking on_headers callback with 4 headers, end_stream=true
2025-06-27T02:08:09.928334Z  DEBUG - Server received headers for stream 1, end_stream: true, headers_count: 4
2025-06-27T02:08:09.928339Z  DEBUG - Headers: [{":method", "GET"}, {":scheme", "http"}, {":path", "/"}, {":authority", "localhost:9080"}]
2025-06-27T02:08:09.928340Z  DEBUG - is_trailers=false, end_stream=true, stream.end_stream_received=true
2025-06-27T02:08:09.928340Z  DEBUG - Processing request immediately (headers with END_STREAM)
2025-06-27T02:08:09.928342Z  DEBUG - CONTINUATION: Processing complete, state cleared
2025-06-27T02:08:09.928342Z  DEBUG - CONTINUATION handler completed for stream 1
2025-06-27T02:08:09.928342Z  DEBUG - Successfully handled frame: HT2::ContinuationFrame on stream 1
2025-06-27T02:08:09.928343Z  DEBUG - Reading frame header...
2025-06-27T02:08:09.928514Z  DEBUG - Handling stream 1 with headers: [{":method", "GET"}, {":scheme", "http"}, {":path", "/"}, {":authority", "localhost:9080"}]
2025-06-27T02:08:09.928516Z  DEBUG - Created request for stream 1: GET /
2025-06-27T02:08:09.928516Z   INFO - Request: GET /
2025-06-27T02:08:09.928518Z  DEBUG - Response.send_headers called, end_stream=false, headers_sent=false
2025-06-27T02:08:09.928519Z  DEBUG - Response: Sending 2 headers
2025-06-27T02:08:09.928519Z  DEBUG - Stream 1: send_headers called with 2 headers, end_stream=false
2025-06-27T02:08:09.928524Z  DEBUG - Stream 1: Sending HEADERS frame with flags=END_HEADERS, header_block_size=13
2025-06-27T02:08:09.928534Z  DEBUG - Stream 1: send_headers completed, new state=HALF_CLOSED_REMOTE
2025-06-27T02:08:09.928535Z  DEBUG - Response.write: Sending 100 bytes of data
2025-06-27T02:08:09.928536Z  DEBUG - Response.write: stream_window=65535, conn_window=65535, available=65535
2025-06-27T02:08:09.928537Z  DEBUG - Stream.send_chunks: Starting to send 100 bytes in chunks of 16384
2025-06-27T02:08:09.928538Z  DEBUG - Stream.send_chunk: Sending chunk from 0 to 100 (100 bytes), last_chunk=true
2025-06-27T02:08:09.928539Z  DEBUG - Stream.send_data: size=100, send_window=65535, conn_window=65535
2025-06-27T02:08:09.928543Z  DEBUG - Stream.send_chunks: Finished sending all chunks
2025-06-27T02:08:09.928543Z  DEBUG - Response.close: Sending empty DATA frame with END_STREAM
2025-06-27T02:08:09.928544Z  DEBUG - Stream.send_data: size=0, send_window=65435, conn_window=65435
2025-06-27T02:08:09.928548Z  DEBUG - Completed handling stream 1
2025-06-27T02:08:09.928653Z  DEBUG - Failed to read frame header: read (#<TCPSocket:0x1030e4240>): Connection reset by peer
2025-06-27T02:08:09.928660Z  DEBUG - Read loop IO error: IO::Error - read (#<TCPSocket:0x1030e4240>): Connection reset by peer
2025-06-27T02:08:09.928660Z  DEBUG - Socket closed: false
2025-06-27T02:08:09.928661Z  DEBUG - Read loop exiting, closing connection
2025-06-27T02:08:09.928699Z  DEBUG - Failed to send GOAWAY: write (#<TCPSocket:0x1030e4240>): Broken pipe
2025-06-27T02:08:09.929129Z  DEBUG - Connection.start called, is_server=true
2025-06-27T02:08:09.929130Z  DEBUG - Reading client preface...
2025-06-27T02:08:09.929130Z  DEBUG - Attempting to read 24 bytes for preface
2025-06-27T02:08:09.929156Z  DEBUG - Read preface bytes: 505249202a20485454502f322e300d0a0d0a534d0d0a0d0a
2025-06-27T02:08:09.929157Z  DEBUG - Client preface read successfully
2025-06-27T02:08:09.929157Z  DEBUG - Starting without preface...
2025-06-27T02:08:09.929172Z  DEBUG - Connection started successfully
2025-06-27T02:08:09.929196Z  DEBUG - Read loop started for connection 127.0.0.1
2025-06-27T02:08:09.929196Z  DEBUG - Reading frame header...
2025-06-27T02:08:09.929199Z  DEBUG - Applying remote setting: INITIAL_WINDOW_SIZE = 65535
2025-06-27T02:08:09.929200Z  DEBUG - Updating stream windows: old=65535, new=65535, diff=0
2025-06-27T02:08:09.929200Z  DEBUG - Sending SETTINGS ACK
2025-06-27T02:08:09.929207Z  DEBUG - SETTINGS ACK sent
2025-06-27T02:08:09.929208Z  DEBUG - Successfully handled frame: HT2::SettingsFrame on stream 0
2025-06-27T02:08:09.929209Z  DEBUG - Reading frame header...
2025-06-27T02:08:09.929212Z  DEBUG - Successfully handled frame: HT2::SettingsFrame on stream 0
2025-06-27T02:08:09.929213Z  DEBUG - Reading frame header...
2025-06-27T02:08:09.929215Z  DEBUG - Successfully handled frame: HT2::SettingsFrame on stream 0
2025-06-27T02:08:09.929216Z  DEBUG - Reading frame header...
2025-06-27T02:08:09.929283Z  DEBUG - HEADERS frame parsing: payload_size=15, offset=0, padding=0, header_block_size=15
2025-06-27T02:08:09.929284Z  DEBUG - Header block hex: 828684418aa0e41d139d09b8f81e07
2025-06-27T02:08:09.929292Z  DEBUG - HEADERS frame: stream_id=1, flags=END_STREAM | END_HEADERS, padding=0, priority=nil, header_block_size=15
2025-06-27T02:08:09.929293Z  DEBUG - Full header block hex: 828684418aa0e41d139d09b8f81e07
2025-06-27T02:08:09.929294Z  DEBUG - Decoding HEADERS frame with block size: 15
2025-06-27T02:08:09.929294Z  DEBUG - First 20 bytes of header block: less than 20 bytes
2025-06-27T02:08:09.929296Z  DEBUG - HPACK: Decoding Huffman string, length=10, data=a0e41d139d09b8f81e07
2025-06-27T02:08:09.929350Z  DEBUG - Huffman decode: data.size=10, hex=a0e41d139d09b8f81e07
2025-06-27T02:08:09.929350Z  DEBUG - Huffman decode: Checking for potential EOS pattern in data
2025-06-27T02:08:09.929352Z  DEBUG - Huffman padding check: last_symbol_bit=76, total_bits=80, padding_bits=3
2025-06-27T02:08:09.929354Z  DEBUG - HPACK: Huffman decoded to: "localhost:9080"
2025-06-27T02:08:09.929360Z  DEBUG - Decoded headers before validation: [{":method", "GET"}, {":scheme", "http"}, {":path", "/"}, {":authority", "localhost:9080"}]
2025-06-27T02:08:09.929369Z  DEBUG - Validated headers: [{":method", "GET"}, {":scheme", "http"}, {":path", "/"}, {":authority", "localhost:9080"}]
2025-06-27T02:08:09.929371Z  DEBUG - Server received headers for stream 1, end_stream: true, headers_count: 4
2025-06-27T02:08:09.929376Z  DEBUG - Headers: [{":method", "GET"}, {":scheme", "http"}, {":path", "/"}, {":authority", "localhost:9080"}]
2025-06-27T02:08:09.929377Z  DEBUG - is_trailers=false, end_stream=true, stream.end_stream_received=true
2025-06-27T02:08:09.929377Z  DEBUG - Processing request immediately (headers with END_STREAM)
2025-06-27T02:08:09.929379Z  DEBUG - Successfully handled frame: HT2::HeadersFrame on stream 1
2025-06-27T02:08:09.929379Z  DEBUG - Reading frame header...
2025-06-27T02:08:09.929475Z  DEBUG - Handling stream 1 with headers: [{":method", "GET"}, {":scheme", "http"}, {":path", "/"}, {":authority", "localhost:9080"}]
2025-06-27T02:08:09.929476Z  DEBUG - Created request for stream 1: GET /
2025-06-27T02:08:09.929476Z   INFO - Request: GET /
2025-06-27T02:08:09.929478Z  DEBUG - Response.send_headers called, end_stream=false, headers_sent=false
2025-06-27T02:08:09.929479Z  DEBUG - Response: Sending 2 headers
2025-06-27T02:08:09.929480Z  DEBUG - Stream 1: send_headers called with 2 headers, end_stream=false
2025-06-27T02:08:09.929484Z  DEBUG - Stream 1: Sending HEADERS frame with flags=END_HEADERS, header_block_size=13
2025-06-27T02:08:09.929495Z  DEBUG - Stream 1: send_headers completed, new state=HALF_CLOSED_REMOTE
2025-06-27T02:08:09.929495Z  DEBUG - Response.write: Sending 100 bytes of data
2025-06-27T02:08:09.929496Z  DEBUG - Response.write: stream_window=65535, conn_window=65535, available=65535
2025-06-27T02:08:09.929497Z  DEBUG - Stream.send_chunks: Starting to send 100 bytes in chunks of 16384
2025-06-27T02:08:09.929498Z  DEBUG - Stream.send_chunk: Sending chunk from 0 to 100 (100 bytes), last_chunk=true
2025-06-27T02:08:09.929499Z  DEBUG - Stream.send_data: size=100, send_window=65535, conn_window=65535
2025-06-27T02:08:09.929503Z  DEBUG - Stream.send_chunks: Finished sending all chunks
2025-06-27T02:08:09.929503Z  DEBUG - Response.close: Sending empty DATA frame with END_STREAM
2025-06-27T02:08:09.929504Z  DEBUG - Stream.send_data: size=0, send_window=65435, conn_window=65435
2025-06-27T02:08:09.929508Z  DEBUG - Completed handling stream 1
2025-06-27T02:08:09.929611Z  DEBUG - Failed to read frame header: read (#<TCPSocket:0x1030e4120>): Connection reset by peer
2025-06-27T02:08:09.929618Z  DEBUG - Read loop IO error: IO::Error - read (#<TCPSocket:0x1030e4120>): Connection reset by peer
2025-06-27T02:08:09.929619Z  DEBUG - Socket closed: false
2025-06-27T02:08:09.929619Z  DEBUG - Read loop exiting, closing connection
2025-06-27T02:08:09.929657Z  DEBUG - Failed to send GOAWAY: write (#<TCPSocket:0x1030e4120>): Broken pipe
2025-06-27T02:08:09.930042Z  DEBUG - Connection.start called, is_server=true
2025-06-27T02:08:09.930042Z  DEBUG - Reading client preface...
2025-06-27T02:08:09.930043Z  DEBUG - Attempting to read 24 bytes for preface
2025-06-27T02:08:09.930068Z  DEBUG - Read preface bytes: 505249202a20485454502f322e300d0a0d0a534d0d0a0d0a
2025-06-27T02:08:09.930069Z  DEBUG - Client preface read successfully
2025-06-27T02:08:09.930070Z  DEBUG - Starting without preface...
2025-06-27T02:08:09.930088Z  DEBUG - Connection started successfully
2025-06-27T02:08:09.930112Z  DEBUG - Read loop started for connection 127.0.0.1
2025-06-27T02:08:09.930113Z  DEBUG - Reading frame header...
2025-06-27T02:08:09.930118Z  DEBUG - Applying remote setting: INITIAL_WINDOW_SIZE = 65535
2025-06-27T02:08:09.930119Z  DEBUG - Updating stream windows: old=65535, new=65535, diff=0
2025-06-27T02:08:09.930120Z  DEBUG - Sending SETTINGS ACK
2025-06-27T02:08:09.930125Z  DEBUG - SETTINGS ACK sent
2025-06-27T02:08:09.930126Z  DEBUG - Successfully handled frame: HT2::SettingsFrame on stream 0
2025-06-27T02:08:09.930127Z  DEBUG - Reading frame header...
2025-06-27T02:08:09.930129Z  DEBUG - Successfully handled frame: HT2::SettingsFrame on stream 0
2025-06-27T02:08:09.930130Z  DEBUG - Reading frame header...
2025-06-27T02:08:09.930189Z  DEBUG - Successfully handled frame: HT2::SettingsFrame on stream 0
2025-06-27T02:08:09.930190Z  DEBUG - Reading frame header...
2025-06-27T02:08:09.930196Z  DEBUG - HEADERS frame parsing: payload_size=20, offset=0, padding=0, header_block_size=20
2025-06-27T02:08:09.930197Z  DEBUG - Header block hex: 4204484541448684418aa0e41d139d09b8f81e07
2025-06-27T02:08:09.930200Z  DEBUG - HEADERS frame: stream_id=1, flags=END_STREAM | END_HEADERS, padding=0, priority=nil, header_block_size=20
2025-06-27T02:08:09.930201Z  DEBUG - Full header block hex: 4204484541448684418aa0e41d139d09b8f81e07
2025-06-27T02:08:09.930201Z  DEBUG - Decoding HEADERS frame with block size: 20
2025-06-27T02:08:09.930202Z  DEBUG - First 20 bytes of header block: 4204484541448684418aa0e41d139d09b8f81e07
2025-06-27T02:08:09.930204Z  DEBUG - HPACK: Decoding Huffman string, length=10, data=a0e41d139d09b8f81e07
2025-06-27T02:08:09.930264Z  DEBUG - Huffman decode: data.size=10, hex=a0e41d139d09b8f81e07
2025-06-27T02:08:09.930265Z  DEBUG - Huffman decode: Checking for potential EOS pattern in data
2025-06-27T02:08:09.930266Z  DEBUG - Huffman padding check: last_symbol_bit=76, total_bits=80, padding_bits=3
2025-06-27T02:08:09.930268Z  DEBUG - HPACK: Huffman decoded to: "localhost:9080"
2025-06-27T02:08:09.930274Z  DEBUG - Decoded headers before validation: [{":method", "HEAD"}, {":scheme", "http"}, {":path", "/"}, {":authority", "localhost:9080"}]
2025-06-27T02:08:09.930284Z  DEBUG - Validated headers: [{":method", "HEAD"}, {":scheme", "http"}, {":path", "/"}, {":authority", "localhost:9080"}]
2025-06-27T02:08:09.930285Z  DEBUG - Server received headers for stream 1, end_stream: true, headers_count: 4
2025-06-27T02:08:09.930291Z  DEBUG - Headers: [{":method", "HEAD"}, {":scheme", "http"}, {":path", "/"}, {":authority", "localhost:9080"}]
2025-06-27T02:08:09.930291Z  DEBUG - is_trailers=false, end_stream=true, stream.end_stream_received=true
2025-06-27T02:08:09.930291Z  DEBUG - Processing request immediately (headers with END_STREAM)
2025-06-27T02:08:09.930293Z  DEBUG - Successfully handled frame: HT2::HeadersFrame on stream 1
2025-06-27T02:08:09.930294Z  DEBUG - Reading frame header...
2025-06-27T02:08:09.930399Z  DEBUG - Handling stream 1 with headers: [{":method", "HEAD"}, {":scheme", "http"}, {":path", "/"}, {":authority", "localhost:9080"}]
2025-06-27T02:08:09.930401Z  DEBUG - Created request for stream 1: HEAD /
2025-06-27T02:08:09.930401Z   INFO - Request: HEAD /
2025-06-27T02:08:09.930402Z  DEBUG - Response.send_headers called, end_stream=false, headers_sent=false
2025-06-27T02:08:09.930404Z  DEBUG - Response: Sending 2 headers
2025-06-27T02:08:09.930404Z  DEBUG - Stream 1: send_headers called with 2 headers, end_stream=false
2025-06-27T02:08:09.930409Z  DEBUG - Stream 1: Sending HEADERS frame with flags=END_HEADERS, header_block_size=13
2025-06-27T02:08:09.930419Z  DEBUG - Stream 1: send_headers completed, new state=HALF_CLOSED_REMOTE
2025-06-27T02:08:09.930419Z  DEBUG - Response.write: Sending 100 bytes of data
2025-06-27T02:08:09.930420Z  DEBUG - Response.write: stream_window=65535, conn_window=65535, available=65535
2025-06-27T02:08:09.930421Z  DEBUG - Stream.send_chunks: Starting to send 100 bytes in chunks of 16384
2025-06-27T02:08:09.930422Z  DEBUG - Stream.send_chunk: Sending chunk from 0 to 100 (100 bytes), last_chunk=true
2025-06-27T02:08:09.930423Z  DEBUG - Stream.send_data: size=100, send_window=65535, conn_window=65535
2025-06-27T02:08:09.930427Z  DEBUG - Stream.send_chunks: Finished sending all chunks
2025-06-27T02:08:09.930427Z  DEBUG - Response.close: Sending empty DATA frame with END_STREAM
2025-06-27T02:08:09.930428Z  DEBUG - Stream.send_data: size=0, send_window=65435, conn_window=65435
2025-06-27T02:08:09.930432Z  DEBUG - Completed handling stream 1
2025-06-27T02:08:09.930535Z  DEBUG - Failed to read frame header: read (#<TCPSocket:0x1030e4000>): Connection reset by peer
2025-06-27T02:08:09.930542Z  DEBUG - Read loop IO error: IO::Error - read (#<TCPSocket:0x1030e4000>): Connection reset by peer
2025-06-27T02:08:09.930542Z  DEBUG - Socket closed: false
2025-06-27T02:08:09.930542Z  DEBUG - Read loop exiting, closing connection
2025-06-27T02:08:09.930581Z  DEBUG - Failed to send GOAWAY: write (#<TCPSocket:0x1030e4000>): Broken pipe
2025-06-27T02:08:09.931008Z  DEBUG - Connection.start called, is_server=true
2025-06-27T02:08:09.931009Z  DEBUG - Reading client preface...
2025-06-27T02:08:09.931009Z  DEBUG - Attempting to read 24 bytes for preface
2025-06-27T02:08:09.931035Z  DEBUG - Read preface bytes: 505249202a20485454502f322e300d0a0d0a534d0d0a0d0a
2025-06-27T02:08:09.931035Z  DEBUG - Client preface read successfully
2025-06-27T02:08:09.931036Z  DEBUG - Starting without preface...
2025-06-27T02:08:09.931049Z  DEBUG - Connection started successfully
2025-06-27T02:08:09.931073Z  DEBUG - Read loop started for connection 127.0.0.1
2025-06-27T02:08:09.931073Z  DEBUG - Reading frame header...
2025-06-27T02:08:09.931076Z  DEBUG - Applying remote setting: INITIAL_WINDOW_SIZE = 65535
2025-06-27T02:08:09.931077Z  DEBUG - Updating stream windows: old=65535, new=65535, diff=0
2025-06-27T02:08:09.931078Z  DEBUG - Sending SETTINGS ACK
2025-06-27T02:08:09.931086Z  DEBUG - SETTINGS ACK sent
2025-06-27T02:08:09.931087Z  DEBUG - Successfully handled frame: HT2::SettingsFrame on stream 0
2025-06-27T02:08:09.931088Z  DEBUG - Reading frame header...
2025-06-27T02:08:09.931092Z  DEBUG - Successfully handled frame: HT2::SettingsFrame on stream 0
2025-06-27T02:08:09.931093Z  DEBUG - Reading frame header...
2025-06-27T02:08:09.931096Z  DEBUG - Successfully handled frame: HT2::SettingsFrame on stream 0
2025-06-27T02:08:09.931097Z  DEBUG - Reading frame header...
2025-06-27T02:08:09.931166Z  DEBUG - HEADERS frame parsing: payload_size=15, offset=0, padding=0, header_block_size=15
2025-06-27T02:08:09.931166Z  DEBUG - Header block hex: 838684418aa0e41d139d09b8f81e07
2025-06-27T02:08:09.931170Z  DEBUG - HEADERS frame: stream_id=1, flags=END_HEADERS, padding=0, priority=nil, header_block_size=15
2025-06-27T02:08:09.931171Z  DEBUG - Full header block hex: 838684418aa0e41d139d09b8f81e07
2025-06-27T02:08:09.931171Z  DEBUG - Decoding HEADERS frame with block size: 15
2025-06-27T02:08:09.931171Z  DEBUG - First 20 bytes of header block: less than 20 bytes
2025-06-27T02:08:09.931173Z  DEBUG - HPACK: Decoding Huffman string, length=10, data=a0e41d139d09b8f81e07
2025-06-27T02:08:09.931228Z  DEBUG - Huffman decode: data.size=10, hex=a0e41d139d09b8f81e07
2025-06-27T02:08:09.931229Z  DEBUG - Huffman decode: Checking for potential EOS pattern in data
2025-06-27T02:08:09.931230Z  DEBUG - Huffman padding check: last_symbol_bit=76, total_bits=80, padding_bits=3
2025-06-27T02:08:09.931232Z  DEBUG - HPACK: Huffman decoded to: "localhost:9080"
2025-06-27T02:08:09.931238Z  DEBUG - Decoded headers before validation: [{":method", "POST"}, {":scheme", "http"}, {":path", "/"}, {":authority", "localhost:9080"}]
2025-06-27T02:08:09.931247Z  DEBUG - Validated headers: [{":method", "POST"}, {":scheme", "http"}, {":path", "/"}, {":authority", "localhost:9080"}]
2025-06-27T02:08:09.931249Z  DEBUG - Server received headers for stream 1, end_stream: false, headers_count: 4
2025-06-27T02:08:09.931254Z  DEBUG - Headers: [{":method", "POST"}, {":scheme", "http"}, {":path", "/"}, {":authority", "localhost:9080"}]
2025-06-27T02:08:09.931254Z  DEBUG - is_trailers=false, end_stream=false, stream.end_stream_received=false
2025-06-27T02:08:09.931255Z  DEBUG - Received headers without END_STREAM, waiting for more frames
2025-06-27T02:08:09.931255Z  DEBUG - Successfully handled frame: HT2::HeadersFrame on stream 1
2025-06-27T02:08:09.931256Z  DEBUG - Reading frame header...
2025-06-27T02:08:09.931262Z  DEBUG - Server received data for stream 1, size: 4, end_stream: true
2025-06-27T02:08:09.931262Z  DEBUG - Processing request after data with END_STREAM
2025-06-27T02:08:09.931263Z  DEBUG - Successfully handled frame: HT2::DataFrame on stream 1
2025-06-27T02:08:09.931264Z  DEBUG - Reading frame header...
2025-06-27T02:08:09.931382Z  DEBUG - Handling stream 1 with headers: [{":method", "POST"}, {":scheme", "http"}, {":path", "/"}, {":authority", "localhost:9080"}]
2025-06-27T02:08:09.931384Z  DEBUG - Created request for stream 1: POST /
2025-06-27T02:08:09.931384Z   INFO - Request: POST /
2025-06-27T02:08:09.931385Z  DEBUG - Response.send_headers called, end_stream=false, headers_sent=false
2025-06-27T02:08:09.931387Z  DEBUG - Response: Sending 2 headers
2025-06-27T02:08:09.931387Z  DEBUG - Stream 1: send_headers called with 2 headers, end_stream=false
2025-06-27T02:08:09.931392Z  DEBUG - Stream 1: Sending HEADERS frame with flags=END_HEADERS, header_block_size=13
2025-06-27T02:08:09.931406Z  DEBUG - Stream 1: send_headers completed, new state=HALF_CLOSED_REMOTE
2025-06-27T02:08:09.931407Z  DEBUG - Response.write: Sending 100 bytes of data
2025-06-27T02:08:09.931407Z  DEBUG - Response.write: stream_window=65535, conn_window=65535, available=65535
2025-06-27T02:08:09.931408Z  DEBUG - Stream.send_chunks: Starting to send 100 bytes in chunks of 16384
2025-06-27T02:08:09.931409Z  DEBUG - Stream.send_chunk: Sending chunk from 0 to 100 (100 bytes), last_chunk=true
2025-06-27T02:08:09.931410Z  DEBUG - Stream.send_data: size=100, send_window=65535, conn_window=65535
2025-06-27T02:08:09.931414Z  DEBUG - Stream.send_chunks: Finished sending all chunks
2025-06-27T02:08:09.931414Z  DEBUG - Response.close: Sending empty DATA frame with END_STREAM
2025-06-27T02:08:09.931415Z  DEBUG - Stream.send_data: size=0, send_window=65435, conn_window=65435
2025-06-27T02:08:09.931419Z  DEBUG - Completed handling stream 1
2025-06-27T02:08:09.931521Z  DEBUG - Failed to read frame header: read (#<TCPSocket:0x103079ea0>): Connection reset by peer
2025-06-27T02:08:09.931528Z  DEBUG - Read loop IO error: IO::Error - read (#<TCPSocket:0x103079ea0>): Connection reset by peer
2025-06-27T02:08:09.931529Z  DEBUG - Socket closed: false
2025-06-27T02:08:09.931529Z  DEBUG - Read loop exiting, closing connection
2025-06-27T02:08:09.931569Z  DEBUG - Failed to send GOAWAY: write (#<TCPSocket:0x103079ea0>): Broken pipe
2025-06-27T02:08:09.931903Z  DEBUG - Connection.start called, is_server=true
2025-06-27T02:08:09.931903Z  DEBUG - Reading client preface...
2025-06-27T02:08:09.931903Z  DEBUG - Attempting to read 24 bytes for preface
2025-06-27T02:08:09.931910Z  DEBUG - Read preface bytes: 505249202a20485454502f322e300d0a0d0a534d0d0a0d0a
2025-06-27T02:08:09.931911Z  DEBUG - Client preface read successfully
2025-06-27T02:08:09.931911Z  DEBUG - Starting without preface...
2025-06-27T02:08:09.931923Z  DEBUG - Connection started successfully
2025-06-27T02:08:09.931960Z  DEBUG - Read loop started for connection 127.0.0.1
2025-06-27T02:08:09.931960Z  DEBUG - Reading frame header...
2025-06-27T02:08:09.931964Z  DEBUG - Applying remote setting: INITIAL_WINDOW_SIZE = 65535
2025-06-27T02:08:09.931965Z  DEBUG - Updating stream windows: old=65535, new=65535, diff=0
2025-06-27T02:08:09.931966Z  DEBUG - Sending SETTINGS ACK
2025-06-27T02:08:09.931971Z  DEBUG - SETTINGS ACK sent
2025-06-27T02:08:09.931972Z  DEBUG - Successfully handled frame: HT2::SettingsFrame on stream 0
2025-06-27T02:08:09.931973Z  DEBUG - Reading frame header...
2025-06-27T02:08:09.931975Z  DEBUG - Successfully handled frame: HT2::SettingsFrame on stream 0
2025-06-27T02:08:09.931975Z  DEBUG - Reading frame header...
2025-06-27T02:08:09.931979Z  DEBUG - Successfully handled frame: HT2::SettingsFrame on stream 0
2025-06-27T02:08:09.931980Z  DEBUG - Reading frame header...
2025-06-27T02:08:09.932040Z  DEBUG - HEADERS frame parsing: payload_size=28, offset=0, padding=0, header_block_size=28
2025-06-27T02:08:09.932041Z  DEBUG - Header block hex: 838684418aa0e41d139d09b8f81e0740854d833505b385f2b24a84ff
2025-06-27T02:08:09.932044Z  DEBUG - HEADERS frame: stream_id=1, flags=END_HEADERS, padding=0, priority=nil, header_block_size=28
2025-06-27T02:08:09.932045Z  DEBUG - Full header block hex: 838684418aa0e41d139d09b8f81e0740854d833505b385f2b24a84ff
2025-06-27T02:08:09.932046Z  DEBUG - Decoding HEADERS frame with block size: 28
2025-06-27T02:08:09.932047Z  DEBUG - First 20 bytes of header block: 838684418aa0e41d139d09b8f81e0740854d8335
2025-06-27T02:08:09.932048Z  DEBUG - HPACK: Decoding Huffman string, length=10, data=a0e41d139d09b8f81e07
2025-06-27T02:08:09.932096Z  DEBUG - Huffman decode: data.size=10, hex=a0e41d139d09b8f81e07
2025-06-27T02:08:09.932096Z  DEBUG - Huffman decode: Checking for potential EOS pattern in data
2025-06-27T02:08:09.932097Z  DEBUG - Huffman padding check: last_symbol_bit=76, total_bits=80, padding_bits=3
2025-06-27T02:08:09.932099Z  DEBUG - HPACK: Huffman decoded to: "localhost:9080"
2025-06-27T02:08:09.932100Z  DEBUG - HPACK: Decoding Huffman string, length=5, data=4d833505b3
2025-06-27T02:08:09.932156Z  DEBUG - Huffman decode: data.size=5, hex=4d833505b3
2025-06-27T02:08:09.932156Z  DEBUG - Huffman decode: Checking for potential EOS pattern in data
2025-06-27T02:08:09.932157Z  DEBUG - Huffman padding check: last_symbol_bit=37, total_bits=40, padding_bits=2
2025-06-27T02:08:09.932158Z  DEBUG - HPACK: Huffman decoded to: "trailer"
2025-06-27T02:08:09.932159Z  DEBUG - HPACK: Decoding Huffman string, length=5, data=f2b24a84ff
2025-06-27T02:08:09.932210Z  DEBUG - Huffman decode: data.size=5, hex=f2b24a84ff
2025-06-27T02:08:09.932210Z  DEBUG - Huffman decode: Checking for potential EOS pattern in data
2025-06-27T02:08:09.932211Z  DEBUG - Huffman padding check: last_symbol_bit=32, total_bits=40, padding_bits=7
2025-06-27T02:08:09.932212Z  DEBUG - HPACK: Huffman decoded to: "x-test"
2025-06-27T02:08:09.932219Z  DEBUG - Decoded headers before validation: [{":method", "POST"}, {":scheme", "http"}, {":path", "/"}, {":authority", "localhost:9080"}, {"trailer", "x-test"}]
2025-06-27T02:08:09.932230Z  DEBUG - Validated headers: [{":method", "POST"}, {":scheme", "http"}, {":path", "/"}, {":authority", "localhost:9080"}, {"trailer", "x-test"}]
2025-06-27T02:08:09.932232Z  DEBUG - Server received headers for stream 1, end_stream: false, headers_count: 5
2025-06-27T02:08:09.932237Z  DEBUG - Headers: [{":method", "POST"}, {":scheme", "http"}, {":path", "/"}, {":authority", "localhost:9080"}, {"trailer", "x-test"}]
2025-06-27T02:08:09.932238Z  DEBUG - is_trailers=false, end_stream=false, stream.end_stream_received=false
2025-06-27T02:08:09.932238Z  DEBUG - Received headers without END_STREAM, waiting for more frames
2025-06-27T02:08:09.932239Z  DEBUG - Successfully handled frame: HT2::HeadersFrame on stream 1
2025-06-27T02:08:09.932239Z  DEBUG - Reading frame header...
2025-06-27T02:08:09.932244Z  DEBUG - Server received data for stream 1, size: 4, end_stream: false
2025-06-27T02:08:09.932244Z  DEBUG - Successfully handled frame: HT2::DataFrame on stream 1
2025-06-27T02:08:09.932245Z  DEBUG - Reading frame header...
2025-06-27T02:08:09.932246Z  DEBUG - HEADERS frame parsing: payload_size=10, offset=0, padding=0, header_block_size=10
2025-06-27T02:08:09.932247Z  DEBUG - Header block hex: 4085f2b24a84ff026f6b
2025-06-27T02:08:09.932248Z  DEBUG - HEADERS frame: stream_id=1, flags=END_STREAM | END_HEADERS, padding=0, priority=nil, header_block_size=10
2025-06-27T02:08:09.932249Z  DEBUG - Full header block hex: 4085f2b24a84ff026f6b
2025-06-27T02:08:09.932249Z  DEBUG - Decoding HEADERS frame with block size: 10
2025-06-27T02:08:09.932250Z  DEBUG - First 20 bytes of header block: less than 20 bytes
2025-06-27T02:08:09.932250Z  DEBUG - HPACK: Decoding Huffman string, length=5, data=f2b24a84ff
2025-06-27T02:08:09.932304Z  DEBUG - Huffman decode: data.size=5, hex=f2b24a84ff
2025-06-27T02:08:09.932305Z  DEBUG - Huffman decode: Checking for potential EOS pattern in data
2025-06-27T02:08:09.932306Z  DEBUG - Huffman padding check: last_symbol_bit=32, total_bits=40, padding_bits=7
2025-06-27T02:08:09.932307Z  DEBUG - HPACK: Huffman decoded to: "x-test"
2025-06-27T02:08:09.932309Z  DEBUG - Decoded headers before validation: [{"x-test", "ok"}]
2025-06-27T02:08:09.932312Z  DEBUG - Validated headers: [{"x-test", "ok"}]
2025-06-27T02:08:09.932314Z  DEBUG - Server received headers for stream 1, end_stream: true, headers_count: 1
2025-06-27T02:08:09.932315Z  DEBUG - Headers: [{"x-test", "ok"}]
2025-06-27T02:08:09.932316Z  DEBUG - is_trailers=true, end_stream=true, stream.end_stream_received=true
2025-06-27T02:08:09.932316Z  DEBUG - Processing request after trailers
2025-06-27T02:08:09.932317Z  DEBUG - Successfully handled frame: HT2::HeadersFrame on stream 1
2025-06-27T02:08:09.932318Z  DEBUG - Reading frame header...
2025-06-27T02:08:09.932538Z  DEBUG - Handling stream 1 with headers: [{":method", "POST"}, {":scheme", "http"}, {":path", "/"}, {":authority", "localhost:9080"}, {"trailer", "x-test"}]
2025-06-27T02:08:09.932539Z  DEBUG - Created request for stream 1: POST /
2025-06-27T02:08:09.932540Z   INFO - Request: POST /
2025-06-27T02:08:09.932541Z  DEBUG - Response.send_headers called, end_stream=false, headers_sent=false
2025-06-27T02:08:09.932542Z  DEBUG - Response: Sending 2 headers
2025-06-27T02:08:09.932542Z  DEBUG - Stream 1: send_headers called with 2 headers, end_stream=false
2025-06-27T02:08:09.932547Z  DEBUG - Stream 1: Sending HEADERS frame with flags=END_HEADERS, header_block_size=13
2025-06-27T02:08:09.932558Z  DEBUG - Stream 1: send_headers completed, new state=HALF_CLOSED_REMOTE
2025-06-27T02:08:09.932558Z  DEBUG - Response.write: Sending 100 bytes of data
2025-06-27T02:08:09.932559Z  DEBUG - Response.write: stream_window=65535, conn_window=65535, available=65535
2025-06-27T02:08:09.932560Z  DEBUG - Stream.send_chunks: Starting to send 100 bytes in chunks of 16384
2025-06-27T02:08:09.932561Z  DEBUG - Stream.send_chunk: Sending chunk from 0 to 100 (100 bytes), last_chunk=true
2025-06-27T02:08:09.932562Z  DEBUG - Stream.send_data: size=100, send_window=65535, conn_window=65535
2025-06-27T02:08:09.932565Z  DEBUG - Stream.send_chunks: Finished sending all chunks
2025-06-27T02:08:09.932565Z  DEBUG - Response.close: Sending empty DATA frame with END_STREAM
2025-06-27T02:08:09.932566Z  DEBUG - Stream.send_data: size=0, send_window=65435, conn_window=65435
2025-06-27T02:08:09.932569Z  DEBUG - Completed handling stream 1
2025-06-27T02:08:09.932662Z  DEBUG - Failed to read frame header: read (#<TCPSocket:0x103079d80>): Connection reset by peer
2025-06-27T02:08:09.932669Z  DEBUG - Read loop IO error: IO::Error - read (#<TCPSocket:0x103079d80>): Connection reset by peer
2025-06-27T02:08:09.932670Z  DEBUG - Socket closed: false
2025-06-27T02:08:09.932670Z  DEBUG - Read loop exiting, closing connection
2025-06-27T02:08:09.932703Z  DEBUG - Failed to send GOAWAY: write (#<TCPSocket:0x103079d80>): Broken pipe
2025-06-27T02:08:09.932979Z  DEBUG - Connection.start called, is_server=true
2025-06-27T02:08:09.932979Z  DEBUG - Reading client preface...
2025-06-27T02:08:09.932980Z  DEBUG - Attempting to read 24 bytes for preface
2025-06-27T02:08:09.932984Z  DEBUG - Read preface bytes: 505249202a20485454502f322e300d0a0d0a534d0d0a0d0a
2025-06-27T02:08:09.932985Z  DEBUG - Client preface read successfully
2025-06-27T02:08:09.932985Z  DEBUG - Starting without preface...
2025-06-27T02:08:09.932996Z  DEBUG - Connection started successfully
2025-06-27T02:08:09.933033Z  DEBUG - Read loop started for connection 127.0.0.1
2025-06-27T02:08:09.933034Z  DEBUG - Reading frame header...
2025-06-27T02:08:09.933038Z  DEBUG - Applying remote setting: INITIAL_WINDOW_SIZE = 65535
2025-06-27T02:08:09.933040Z  DEBUG - Updating stream windows: old=65535, new=65535, diff=0
2025-06-27T02:08:09.933040Z  DEBUG - Sending SETTINGS ACK
2025-06-27T02:08:09.933047Z  DEBUG - SETTINGS ACK sent
2025-06-27T02:08:09.933047Z  DEBUG - Successfully handled frame: HT2::SettingsFrame on stream 0
2025-06-27T02:08:09.933048Z  DEBUG - Reading frame header...
2025-06-27T02:08:09.933051Z  DEBUG - Successfully handled frame: HT2::SettingsFrame on stream 0
2025-06-27T02:08:09.933052Z  DEBUG - Reading frame header...
2025-06-27T02:08:09.933054Z  DEBUG - Successfully handled frame: HT2::SettingsFrame on stream 0
2025-06-27T02:08:09.933055Z  DEBUG - Reading frame header...
2025-06-27T02:08:09.933121Z  DEBUG - HEADERS frame parsing: payload_size=16, offset=0, padding=0, header_block_size=16
2025-06-27T02:08:09.933121Z  DEBUG - Header block hex: 828684418aa0e41d139d09b8f81e07ba
2025-06-27T02:08:09.933126Z  DEBUG - HEADERS frame: stream_id=1, flags=END_STREAM | END_HEADERS, padding=0, priority=nil, header_block_size=16
2025-06-27T02:08:09.933127Z  DEBUG - Full header block hex: 828684418aa0e41d139d09b8f81e07ba
2025-06-27T02:08:09.933127Z  DEBUG - Decoding HEADERS frame with block size: 16
2025-06-27T02:08:09.933128Z  DEBUG - First 20 bytes of header block: less than 20 bytes
2025-06-27T02:08:09.933129Z  DEBUG - HPACK: Decoding Huffman string, length=10, data=a0e41d139d09b8f81e07
2025-06-27T02:08:09.933193Z  DEBUG - Huffman decode: data.size=10, hex=a0e41d139d09b8f81e07
2025-06-27T02:08:09.933194Z  DEBUG - Huffman decode: Checking for potential EOS pattern in data
2025-06-27T02:08:09.933195Z  DEBUG - Huffman padding check: last_symbol_bit=76, total_bits=80, padding_bits=3
2025-06-27T02:08:09.933197Z  DEBUG - HPACK: Huffman decoded to: "localhost:9080"
2025-06-27T02:08:09.933203Z  DEBUG - Decoded headers before validation: [{":method", "GET"}, {":scheme", "http"}, {":path", "/"}, {":authority", "localhost:9080"}, {"user-agent", ""}]
2025-06-27T02:08:09.933214Z  DEBUG - Validated headers: [{":method", "GET"}, {":scheme", "http"}, {":path", "/"}, {":authority", "localhost:9080"}, {"user-agent", ""}]
2025-06-27T02:08:09.933215Z  DEBUG - Server received headers for stream 1, end_stream: true, headers_count: 5
2025-06-27T02:08:09.933220Z  DEBUG - Headers: [{":method", "GET"}, {":scheme", "http"}, {":path", "/"}, {":authority", "localhost:9080"}, {"user-agent", ""}]
2025-06-27T02:08:09.933221Z  DEBUG - is_trailers=false, end_stream=true, stream.end_stream_received=true
2025-06-27T02:08:09.933221Z  DEBUG - Processing request immediately (headers with END_STREAM)
2025-06-27T02:08:09.933222Z  DEBUG - Successfully handled frame: HT2::HeadersFrame on stream 1
2025-06-27T02:08:09.933223Z  DEBUG - Reading frame header...
2025-06-27T02:08:09.933314Z  DEBUG - Handling stream 1 with headers: [{":method", "GET"}, {":scheme", "http"}, {":path", "/"}, {":authority", "localhost:9080"}, {"user-agent", ""}]
2025-06-27T02:08:09.933316Z  DEBUG - Created request for stream 1: GET /
2025-06-27T02:08:09.933316Z   INFO - Request: GET /
2025-06-27T02:08:09.933317Z  DEBUG - Response.send_headers called, end_stream=false, headers_sent=false
2025-06-27T02:08:09.933318Z  DEBUG - Response: Sending 2 headers
2025-06-27T02:08:09.933319Z  DEBUG - Stream 1: send_headers called with 2 headers, end_stream=false
2025-06-27T02:08:09.933323Z  DEBUG - Stream 1: Sending HEADERS frame with flags=END_HEADERS, header_block_size=13
2025-06-27T02:08:09.933335Z  DEBUG - Stream 1: send_headers completed, new state=HALF_CLOSED_REMOTE
2025-06-27T02:08:09.933335Z  DEBUG - Response.write: Sending 100 bytes of data
2025-06-27T02:08:09.933336Z  DEBUG - Response.write: stream_window=65535, conn_window=65535, available=65535
2025-06-27T02:08:09.933337Z  DEBUG - Stream.send_chunks: Starting to send 100 bytes in chunks of 16384
2025-06-27T02:08:09.933340Z  DEBUG - Stream.send_chunk: Sending chunk from 0 to 100 (100 bytes), last_chunk=true
2025-06-27T02:08:09.933341Z  DEBUG - Stream.send_data: size=100, send_window=65535, conn_window=65535
2025-06-27T02:08:09.933345Z  DEBUG - Stream.send_chunks: Finished sending all chunks
2025-06-27T02:08:09.933345Z  DEBUG - Response.close: Sending empty DATA frame with END_STREAM
2025-06-27T02:08:09.933346Z  DEBUG - Stream.send_data: size=0, send_window=65435, conn_window=65435
2025-06-27T02:08:09.933349Z  DEBUG - Completed handling stream 1
2025-06-27T02:08:09.933443Z  DEBUG - Failed to read frame header: read (#<TCPSocket:0x103079c60>): Connection reset by peer
2025-06-27T02:08:09.933449Z  DEBUG - Read loop IO error: IO::Error - read (#<TCPSocket:0x103079c60>): Connection reset by peer
2025-06-27T02:08:09.933449Z  DEBUG - Socket closed: false
2025-06-27T02:08:09.933449Z  DEBUG - Read loop exiting, closing connection
2025-06-27T02:08:09.933484Z  DEBUG - Failed to send GOAWAY: write (#<TCPSocket:0x103079c60>): Broken pipe
2025-06-27T02:08:09.933705Z  DEBUG - Connection.start called, is_server=true
2025-06-27T02:08:09.933705Z  DEBUG - Reading client preface...
2025-06-27T02:08:09.933706Z  DEBUG - Attempting to read 24 bytes for preface
2025-06-27T02:08:09.933732Z  DEBUG - Read preface bytes: 505249202a20485454502f322e300d0a0d0a534d0d0a0d0a
2025-06-27T02:08:09.933734Z  DEBUG - Client preface read successfully
2025-06-27T02:08:09.933734Z  DEBUG - Starting without preface...
2025-06-27T02:08:09.933746Z  DEBUG - Connection started successfully
2025-06-27T02:08:09.933766Z  DEBUG - Read loop started for connection 127.0.0.1
2025-06-27T02:08:09.933767Z  DEBUG - Reading frame header...
2025-06-27T02:08:09.933770Z  DEBUG - Applying remote setting: INITIAL_WINDOW_SIZE = 65535
2025-06-27T02:08:09.933772Z  DEBUG - Updating stream windows: old=65535, new=65535, diff=0
2025-06-27T02:08:09.933772Z  DEBUG - Sending SETTINGS ACK
2025-06-27T02:08:09.933780Z  DEBUG - SETTINGS ACK sent
2025-06-27T02:08:09.933780Z  DEBUG - Successfully handled frame: HT2::SettingsFrame on stream 0
2025-06-27T02:08:09.933781Z  DEBUG - Reading frame header...
2025-06-27T02:08:09.933784Z  DEBUG - Successfully handled frame: HT2::SettingsFrame on stream 0
2025-06-27T02:08:09.933785Z  DEBUG - Reading frame header...
2025-06-27T02:08:09.933842Z  DEBUG - Successfully handled frame: HT2::SettingsFrame on stream 0
2025-06-27T02:08:09.933843Z  DEBUG - Reading frame header...
2025-06-27T02:08:09.933845Z  DEBUG - HEADERS frame parsing: payload_size=29, offset=0, padding=0, header_block_size=29
2025-06-27T02:08:09.933846Z  DEBUG - Header block hex: 828684418aa0e41d139d09b8f81e074087b505b161cc5a93849c48aca4
2025-06-27T02:08:09.933851Z  DEBUG - HEADERS frame: stream_id=1, flags=END_STREAM | END_HEADERS, padding=0, priority=nil, header_block_size=29
2025-06-27T02:08:09.933852Z  DEBUG - Full header block hex: 828684418aa0e41d139d09b8f81e074087b505b161cc5a93849c48aca4
2025-06-27T02:08:09.933853Z  DEBUG - Decoding HEADERS frame with block size: 29
2025-06-27T02:08:09.933853Z  DEBUG - First 20 bytes of header block: 828684418aa0e41d139d09b8f81e074087b505b1
2025-06-27T02:08:09.933855Z  DEBUG - HPACK: Decoding Huffman string, length=10, data=a0e41d139d09b8f81e07
2025-06-27T02:08:09.933912Z  DEBUG - Huffman decode: data.size=10, hex=a0e41d139d09b8f81e07
2025-06-27T02:08:09.933912Z  DEBUG - Huffman decode: Checking for potential EOS pattern in data
2025-06-27T02:08:09.933914Z  DEBUG - Huffman padding check: last_symbol_bit=76, total_bits=80, padding_bits=3
2025-06-27T02:08:09.933915Z  DEBUG - HPACK: Huffman decoded to: "localhost:9080"
2025-06-27T02:08:09.933916Z  DEBUG - HPACK: Decoding Huffman string, length=7, data=b505b161cc5a93
2025-06-27T02:08:09.933968Z  DEBUG - Huffman decode: data.size=7, hex=b505b161cc5a93
2025-06-27T02:08:09.933968Z  DEBUG - Huffman decode: Checking for potential EOS pattern in data
2025-06-27T02:08:09.933970Z  DEBUG - Huffman padding check: last_symbol_bit=54, total_bits=56, padding_bits=1
2025-06-27T02:08:09.933975Z  DEBUG - HPACK: Huffman decoded to: "user-agent"
2025-06-27T02:08:09.933976Z  DEBUG - HPACK: Decoding Huffman string, length=4, data=9c48aca4
2025-06-27T02:08:09.934026Z  DEBUG - Huffman decode: data.size=4, hex=9c48aca4
2025-06-27T02:08:09.934027Z  DEBUG - Huffman decode: Checking for potential EOS pattern in data
2025-06-27T02:08:09.934028Z  DEBUG - HPACK: Huffman decoded to: "h2spec"
2025-06-27T02:08:09.934035Z  DEBUG - Decoded headers before validation: [{":method", "GET"}, {":scheme", "http"}, {":path", "/"}, {":authority", "localhost:9080"}, {"user-agent", "h2spec"}]
2025-06-27T02:08:09.934046Z  DEBUG - Validated headers: [{":method", "GET"}, {":scheme", "http"}, {":path", "/"}, {":authority", "localhost:9080"}, {"user-agent", "h2spec"}]
2025-06-27T02:08:09.934048Z  DEBUG - Server received headers for stream 1, end_stream: true, headers_count: 5
2025-06-27T02:08:09.934053Z  DEBUG - Headers: [{":method", "GET"}, {":scheme", "http"}, {":path", "/"}, {":authority", "localhost:9080"}, {"user-agent", "h2spec"}]
2025-06-27T02:08:09.934054Z  DEBUG - is_trailers=false, end_stream=true, stream.end_stream_received=true
2025-06-27T02:08:09.934054Z  DEBUG - Processing request immediately (headers with END_STREAM)
2025-06-27T02:08:09.934055Z  DEBUG - Successfully handled frame: HT2::HeadersFrame on stream 1
2025-06-27T02:08:09.934056Z  DEBUG - Reading frame header...
2025-06-27T02:08:09.934196Z  DEBUG - Handling stream 1 with headers: [{":method", "GET"}, {":scheme", "http"}, {":path", "/"}, {":authority", "localhost:9080"}, {"user-agent", "h2spec"}]
2025-06-27T02:08:09.934198Z  DEBUG - Created request for stream 1: GET /
2025-06-27T02:08:09.934199Z   INFO - Request: GET /
2025-06-27T02:08:09.934200Z  DEBUG - Response.send_headers called, end_stream=false, headers_sent=false
2025-06-27T02:08:09.934201Z  DEBUG - Response: Sending 2 headers
2025-06-27T02:08:09.934201Z  DEBUG - Stream 1: send_headers called with 2 headers, end_stream=false
2025-06-27T02:08:09.934205Z  DEBUG - Stream 1: Sending HEADERS frame with flags=END_HEADERS, header_block_size=13
2025-06-27T02:08:09.934213Z  DEBUG - Stream 1: send_headers completed, new state=HALF_CLOSED_REMOTE
2025-06-27T02:08:09.934214Z  DEBUG - Response.write: Sending 100 bytes of data
2025-06-27T02:08:09.934215Z  DEBUG - Response.write: stream_window=65535, conn_window=65535, available=65535
2025-06-27T02:08:09.934215Z  DEBUG - Stream.send_chunks: Starting to send 100 bytes in chunks of 16384
2025-06-27T02:08:09.934216Z  DEBUG - Stream.send_chunk: Sending chunk from 0 to 100 (100 bytes), last_chunk=true
2025-06-27T02:08:09.934217Z  DEBUG - Stream.send_data: size=100, send_window=65535, conn_window=65535
2025-06-27T02:08:09.934221Z  DEBUG - Stream.send_chunks: Finished sending all chunks
2025-06-27T02:08:09.934221Z  DEBUG - Response.close: Sending empty DATA frame with END_STREAM
2025-06-27T02:08:09.934222Z  DEBUG - Stream.send_data: size=0, send_window=65435, conn_window=65435
2025-06-27T02:08:09.934225Z  DEBUG - Completed handling stream 1
2025-06-27T02:08:09.934317Z  DEBUG - Failed to read frame header: read (#<TCPSocket:0x103079b40>): Connection reset by peer
2025-06-27T02:08:09.934324Z  DEBUG - Read loop IO error: IO::Error - read (#<TCPSocket:0x103079b40>): Connection reset by peer
2025-06-27T02:08:09.934324Z  DEBUG - Socket closed: false
2025-06-27T02:08:09.934325Z  DEBUG - Read loop exiting, closing connection
2025-06-27T02:08:09.934358Z  DEBUG - Failed to send GOAWAY: write (#<TCPSocket:0x103079b40>): Broken pipe
2025-06-27T02:08:09.934654Z  DEBUG - Connection.start called, is_server=true
2025-06-27T02:08:09.934654Z  DEBUG - Reading client preface...
2025-06-27T02:08:09.934655Z  DEBUG - Attempting to read 24 bytes for preface
2025-06-27T02:08:09.934661Z  DEBUG - Read preface bytes: 505249202a20485454502f322e300d0a0d0a534d0d0a0d0a
2025-06-27T02:08:09.934662Z  DEBUG - Client preface read successfully
2025-06-27T02:08:09.934662Z  DEBUG - Starting without preface...
2025-06-27T02:08:09.934673Z  DEBUG - Connection started successfully
2025-06-27T02:08:09.934708Z  DEBUG - Read loop started for connection 127.0.0.1
2025-06-27T02:08:09.934709Z  DEBUG - Reading frame header...
2025-06-27T02:08:09.934713Z  DEBUG - Applying remote setting: INITIAL_WINDOW_SIZE = 65535
2025-06-27T02:08:09.934714Z  DEBUG - Updating stream windows: old=65535, new=65535, diff=0
2025-06-27T02:08:09.934714Z  DEBUG - Sending SETTINGS ACK
2025-06-27T02:08:09.934720Z  DEBUG - SETTINGS ACK sent
2025-06-27T02:08:09.934720Z  DEBUG - Successfully handled frame: HT2::SettingsFrame on stream 0
2025-06-27T02:08:09.934721Z  DEBUG - Reading frame header...
2025-06-27T02:08:09.934723Z  DEBUG - Successfully handled frame: HT2::SettingsFrame on stream 0
2025-06-27T02:08:09.934724Z  DEBUG - Reading frame header...
2025-06-27T02:08:09.934726Z  DEBUG - Successfully handled frame: HT2::SettingsFrame on stream 0
2025-06-27T02:08:09.934727Z  DEBUG - Reading frame header...
2025-06-27T02:08:09.934790Z  DEBUG - HEADERS frame parsing: payload_size=34, offset=0, padding=0, header_block_size=34
2025-06-27T02:08:09.934791Z  DEBUG - Header block hex: 828684418aa0e41d139d09b8f81e07400a757365722d6167656e7406683273706563
2025-06-27T02:08:09.934794Z  DEBUG - HEADERS frame: stream_id=1, flags=END_STREAM | END_HEADERS, padding=0, priority=nil, header_block_size=34
2025-06-27T02:08:09.934795Z  DEBUG - Full header block hex: 828684418aa0e41d139d09b8f81e07400a757365722d6167656e7406683273706563
2025-06-27T02:08:09.934795Z  DEBUG - Decoding HEADERS frame with block size: 34
2025-06-27T02:08:09.934796Z  DEBUG - First 20 bytes of header block: 828684418aa0e41d139d09b8f81e07400a757365
2025-06-27T02:08:09.934797Z  DEBUG - HPACK: Decoding Huffman string, length=10, data=a0e41d139d09b8f81e07
2025-06-27T02:08:09.934859Z  DEBUG - Huffman decode: data.size=10, hex=a0e41d139d09b8f81e07
2025-06-27T02:08:09.934860Z  DEBUG - Huffman decode: Checking for potential EOS pattern in data
2025-06-27T02:08:09.934861Z  DEBUG - Huffman padding check: last_symbol_bit=76, total_bits=80, padding_bits=3
2025-06-27T02:08:09.934862Z  DEBUG - HPACK: Huffman decoded to: "localhost:9080"
2025-06-27T02:08:09.934870Z  DEBUG - Decoded headers before validation: [{":method", "GET"}, {":scheme", "http"}, {":path", "/"}, {":authority", "localhost:9080"}, {"user-agent", "h2spec"}]
2025-06-27T02:08:09.934881Z  DEBUG - Validated headers: [{":method", "GET"}, {":scheme", "http"}, {":path", "/"}, {":authority", "localhost:9080"}, {"user-agent", "h2spec"}]
2025-06-27T02:08:09.934882Z  DEBUG - Server received headers for stream 1, end_stream: true, headers_count: 5
2025-06-27T02:08:09.934888Z  DEBUG - Headers: [{":method", "GET"}, {":scheme", "http"}, {":path", "/"}, {":authority", "localhost:9080"}, {"user-agent", "h2spec"}]
2025-06-27T02:08:09.934888Z  DEBUG - is_trailers=false, end_stream=true, stream.end_stream_received=true
2025-06-27T02:08:09.934889Z  DEBUG - Processing request immediately (headers with END_STREAM)
2025-06-27T02:08:09.934890Z  DEBUG - Successfully handled frame: HT2::HeadersFrame on stream 1
2025-06-27T02:08:09.934890Z  DEBUG - Reading frame header...
2025-06-27T02:08:09.934978Z  DEBUG - Handling stream 1 with headers: [{":method", "GET"}, {":scheme", "http"}, {":path", "/"}, {":authority", "localhost:9080"}, {"user-agent", "h2spec"}]
2025-06-27T02:08:09.934980Z  DEBUG - Created request for stream 1: GET /
2025-06-27T02:08:09.934980Z   INFO - Request: GET /
2025-06-27T02:08:09.934982Z  DEBUG - Response.send_headers called, end_stream=false, headers_sent=false
2025-06-27T02:08:09.934983Z  DEBUG - Response: Sending 2 headers
2025-06-27T02:08:09.934983Z  DEBUG - Stream 1: send_headers called with 2 headers, end_stream=false
2025-06-27T02:08:09.934987Z  DEBUG - Stream 1: Sending HEADERS frame with flags=END_HEADERS, header_block_size=13
2025-06-27T02:08:09.934999Z  DEBUG - Stream 1: send_headers completed, new state=HALF_CLOSED_REMOTE
2025-06-27T02:08:09.934999Z  DEBUG - Response.write: Sending 100 bytes of data
2025-06-27T02:08:09.935000Z  DEBUG - Response.write: stream_window=65535, conn_window=65535, available=65535
2025-06-27T02:08:09.935001Z  DEBUG - Stream.send_chunks: Starting to send 100 bytes in chunks of 16384
2025-06-27T02:08:09.935002Z  DEBUG - Stream.send_chunk: Sending chunk from 0 to 100 (100 bytes), last_chunk=true
2025-06-27T02:08:09.935003Z  DEBUG - Stream.send_data: size=100, send_window=65535, conn_window=65535
2025-06-27T02:08:09.935006Z  DEBUG - Stream.send_chunks: Finished sending all chunks
2025-06-27T02:08:09.935007Z  DEBUG - Response.close: Sending empty DATA frame with END_STREAM
2025-06-27T02:08:09.935007Z  DEBUG - Stream.send_data: size=0, send_window=65435, conn_window=65435
2025-06-27T02:08:09.935011Z  DEBUG - Completed handling stream 1
2025-06-27T02:08:09.935106Z  DEBUG - Failed to read frame header: read (#<TCPSocket:0x103079a20>): Connection reset by peer
2025-06-27T02:08:09.935112Z  DEBUG - Read loop IO error: IO::Error - read (#<TCPSocket:0x103079a20>): Connection reset by peer
2025-06-27T02:08:09.935112Z  DEBUG - Socket closed: false
2025-06-27T02:08:09.935113Z  DEBUG - Read loop exiting, closing connection
2025-06-27T02:08:09.935149Z  DEBUG - Failed to send GOAWAY: write (#<TCPSocket:0x103079a20>): Broken pipe
2025-06-27T02:08:09.935434Z  DEBUG - Connection.start called, is_server=true
2025-06-27T02:08:09.935434Z  DEBUG - Reading client preface...
2025-06-27T02:08:09.935435Z  DEBUG - Attempting to read 24 bytes for preface
2025-06-27T02:08:09.935438Z  DEBUG - Read preface bytes: 505249202a20485454502f322e300d0a0d0a534d0d0a0d0a
2025-06-27T02:08:09.935439Z  DEBUG - Client preface read successfully
2025-06-27T02:08:09.935439Z  DEBUG - Starting without preface...
2025-06-27T02:08:09.935450Z  DEBUG - Connection started successfully
2025-06-27T02:08:09.935485Z  DEBUG - Read loop started for connection 127.0.0.1
2025-06-27T02:08:09.935486Z  DEBUG - Reading frame header...
2025-06-27T02:08:09.935488Z  DEBUG - Applying remote setting: INITIAL_WINDOW_SIZE = 65535
2025-06-27T02:08:09.935489Z  DEBUG - Updating stream windows: old=65535, new=65535, diff=0
2025-06-27T02:08:09.935490Z  DEBUG - Sending SETTINGS ACK
2025-06-27T02:08:09.935496Z  DEBUG - SETTINGS ACK sent
2025-06-27T02:08:09.935496Z  DEBUG - Successfully handled frame: HT2::SettingsFrame on stream 0
2025-06-27T02:08:09.935497Z  DEBUG - Reading frame header...
2025-06-27T02:08:09.935500Z  DEBUG - Successfully handled frame: HT2::SettingsFrame on stream 0
2025-06-27T02:08:09.935501Z  DEBUG - Reading frame header...
2025-06-27T02:08:09.935503Z  DEBUG - Successfully handled frame: HT2::SettingsFrame on stream 0
2025-06-27T02:08:09.935503Z  DEBUG - Reading frame header...
2025-06-27T02:08:09.935572Z  DEBUG - HEADERS frame parsing: payload_size=30, offset=0, padding=0, header_block_size=30
2025-06-27T02:08:09.935573Z  DEBUG - Header block hex: 828684418aa0e41d139d09b8f81e074006782d7465737406683273706563
2025-06-27T02:08:09.935578Z  DEBUG - HEADERS frame: stream_id=1, flags=END_STREAM | END_HEADERS, padding=0, priority=nil, header_block_size=30
2025-06-27T02:08:09.935579Z  DEBUG - Full header block hex: 828684418aa0e41d139d09b8f81e074006782d7465737406683273706563
2025-06-27T02:08:09.935579Z  DEBUG - Decoding HEADERS frame with block size: 30
2025-06-27T02:08:09.935580Z  DEBUG - First 20 bytes of header block: 828684418aa0e41d139d09b8f81e074006782d74
2025-06-27T02:08:09.935581Z  DEBUG - HPACK: Decoding Huffman string, length=10, data=a0e41d139d09b8f81e07
2025-06-27T02:08:09.935632Z  DEBUG - Huffman decode: data.size=10, hex=a0e41d139d09b8f81e07
2025-06-27T02:08:09.935632Z  DEBUG - Huffman decode: Checking for potential EOS pattern in data
2025-06-27T02:08:09.935633Z  DEBUG - Huffman padding check: last_symbol_bit=76, total_bits=80, padding_bits=3
2025-06-27T02:08:09.935635Z  DEBUG - HPACK: Huffman decoded to: "localhost:9080"
2025-06-27T02:08:09.935642Z  DEBUG - Decoded headers before validation: [{":method", "GET"}, {":scheme", "http"}, {":path", "/"}, {":authority", "localhost:9080"}, {"x-test", "h2spec"}]
2025-06-27T02:08:09.935652Z  DEBUG - Validated headers: [{":method", "GET"}, {":scheme", "http"}, {":path", "/"}, {":authority", "localhost:9080"}, {"x-test", "h2spec"}]
2025-06-27T02:08:09.935654Z  DEBUG - Server received headers for stream 1, end_stream: true, headers_count: 5
2025-06-27T02:08:09.935659Z  DEBUG - Headers: [{":method", "GET"}, {":scheme", "http"}, {":path", "/"}, {":authority", "localhost:9080"}, {"x-test", "h2spec"}]
2025-06-27T02:08:09.935661Z  DEBUG - is_trailers=false, end_stream=true, stream.end_stream_received=true
2025-06-27T02:08:09.935661Z  DEBUG - Processing request immediately (headers with END_STREAM)
2025-06-27T02:08:09.935662Z  DEBUG - Successfully handled frame: HT2::HeadersFrame on stream 1
2025-06-27T02:08:09.935663Z  DEBUG - Reading frame header...
2025-06-27T02:08:09.935752Z  DEBUG - Handling stream 1 with headers: [{":method", "GET"}, {":scheme", "http"}, {":path", "/"}, {":authority", "localhost:9080"}, {"x-test", "h2spec"}]
2025-06-27T02:08:09.935753Z  DEBUG - Created request for stream 1: GET /
2025-06-27T02:08:09.935754Z   INFO - Request: GET /
2025-06-27T02:08:09.935755Z  DEBUG - Response.send_headers called, end_stream=false, headers_sent=false
2025-06-27T02:08:09.935756Z  DEBUG - Response: Sending 2 headers
2025-06-27T02:08:09.935756Z  DEBUG - Stream 1: send_headers called with 2 headers, end_stream=false
2025-06-27T02:08:09.935760Z  DEBUG - Stream 1: Sending HEADERS frame with flags=END_HEADERS, header_block_size=13
2025-06-27T02:08:09.935772Z  DEBUG - Stream 1: send_headers completed, new state=HALF_CLOSED_REMOTE
2025-06-27T02:08:09.935772Z  DEBUG - Response.write: Sending 100 bytes of data
2025-06-27T02:08:09.935773Z  DEBUG - Response.write: stream_window=65535, conn_window=65535, available=65535
2025-06-27T02:08:09.935774Z  DEBUG - Stream.send_chunks: Starting to send 100 bytes in chunks of 16384
2025-06-27T02:08:09.935775Z  DEBUG - Stream.send_chunk: Sending chunk from 0 to 100 (100 bytes), last_chunk=true
2025-06-27T02:08:09.935776Z  DEBUG - Stream.send_data: size=100, send_window=65535, conn_window=65535
2025-06-27T02:08:09.935779Z  DEBUG - Stream.send_chunks: Finished sending all chunks
2025-06-27T02:08:09.935779Z  DEBUG - Response.close: Sending empty DATA frame with END_STREAM
2025-06-27T02:08:09.935780Z  DEBUG - Stream.send_data: size=0, send_window=65435, conn_window=65435
2025-06-27T02:08:09.935783Z  DEBUG - Completed handling stream 1
2025-06-27T02:08:09.935877Z  DEBUG - Failed to read frame header: read (#<TCPSocket:0x103079900>): Connection reset by peer
2025-06-27T02:08:09.935883Z  DEBUG - Read loop IO error: IO::Error - read (#<TCPSocket:0x103079900>): Connection reset by peer
2025-06-27T02:08:09.935883Z  DEBUG - Socket closed: false
2025-06-27T02:08:09.935883Z  DEBUG - Read loop exiting, closing connection
2025-06-27T02:08:09.935918Z  DEBUG - Failed to send GOAWAY: write (#<TCPSocket:0x103079900>): Broken pipe
2025-06-27T02:08:09.936117Z  DEBUG - Connection.start called, is_server=true
2025-06-27T02:08:09.936117Z  DEBUG - Reading client preface...
2025-06-27T02:08:09.936118Z  DEBUG - Attempting to read 24 bytes for preface
2025-06-27T02:08:09.936121Z  DEBUG - Read preface bytes: 505249202a20485454502f322e300d0a0d0a534d0d0a0d0a
2025-06-27T02:08:09.936121Z  DEBUG - Client preface read successfully
2025-06-27T02:08:09.936122Z  DEBUG - Starting without preface...
2025-06-27T02:08:09.936130Z  DEBUG - Connection started successfully
2025-06-27T02:08:09.936167Z  DEBUG - Read loop started for connection 127.0.0.1
2025-06-27T02:08:09.936168Z  DEBUG - Reading frame header...
2025-06-27T02:08:09.936172Z  DEBUG - Applying remote setting: INITIAL_WINDOW_SIZE = 65535
2025-06-27T02:08:09.936173Z  DEBUG - Updating stream windows: old=65535, new=65535, diff=0
2025-06-27T02:08:09.936173Z  DEBUG - Sending SETTINGS ACK
2025-06-27T02:08:09.936177Z  DEBUG - SETTINGS ACK sent
2025-06-27T02:08:09.936178Z  DEBUG - Successfully handled frame: HT2::SettingsFrame on stream 0
2025-06-27T02:08:09.936179Z  DEBUG - Reading frame header...
2025-06-27T02:08:09.936181Z  DEBUG - Successfully handled frame: HT2::SettingsFrame on stream 0
2025-06-27T02:08:09.936182Z  DEBUG - Reading frame header...
2025-06-27T02:08:09.936187Z  DEBUG - Successfully handled frame: HT2::SettingsFrame on stream 0
2025-06-27T02:08:09.936188Z  DEBUG - Reading frame header...
2025-06-27T02:08:09.936252Z  DEBUG - HEADERS frame parsing: payload_size=27, offset=0, padding=0, header_block_size=27
2025-06-27T02:08:09.936253Z  DEBUG - Header block hex: 828684418aa0e41d139d09b8f81e074085f2b24a84ff849c48aca4
2025-06-27T02:08:09.936257Z  DEBUG - HEADERS frame: stream_id=1, flags=END_STREAM | END_HEADERS, padding=0, priority=nil, header_block_size=27
2025-06-27T02:08:09.936257Z  DEBUG - Full header block hex: 828684418aa0e41d139d09b8f81e074085f2b24a84ff849c48aca4
2025-06-27T02:08:09.936258Z  DEBUG - Decoding HEADERS frame with block size: 27
2025-06-27T02:08:09.936259Z  DEBUG - First 20 bytes of header block: 828684418aa0e41d139d09b8f81e074085f2b24a
2025-06-27T02:08:09.936260Z  DEBUG - HPACK: Decoding Huffman string, length=10, data=a0e41d139d09b8f81e07
2025-06-27T02:08:09.936313Z  DEBUG - Huffman decode: data.size=10, hex=a0e41d139d09b8f81e07
2025-06-27T02:08:09.936314Z  DEBUG - Huffman decode: Checking for potential EOS pattern in data
2025-06-27T02:08:09.936315Z  DEBUG - Huffman padding check: last_symbol_bit=76, total_bits=80, padding_bits=3
2025-06-27T02:08:09.936316Z  DEBUG - HPACK: Huffman decoded to: "localhost:9080"
2025-06-27T02:08:09.936318Z  DEBUG - HPACK: Decoding Huffman string, length=5, data=f2b24a84ff
2025-06-27T02:08:09.936368Z  DEBUG - Huffman decode: data.size=5, hex=f2b24a84ff
2025-06-27T02:08:09.936368Z  DEBUG - Huffman decode: Checking for potential EOS pattern in data
2025-06-27T02:08:09.936369Z  DEBUG - Huffman padding check: last_symbol_bit=32, total_bits=40, padding_bits=7
2025-06-27T02:08:09.936370Z  DEBUG - HPACK: Huffman decoded to: "x-test"
2025-06-27T02:08:09.936371Z  DEBUG - HPACK: Decoding Huffman string, length=4, data=9c48aca4
2025-06-27T02:08:09.936420Z  DEBUG - Huffman decode: data.size=4, hex=9c48aca4
2025-06-27T02:08:09.936421Z  DEBUG - Huffman decode: Checking for potential EOS pattern in data
2025-06-27T02:08:09.936422Z  DEBUG - HPACK: Huffman decoded to: "h2spec"
2025-06-27T02:08:09.936428Z  DEBUG - Decoded headers before validation: [{":method", "GET"}, {":scheme", "http"}, {":path", "/"}, {":authority", "localhost:9080"}, {"x-test", "h2spec"}]
2025-06-27T02:08:09.936438Z  DEBUG - Validated headers: [{":method", "GET"}, {":scheme", "http"}, {":path", "/"}, {":authority", "localhost:9080"}, {"x-test", "h2spec"}]
2025-06-27T02:08:09.936439Z  DEBUG - Server received headers for stream 1, end_stream: true, headers_count: 5
2025-06-27T02:08:09.936445Z  DEBUG - Headers: [{":method", "GET"}, {":scheme", "http"}, {":path", "/"}, {":authority", "localhost:9080"}, {"x-test", "h2spec"}]
2025-06-27T02:08:09.936445Z  DEBUG - is_trailers=false, end_stream=true, stream.end_stream_received=true
2025-06-27T02:08:09.936445Z  DEBUG - Processing request immediately (headers with END_STREAM)
2025-06-27T02:08:09.936446Z  DEBUG - Successfully handled frame: HT2::HeadersFrame on stream 1
2025-06-27T02:08:09.936447Z  DEBUG - Reading frame header...
2025-06-27T02:08:09.936572Z  DEBUG - Handling stream 1 with headers: [{":method", "GET"}, {":scheme", "http"}, {":path", "/"}, {":authority", "localhost:9080"}, {"x-test", "h2spec"}]
2025-06-27T02:08:09.936573Z  DEBUG - Created request for stream 1: GET /
2025-06-27T02:08:09.936574Z   INFO - Request: GET /
2025-06-27T02:08:09.936575Z  DEBUG - Response.send_headers called, end_stream=false, headers_sent=false
2025-06-27T02:08:09.936576Z  DEBUG - Response: Sending 2 headers
2025-06-27T02:08:09.936576Z  DEBUG - Stream 1: send_headers called with 2 headers, end_stream=false
2025-06-27T02:08:09.936580Z  DEBUG - Stream 1: Sending HEADERS frame with flags=END_HEADERS, header_block_size=13
2025-06-27T02:08:09.936587Z  DEBUG - Stream 1: send_headers completed, new state=HALF_CLOSED_REMOTE
2025-06-27T02:08:09.936588Z  DEBUG - Response.write: Sending 100 bytes of data
2025-06-27T02:08:09.936588Z  DEBUG - Response.write: stream_window=65535, conn_window=65535, available=65535
2025-06-27T02:08:09.936589Z  DEBUG - Stream.send_chunks: Starting to send 100 bytes in chunks of 16384
2025-06-27T02:08:09.936590Z  DEBUG - Stream.send_chunk: Sending chunk from 0 to 100 (100 bytes), last_chunk=true
2025-06-27T02:08:09.936591Z  DEBUG - Stream.send_data: size=100, send_window=65535, conn_window=65535
2025-06-27T02:08:09.936595Z  DEBUG - Stream.send_chunks: Finished sending all chunks
2025-06-27T02:08:09.936595Z  DEBUG - Response.close: Sending empty DATA frame with END_STREAM
2025-06-27T02:08:09.936596Z  DEBUG - Stream.send_data: size=0, send_window=65435, conn_window=65435
2025-06-27T02:08:09.936600Z  DEBUG - Completed handling stream 1
2025-06-27T02:08:09.936693Z  DEBUG - Failed to read frame header: read (#<TCPSocket:0x1030797e0>): Connection reset by peer
2025-06-27T02:08:09.936699Z  DEBUG - Read loop IO error: IO::Error - read (#<TCPSocket:0x1030797e0>): Connection reset by peer
2025-06-27T02:08:09.936700Z  DEBUG - Socket closed: false
2025-06-27T02:08:09.936700Z  DEBUG - Read loop exiting, closing connection
2025-06-27T02:08:09.936734Z  DEBUG - Failed to send GOAWAY: write (#<TCPSocket:0x1030797e0>): Broken pipe
2025-06-27T02:08:09.936984Z  DEBUG - Connection.start called, is_server=true
2025-06-27T02:08:09.936985Z  DEBUG - Reading client preface...
2025-06-27T02:08:09.936985Z  DEBUG - Attempting to read 24 bytes for preface
2025-06-27T02:08:09.937319Z  DEBUG - Read preface bytes: 505249202a20485454502f322e300d0a0d0a534d0d0a0d0a
2025-06-27T02:08:09.937319Z  DEBUG - Client preface read successfully
2025-06-27T02:08:09.937320Z  DEBUG - Starting without preface...
2025-06-27T02:08:09.937331Z  DEBUG - Connection started successfully
2025-06-27T02:08:09.937369Z  DEBUG - Read loop started for connection 127.0.0.1
2025-06-27T02:08:09.937370Z  DEBUG - Reading frame header...
2025-06-27T02:08:09.937373Z  DEBUG - Applying remote setting: INITIAL_WINDOW_SIZE = 65535
2025-06-27T02:08:09.937375Z  DEBUG - Updating stream windows: old=65535, new=65535, diff=0
2025-06-27T02:08:09.937375Z  DEBUG - Sending SETTINGS ACK
2025-06-27T02:08:09.937380Z  DEBUG - SETTINGS ACK sent
2025-06-27T02:08:09.937381Z  DEBUG - Successfully handled frame: HT2::SettingsFrame on stream 0
2025-06-27T02:08:09.937382Z  DEBUG - Reading frame header...
2025-06-27T02:08:09.937384Z  DEBUG - Successfully handled frame: HT2::SettingsFrame on stream 0
2025-06-27T02:08:09.937385Z  DEBUG - Reading frame header...
2025-06-27T02:08:09.937388Z  DEBUG - Successfully handled frame: HT2::SettingsFrame on stream 0
2025-06-27T02:08:09.937389Z  DEBUG - Reading frame header...
2025-06-27T02:08:09.937457Z  DEBUG - HEADERS frame parsing: payload_size=34, offset=0, padding=0, header_block_size=34
2025-06-27T02:08:09.937458Z  DEBUG - Header block hex: 828684418aa0e41d139d09b8f81e07000a757365722d6167656e7406683273706563
2025-06-27T02:08:09.937462Z  DEBUG - HEADERS frame: stream_id=1, flags=END_STREAM | END_HEADERS, padding=0, priority=nil, header_block_size=34
2025-06-27T02:08:09.937463Z  DEBUG - Full header block hex: 828684418aa0e41d139d09b8f81e07000a757365722d6167656e7406683273706563
2025-06-27T02:08:09.937463Z  DEBUG - Decoding HEADERS frame with block size: 34
2025-06-27T02:08:09.937464Z  DEBUG - First 20 bytes of header block: 828684418aa0e41d139d09b8f81e07000a757365
2025-06-27T02:08:09.937465Z  DEBUG - HPACK: Decoding Huffman string, length=10, data=a0e41d139d09b8f81e07
2025-06-27T02:08:09.937514Z  DEBUG - Huffman decode: data.size=10, hex=a0e41d139d09b8f81e07
2025-06-27T02:08:09.937514Z  DEBUG - Huffman decode: Checking for potential EOS pattern in data
2025-06-27T02:08:09.937516Z  DEBUG - Huffman padding check: last_symbol_bit=76, total_bits=80, padding_bits=3
2025-06-27T02:08:09.937517Z  DEBUG - HPACK: Huffman decoded to: "localhost:9080"
2025-06-27T02:08:09.937525Z  DEBUG - Decoded headers before validation: [{":method", "GET"}, {":scheme", "http"}, {":path", "/"}, {":authority", "localhost:9080"}, {"user-agent", "h2spec"}]
2025-06-27T02:08:09.937536Z  DEBUG - Validated headers: [{":method", "GET"}, {":scheme", "http"}, {":path", "/"}, {":authority", "localhost:9080"}, {"user-agent", "h2spec"}]
2025-06-27T02:08:09.937537Z  DEBUG - Server received headers for stream 1, end_stream: true, headers_count: 5
2025-06-27T02:08:09.937543Z  DEBUG - Headers: [{":method", "GET"}, {":scheme", "http"}, {":path", "/"}, {":authority", "localhost:9080"}, {"user-agent", "h2spec"}]
2025-06-27T02:08:09.937543Z  DEBUG - is_trailers=false, end_stream=true, stream.end_stream_received=true
2025-06-27T02:08:09.937544Z  DEBUG - Processing request immediately (headers with END_STREAM)
2025-06-27T02:08:09.937545Z  DEBUG - Successfully handled frame: HT2::HeadersFrame on stream 1
2025-06-27T02:08:09.937546Z  DEBUG - Reading frame header...
2025-06-27T02:08:09.937642Z  DEBUG - Handling stream 1 with headers: [{":method", "GET"}, {":scheme", "http"}, {":path", "/"}, {":authority", "localhost:9080"}, {"user-agent", "h2spec"}]
2025-06-27T02:08:09.937643Z  DEBUG - Created request for stream 1: GET /
2025-06-27T02:08:09.937644Z   INFO - Request: GET /
2025-06-27T02:08:09.937645Z  DEBUG - Response.send_headers called, end_stream=false, headers_sent=false
2025-06-27T02:08:09.937646Z  DEBUG - Response: Sending 2 headers
2025-06-27T02:08:09.937647Z  DEBUG - Stream 1: send_headers called with 2 headers, end_stream=false
2025-06-27T02:08:09.937651Z  DEBUG - Stream 1: Sending HEADERS frame with flags=END_HEADERS, header_block_size=13
2025-06-27T02:08:09.937663Z  DEBUG - Stream 1: send_headers completed, new state=HALF_CLOSED_REMOTE
2025-06-27T02:08:09.937664Z  DEBUG - Response.write: Sending 100 bytes of data
2025-06-27T02:08:09.937664Z  DEBUG - Response.write: stream_window=65535, conn_window=65535, available=65535
2025-06-27T02:08:09.937665Z  DEBUG - Stream.send_chunks: Starting to send 100 bytes in chunks of 16384
2025-06-27T02:08:09.937666Z  DEBUG - Stream.send_chunk: Sending chunk from 0 to 100 (100 bytes), last_chunk=true
2025-06-27T02:08:09.937667Z  DEBUG - Stream.send_data: size=100, send_window=65535, conn_window=65535
2025-06-27T02:08:09.937670Z  DEBUG - Stream.send_chunks: Finished sending all chunks
2025-06-27T02:08:09.937671Z  DEBUG - Response.close: Sending empty DATA frame with END_STREAM
2025-06-27T02:08:09.937671Z  DEBUG - Stream.send_data: size=0, send_window=65435, conn_window=65435
2025-06-27T02:08:09.937675Z  DEBUG - Completed handling stream 1
2025-06-27T02:08:09.937774Z  DEBUG - Failed to read frame header: read (#<TCPSocket:0x1030796c0>): Connection reset by peer
2025-06-27T02:08:09.937780Z  DEBUG - Read loop IO error: IO::Error - read (#<TCPSocket:0x1030796c0>): Connection reset by peer
2025-06-27T02:08:09.937780Z  DEBUG - Socket closed: false
2025-06-27T02:08:09.937780Z  DEBUG - Read loop exiting, closing connection
2025-06-27T02:08:09.937813Z  DEBUG - Failed to send GOAWAY: write (#<TCPSocket:0x1030796c0>): Broken pipe
2025-06-27T02:08:09.938055Z  DEBUG - Connection.start called, is_server=true
2025-06-27T02:08:09.938056Z  DEBUG - Reading client preface...
2025-06-27T02:08:09.938056Z  DEBUG - Attempting to read 24 bytes for preface
2025-06-27T02:08:09.938081Z  DEBUG - Read preface bytes: 505249202a20485454502f322e300d0a0d0a534d0d0a0d0a
2025-06-27T02:08:09.938082Z  DEBUG - Client preface read successfully
2025-06-27T02:08:09.938082Z  DEBUG - Starting without preface...
2025-06-27T02:08:09.938100Z  DEBUG - Connection started successfully
2025-06-27T02:08:09.938121Z  DEBUG - Read loop started for connection 127.0.0.1
2025-06-27T02:08:09.938121Z  DEBUG - Reading frame header...
2025-06-27T02:08:09.938125Z  DEBUG - Applying remote setting: INITIAL_WINDOW_SIZE = 65535
2025-06-27T02:08:09.938126Z  DEBUG - Updating stream windows: old=65535, new=65535, diff=0
2025-06-27T02:08:09.938126Z  DEBUG - Sending SETTINGS ACK
2025-06-27T02:08:09.938131Z  DEBUG - SETTINGS ACK sent
2025-06-27T02:08:09.938131Z  DEBUG - Successfully handled frame: HT2::SettingsFrame on stream 0
2025-06-27T02:08:09.938132Z  DEBUG - Reading frame header...
2025-06-27T02:08:09.938135Z  DEBUG - Successfully handled frame: HT2::SettingsFrame on stream 0
2025-06-27T02:08:09.938136Z  DEBUG - Reading frame header...
2025-06-27T02:08:09.938191Z  DEBUG - Successfully handled frame: HT2::SettingsFrame on stream 0
2025-06-27T02:08:09.938192Z  DEBUG - Reading frame header...
2025-06-27T02:08:09.938194Z  DEBUG - HEADERS frame parsing: payload_size=29, offset=0, padding=0, header_block_size=29
2025-06-27T02:08:09.938195Z  DEBUG - Header block hex: 828684418aa0e41d139d09b8f81e070087b505b161cc5a93849c48aca4
2025-06-27T02:08:09.938198Z  DEBUG - HEADERS frame: stream_id=1, flags=END_STREAM | END_HEADERS, padding=0, priority=nil, header_block_size=29
2025-06-27T02:08:09.938199Z  DEBUG - Full header block hex: 828684418aa0e41d139d09b8f81e070087b505b161cc5a93849c48aca4
2025-06-27T02:08:09.938199Z  DEBUG - Decoding HEADERS frame with block size: 29
2025-06-27T02:08:09.938200Z  DEBUG - First 20 bytes of header block: 828684418aa0e41d139d09b8f81e070087b505b1
2025-06-27T02:08:09.938201Z  DEBUG - HPACK: Decoding Huffman string, length=10, data=a0e41d139d09b8f81e07
2025-06-27T02:08:09.938250Z  DEBUG - Huffman decode: data.size=10, hex=a0e41d139d09b8f81e07
2025-06-27T02:08:09.938251Z  DEBUG - Huffman decode: Checking for potential EOS pattern in data
2025-06-27T02:08:09.938252Z  DEBUG - Huffman padding check: last_symbol_bit=76, total_bits=80, padding_bits=3
2025-06-27T02:08:09.938254Z  DEBUG - HPACK: Huffman decoded to: "localhost:9080"
2025-06-27T02:08:09.938255Z  DEBUG - HPACK: Decoding Huffman string, length=7, data=b505b161cc5a93
2025-06-27T02:08:09.938303Z  DEBUG - Huffman decode: data.size=7, hex=b505b161cc5a93
2025-06-27T02:08:09.938304Z  DEBUG - Huffman decode: Checking for potential EOS pattern in data
2025-06-27T02:08:09.938305Z  DEBUG - Huffman padding check: last_symbol_bit=54, total_bits=56, padding_bits=1
2025-06-27T02:08:09.938306Z  DEBUG - HPACK: Huffman decoded to: "user-agent"
2025-06-27T02:08:09.938307Z  DEBUG - HPACK: Decoding Huffman string, length=4, data=9c48aca4
2025-06-27T02:08:09.938353Z  DEBUG - Huffman decode: data.size=4, hex=9c48aca4
2025-06-27T02:08:09.938353Z  DEBUG - Huffman decode: Checking for potential EOS pattern in data
2025-06-27T02:08:09.938355Z  DEBUG - HPACK: Huffman decoded to: "h2spec"
2025-06-27T02:08:09.938361Z  DEBUG - Decoded headers before validation: [{":method", "GET"}, {":scheme", "http"}, {":path", "/"}, {":authority", "localhost:9080"}, {"user-agent", "h2spec"}]
2025-06-27T02:08:09.938372Z  DEBUG - Validated headers: [{":method", "GET"}, {":scheme", "http"}, {":path", "/"}, {":authority", "localhost:9080"}, {"user-agent", "h2spec"}]
2025-06-27T02:08:09.938373Z  DEBUG - Server received headers for stream 1, end_stream: true, headers_count: 5
2025-06-27T02:08:09.938379Z  DEBUG - Headers: [{":method", "GET"}, {":scheme", "http"}, {":path", "/"}, {":authority", "localhost:9080"}, {"user-agent", "h2spec"}]
2025-06-27T02:08:09.938380Z  DEBUG - is_trailers=false, end_stream=true, stream.end_stream_received=true
2025-06-27T02:08:09.938380Z  DEBUG - Processing request immediately (headers with END_STREAM)
2025-06-27T02:08:09.938381Z  DEBUG - Successfully handled frame: HT2::HeadersFrame on stream 1
2025-06-27T02:08:09.938382Z  DEBUG - Reading frame header...
2025-06-27T02:08:09.938515Z  DEBUG - Handling stream 1 with headers: [{":method", "GET"}, {":scheme", "http"}, {":path", "/"}, {":authority", "localhost:9080"}, {"user-agent", "h2spec"}]
2025-06-27T02:08:09.938517Z  DEBUG - Created request for stream 1: GET /
2025-06-27T02:08:09.938518Z   INFO - Request: GET /
2025-06-27T02:08:09.938519Z  DEBUG - Response.send_headers called, end_stream=false, headers_sent=false
2025-06-27T02:08:09.938520Z  DEBUG - Response: Sending 2 headers
2025-06-27T02:08:09.938520Z  DEBUG - Stream 1: send_headers called with 2 headers, end_stream=false
2025-06-27T02:08:09.938524Z  DEBUG - Stream 1: Sending HEADERS frame with flags=END_HEADERS, header_block_size=13
2025-06-27T02:08:09.938536Z  DEBUG - Stream 1: send_headers completed, new state=HALF_CLOSED_REMOTE
2025-06-27T02:08:09.938536Z  DEBUG - Response.write: Sending 100 bytes of data
2025-06-27T02:08:09.938537Z  DEBUG - Response.write: stream_window=65535, conn_window=65535, available=65535
2025-06-27T02:08:09.938538Z  DEBUG - Stream.send_chunks: Starting to send 100 bytes in chunks of 16384
2025-06-27T02:08:09.938539Z  DEBUG - Stream.send_chunk: Sending chunk from 0 to 100 (100 bytes), last_chunk=true
2025-06-27T02:08:09.938540Z  DEBUG - Stream.send_data: size=100, send_window=65535, conn_window=65535
2025-06-27T02:08:09.938543Z  DEBUG - Stream.send_chunks: Finished sending all chunks
2025-06-27T02:08:09.938543Z  DEBUG - Response.close: Sending empty DATA frame with END_STREAM
2025-06-27T02:08:09.938544Z  DEBUG - Stream.send_data: size=0, send_window=65435, conn_window=65435
2025-06-27T02:08:09.938548Z  DEBUG - Completed handling stream 1
2025-06-27T02:08:09.938642Z  DEBUG - Failed to read frame header: read (#<TCPSocket:0x1030795a0>): Connection reset by peer
2025-06-27T02:08:09.938648Z  DEBUG - Read loop IO error: IO::Error - read (#<TCPSocket:0x1030795a0>): Connection reset by peer
2025-06-27T02:08:09.938648Z  DEBUG - Socket closed: false
2025-06-27T02:08:09.938648Z  DEBUG - Read loop exiting, closing connection
2025-06-27T02:08:09.938687Z  DEBUG - Failed to send GOAWAY: write (#<TCPSocket:0x1030795a0>): Broken pipe
2025-06-27T02:08:09.938922Z  DEBUG - Connection.start called, is_server=true
2025-06-27T02:08:09.938922Z  DEBUG - Reading client preface...
2025-06-27T02:08:09.938923Z  DEBUG - Attempting to read 24 bytes for preface
2025-06-27T02:08:09.938945Z  DEBUG - Read preface bytes: 505249202a20485454502f322e300d0a0d0a534d0d0a0d0a
2025-06-27T02:08:09.938949Z  DEBUG - Client preface read successfully
2025-06-27T02:08:09.938949Z  DEBUG - Starting without preface...
2025-06-27T02:08:09.938962Z  DEBUG - Connection started successfully
2025-06-27T02:08:09.938984Z  DEBUG - Read loop started for connection 127.0.0.1
2025-06-27T02:08:09.938985Z  DEBUG - Reading frame header...
2025-06-27T02:08:09.938988Z  DEBUG - Applying remote setting: INITIAL_WINDOW_SIZE = 65535
2025-06-27T02:08:09.938990Z  DEBUG - Updating stream windows: old=65535, new=65535, diff=0
2025-06-27T02:08:09.938990Z  DEBUG - Sending SETTINGS ACK
2025-06-27T02:08:09.938994Z  DEBUG - SETTINGS ACK sent
2025-06-27T02:08:09.938995Z  DEBUG - Successfully handled frame: HT2::SettingsFrame on stream 0
2025-06-27T02:08:09.938996Z  DEBUG - Reading frame header...
2025-06-27T02:08:09.938999Z  DEBUG - Successfully handled frame: HT2::SettingsFrame on stream 0
2025-06-27T02:08:09.938999Z  DEBUG - Reading frame header...
2025-06-27T02:08:09.939051Z  DEBUG - Successfully handled frame: HT2::SettingsFrame on stream 0
2025-06-27T02:08:09.939052Z  DEBUG - Reading frame header...
2025-06-27T02:08:09.939053Z  DEBUG - HEADERS frame parsing: payload_size=30, offset=0, padding=0, header_block_size=30
2025-06-27T02:08:09.939054Z  DEBUG - Header block hex: 828684418aa0e41d139d09b8f81e070006782d7465737406683273706563
2025-06-27T02:08:09.939057Z  DEBUG - HEADERS frame: stream_id=1, flags=END_STREAM | END_HEADERS, padding=0, priority=nil, header_block_size=30
2025-06-27T02:08:09.939058Z  DEBUG - Full header block hex: 828684418aa0e41d139d09b8f81e070006782d7465737406683273706563
2025-06-27T02:08:09.939058Z  DEBUG - Decoding HEADERS frame with block size: 30
2025-06-27T02:08:09.939059Z  DEBUG - First 20 bytes of header block: 828684418aa0e41d139d09b8f81e070006782d74
2025-06-27T02:08:09.939060Z  DEBUG - HPACK: Decoding Huffman string, length=10, data=a0e41d139d09b8f81e07
2025-06-27T02:08:09.939109Z  DEBUG - Huffman decode: data.size=10, hex=a0e41d139d09b8f81e07
2025-06-27T02:08:09.939109Z  DEBUG - Huffman decode: Checking for potential EOS pattern in data
2025-06-27T02:08:09.939111Z  DEBUG - Huffman padding check: last_symbol_bit=76, total_bits=80, padding_bits=3
2025-06-27T02:08:09.939112Z  DEBUG - HPACK: Huffman decoded to: "localhost:9080"
2025-06-27T02:08:09.939119Z  DEBUG - Decoded headers before validation: [{":method", "GET"}, {":scheme", "http"}, {":path", "/"}, {":authority", "localhost:9080"}, {"x-test", "h2spec"}]
2025-06-27T02:08:09.939129Z  DEBUG - Validated headers: [{":method", "GET"}, {":scheme", "http"}, {":path", "/"}, {":authority", "localhost:9080"}, {"x-test", "h2spec"}]
2025-06-27T02:08:09.939130Z  DEBUG - Server received headers for stream 1, end_stream: true, headers_count: 5
2025-06-27T02:08:09.939136Z  DEBUG - Headers: [{":method", "GET"}, {":scheme", "http"}, {":path", "/"}, {":authority", "localhost:9080"}, {"x-test", "h2spec"}]
2025-06-27T02:08:09.939137Z  DEBUG - is_trailers=false, end_stream=true, stream.end_stream_received=true
2025-06-27T02:08:09.939137Z  DEBUG - Processing request immediately (headers with END_STREAM)
2025-06-27T02:08:09.939138Z  DEBUG - Successfully handled frame: HT2::HeadersFrame on stream 1
2025-06-27T02:08:09.939139Z  DEBUG - Reading frame header...
2025-06-27T02:08:09.939235Z  DEBUG - Handling stream 1 with headers: [{":method", "GET"}, {":scheme", "http"}, {":path", "/"}, {":authority", "localhost:9080"}, {"x-test", "h2spec"}]
2025-06-27T02:08:09.939237Z  DEBUG - Created request for stream 1: GET /
2025-06-27T02:08:09.939237Z   INFO - Request: GET /
2025-06-27T02:08:09.939238Z  DEBUG - Response.send_headers called, end_stream=false, headers_sent=false
2025-06-27T02:08:09.939239Z  DEBUG - Response: Sending 2 headers
2025-06-27T02:08:09.939240Z  DEBUG - Stream 1: send_headers called with 2 headers, end_stream=false
2025-06-27T02:08:09.939244Z  DEBUG - Stream 1: Sending HEADERS frame with flags=END_HEADERS, header_block_size=13
2025-06-27T02:08:09.939255Z  DEBUG - Stream 1: send_headers completed, new state=HALF_CLOSED_REMOTE
2025-06-27T02:08:09.939256Z  DEBUG - Response.write: Sending 100 bytes of data
2025-06-27T02:08:09.939256Z  DEBUG - Response.write: stream_window=65535, conn_window=65535, available=65535
2025-06-27T02:08:09.939257Z  DEBUG - Stream.send_chunks: Starting to send 100 bytes in chunks of 16384
2025-06-27T02:08:09.939258Z  DEBUG - Stream.send_chunk: Sending chunk from 0 to 100 (100 bytes), last_chunk=true
2025-06-27T02:08:09.939259Z  DEBUG - Stream.send_data: size=100, send_window=65535, conn_window=65535
2025-06-27T02:08:09.939262Z  DEBUG - Stream.send_chunks: Finished sending all chunks
2025-06-27T02:08:09.939262Z  DEBUG - Response.close: Sending empty DATA frame with END_STREAM
2025-06-27T02:08:09.939263Z  DEBUG - Stream.send_data: size=0, send_window=65435, conn_window=65435
2025-06-27T02:08:09.939265Z  DEBUG - Completed handling stream 1
2025-06-27T02:08:09.939353Z  DEBUG - Failed to read frame header: read (#<TCPSocket:0x103079480>): Connection reset by peer
2025-06-27T02:08:09.939358Z  DEBUG - Read loop IO error: IO::Error - read (#<TCPSocket:0x103079480>): Connection reset by peer
2025-06-27T02:08:09.939359Z  DEBUG - Socket closed: false
2025-06-27T02:08:09.939359Z  DEBUG - Read loop exiting, closing connection
2025-06-27T02:08:09.939391Z  DEBUG - Failed to send GOAWAY: write (#<TCPSocket:0x103079480>): Broken pipe
2025-06-27T02:08:09.939620Z  DEBUG - Connection.start called, is_server=true
2025-06-27T02:08:09.939620Z  DEBUG - Reading client preface...
2025-06-27T02:08:09.939620Z  DEBUG - Attempting to read 24 bytes for preface
2025-06-27T02:08:09.939640Z  DEBUG - Read preface bytes: 505249202a20485454502f322e300d0a0d0a534d0d0a0d0a
2025-06-27T02:08:09.939641Z  DEBUG - Client preface read successfully
2025-06-27T02:08:09.939641Z  DEBUG - Starting without preface...
2025-06-27T02:08:09.939655Z  DEBUG - Connection started successfully
2025-06-27T02:08:09.939674Z  DEBUG - Read loop started for connection 127.0.0.1
2025-06-27T02:08:09.939674Z  DEBUG - Reading frame header...
2025-06-27T02:08:09.939677Z  DEBUG - Applying remote setting: INITIAL_WINDOW_SIZE = 65535
2025-06-27T02:08:09.939678Z  DEBUG - Updating stream windows: old=65535, new=65535, diff=0
2025-06-27T02:08:09.939678Z  DEBUG - Sending SETTINGS ACK
2025-06-27T02:08:09.939682Z  DEBUG - SETTINGS ACK sent
2025-06-27T02:08:09.939682Z  DEBUG - Successfully handled frame: HT2::SettingsFrame on stream 0
2025-06-27T02:08:09.939683Z  DEBUG - Reading frame header...
2025-06-27T02:08:09.939687Z  DEBUG - Successfully handled frame: HT2::SettingsFrame on stream 0
2025-06-27T02:08:09.939687Z  DEBUG - Reading frame header...
2025-06-27T02:08:09.939690Z  DEBUG - Successfully handled frame: HT2::SettingsFrame on stream 0
2025-06-27T02:08:09.939690Z  DEBUG - Reading frame header...
2025-06-27T02:08:09.939752Z  DEBUG - HEADERS frame parsing: payload_size=27, offset=0, padding=0, header_block_size=27
2025-06-27T02:08:09.939753Z  DEBUG - Header block hex: 828684418aa0e41d139d09b8f81e070085f2b24a84ff849c48aca4
2025-06-27T02:08:09.939758Z  DEBUG - HEADERS frame: stream_id=1, flags=END_STREAM | END_HEADERS, padding=0, priority=nil, header_block_size=27
2025-06-27T02:08:09.939759Z  DEBUG - Full header block hex: 828684418aa0e41d139d09b8f81e070085f2b24a84ff849c48aca4
2025-06-27T02:08:09.939759Z  DEBUG - Decoding HEADERS frame with block size: 27
2025-06-27T02:08:09.939760Z  DEBUG - First 20 bytes of header block: 828684418aa0e41d139d09b8f81e070085f2b24a
2025-06-27T02:08:09.939761Z  DEBUG - HPACK: Decoding Huffman string, length=10, data=a0e41d139d09b8f81e07
2025-06-27T02:08:09.939804Z  DEBUG - Huffman decode: data.size=10, hex=a0e41d139d09b8f81e07
2025-06-27T02:08:09.939805Z  DEBUG - Huffman decode: Checking for potential EOS pattern in data
2025-06-27T02:08:09.939806Z  DEBUG - Huffman padding check: last_symbol_bit=76, total_bits=80, padding_bits=3
2025-06-27T02:08:09.939807Z  DEBUG - HPACK: Huffman decoded to: "localhost:9080"
2025-06-27T02:08:09.939809Z  DEBUG - HPACK: Decoding Huffman string, length=5, data=f2b24a84ff
2025-06-27T02:08:09.939853Z  DEBUG - Huffman decode: data.size=5, hex=f2b24a84ff
2025-06-27T02:08:09.939853Z  DEBUG - Huffman decode: Checking for potential EOS pattern in data
2025-06-27T02:08:09.939854Z  DEBUG - Huffman padding check: last_symbol_bit=32, total_bits=40, padding_bits=7
2025-06-27T02:08:09.939855Z  DEBUG - HPACK: Huffman decoded to: "x-test"
2025-06-27T02:08:09.939855Z  DEBUG - HPACK: Decoding Huffman string, length=4, data=9c48aca4
2025-06-27T02:08:09.939897Z  DEBUG - Huffman decode: data.size=4, hex=9c48aca4
2025-06-27T02:08:09.939897Z  DEBUG - Huffman decode: Checking for potential EOS pattern in data
2025-06-27T02:08:09.939898Z  DEBUG - HPACK: Huffman decoded to: "h2spec"
2025-06-27T02:08:09.939904Z  DEBUG - Decoded headers before validation: [{":method", "GET"}, {":scheme", "http"}, {":path", "/"}, {":authority", "localhost:9080"}, {"x-test", "h2spec"}]
2025-06-27T02:08:09.939913Z  DEBUG - Validated headers: [{":method", "GET"}, {":scheme", "http"}, {":path", "/"}, {":authority", "localhost:9080"}, {"x-test", "h2spec"}]
2025-06-27T02:08:09.939915Z  DEBUG - Server received headers for stream 1, end_stream: true, headers_count: 5
2025-06-27T02:08:09.939920Z  DEBUG - Headers: [{":method", "GET"}, {":scheme", "http"}, {":path", "/"}, {":authority", "localhost:9080"}, {"x-test", "h2spec"}]
2025-06-27T02:08:09.939920Z  DEBUG - is_trailers=false, end_stream=true, stream.end_stream_received=true
2025-06-27T02:08:09.939920Z  DEBUG - Processing request immediately (headers with END_STREAM)
2025-06-27T02:08:09.939921Z  DEBUG - Successfully handled frame: HT2::HeadersFrame on stream 1
2025-06-27T02:08:09.939922Z  DEBUG - Reading frame header...
2025-06-27T02:08:09.940042Z  DEBUG - Handling stream 1 with headers: [{":method", "GET"}, {":scheme", "http"}, {":path", "/"}, {":authority", "localhost:9080"}, {"x-test", "h2spec"}]
2025-06-27T02:08:09.940043Z  DEBUG - Created request for stream 1: GET /
2025-06-27T02:08:09.940044Z   INFO - Request: GET /
2025-06-27T02:08:09.940045Z  DEBUG - Response.send_headers called, end_stream=false, headers_sent=false
2025-06-27T02:08:09.940046Z  DEBUG - Response: Sending 2 headers
2025-06-27T02:08:09.940046Z  DEBUG - Stream 1: send_headers called with 2 headers, end_stream=false
2025-06-27T02:08:09.940050Z  DEBUG - Stream 1: Sending HEADERS frame with flags=END_HEADERS, header_block_size=13
2025-06-27T02:08:09.940061Z  DEBUG - Stream 1: send_headers completed, new state=HALF_CLOSED_REMOTE
2025-06-27T02:08:09.940062Z  DEBUG - Response.write: Sending 100 bytes of data
2025-06-27T02:08:09.940062Z  DEBUG - Response.write: stream_window=65535, conn_window=65535, available=65535
2025-06-27T02:08:09.940065Z  DEBUG - Stream.send_chunks: Starting to send 100 bytes in chunks of 16384
2025-06-27T02:08:09.940066Z  DEBUG - Stream.send_chunk: Sending chunk from 0 to 100 (100 bytes), last_chunk=true
2025-06-27T02:08:09.940067Z  DEBUG - Stream.send_data: size=100, send_window=65535, conn_window=65535
2025-06-27T02:08:09.940070Z  DEBUG - Stream.send_chunks: Finished sending all chunks
2025-06-27T02:08:09.940070Z  DEBUG - Response.close: Sending empty DATA frame with END_STREAM
2025-06-27T02:08:09.940071Z  DEBUG - Stream.send_data: size=0, send_window=65435, conn_window=65435
2025-06-27T02:08:09.940074Z  DEBUG - Completed handling stream 1
2025-06-27T02:08:09.940163Z  DEBUG - Failed to read frame header: read (#<TCPSocket:0x103079360>): Connection reset by peer
2025-06-27T02:08:09.940168Z  DEBUG - Read loop IO error: IO::Error - read (#<TCPSocket:0x103079360>): Connection reset by peer
2025-06-27T02:08:09.940168Z  DEBUG - Socket closed: false
2025-06-27T02:08:09.940169Z  DEBUG - Read loop exiting, closing connection
2025-06-27T02:08:09.940198Z  DEBUG - Failed to send GOAWAY: write (#<TCPSocket:0x103079360>): Broken pipe
2025-06-27T02:08:09.940438Z  DEBUG - Connection.start called, is_server=true
2025-06-27T02:08:09.940438Z  DEBUG - Reading client preface...
2025-06-27T02:08:09.940438Z  DEBUG - Attempting to read 24 bytes for preface
2025-06-27T02:08:09.940445Z  DEBUG - Read preface bytes: 505249202a20485454502f322e300d0a0d0a534d0d0a0d0a
2025-06-27T02:08:09.940446Z  DEBUG - Client preface read successfully
2025-06-27T02:08:09.940446Z  DEBUG - Starting without preface...
2025-06-27T02:08:09.940458Z  DEBUG - Connection started successfully
2025-06-27T02:08:09.940496Z  DEBUG - Read loop started for connection 127.0.0.1
2025-06-27T02:08:09.940497Z  DEBUG - Reading frame header...
2025-06-27T02:08:09.940500Z  DEBUG - Applying remote setting: INITIAL_WINDOW_SIZE = 65535
2025-06-27T02:08:09.940501Z  DEBUG - Updating stream windows: old=65535, new=65535, diff=0
2025-06-27T02:08:09.940501Z  DEBUG - Sending SETTINGS ACK
2025-06-27T02:08:09.940506Z  DEBUG - SETTINGS ACK sent
2025-06-27T02:08:09.940506Z  DEBUG - Successfully handled frame: HT2::SettingsFrame on stream 0
2025-06-27T02:08:09.940507Z  DEBUG - Reading frame header...
2025-06-27T02:08:09.940509Z  DEBUG - Successfully handled frame: HT2::SettingsFrame on stream 0
2025-06-27T02:08:09.940510Z  DEBUG - Reading frame header...
2025-06-27T02:08:09.940512Z  DEBUG - Successfully handled frame: HT2::SettingsFrame on stream 0
2025-06-27T02:08:09.940513Z  DEBUG - Reading frame header...
2025-06-27T02:08:09.940569Z  DEBUG - HEADERS frame parsing: payload_size=34, offset=0, padding=0, header_block_size=34
2025-06-27T02:08:09.940570Z  DEBUG - Header block hex: 828684418aa0e41d139d09b8f81e07100a757365722d6167656e7406683273706563
2025-06-27T02:08:09.940573Z  DEBUG - HEADERS frame: stream_id=1, flags=END_STREAM | END_HEADERS, padding=0, priority=nil, header_block_size=34
2025-06-27T02:08:09.940573Z  DEBUG - Full header block hex: 828684418aa0e41d139d09b8f81e07100a757365722d6167656e7406683273706563
2025-06-27T02:08:09.940574Z  DEBUG - Decoding HEADERS frame with block size: 34
2025-06-27T02:08:09.940574Z  DEBUG - First 20 bytes of header block: 828684418aa0e41d139d09b8f81e07100a757365
2025-06-27T02:08:09.940575Z  DEBUG - HPACK: Decoding Huffman string, length=10, data=a0e41d139d09b8f81e07
2025-06-27T02:08:09.940622Z  DEBUG - Huffman decode: data.size=10, hex=a0e41d139d09b8f81e07
2025-06-27T02:08:09.940622Z  DEBUG - Huffman decode: Checking for potential EOS pattern in data
2025-06-27T02:08:09.940624Z  DEBUG - Huffman padding check: last_symbol_bit=76, total_bits=80, padding_bits=3
2025-06-27T02:08:09.940625Z  DEBUG - HPACK: Huffman decoded to: "localhost:9080"
2025-06-27T02:08:09.940632Z  DEBUG - Decoded headers before validation: [{":method", "GET"}, {":scheme", "http"}, {":path", "/"}, {":authority", "localhost:9080"}, {"user-agent", "h2spec"}]
2025-06-27T02:08:09.940642Z  DEBUG - Validated headers: [{":method", "GET"}, {":scheme", "http"}, {":path", "/"}, {":authority", "localhost:9080"}, {"user-agent", "h2spec"}]
2025-06-27T02:08:09.940644Z  DEBUG - Server received headers for stream 1, end_stream: true, headers_count: 5
2025-06-27T02:08:09.940649Z  DEBUG - Headers: [{":method", "GET"}, {":scheme", "http"}, {":path", "/"}, {":authority", "localhost:9080"}, {"user-agent", "h2spec"}]
2025-06-27T02:08:09.940650Z  DEBUG - is_trailers=false, end_stream=true, stream.end_stream_received=true
2025-06-27T02:08:09.940650Z  DEBUG - Processing request immediately (headers with END_STREAM)
2025-06-27T02:08:09.940651Z  DEBUG - Successfully handled frame: HT2::HeadersFrame on stream 1
2025-06-27T02:08:09.940652Z  DEBUG - Reading frame header...
2025-06-27T02:08:09.940733Z  DEBUG - Handling stream 1 with headers: [{":method", "GET"}, {":scheme", "http"}, {":path", "/"}, {":authority", "localhost:9080"}, {"user-agent", "h2spec"}]
2025-06-27T02:08:09.940735Z  DEBUG - Created request for stream 1: GET /
2025-06-27T02:08:09.940735Z   INFO - Request: GET /
2025-06-27T02:08:09.940736Z  DEBUG - Response.send_headers called, end_stream=false, headers_sent=false
2025-06-27T02:08:09.940737Z  DEBUG - Response: Sending 2 headers
2025-06-27T02:08:09.940738Z  DEBUG - Stream 1: send_headers called with 2 headers, end_stream=false
2025-06-27T02:08:09.940741Z  DEBUG - Stream 1: Sending HEADERS frame with flags=END_HEADERS, header_block_size=13
2025-06-27T02:08:09.940753Z  DEBUG - Stream 1: send_headers completed, new state=HALF_CLOSED_REMOTE
2025-06-27T02:08:09.940753Z  DEBUG - Response.write: Sending 100 bytes of data
2025-06-27T02:08:09.940754Z  DEBUG - Response.write: stream_window=65535, conn_window=65535, available=65535
2025-06-27T02:08:09.940755Z  DEBUG - Stream.send_chunks: Starting to send 100 bytes in chunks of 16384
2025-06-27T02:08:09.940756Z  DEBUG - Stream.send_chunk: Sending chunk from 0 to 100 (100 bytes), last_chunk=true
2025-06-27T02:08:09.940757Z  DEBUG - Stream.send_data: size=100, send_window=65535, conn_window=65535
2025-06-27T02:08:09.940760Z  DEBUG - Stream.send_chunks: Finished sending all chunks
2025-06-27T02:08:09.940760Z  DEBUG - Response.close: Sending empty DATA frame with END_STREAM
2025-06-27T02:08:09.940761Z  DEBUG - Stream.send_data: size=0, send_window=65435, conn_window=65435
2025-06-27T02:08:09.940764Z  DEBUG - Completed handling stream 1
2025-06-27T02:08:09.940852Z  DEBUG - Failed to read frame header: read (#<TCPSocket:0x103079240>): Connection reset by peer
2025-06-27T02:08:09.940857Z  DEBUG - Read loop IO error: IO::Error - read (#<TCPSocket:0x103079240>): Connection reset by peer
2025-06-27T02:08:09.940858Z  DEBUG - Socket closed: false
2025-06-27T02:08:09.940858Z  DEBUG - Read loop exiting, closing connection
2025-06-27T02:08:09.940888Z  DEBUG - Failed to send GOAWAY: write (#<TCPSocket:0x103079240>): Broken pipe
2025-06-27T02:08:09.941147Z  DEBUG - Connection.start called, is_server=true
2025-06-27T02:08:09.941147Z  DEBUG - Reading client preface...
2025-06-27T02:08:09.941148Z  DEBUG - Attempting to read 24 bytes for preface
2025-06-27T02:08:09.941152Z  DEBUG - Read preface bytes: 505249202a20485454502f322e300d0a0d0a534d0d0a0d0a
2025-06-27T02:08:09.941153Z  DEBUG - Client preface read successfully
2025-06-27T02:08:09.941153Z  DEBUG - Starting without preface...
2025-06-27T02:08:09.941164Z  DEBUG - Connection started successfully
2025-06-27T02:08:09.941201Z  DEBUG - Read loop started for connection 127.0.0.1
2025-06-27T02:08:09.941201Z  DEBUG - Reading frame header...
2025-06-27T02:08:09.941204Z  DEBUG - Applying remote setting: INITIAL_WINDOW_SIZE = 65535
2025-06-27T02:08:09.941205Z  DEBUG - Updating stream windows: old=65535, new=65535, diff=0
2025-06-27T02:08:09.941206Z  DEBUG - Sending SETTINGS ACK
2025-06-27T02:08:09.941211Z  DEBUG - SETTINGS ACK sent
2025-06-27T02:08:09.941211Z  DEBUG - Successfully handled frame: HT2::SettingsFrame on stream 0
2025-06-27T02:08:09.941212Z  DEBUG - Reading frame header...
2025-06-27T02:08:09.941216Z  DEBUG - Successfully handled frame: HT2::SettingsFrame on stream 0
2025-06-27T02:08:09.941216Z  DEBUG - Reading frame header...
2025-06-27T02:08:09.941218Z  DEBUG - Successfully handled frame: HT2::SettingsFrame on stream 0
2025-06-27T02:08:09.941219Z  DEBUG - Reading frame header...
2025-06-27T02:08:09.941274Z  DEBUG - HEADERS frame parsing: payload_size=29, offset=0, padding=0, header_block_size=29
2025-06-27T02:08:09.941275Z  DEBUG - Header block hex: 828684418aa0e41d139d09b8f81e071087b505b161cc5a93849c48aca4
2025-06-27T02:08:09.941278Z  DEBUG - HEADERS frame: stream_id=1, flags=END_STREAM | END_HEADERS, padding=0, priority=nil, header_block_size=29
2025-06-27T02:08:09.941279Z  DEBUG - Full header block hex: 828684418aa0e41d139d09b8f81e071087b505b161cc5a93849c48aca4
2025-06-27T02:08:09.941279Z  DEBUG - Decoding HEADERS frame with block size: 29
2025-06-27T02:08:09.941280Z  DEBUG - First 20 bytes of header block: 828684418aa0e41d139d09b8f81e071087b505b1
2025-06-27T02:08:09.941281Z  DEBUG - HPACK: Decoding Huffman string, length=10, data=a0e41d139d09b8f81e07
2025-06-27T02:08:09.941329Z  DEBUG - Huffman decode: data.size=10, hex=a0e41d139d09b8f81e07
2025-06-27T02:08:09.941329Z  DEBUG - Huffman decode: Checking for potential EOS pattern in data
2025-06-27T02:08:09.941331Z  DEBUG - Huffman padding check: last_symbol_bit=76, total_bits=80, padding_bits=3
2025-06-27T02:08:09.941332Z  DEBUG - HPACK: Huffman decoded to: "localhost:9080"
2025-06-27T02:08:09.941333Z  DEBUG - HPACK: Decoding Huffman string, length=7, data=b505b161cc5a93
2025-06-27T02:08:09.941380Z  DEBUG - Huffman decode: data.size=7, hex=b505b161cc5a93
2025-06-27T02:08:09.941381Z  DEBUG - Huffman decode: Checking for potential EOS pattern in data
2025-06-27T02:08:09.941382Z  DEBUG - Huffman padding check: last_symbol_bit=54, total_bits=56, padding_bits=1
2025-06-27T02:08:09.941383Z  DEBUG - HPACK: Huffman decoded to: "user-agent"
2025-06-27T02:08:09.941384Z  DEBUG - HPACK: Decoding Huffman string, length=4, data=9c48aca4
2025-06-27T02:08:09.941429Z  DEBUG - Huffman decode: data.size=4, hex=9c48aca4
2025-06-27T02:08:09.941430Z  DEBUG - Huffman decode: Checking for potential EOS pattern in data
2025-06-27T02:08:09.941431Z  DEBUG - HPACK: Huffman decoded to: "h2spec"
2025-06-27T02:08:09.941437Z  DEBUG - Decoded headers before validation: [{":method", "GET"}, {":scheme", "http"}, {":path", "/"}, {":authority", "localhost:9080"}, {"user-agent", "h2spec"}]
2025-06-27T02:08:09.941447Z  DEBUG - Validated headers: [{":method", "GET"}, {":scheme", "http"}, {":path", "/"}, {":authority", "localhost:9080"}, {"user-agent", "h2spec"}]
2025-06-27T02:08:09.941449Z  DEBUG - Server received headers for stream 1, end_stream: true, headers_count: 5
2025-06-27T02:08:09.941454Z  DEBUG - Headers: [{":method", "GET"}, {":scheme", "http"}, {":path", "/"}, {":authority", "localhost:9080"}, {"user-agent", "h2spec"}]
2025-06-27T02:08:09.941454Z  DEBUG - is_trailers=false, end_stream=true, stream.end_stream_received=true
2025-06-27T02:08:09.941455Z  DEBUG - Processing request immediately (headers with END_STREAM)
2025-06-27T02:08:09.941456Z  DEBUG - Successfully handled frame: HT2::HeadersFrame on stream 1
2025-06-27T02:08:09.941456Z  DEBUG - Reading frame header...
2025-06-27T02:08:09.941572Z  DEBUG - Handling stream 1 with headers: [{":method", "GET"}, {":scheme", "http"}, {":path", "/"}, {":authority", "localhost:9080"}, {"user-agent", "h2spec"}]
2025-06-27T02:08:09.941574Z  DEBUG - Created request for stream 1: GET /
2025-06-27T02:08:09.941574Z   INFO - Request: GET /
2025-06-27T02:08:09.941575Z  DEBUG - Response.send_headers called, end_stream=false, headers_sent=false
2025-06-27T02:08:09.941576Z  DEBUG - Response: Sending 2 headers
2025-06-27T02:08:09.941577Z  DEBUG - Stream 1: send_headers called with 2 headers, end_stream=false
2025-06-27T02:08:09.941581Z  DEBUG - Stream 1: Sending HEADERS frame with flags=END_HEADERS, header_block_size=13
2025-06-27T02:08:09.941592Z  DEBUG - Stream 1: send_headers completed, new state=HALF_CLOSED_REMOTE
2025-06-27T02:08:09.941592Z  DEBUG - Response.write: Sending 100 bytes of data
2025-06-27T02:08:09.941593Z  DEBUG - Response.write: stream_window=65535, conn_window=65535, available=65535
2025-06-27T02:08:09.941594Z  DEBUG - Stream.send_chunks: Starting to send 100 bytes in chunks of 16384
2025-06-27T02:08:09.941595Z  DEBUG - Stream.send_chunk: Sending chunk from 0 to 100 (100 bytes), last_chunk=true
2025-06-27T02:08:09.941596Z  DEBUG - Stream.send_data: size=100, send_window=65535, conn_window=65535
2025-06-27T02:08:09.941599Z  DEBUG - Stream.send_chunks: Finished sending all chunks
2025-06-27T02:08:09.941599Z  DEBUG - Response.close: Sending empty DATA frame with END_STREAM
2025-06-27T02:08:09.941600Z  DEBUG - Stream.send_data: size=0, send_window=65435, conn_window=65435
2025-06-27T02:08:09.941602Z  DEBUG - Completed handling stream 1
2025-06-27T02:08:09.941690Z  DEBUG - Failed to read frame header: read (#<TCPSocket:0x103079120>): Connection reset by peer
2025-06-27T02:08:09.941696Z  DEBUG - Read loop IO error: IO::Error - read (#<TCPSocket:0x103079120>): Connection reset by peer
2025-06-27T02:08:09.941696Z  DEBUG - Socket closed: false
2025-06-27T02:08:09.941696Z  DEBUG - Read loop exiting, closing connection
2025-06-27T02:08:09.941729Z  DEBUG - Failed to send GOAWAY: write (#<TCPSocket:0x103079120>): Broken pipe
2025-06-27T02:08:09.941942Z  DEBUG - Connection.start called, is_server=true
2025-06-27T02:08:09.941942Z  DEBUG - Reading client preface...
2025-06-27T02:08:09.941943Z  DEBUG - Attempting to read 24 bytes for preface
2025-06-27T02:08:09.941947Z  DEBUG - Read preface bytes: 505249202a20485454502f322e300d0a0d0a534d0d0a0d0a
2025-06-27T02:08:09.941947Z  DEBUG - Client preface read successfully
2025-06-27T02:08:09.941947Z  DEBUG - Starting without preface...
2025-06-27T02:08:09.941955Z  DEBUG - Connection started successfully
2025-06-27T02:08:09.941989Z  DEBUG - Read loop started for connection 127.0.0.1
2025-06-27T02:08:09.941990Z  DEBUG - Reading frame header...
2025-06-27T02:08:09.941992Z  DEBUG - Applying remote setting: INITIAL_WINDOW_SIZE = 65535
2025-06-27T02:08:09.941993Z  DEBUG - Updating stream windows: old=65535, new=65535, diff=0
2025-06-27T02:08:09.941993Z  DEBUG - Sending SETTINGS ACK
2025-06-27T02:08:09.942000Z  DEBUG - SETTINGS ACK sent
2025-06-27T02:08:09.942000Z  DEBUG - Successfully handled frame: HT2::SettingsFrame on stream 0
2025-06-27T02:08:09.942001Z  DEBUG - Reading frame header...
2025-06-27T02:08:09.942003Z  DEBUG - Successfully handled frame: HT2::SettingsFrame on stream 0
2025-06-27T02:08:09.942004Z  DEBUG - Reading frame header...
2025-06-27T02:08:09.942006Z  DEBUG - Successfully handled frame: HT2::SettingsFrame on stream 0
2025-06-27T02:08:09.942006Z  DEBUG - Reading frame header...
2025-06-27T02:08:09.942065Z  DEBUG - HEADERS frame parsing: payload_size=27, offset=0, padding=0, header_block_size=27
2025-06-27T02:08:09.942066Z  DEBUG - Header block hex: 828684418aa0e41d139d09b8f81e071085f2b24a84ff849c48aca4
2025-06-27T02:08:09.942069Z  DEBUG - HEADERS frame: stream_id=1, flags=END_STREAM | END_HEADERS, padding=0, priority=nil, header_block_size=27
2025-06-27T02:08:09.942070Z  DEBUG - Full header block hex: 828684418aa0e41d139d09b8f81e071085f2b24a84ff849c48aca4
2025-06-27T02:08:09.942071Z  DEBUG - Decoding HEADERS frame with block size: 27
2025-06-27T02:08:09.942071Z  DEBUG - First 20 bytes of header block: 828684418aa0e41d139d09b8f81e071085f2b24a
2025-06-27T02:08:09.942072Z  DEBUG - HPACK: Decoding Huffman string, length=10, data=a0e41d139d09b8f81e07
2025-06-27T02:08:09.942121Z  DEBUG - Huffman decode: data.size=10, hex=a0e41d139d09b8f81e07
2025-06-27T02:08:09.942121Z  DEBUG - Huffman decode: Checking for potential EOS pattern in data
2025-06-27T02:08:09.942122Z  DEBUG - Huffman padding check: last_symbol_bit=76, total_bits=80, padding_bits=3
2025-06-27T02:08:09.942124Z  DEBUG - HPACK: Huffman decoded to: "localhost:9080"
2025-06-27T02:08:09.942125Z  DEBUG - HPACK: Decoding Huffman string, length=5, data=f2b24a84ff
2025-06-27T02:08:09.942170Z  DEBUG - Huffman decode: data.size=5, hex=f2b24a84ff
2025-06-27T02:08:09.942171Z  DEBUG - Huffman decode: Checking for potential EOS pattern in data
2025-06-27T02:08:09.942172Z  DEBUG - Huffman padding check: last_symbol_bit=32, total_bits=40, padding_bits=7
2025-06-27T02:08:09.942172Z  DEBUG - HPACK: Huffman decoded to: "x-test"
2025-06-27T02:08:09.942173Z  DEBUG - HPACK: Decoding Huffman string, length=4, data=9c48aca4
2025-06-27T02:08:09.942219Z  DEBUG - Huffman decode: data.size=4, hex=9c48aca4
2025-06-27T02:08:09.942219Z  DEBUG - Huffman decode: Checking for potential EOS pattern in data
2025-06-27T02:08:09.942220Z  DEBUG - HPACK: Huffman decoded to: "h2spec"
2025-06-27T02:08:09.942226Z  DEBUG - Decoded headers before validation: [{":method", "GET"}, {":scheme", "http"}, {":path", "/"}, {":authority", "localhost:9080"}, {"x-test", "h2spec"}]
2025-06-27T02:08:09.942236Z  DEBUG - Validated headers: [{":method", "GET"}, {":scheme", "http"}, {":path", "/"}, {":authority", "localhost:9080"}, {"x-test", "h2spec"}]
2025-06-27T02:08:09.942237Z  DEBUG - Server received headers for stream 1, end_stream: true, headers_count: 5
2025-06-27T02:08:09.942242Z  DEBUG - Headers: [{":method", "GET"}, {":scheme", "http"}, {":path", "/"}, {":authority", "localhost:9080"}, {"x-test", "h2spec"}]
2025-06-27T02:08:09.942243Z  DEBUG - is_trailers=false, end_stream=true, stream.end_stream_received=true
2025-06-27T02:08:09.942243Z  DEBUG - Processing request immediately (headers with END_STREAM)
2025-06-27T02:08:09.942244Z  DEBUG - Successfully handled frame: HT2::HeadersFrame on stream 1
2025-06-27T02:08:09.942244Z  DEBUG - Reading frame header...
2025-06-27T02:08:09.942363Z  DEBUG - Handling stream 1 with headers: [{":method", "GET"}, {":scheme", "http"}, {":path", "/"}, {":authority", "localhost:9080"}, {"x-test", "h2spec"}]
2025-06-27T02:08:09.942364Z  DEBUG - Created request for stream 1: GET /
2025-06-27T02:08:09.942364Z   INFO - Request: GET /
2025-06-27T02:08:09.942365Z  DEBUG - Response.send_headers called, end_stream=false, headers_sent=false
2025-06-27T02:08:09.942366Z  DEBUG - Response: Sending 2 headers
2025-06-27T02:08:09.942367Z  DEBUG - Stream 1: send_headers called with 2 headers, end_stream=false
2025-06-27T02:08:09.942370Z  DEBUG - Stream 1: Sending HEADERS frame with flags=END_HEADERS, header_block_size=13
2025-06-27T02:08:09.942382Z  DEBUG - Stream 1: send_headers completed, new state=HALF_CLOSED_REMOTE
2025-06-27T02:08:09.942382Z  DEBUG - Response.write: Sending 100 bytes of data
2025-06-27T02:08:09.942383Z  DEBUG - Response.write: stream_window=65535, conn_window=65535, available=65535
2025-06-27T02:08:09.942384Z  DEBUG - Stream.send_chunks: Starting to send 100 bytes in chunks of 16384
2025-06-27T02:08:09.942385Z  DEBUG - Stream.send_chunk: Sending chunk from 0 to 100 (100 bytes), last_chunk=true
2025-06-27T02:08:09.942386Z  DEBUG - Stream.send_data: size=100, send_window=65535, conn_window=65535
2025-06-27T02:08:09.942389Z  DEBUG - Stream.send_chunks: Finished sending all chunks
2025-06-27T02:08:09.942389Z  DEBUG - Response.close: Sending empty DATA frame with END_STREAM
2025-06-27T02:08:09.942390Z  DEBUG - Stream.send_data: size=0, send_window=65435, conn_window=65435
2025-06-27T02:08:09.942393Z  DEBUG - Completed handling stream 1
2025-06-27T02:08:09.942480Z  DEBUG - Failed to read frame header: read (#<TCPSocket:0x103079000>): Connection reset by peer
2025-06-27T02:08:09.942485Z  DEBUG - Read loop IO error: IO::Error - read (#<TCPSocket:0x103079000>): Connection reset by peer
2025-06-27T02:08:09.942486Z  DEBUG - Socket closed: false
2025-06-27T02:08:09.942486Z  DEBUG - Read loop exiting, closing connection
2025-06-27T02:08:09.942516Z  DEBUG - Failed to send GOAWAY: write (#<TCPSocket:0x103079000>): Broken pipe
2025-06-27T02:08:09.942796Z  DEBUG - Connection.start called, is_server=true
2025-06-27T02:08:09.942796Z  DEBUG - Reading client preface...
2025-06-27T02:08:09.942797Z  DEBUG - Attempting to read 24 bytes for preface
2025-06-27T02:08:09.942804Z  DEBUG - Read preface bytes: 505249202a20485454502f322e300d0a0d0a534d0d0a0d0a
2025-06-27T02:08:09.942804Z  DEBUG - Client preface read successfully
2025-06-27T02:08:09.942804Z  DEBUG - Starting without preface...
2025-06-27T02:08:09.942814Z  DEBUG - Connection started successfully
2025-06-27T02:08:09.942848Z  DEBUG - Read loop started for connection 127.0.0.1
2025-06-27T02:08:09.942849Z  DEBUG - Reading frame header...
2025-06-27T02:08:09.942853Z  DEBUG - Applying remote setting: INITIAL_WINDOW_SIZE = 65535
2025-06-27T02:08:09.942855Z  DEBUG - Updating stream windows: old=65535, new=65535, diff=0
2025-06-27T02:08:09.942855Z  DEBUG - Sending SETTINGS ACK
2025-06-27T02:08:09.942861Z  DEBUG - SETTINGS ACK sent
2025-06-27T02:08:09.942861Z  DEBUG - Successfully handled frame: HT2::SettingsFrame on stream 0
2025-06-27T02:08:09.942862Z  DEBUG - Reading frame header...
2025-06-27T02:08:09.942865Z  DEBUG - Successfully handled frame: HT2::SettingsFrame on stream 0
2025-06-27T02:08:09.942865Z  DEBUG - Reading frame header...
2025-06-27T02:08:09.942868Z  DEBUG - Successfully handled frame: HT2::SettingsFrame on stream 0
2025-06-27T02:08:09.942868Z  DEBUG - Reading frame header...
2025-06-27T02:08:09.942925Z  DEBUG - HEADERS frame parsing: payload_size=27, offset=0, padding=0, header_block_size=27
2025-06-27T02:08:09.942926Z  DEBUG - Header block hex: 828684418aa0e41d139d09b8f81e071085f2b24a84ff849c48aca4
2025-06-27T02:08:09.942931Z  DEBUG - HEADERS frame: stream_id=1, flags=END_STREAM | END_HEADERS, padding=0, priority=nil, header_block_size=27
2025-06-27T02:08:09.942932Z  DEBUG - Full header block hex: 828684418aa0e41d139d09b8f81e071085f2b24a84ff849c48aca4
2025-06-27T02:08:09.942932Z  DEBUG - Decoding HEADERS frame with block size: 27
2025-06-27T02:08:09.942933Z  DEBUG - First 20 bytes of header block: 828684418aa0e41d139d09b8f81e071085f2b24a
2025-06-27T02:08:09.942934Z  DEBUG - HPACK: Decoding Huffman string, length=10, data=a0e41d139d09b8f81e07
2025-06-27T02:08:09.942989Z  DEBUG - Huffman decode: data.size=10, hex=a0e41d139d09b8f81e07
2025-06-27T02:08:09.942989Z  DEBUG - Huffman decode: Checking for potential EOS pattern in data
2025-06-27T02:08:09.942991Z  DEBUG - Huffman padding check: last_symbol_bit=76, total_bits=80, padding_bits=3
2025-06-27T02:08:09.942992Z  DEBUG - HPACK: Huffman decoded to: "localhost:9080"
2025-06-27T02:08:09.942993Z  DEBUG - HPACK: Decoding Huffman string, length=5, data=f2b24a84ff
2025-06-27T02:08:09.943039Z  DEBUG - Huffman decode: data.size=5, hex=f2b24a84ff
2025-06-27T02:08:09.943039Z  DEBUG - Huffman decode: Checking for potential EOS pattern in data
2025-06-27T02:08:09.943040Z  DEBUG - Huffman padding check: last_symbol_bit=32, total_bits=40, padding_bits=7
2025-06-27T02:08:09.943041Z  DEBUG - HPACK: Huffman decoded to: "x-test"
2025-06-27T02:08:09.943042Z  DEBUG - HPACK: Decoding Huffman string, length=4, data=9c48aca4
2025-06-27T02:08:09.943088Z  DEBUG - Huffman decode: data.size=4, hex=9c48aca4
2025-06-27T02:08:09.943088Z  DEBUG - Huffman decode: Checking for potential EOS pattern in data
2025-06-27T02:08:09.943089Z  DEBUG - HPACK: Huffman decoded to: "h2spec"
2025-06-27T02:08:09.943095Z  DEBUG - Decoded headers before validation: [{":method", "GET"}, {":scheme", "http"}, {":path", "/"}, {":authority", "localhost:9080"}, {"x-test", "h2spec"}]
2025-06-27T02:08:09.943104Z  DEBUG - Validated headers: [{":method", "GET"}, {":scheme", "http"}, {":path", "/"}, {":authority", "localhost:9080"}, {"x-test", "h2spec"}]
2025-06-27T02:08:09.943105Z  DEBUG - Server received headers for stream 1, end_stream: true, headers_count: 5
2025-06-27T02:08:09.943110Z  DEBUG - Headers: [{":method", "GET"}, {":scheme", "http"}, {":path", "/"}, {":authority", "localhost:9080"}, {"x-test", "h2spec"}]
2025-06-27T02:08:09.943110Z  DEBUG - is_trailers=false, end_stream=true, stream.end_stream_received=true
2025-06-27T02:08:09.943111Z  DEBUG - Processing request immediately (headers with END_STREAM)
2025-06-27T02:08:09.943111Z  DEBUG - Successfully handled frame: HT2::HeadersFrame on stream 1
2025-06-27T02:08:09.943112Z  DEBUG - Reading frame header...
2025-06-27T02:08:09.943227Z  DEBUG - Handling stream 1 with headers: [{":method", "GET"}, {":scheme", "http"}, {":path", "/"}, {":authority", "localhost:9080"}, {"x-test", "h2spec"}]
2025-06-27T02:08:09.943228Z  DEBUG - Created request for stream 1: GET /
2025-06-27T02:08:09.943228Z   INFO - Request: GET /
2025-06-27T02:08:09.943229Z  DEBUG - Response.send_headers called, end_stream=false, headers_sent=false
2025-06-27T02:08:09.943230Z  DEBUG - Response: Sending 2 headers
2025-06-27T02:08:09.943231Z  DEBUG - Stream 1: send_headers called with 2 headers, end_stream=false
2025-06-27T02:08:09.943234Z  DEBUG - Stream 1: Sending HEADERS frame with flags=END_HEADERS, header_block_size=13
2025-06-27T02:08:09.943245Z  DEBUG - Stream 1: send_headers completed, new state=HALF_CLOSED_REMOTE
2025-06-27T02:08:09.943245Z  DEBUG - Response.write: Sending 100 bytes of data
2025-06-27T02:08:09.943246Z  DEBUG - Response.write: stream_window=65535, conn_window=65535, available=65535
2025-06-27T02:08:09.943247Z  DEBUG - Stream.send_chunks: Starting to send 100 bytes in chunks of 16384
2025-06-27T02:08:09.943248Z  DEBUG - Stream.send_chunk: Sending chunk from 0 to 100 (100 bytes), last_chunk=true
2025-06-27T02:08:09.943249Z  DEBUG - Stream.send_data: size=100, send_window=65535, conn_window=65535
2025-06-27T02:08:09.943251Z  DEBUG - Stream.send_chunks: Finished sending all chunks
2025-06-27T02:08:09.943252Z  DEBUG - Response.close: Sending empty DATA frame with END_STREAM
2025-06-27T02:08:09.943254Z  DEBUG - Stream.send_data: size=0, send_window=65435, conn_window=65435
2025-06-27T02:08:09.943257Z  DEBUG - Completed handling stream 1
2025-06-27T02:08:09.943338Z  DEBUG - Failed to read frame header: read (#<TCPSocket:0x14a78fea0>): Connection reset by peer
2025-06-27T02:08:09.943343Z  DEBUG - Read loop IO error: IO::Error - read (#<TCPSocket:0x14a78fea0>): Connection reset by peer
2025-06-27T02:08:09.943344Z  DEBUG - Socket closed: false
2025-06-27T02:08:09.943344Z  DEBUG - Read loop exiting, closing connection
2025-06-27T02:08:09.943371Z  DEBUG - Failed to send GOAWAY: write (#<TCPSocket:0x14a78fea0>): Broken pipe
2025-06-27T02:08:09.943647Z  DEBUG - Connection.start called, is_server=true
2025-06-27T02:08:09.943647Z  DEBUG - Reading client preface...
2025-06-27T02:08:09.943648Z  DEBUG - Attempting to read 24 bytes for preface
2025-06-27T02:08:09.943651Z  DEBUG - Read preface bytes: 505249202a20485454502f322e300d0a0d0a534d0d0a0d0a
2025-06-27T02:08:09.943652Z  DEBUG - Client preface read successfully
2025-06-27T02:08:09.943652Z  DEBUG - Starting without preface...
2025-06-27T02:08:09.943663Z  DEBUG - Connection started successfully
2025-06-27T02:08:09.943699Z  DEBUG - Read loop started for connection 127.0.0.1
2025-06-27T02:08:09.943700Z  DEBUG - Reading frame header...
2025-06-27T02:08:09.943703Z  DEBUG - Applying remote setting: INITIAL_WINDOW_SIZE = 65535
2025-06-27T02:08:09.943704Z  DEBUG - Updating stream windows: old=65535, new=65535, diff=0
2025-06-27T02:08:09.943704Z  DEBUG - Sending SETTINGS ACK
2025-06-27T02:08:09.943710Z  DEBUG - SETTINGS ACK sent
2025-06-27T02:08:09.943710Z  DEBUG - Successfully handled frame: HT2::SettingsFrame on stream 0
2025-06-27T02:08:09.943711Z  DEBUG - Reading frame header...
2025-06-27T02:08:09.943713Z  DEBUG - Successfully handled frame: HT2::SettingsFrame on stream 0
2025-06-27T02:08:09.943714Z  DEBUG - Reading frame header...
2025-06-27T02:08:09.943715Z  DEBUG - Successfully handled frame: HT2::SettingsFrame on stream 0
2025-06-27T02:08:09.943716Z  DEBUG - Reading frame header...
2025-06-27T02:08:09.943774Z  DEBUG - HEADERS frame parsing: payload_size=17, offset=0, padding=0, header_block_size=17
2025-06-27T02:08:09.943775Z  DEBUG - Header block hex: 3f61828684418aa0e41d139d09b8f81e07
2025-06-27T02:08:09.943779Z  DEBUG - HEADERS frame: stream_id=1, flags=END_STREAM | END_HEADERS, padding=0, priority=nil, header_block_size=17
2025-06-27T02:08:09.943779Z  DEBUG - Full header block hex: 3f61828684418aa0e41d139d09b8f81e07
2025-06-27T02:08:09.943780Z  DEBUG - Decoding HEADERS frame with block size: 17
2025-06-27T02:08:09.943780Z  DEBUG - First 20 bytes of header block: less than 20 bytes
2025-06-27T02:08:09.943781Z  DEBUG - HPACK: Decoding Huffman string, length=10, data=a0e41d139d09b8f81e07
2025-06-27T02:08:09.943833Z  DEBUG - Huffman decode: data.size=10, hex=a0e41d139d09b8f81e07
2025-06-27T02:08:09.943834Z  DEBUG - Huffman decode: Checking for potential EOS pattern in data
2025-06-27T02:08:09.943835Z  DEBUG - Huffman padding check: last_symbol_bit=76, total_bits=80, padding_bits=3
2025-06-27T02:08:09.943836Z  DEBUG - HPACK: Huffman decoded to: "localhost:9080"
2025-06-27T02:08:09.943841Z  DEBUG - Decoded headers before validation: [{":method", "GET"}, {":scheme", "http"}, {":path", "/"}, {":authority", "localhost:9080"}]
2025-06-27T02:08:09.943849Z  DEBUG - Validated headers: [{":method", "GET"}, {":scheme", "http"}, {":path", "/"}, {":authority", "localhost:9080"}]
2025-06-27T02:08:09.943851Z  DEBUG - Server received headers for stream 1, end_stream: true, headers_count: 4
2025-06-27T02:08:09.943855Z  DEBUG - Headers: [{":method", "GET"}, {":scheme", "http"}, {":path", "/"}, {":authority", "localhost:9080"}]
2025-06-27T02:08:09.943855Z  DEBUG - is_trailers=false, end_stream=true, stream.end_stream_received=true
2025-06-27T02:08:09.943855Z  DEBUG - Processing request immediately (headers with END_STREAM)
2025-06-27T02:08:09.943857Z  DEBUG - Successfully handled frame: HT2::HeadersFrame on stream 1
2025-06-27T02:08:09.943857Z  DEBUG - Reading frame header...
2025-06-27T02:08:09.943934Z  DEBUG - Handling stream 1 with headers: [{":method", "GET"}, {":scheme", "http"}, {":path", "/"}, {":authority", "localhost:9080"}]
2025-06-27T02:08:09.943935Z  DEBUG - Created request for stream 1: GET /
2025-06-27T02:08:09.943936Z   INFO - Request: GET /
2025-06-27T02:08:09.943937Z  DEBUG - Response.send_headers called, end_stream=false, headers_sent=false
2025-06-27T02:08:09.943938Z  DEBUG - Response: Sending 2 headers
2025-06-27T02:08:09.943938Z  DEBUG - Stream 1: send_headers called with 2 headers, end_stream=false
2025-06-27T02:08:09.943942Z  DEBUG - Stream 1: Sending HEADERS frame with flags=END_HEADERS, header_block_size=13
2025-06-27T02:08:09.943954Z  DEBUG - Stream 1: send_headers completed, new state=HALF_CLOSED_REMOTE
2025-06-27T02:08:09.943955Z  DEBUG - Response.write: Sending 100 bytes of data
2025-06-27T02:08:09.943955Z  DEBUG - Response.write: stream_window=65535, conn_window=65535, available=65535
2025-06-27T02:08:09.943956Z  DEBUG - Stream.send_chunks: Starting to send 100 bytes in chunks of 16384
2025-06-27T02:08:09.943957Z  DEBUG - Stream.send_chunk: Sending chunk from 0 to 100 (100 bytes), last_chunk=true
2025-06-27T02:08:09.943958Z  DEBUG - Stream.send_data: size=100, send_window=65535, conn_window=65535
2025-06-27T02:08:09.943961Z  DEBUG - Stream.send_chunks: Finished sending all chunks
2025-06-27T02:08:09.943962Z  DEBUG - Response.close: Sending empty DATA frame with END_STREAM
2025-06-27T02:08:09.943962Z  DEBUG - Stream.send_data: size=0, send_window=65435, conn_window=65435
2025-06-27T02:08:09.943965Z  DEBUG - Completed handling stream 1
2025-06-27T02:08:09.944060Z  DEBUG - Failed to read frame header: read (#<TCPSocket:0x14a78fd80>): Connection reset by peer
2025-06-27T02:08:09.944065Z  DEBUG - Read loop IO error: IO::Error - read (#<TCPSocket:0x14a78fd80>): Connection reset by peer
2025-06-27T02:08:09.944065Z  DEBUG - Socket closed: false
2025-06-27T02:08:09.944065Z  DEBUG - Read loop exiting, closing connection
2025-06-27T02:08:09.944094Z  DEBUG - Failed to send GOAWAY: write (#<TCPSocket:0x14a78fd80>): Broken pipe
2025-06-27T02:08:09.944512Z  DEBUG - Connection.start called, is_server=true
2025-06-27T02:08:09.944512Z  DEBUG - Reading client preface...
2025-06-27T02:08:09.944512Z  DEBUG - Attempting to read 24 bytes for preface
2025-06-27T02:08:09.944516Z  DEBUG - Read preface bytes: 505249202a20485454502f322e300d0a0d0a534d0d0a0d0a
2025-06-27T02:08:09.944516Z  DEBUG - Client preface read successfully
2025-06-27T02:08:09.944516Z  DEBUG - Starting without preface...
2025-06-27T02:08:09.944525Z  DEBUG - Connection started successfully
2025-06-27T02:08:09.944557Z  DEBUG - Read loop started for connection 127.0.0.1
2025-06-27T02:08:09.944557Z  DEBUG - Reading frame header...
2025-06-27T02:08:09.944560Z  DEBUG - Applying remote setting: INITIAL_WINDOW_SIZE = 65535
2025-06-27T02:08:09.944561Z  DEBUG - Updating stream windows: old=65535, new=65535, diff=0
2025-06-27T02:08:09.944562Z  DEBUG - Sending SETTINGS ACK
2025-06-27T02:08:09.944571Z  DEBUG - SETTINGS ACK sent
2025-06-27T02:08:09.944572Z  DEBUG - Successfully handled frame: HT2::SettingsFrame on stream 0
2025-06-27T02:08:09.944573Z  DEBUG - Reading frame header...
2025-06-27T02:08:09.944575Z  DEBUG - Successfully handled frame: HT2::SettingsFrame on stream 0
2025-06-27T02:08:09.944576Z  DEBUG - Reading frame header...
2025-06-27T02:08:09.944578Z  DEBUG - Successfully handled frame: HT2::SettingsFrame on stream 0
2025-06-27T02:08:09.944578Z  DEBUG - Reading frame header...
2025-06-27T02:08:09.944636Z  DEBUG - HEADERS frame parsing: payload_size=20, offset=0, padding=0, header_block_size=20
2025-06-27T02:08:09.944636Z  DEBUG - Header block hex: 3f613fe11f828684418aa0e41d139d09b8f81e07
2025-06-27T02:08:09.944642Z  DEBUG - HEADERS frame: stream_id=1, flags=END_STREAM | END_HEADERS, padding=0, priority=nil, header_block_size=20
2025-06-27T02:08:09.944643Z  DEBUG - Full header block hex: 3f613fe11f828684418aa0e41d139d09b8f81e07
2025-06-27T02:08:09.944643Z  DEBUG - Decoding HEADERS frame with block size: 20
2025-06-27T02:08:09.944644Z  DEBUG - First 20 bytes of header block: 3f613fe11f828684418aa0e41d139d09b8f81e07
2025-06-27T02:08:09.944645Z  DEBUG - HPACK: Decoding Huffman string, length=10, data=a0e41d139d09b8f81e07
2025-06-27T02:08:09.944690Z  DEBUG - Huffman decode: data.size=10, hex=a0e41d139d09b8f81e07
2025-06-27T02:08:09.944690Z  DEBUG - Huffman decode: Checking for potential EOS pattern in data
2025-06-27T02:08:09.944691Z  DEBUG - Huffman padding check: last_symbol_bit=76, total_bits=80, padding_bits=3
2025-06-27T02:08:09.944693Z  DEBUG - HPACK: Huffman decoded to: "localhost:9080"
2025-06-27T02:08:09.944697Z  DEBUG - Decoded headers before validation: [{":method", "GET"}, {":scheme", "http"}, {":path", "/"}, {":authority", "localhost:9080"}]
2025-06-27T02:08:09.944705Z  DEBUG - Validated headers: [{":method", "GET"}, {":scheme", "http"}, {":path", "/"}, {":authority", "localhost:9080"}]
2025-06-27T02:08:09.944707Z  DEBUG - Server received headers for stream 1, end_stream: true, headers_count: 4
2025-06-27T02:08:09.944711Z  DEBUG - Headers: [{":method", "GET"}, {":scheme", "http"}, {":path", "/"}, {":authority", "localhost:9080"}]
2025-06-27T02:08:09.944711Z  DEBUG - is_trailers=false, end_stream=true, stream.end_stream_received=true
2025-06-27T02:08:09.944712Z  DEBUG - Processing request immediately (headers with END_STREAM)
2025-06-27T02:08:09.944713Z  DEBUG - Successfully handled frame: HT2::HeadersFrame on stream 1
2025-06-27T02:08:09.944713Z  DEBUG - Reading frame header...
2025-06-27T02:08:09.944789Z  DEBUG - Handling stream 1 with headers: [{":method", "GET"}, {":scheme", "http"}, {":path", "/"}, {":authority", "localhost:9080"}]
2025-06-27T02:08:09.944790Z  DEBUG - Created request for stream 1: GET /
2025-06-27T02:08:09.944790Z   INFO - Request: GET /
2025-06-27T02:08:09.944791Z  DEBUG - Response.send_headers called, end_stream=false, headers_sent=false
2025-06-27T02:08:09.944792Z  DEBUG - Response: Sending 2 headers
2025-06-27T02:08:09.944793Z  DEBUG - Stream 1: send_headers called with 2 headers, end_stream=false
2025-06-27T02:08:09.944796Z  DEBUG - Stream 1: Sending HEADERS frame with flags=END_HEADERS, header_block_size=13
2025-06-27T02:08:09.944803Z  DEBUG - Stream 1: send_headers completed, new state=HALF_CLOSED_REMOTE
2025-06-27T02:08:09.944803Z  DEBUG - Response.write: Sending 100 bytes of data
2025-06-27T02:08:09.944804Z  DEBUG - Response.write: stream_window=65535, conn_window=65535, available=65535
2025-06-27T02:08:09.944805Z  DEBUG - Stream.send_chunks: Starting to send 100 bytes in chunks of 16384
2025-06-27T02:08:09.944805Z  DEBUG - Stream.send_chunk: Sending chunk from 0 to 100 (100 bytes), last_chunk=true
2025-06-27T02:08:09.944806Z  DEBUG - Stream.send_data: size=100, send_window=65535, conn_window=65535
2025-06-27T02:08:09.944809Z  DEBUG - Stream.send_chunks: Finished sending all chunks
2025-06-27T02:08:09.944809Z  DEBUG - Response.close: Sending empty DATA frame with END_STREAM
2025-06-27T02:08:09.944810Z  DEBUG - Stream.send_data: size=0, send_window=65435, conn_window=65435
2025-06-27T02:08:09.944813Z  DEBUG - Completed handling stream 1
2025-06-27T02:08:09.944895Z  DEBUG - Failed to read frame header: read (#<TCPSocket:0x14a78fc60>): Connection reset by peer
2025-06-27T02:08:09.944900Z  DEBUG - Read loop IO error: IO::Error - read (#<TCPSocket:0x14a78fc60>): Connection reset by peer
2025-06-27T02:08:09.944901Z  DEBUG - Socket closed: false
2025-06-27T02:08:09.944901Z  DEBUG - Read loop exiting, closing connection
2025-06-27T02:08:09.944931Z  DEBUG - Failed to send GOAWAY: write (#<TCPSocket:0x14a78fc60>): Broken pipe
2025-06-27T02:08:09.945298Z  DEBUG - Connection.start called, is_server=true
2025-06-27T02:08:09.945298Z  DEBUG - Reading client preface...
2025-06-27T02:08:09.945298Z  DEBUG - Attempting to read 24 bytes for preface
2025-06-27T02:08:09.945302Z  DEBUG - Read preface bytes: 505249202a20485454502f322e300d0a0d0a534d0d0a0d0a
2025-06-27T02:08:09.945302Z  DEBUG - Client preface read successfully
2025-06-27T02:08:09.945303Z  DEBUG - Starting without preface...
2025-06-27T02:08:09.945315Z  DEBUG - Connection started successfully
2025-06-27T02:08:09.945348Z  DEBUG - Read loop started for connection 127.0.0.1
2025-06-27T02:08:09.945349Z  DEBUG - Reading frame header...
2025-06-27T02:08:09.945351Z  DEBUG - Applying remote setting: INITIAL_WINDOW_SIZE = 65535
2025-06-27T02:08:09.945352Z  DEBUG - Updating stream windows: old=65535, new=65535, diff=0
2025-06-27T02:08:09.945352Z  DEBUG - Sending SETTINGS ACK
2025-06-27T02:08:09.945392Z  DEBUG - Read loop IO error: IO::Error - write (#<TCPSocket:0x14a78fb40>): Broken pipe
2025-06-27T02:08:09.945392Z  DEBUG - Socket closed: false
2025-06-27T02:08:09.945392Z  DEBUG - Read loop exiting, closing connection
Error handling client: Invalid client preface
2025-06-27T02:08:09.945620Z  DEBUG - Connection.start called, is_server=true
2025-06-27T02:08:09.945620Z  DEBUG - Reading client preface...
2025-06-27T02:08:09.945621Z  DEBUG - Attempting to read 24 bytes for preface
2025-06-27T02:08:09.945627Z  DEBUG - Read preface bytes: 494e56414c494420434f4e4e454354494f4e205052454641
2025-06-27T02:08:09.945631Z  DEBUG - Invalid preface. Expected: "PRI * HTTP/2.0\r\n\r\nSM\r\n\r\n", Got: "INVALID CONNECTION PREFA"
2025-06-27T02:08:09.945654Z  DEBUG - Connection error: Invalid client preface
2025-06-27T02:08:09.946007Z  DEBUG - Connection.start called, is_server=true
2025-06-27T02:08:09.946008Z  DEBUG - Reading client preface...
2025-06-27T02:08:09.946008Z  DEBUG - Attempting to read 24 bytes for preface
2025-06-27T02:08:09.946012Z  DEBUG - Read preface bytes: 505249202a20485454502f322e300d0a0d0a534d0d0a0d0a
2025-06-27T02:08:09.946013Z  DEBUG - Client preface read successfully
2025-06-27T02:08:09.946013Z  DEBUG - Starting without preface...
2025-06-27T02:08:09.946027Z  DEBUG - Connection started successfully
2025-06-27T02:08:09.946058Z  DEBUG - Read loop started for connection 127.0.0.1
2025-06-27T02:08:09.946058Z  DEBUG - Reading frame header...
2025-06-27T02:08:09.946060Z  DEBUG - Applying remote setting: INITIAL_WINDOW_SIZE = 65535
2025-06-27T02:08:09.946062Z  DEBUG - Updating stream windows: old=65535, new=65535, diff=0
2025-06-27T02:08:09.946062Z  DEBUG - Sending SETTINGS ACK
2025-06-27T02:08:09.946067Z  DEBUG - SETTINGS ACK sent
2025-06-27T02:08:09.946067Z  DEBUG - Successfully handled frame: HT2::SettingsFrame on stream 0
2025-06-27T02:08:09.946068Z  DEBUG - Reading frame header...
2025-06-27T02:08:09.946071Z  DEBUG - Successfully handled frame: HT2::SettingsFrame on stream 0
2025-06-27T02:08:09.946081Z  DEBUG - Reading frame header...
2025-06-27T02:08:09.946083Z  DEBUG - Successfully handled frame: HT2::SettingsFrame on stream 0
2025-06-27T02:08:09.946084Z  DEBUG - Reading frame header...
2025-06-27T02:08:09.946140Z  DEBUG - Successfully handled frame: HT2::UnknownFrame on stream 0
2025-06-27T02:08:09.946141Z  DEBUG - Reading frame header...
2025-06-27T02:08:09.946148Z  DEBUG - Successfully handled frame: HT2::PingFrame on stream 0
2025-06-27T02:08:09.946149Z  DEBUG - Reading frame header...
2025-06-27T02:08:09.946209Z  DEBUG - Failed to read frame header: End of file reached
2025-06-27T02:08:09.946216Z  DEBUG - Read loop IO error: IO::EOFError - End of file reached
2025-06-27T02:08:09.946216Z  DEBUG - Socket closed: false
2025-06-27T02:08:09.946216Z  DEBUG - Read loop exiting, closing connection
2025-06-27T02:08:09.946494Z  DEBUG - Connection.start called, is_server=true
2025-06-27T02:08:09.946494Z  DEBUG - Reading client preface...
2025-06-27T02:08:09.946495Z  DEBUG - Attempting to read 24 bytes for preface
2025-06-27T02:08:09.946498Z  DEBUG - Read preface bytes: 505249202a20485454502f322e300d0a0d0a534d0d0a0d0a
2025-06-27T02:08:09.946499Z  DEBUG - Client preface read successfully
2025-06-27T02:08:09.946499Z  DEBUG - Starting without preface...
2025-06-27T02:08:09.946511Z  DEBUG - Connection started successfully
2025-06-27T02:08:09.946545Z  DEBUG - Read loop started for connection 127.0.0.1
2025-06-27T02:08:09.946545Z  DEBUG - Reading frame header...
2025-06-27T02:08:09.946547Z  DEBUG - Applying remote setting: INITIAL_WINDOW_SIZE = 65535
2025-06-27T02:08:09.946548Z  DEBUG - Updating stream windows: old=65535, new=65535, diff=0
2025-06-27T02:08:09.946549Z  DEBUG - Sending SETTINGS ACK
2025-06-27T02:08:09.946553Z  DEBUG - SETTINGS ACK sent
2025-06-27T02:08:09.946554Z  DEBUG - Successfully handled frame: HT2::SettingsFrame on stream 0
2025-06-27T02:08:09.946554Z  DEBUG - Reading frame header...
2025-06-27T02:08:09.946557Z  DEBUG - Successfully handled frame: HT2::SettingsFrame on stream 0
2025-06-27T02:08:09.946558Z  DEBUG - Reading frame header...
2025-06-27T02:08:09.946559Z  DEBUG - Successfully handled frame: HT2::SettingsFrame on stream 0
2025-06-27T02:08:09.946560Z  DEBUG - Reading frame header...
2025-06-27T02:08:09.946620Z  DEBUG - Successfully handled frame: HT2::PingFrame on stream 0
2025-06-27T02:08:09.946621Z  DEBUG - Reading frame header...
2025-06-27T02:08:09.946686Z  DEBUG - Failed to read frame header: End of file reached
2025-06-27T02:08:09.946691Z  DEBUG - Read loop IO error: IO::EOFError - End of file reached
2025-06-27T02:08:09.946691Z  DEBUG - Socket closed: false
2025-06-27T02:08:09.946692Z  DEBUG - Read loop exiting, closing connection
2025-06-27T02:08:09.946970Z  DEBUG - Connection.start called, is_server=true
2025-06-27T02:08:09.946970Z  DEBUG - Reading client preface...
2025-06-27T02:08:09.946971Z  DEBUG - Attempting to read 24 bytes for preface
2025-06-27T02:08:09.946975Z  DEBUG - Read preface bytes: 505249202a20485454502f322e300d0a0d0a534d0d0a0d0a
2025-06-27T02:08:09.946976Z  DEBUG - Client preface read successfully
2025-06-27T02:08:09.946976Z  DEBUG - Starting without preface...
2025-06-27T02:08:09.946990Z  DEBUG - Connection started successfully
2025-06-27T02:08:09.947027Z  DEBUG - Read loop started for connection 127.0.0.1
2025-06-27T02:08:09.947027Z  DEBUG - Reading frame header...
2025-06-27T02:08:09.947031Z  DEBUG - Applying remote setting: INITIAL_WINDOW_SIZE = 65535
2025-06-27T02:08:09.947032Z  DEBUG - Updating stream windows: old=65535, new=65535, diff=0
2025-06-27T02:08:09.947032Z  DEBUG - Sending SETTINGS ACK
2025-06-27T02:08:09.947038Z  DEBUG - SETTINGS ACK sent
2025-06-27T02:08:09.947038Z  DEBUG - Successfully handled frame: HT2::SettingsFrame on stream 0
2025-06-27T02:08:09.947039Z  DEBUG - Reading frame header...
2025-06-27T02:08:09.947042Z  DEBUG - Successfully handled frame: HT2::SettingsFrame on stream 0
2025-06-27T02:08:09.947043Z  DEBUG - Reading frame header...
2025-06-27T02:08:09.947045Z  DEBUG - Successfully handled frame: HT2::SettingsFrame on stream 0
2025-06-27T02:08:09.947046Z  DEBUG - Reading frame header...
2025-06-27T02:08:09.947105Z  DEBUG - Successfully handled frame: HT2::PingFrame on stream 0
2025-06-27T02:08:09.947106Z  DEBUG - Reading frame header...
2025-06-27T02:08:09.947172Z  DEBUG - Failed to read frame header: End of file reached
2025-06-27T02:08:09.947178Z  DEBUG - Read loop IO error: IO::EOFError - End of file reached
2025-06-27T02:08:09.947178Z  DEBUG - Socket closed: false
2025-06-27T02:08:09.947179Z  DEBUG - Read loop exiting, closing connection
2025-06-27T02:08:09.947429Z  DEBUG - Connection.start called, is_server=true
2025-06-27T02:08:09.947429Z  DEBUG - Reading client preface...
2025-06-27T02:08:09.947430Z  DEBUG - Attempting to read 24 bytes for preface
2025-06-27T02:08:09.947434Z  DEBUG - Read preface bytes: 505249202a20485454502f322e300d0a0d0a534d0d0a0d0a
2025-06-27T02:08:09.947435Z  DEBUG - Client preface read successfully
2025-06-27T02:08:09.947435Z  DEBUG - Starting without preface...
2025-06-27T02:08:09.947445Z  DEBUG - Connection started successfully
2025-06-27T02:08:09.947475Z  DEBUG - Read loop started for connection 127.0.0.1
2025-06-27T02:08:09.947476Z  DEBUG - Reading frame header...
2025-06-27T02:08:09.947479Z  DEBUG - Applying remote setting: INITIAL_WINDOW_SIZE = 65535
2025-06-27T02:08:09.947480Z  DEBUG - Updating stream windows: old=65535, new=65535, diff=0
2025-06-27T02:08:09.947480Z  DEBUG - Sending SETTINGS ACK
2025-06-27T02:08:09.947486Z  DEBUG - SETTINGS ACK sent
2025-06-27T02:08:09.947486Z  DEBUG - Successfully handled frame: HT2::SettingsFrame on stream 0
2025-06-27T02:08:09.947487Z  DEBUG - Reading frame header...
2025-06-27T02:08:09.947489Z  DEBUG - Successfully handled frame: HT2::SettingsFrame on stream 0
2025-06-27T02:08:09.947489Z  DEBUG - Reading frame header...
2025-06-27T02:08:09.947491Z  DEBUG - Successfully handled frame: HT2::SettingsFrame on stream 0
2025-06-27T02:08:09.947491Z  DEBUG - Reading frame header...
2025-06-27T02:08:09.947544Z  DEBUG - HEADERS frame parsing: payload_size=15, offset=0, padding=0, header_block_size=15
2025-06-27T02:08:09.947544Z  DEBUG - Header block hex: 838684418aa0e41d139d09b8f81e07
2025-06-27T02:08:09.947547Z  DEBUG - HEADERS frame: stream_id=1, flags=END_HEADERS, padding=0, priority=nil, header_block_size=15
2025-06-27T02:08:09.947547Z  DEBUG - Full header block hex: 838684418aa0e41d139d09b8f81e07
2025-06-27T02:08:09.947548Z  DEBUG - Decoding HEADERS frame with block size: 15
2025-06-27T02:08:09.947548Z  DEBUG - First 20 bytes of header block: less than 20 bytes
2025-06-27T02:08:09.947549Z  DEBUG - HPACK: Decoding Huffman string, length=10, data=a0e41d139d09b8f81e07
2025-06-27T02:08:09.947595Z  DEBUG - Huffman decode: data.size=10, hex=a0e41d139d09b8f81e07
2025-06-27T02:08:09.947596Z  DEBUG - Huffman decode: Checking for potential EOS pattern in data
2025-06-27T02:08:09.947597Z  DEBUG - Huffman padding check: last_symbol_bit=76, total_bits=80, padding_bits=3
2025-06-27T02:08:09.947599Z  DEBUG - HPACK: Huffman decoded to: "localhost:9080"
2025-06-27T02:08:09.947604Z  DEBUG - Decoded headers before validation: [{":method", "POST"}, {":scheme", "http"}, {":path", "/"}, {":authority", "localhost:9080"}]
2025-06-27T02:08:09.947611Z  DEBUG - Validated headers: [{":method", "POST"}, {":scheme", "http"}, {":path", "/"}, {":authority", "localhost:9080"}]
2025-06-27T02:08:09.947613Z  DEBUG - Server received headers for stream 1, end_stream: false, headers_count: 4
2025-06-27T02:08:09.947617Z  DEBUG - Headers: [{":method", "POST"}, {":scheme", "http"}, {":path", "/"}, {":authority", "localhost:9080"}]
2025-06-27T02:08:09.947617Z  DEBUG - is_trailers=false, end_stream=false, stream.end_stream_received=false
2025-06-27T02:08:09.947617Z  DEBUG - Received headers without END_STREAM, waiting for more frames
2025-06-27T02:08:09.947618Z  DEBUG - Successfully handled frame: HT2::HeadersFrame on stream 1
2025-06-27T02:08:09.947619Z  DEBUG - Reading frame header...
2025-06-27T02:08:09.947630Z  DEBUG - Server received data for stream 1, size: 16384, end_stream: true
2025-06-27T02:08:09.947631Z  DEBUG - Processing request after data with END_STREAM
2025-06-27T02:08:09.947632Z  DEBUG - Successfully handled frame: HT2::DataFrame on stream 1
2025-06-27T02:08:09.947632Z  DEBUG - Reading frame header...
2025-06-27T02:08:09.947718Z  DEBUG - Handling stream 1 with headers: [{":method", "POST"}, {":scheme", "http"}, {":path", "/"}, {":authority", "localhost:9080"}]
2025-06-27T02:08:09.947720Z  DEBUG - Created request for stream 1: POST /
2025-06-27T02:08:09.947720Z   INFO - Request: POST /
2025-06-27T02:08:09.947721Z  DEBUG - Response.send_headers called, end_stream=false, headers_sent=false
2025-06-27T02:08:09.947722Z  DEBUG - Response: Sending 2 headers
2025-06-27T02:08:09.947723Z  DEBUG - Stream 1: send_headers called with 2 headers, end_stream=false
2025-06-27T02:08:09.947728Z  DEBUG - Stream 1: Sending HEADERS frame with flags=END_HEADERS, header_block_size=13
2025-06-27T02:08:09.947740Z  DEBUG - Stream 1: send_headers completed, new state=HALF_CLOSED_REMOTE
2025-06-27T02:08:09.947741Z  DEBUG - Response.write: Sending 100 bytes of data
2025-06-27T02:08:09.947742Z  DEBUG - Response.write: stream_window=65535, conn_window=65535, available=65535
2025-06-27T02:08:09.947743Z  DEBUG - Stream.send_chunks: Starting to send 100 bytes in chunks of 16384
2025-06-27T02:08:09.947743Z  DEBUG - Stream.send_chunk: Sending chunk from 0 to 100 (100 bytes), last_chunk=true
2025-06-27T02:08:09.947744Z  DEBUG - Stream.send_data: size=100, send_window=65535, conn_window=65535
2025-06-27T02:08:09.947747Z  DEBUG - Stream.send_chunks: Finished sending all chunks
2025-06-27T02:08:09.947747Z  DEBUG - Response.close: Sending empty DATA frame with END_STREAM
2025-06-27T02:08:09.947748Z  DEBUG - Stream.send_data: size=0, send_window=65435, conn_window=65435
2025-06-27T02:08:09.947751Z  DEBUG - Completed handling stream 1
2025-06-27T02:08:09.947832Z  DEBUG - Failed to read frame header: read (#<TCPSocket:0x14a78f5a0>): Connection reset by peer
2025-06-27T02:08:09.947837Z  DEBUG - Read loop IO error: IO::Error - read (#<TCPSocket:0x14a78f5a0>): Connection reset by peer
2025-06-27T02:08:09.947837Z  DEBUG - Socket closed: false
2025-06-27T02:08:09.947838Z  DEBUG - Read loop exiting, closing connection
2025-06-27T02:08:09.947869Z  DEBUG - Failed to send GOAWAY: write (#<TCPSocket:0x14a78f5a0>): Broken pipe
2025-06-27T02:08:09.948034Z  DEBUG - Connection.start called, is_server=true
2025-06-27T02:08:09.948034Z  DEBUG - Reading client preface...
2025-06-27T02:08:09.948035Z  DEBUG - Attempting to read 24 bytes for preface
2025-06-27T02:08:09.948039Z  DEBUG - Read preface bytes: 505249202a20485454502f322e300d0a0d0a534d0d0a0d0a
2025-06-27T02:08:09.948039Z  DEBUG - Client preface read successfully
2025-06-27T02:08:09.948039Z  DEBUG - Starting without preface...
2025-06-27T02:08:09.948049Z  DEBUG - Connection started successfully
2025-06-27T02:08:09.948082Z  DEBUG - Read loop started for connection 127.0.0.1
2025-06-27T02:08:09.948083Z  DEBUG - Reading frame header...
2025-06-27T02:08:09.948087Z  DEBUG - Applying remote setting: INITIAL_WINDOW_SIZE = 65535
2025-06-27T02:08:09.948088Z  DEBUG - Updating stream windows: old=65535, new=65535, diff=0
2025-06-27T02:08:09.948088Z  DEBUG - Sending SETTINGS ACK
2025-06-27T02:08:09.948094Z  DEBUG - SETTINGS ACK sent
2025-06-27T02:08:09.948095Z  DEBUG - Successfully handled frame: HT2::SettingsFrame on stream 0
2025-06-27T02:08:09.948095Z  DEBUG - Reading frame header...
2025-06-27T02:08:09.948097Z  DEBUG - Successfully handled frame: HT2::SettingsFrame on stream 0
2025-06-27T02:08:09.948098Z  DEBUG - Reading frame header...
2025-06-27T02:08:09.948099Z  DEBUG - Successfully handled frame: HT2::SettingsFrame on stream 0
2025-06-27T02:08:09.948100Z  DEBUG - Reading frame header...
2025-06-27T02:08:09.948151Z  DEBUG - HEADERS frame parsing: payload_size=15, offset=0, padding=0, header_block_size=15
2025-06-27T02:08:09.948151Z  DEBUG - Header block hex: 838684418aa0e41d139d09b8f81e07
2025-06-27T02:08:09.948154Z  DEBUG - HEADERS frame: stream_id=1, flags=END_HEADERS, padding=0, priority=nil, header_block_size=15
2025-06-27T02:08:09.948155Z  DEBUG - Full header block hex: 838684418aa0e41d139d09b8f81e07
2025-06-27T02:08:09.948155Z  DEBUG - Decoding HEADERS frame with block size: 15
2025-06-27T02:08:09.948155Z  DEBUG - First 20 bytes of header block: less than 20 bytes
2025-06-27T02:08:09.948156Z  DEBUG - HPACK: Decoding Huffman string, length=10, data=a0e41d139d09b8f81e07
2025-06-27T02:08:09.948201Z  DEBUG - Huffman decode: data.size=10, hex=a0e41d139d09b8f81e07
2025-06-27T02:08:09.948201Z  DEBUG - Huffman decode: Checking for potential EOS pattern in data
2025-06-27T02:08:09.948202Z  DEBUG - Huffman padding check: last_symbol_bit=76, total_bits=80, padding_bits=3
2025-06-27T02:08:09.948203Z  DEBUG - HPACK: Huffman decoded to: "localhost:9080"
2025-06-27T02:08:09.948208Z  DEBUG - Decoded headers before validation: [{":method", "POST"}, {":scheme", "http"}, {":path", "/"}, {":authority", "localhost:9080"}]
2025-06-27T02:08:09.948216Z  DEBUG - Validated headers: [{":method", "POST"}, {":scheme", "http"}, {":path", "/"}, {":authority", "localhost:9080"}]
2025-06-27T02:08:09.948217Z  DEBUG - Server received headers for stream 1, end_stream: false, headers_count: 4
2025-06-27T02:08:09.948221Z  DEBUG - Headers: [{":method", "POST"}, {":scheme", "http"}, {":path", "/"}, {":authority", "localhost:9080"}]
2025-06-27T02:08:09.948222Z  DEBUG - is_trailers=false, end_stream=false, stream.end_stream_received=false
2025-06-27T02:08:09.948222Z  DEBUG - Received headers without END_STREAM, waiting for more frames
2025-06-27T02:08:09.948222Z  DEBUG - Successfully handled frame: HT2::HeadersFrame on stream 1
2025-06-27T02:08:09.948223Z  DEBUG - Reading frame header...
2025-06-27T02:08:09.948241Z  DEBUG - Read loop connection error: FRAME_SIZE_ERROR - Frame size 16385 exceeds maximum 16384
2025-06-27T02:08:09.948948Z  DEBUG - Connection.start called, is_server=true
2025-06-27T02:08:09.948948Z  DEBUG - Reading client preface...
2025-06-27T02:08:09.948948Z  DEBUG - Attempting to read 24 bytes for preface
2025-06-27T02:08:09.948950Z  DEBUG - Read preface bytes: 505249202a20485454502f322e300d0a0d0a534d0d0a0d0a
2025-06-27T02:08:09.948951Z  DEBUG - Client preface read successfully
2025-06-27T02:08:09.948951Z  DEBUG - Starting without preface...
2025-06-27T02:08:09.948961Z  DEBUG - Connection started successfully
2025-06-27T02:08:09.948992Z  DEBUG - Read loop started for connection 127.0.0.1
2025-06-27T02:08:09.948993Z  DEBUG - Reading frame header...
2025-06-27T02:08:09.948995Z  DEBUG - Applying remote setting: INITIAL_WINDOW_SIZE = 65535
2025-06-27T02:08:09.948996Z  DEBUG - Updating stream windows: old=65535, new=65535, diff=0
2025-06-27T02:08:09.948996Z  DEBUG - Sending SETTINGS ACK
2025-06-27T02:08:09.949001Z  DEBUG - SETTINGS ACK sent
2025-06-27T02:08:09.949001Z  DEBUG - Successfully handled frame: HT2::SettingsFrame on stream 0
2025-06-27T02:08:09.949002Z  DEBUG - Reading frame header...
2025-06-27T02:08:09.949004Z  DEBUG - Successfully handled frame: HT2::SettingsFrame on stream 0
2025-06-27T02:08:09.949005Z  DEBUG - Reading frame header...
2025-06-27T02:08:09.949007Z  DEBUG - Successfully handled frame: HT2::SettingsFrame on stream 0
2025-06-27T02:08:09.949007Z  DEBUG - Reading frame header...
2025-06-27T02:08:09.949159Z  DEBUG - Read loop connection error: FRAME_SIZE_ERROR - Frame size 17575 exceeds maximum 16384
2025-06-27T02:08:09.949491Z  DEBUG - Connection.start called, is_server=true
2025-06-27T02:08:09.949491Z  DEBUG - Reading client preface...
2025-06-27T02:08:09.949492Z  DEBUG - Attempting to read 24 bytes for preface
2025-06-27T02:08:09.949494Z  DEBUG - Read preface bytes: 505249202a20485454502f322e300d0a0d0a534d0d0a0d0a
2025-06-27T02:08:09.949494Z  DEBUG - Client preface read successfully
2025-06-27T02:08:09.949494Z  DEBUG - Starting without preface...
2025-06-27T02:08:09.949503Z  DEBUG - Connection started successfully
2025-06-27T02:08:09.949532Z  DEBUG - Read loop started for connection 127.0.0.1
2025-06-27T02:08:09.949533Z  DEBUG - Reading frame header...
2025-06-27T02:08:09.949535Z  DEBUG - Applying remote setting: INITIAL_WINDOW_SIZE = 65535
2025-06-27T02:08:09.949536Z  DEBUG - Updating stream windows: old=65535, new=65535, diff=0
2025-06-27T02:08:09.949536Z  DEBUG - Sending SETTINGS ACK
2025-06-27T02:08:09.949544Z  DEBUG - SETTINGS ACK sent
2025-06-27T02:08:09.949544Z  DEBUG - Successfully handled frame: HT2::SettingsFrame on stream 0
2025-06-27T02:08:09.949545Z  DEBUG - Reading frame header...
2025-06-27T02:08:09.949547Z  DEBUG - Successfully handled frame: HT2::SettingsFrame on stream 0
2025-06-27T02:08:09.949548Z  DEBUG - Reading frame header...
2025-06-27T02:08:09.949550Z  DEBUG - Successfully handled frame: HT2::SettingsFrame on stream 0
2025-06-27T02:08:09.949550Z  DEBUG - Reading frame header...
2025-06-27T02:08:09.949602Z  DEBUG - HEADERS frame parsing: payload_size=1, offset=0, padding=0, header_block_size=1
2025-06-27T02:08:09.949602Z  DEBUG - Header block hex: 40
2025-06-27T02:08:09.949605Z  DEBUG - HEADERS frame: stream_id=1, flags=END_STREAM | END_HEADERS, padding=0, priority=nil, header_block_size=1
2025-06-27T02:08:09.949606Z  DEBUG - Full header block hex: 40
2025-06-27T02:08:09.949606Z  DEBUG - Decoding HEADERS frame with block size: 1
2025-06-27T02:08:09.949606Z  DEBUG - First 20 bytes of header block: less than 20 bytes
2025-06-27T02:08:09.949616Z  ERROR - HPACK decompression error: Missing string length
2025-06-27T02:08:09.949616Z  DEBUG - Failed header block hex: 40
2025-06-27T02:08:09.949628Z  DEBUG - Read loop connection error: COMPRESSION_ERROR - Missing string length
2025-06-27T02:08:09.949958Z  DEBUG - Connection.start called, is_server=true
2025-06-27T02:08:09.949958Z  DEBUG - Reading client preface...
2025-06-27T02:08:09.949958Z  DEBUG - Attempting to read 24 bytes for preface
2025-06-27T02:08:09.949960Z  DEBUG - Read preface bytes: 505249202a20485454502f322e300d0a0d0a534d0d0a0d0a
2025-06-27T02:08:09.949961Z  DEBUG - Client preface read successfully
2025-06-27T02:08:09.949961Z  DEBUG - Starting without preface...
2025-06-27T02:08:09.949971Z  DEBUG - Connection started successfully
2025-06-27T02:08:09.950003Z  DEBUG - Read loop started for connection 127.0.0.1
2025-06-27T02:08:09.950003Z  DEBUG - Reading frame header...
2025-06-27T02:08:09.950006Z  DEBUG - Applying remote setting: INITIAL_WINDOW_SIZE = 65535
2025-06-27T02:08:09.950007Z  DEBUG - Updating stream windows: old=65535, new=65535, diff=0
2025-06-27T02:08:09.950007Z  DEBUG - Sending SETTINGS ACK
2025-06-27T02:08:09.950012Z  DEBUG - SETTINGS ACK sent
2025-06-27T02:08:09.950013Z  DEBUG - Successfully handled frame: HT2::SettingsFrame on stream 0
2025-06-27T02:08:09.950014Z  DEBUG - Reading frame header...
2025-06-27T02:08:09.950017Z  DEBUG - Successfully handled frame: HT2::SettingsFrame on stream 0
2025-06-27T02:08:09.950018Z  DEBUG - Reading frame header...
2025-06-27T02:08:09.950019Z  DEBUG - Successfully handled frame: HT2::SettingsFrame on stream 0
2025-06-27T02:08:09.950020Z  DEBUG - Reading frame header...
2025-06-27T02:08:09.950070Z  DEBUG - HEADERS frame parsing: payload_size=15, offset=0, padding=0, header_block_size=15
2025-06-27T02:08:09.950071Z  DEBUG - Header block hex: 828684418aa0e41d139d09b8f81e07
2025-06-27T02:08:09.950074Z  DEBUG - HEADERS frame: stream_id=1, flags=None, padding=0, priority=nil, header_block_size=15
2025-06-27T02:08:09.950074Z  DEBUG - Full header block hex: 828684418aa0e41d139d09b8f81e07
2025-06-27T02:08:09.950075Z  DEBUG - HEADERS without END_HEADERS received, expecting CONTINUATION frames for stream 1
2025-06-27T02:08:09.950075Z  DEBUG - Saved 15 bytes, end_stream=false
2025-06-27T02:08:09.950076Z  DEBUG - Successfully handled frame: HT2::HeadersFrame on stream 1
2025-06-27T02:08:09.950077Z  DEBUG - Reading frame header...
2025-06-27T02:08:09.950088Z  DEBUG - Read loop connection error: PROTOCOL_ERROR - HT2::PriorityFrame received while expecting CONTINUATION
2025-06-27T02:08:09.950454Z  DEBUG - Connection.start called, is_server=true
2025-06-27T02:08:09.950454Z  DEBUG - Reading client preface...
2025-06-27T02:08:09.950454Z  DEBUG - Attempting to read 24 bytes for preface
2025-06-27T02:08:09.950459Z  DEBUG - Read preface bytes: 505249202a20485454502f322e300d0a0d0a534d0d0a0d0a
2025-06-27T02:08:09.950459Z  DEBUG - Client preface read successfully
2025-06-27T02:08:09.950459Z  DEBUG - Starting without preface...
2025-06-27T02:08:09.950468Z  DEBUG - Connection started successfully
2025-06-27T02:08:09.950499Z  DEBUG - Read loop started for connection 127.0.0.1
2025-06-27T02:08:09.950499Z  DEBUG - Reading frame header...
2025-06-27T02:08:09.950502Z  DEBUG - Applying remote setting: INITIAL_WINDOW_SIZE = 65535
2025-06-27T02:08:09.950503Z  DEBUG - Updating stream windows: old=65535, new=65535, diff=0
2025-06-27T02:08:09.950503Z  DEBUG - Sending SETTINGS ACK
2025-06-27T02:08:09.950509Z  DEBUG - SETTINGS ACK sent
2025-06-27T02:08:09.950510Z  DEBUG - Successfully handled frame: HT2::SettingsFrame on stream 0
2025-06-27T02:08:09.950510Z  DEBUG - Reading frame header...
2025-06-27T02:08:09.950512Z  DEBUG - Successfully handled frame: HT2::SettingsFrame on stream 0
2025-06-27T02:08:09.950512Z  DEBUG - Reading frame header...
2025-06-27T02:08:09.950514Z  DEBUG - Successfully handled frame: HT2::SettingsFrame on stream 0
2025-06-27T02:08:09.950515Z  DEBUG - Reading frame header...
2025-06-27T02:08:09.950566Z  DEBUG - HEADERS frame parsing: payload_size=15, offset=0, padding=0, header_block_size=15
2025-06-27T02:08:09.950567Z  DEBUG - Header block hex: 828684418aa0e41d139d09b8f81e07
2025-06-27T02:08:09.950570Z  DEBUG - HEADERS frame: stream_id=1, flags=None, padding=0, priority=nil, header_block_size=15
2025-06-27T02:08:09.950570Z  DEBUG - Full header block hex: 828684418aa0e41d139d09b8f81e07
2025-06-27T02:08:09.950570Z  DEBUG - HEADERS without END_HEADERS received, expecting CONTINUATION frames for stream 1
2025-06-27T02:08:09.950571Z  DEBUG - Saved 15 bytes, end_stream=false
2025-06-27T02:08:09.950572Z  DEBUG - Successfully handled frame: HT2::HeadersFrame on stream 1
2025-06-27T02:08:09.950572Z  DEBUG - Reading frame header...
2025-06-27T02:08:09.950574Z  DEBUG - HEADERS frame parsing: payload_size=4, offset=0, padding=0, header_block_size=4
2025-06-27T02:08:09.950574Z  DEBUG - Header block hex: 828684be
2025-06-27T02:08:09.950586Z  DEBUG - Read loop connection error: PROTOCOL_ERROR - HT2::HeadersFrame received while expecting CONTINUATION
2025-06-27T02:08:09.950903Z  DEBUG - Connection.start called, is_server=true
2025-06-27T02:08:09.950903Z  DEBUG - Reading client preface...
2025-06-27T02:08:09.950903Z  DEBUG - Attempting to read 24 bytes for preface
2025-06-27T02:08:09.950923Z  DEBUG - Read preface bytes: 505249202a20485454502f322e300d0a0d0a534d0d0a0d0a
2025-06-27T02:08:09.950924Z  DEBUG - Client preface read successfully
2025-06-27T02:08:09.950924Z  DEBUG - Starting without preface...
2025-06-27T02:08:09.950937Z  DEBUG - Connection started successfully
2025-06-27T02:08:09.950954Z  DEBUG - Read loop started for connection 127.0.0.1
2025-06-27T02:08:09.950955Z  DEBUG - Reading frame header...
2025-06-27T02:08:09.950957Z  DEBUG - Applying remote setting: INITIAL_WINDOW_SIZE = 65535
2025-06-27T02:08:09.950958Z  DEBUG - Updating stream windows: old=65535, new=65535, diff=0
2025-06-27T02:08:09.950958Z  DEBUG - Sending SETTINGS ACK
2025-06-27T02:08:09.950962Z  DEBUG - SETTINGS ACK sent
2025-06-27T02:08:09.950963Z  DEBUG - Successfully handled frame: HT2::SettingsFrame on stream 0
2025-06-27T02:08:09.950963Z  DEBUG - Reading frame header...
2025-06-27T02:08:09.950966Z  DEBUG - Successfully handled frame: HT2::SettingsFrame on stream 0
2025-06-27T02:08:09.950966Z  DEBUG - Reading frame header...
2025-06-27T02:08:09.950968Z  DEBUG - Successfully handled frame: HT2::SettingsFrame on stream 0
2025-06-27T02:08:09.950969Z  DEBUG - Reading frame header...
Unhandled exception in spawn: Missing hash key: 1 (KeyError)
  from /opt/homebrew/Cellar/crystal/1.16.3/share/crystal/src/hash.cr:1198:9 in '[]'
  from src/ht2/connection.cr:1133:7 in 'get_stream'
  from src/ht2/connection.cr:718:16 in 'handle_data_frame'
  from src/ht2/connection.cr:690:9 in 'handle_frame'
  from src/ht2/connection.cr:628:11 in 'read_loop'
  from src/ht2/connection.cr:145:15 in '->'
  from /opt/homebrew/Cellar/crystal/1.16.3/share/crystal/src/fiber.cr:170:11 in 'run'
  from /opt/homebrew/Cellar/crystal/1.16.3/share/crystal/src/fiber.cr:105:3 in '->'
2025-06-27T02:08:09.951035Z  ERROR - Read loop unexpected error: KeyError - Missing hash key: 1
2025-06-27T02:08:09.951043Z  DEBUG - Read loop exiting, closing connection
2025-06-27T02:08:09.992490Z  DEBUG - Connection.start called, is_server=true
2025-06-27T02:08:09.992490Z  DEBUG - Reading client preface...
2025-06-27T02:08:09.992490Z  DEBUG - Attempting to read 24 bytes for preface
2025-06-27T02:08:09.992492Z  DEBUG - Read preface bytes: 505249202a20485454502f322e300d0a0d0a534d0d0a0d0a
2025-06-27T02:08:09.992493Z  DEBUG - Client preface read successfully
2025-06-27T02:08:09.992493Z  DEBUG - Starting without preface...
2025-06-27T02:08:09.992499Z  DEBUG - Connection started successfully
2025-06-27T02:08:09.992523Z  DEBUG - Read loop started for connection 127.0.0.1
2025-06-27T02:08:09.992523Z  DEBUG - Reading frame header...
2025-06-27T02:08:09.992526Z  DEBUG - Applying remote setting: INITIAL_WINDOW_SIZE = 65535
2025-06-27T02:08:09.992526Z  DEBUG - Updating stream windows: old=65535, new=65535, diff=0
2025-06-27T02:08:09.992526Z  DEBUG - Sending SETTINGS ACK
2025-06-27T02:08:09.992528Z  DEBUG - SETTINGS ACK sent
2025-06-27T02:08:09.992529Z  DEBUG - Successfully handled frame: HT2::SettingsFrame on stream 0
2025-06-27T02:08:09.992529Z  DEBUG - Reading frame header...
2025-06-27T02:08:09.992573Z  DEBUG - Successfully handled frame: HT2::SettingsFrame on stream 0
2025-06-27T02:08:09.992574Z  DEBUG - Reading frame header...
2025-06-27T02:08:09.992624Z  DEBUG - Successfully handled frame: HT2::SettingsFrame on stream 0
2025-06-27T02:08:09.992625Z  DEBUG - Reading frame header...
2025-06-27T02:08:09.992642Z  DEBUG - Read loop connection error: PROTOCOL_ERROR - RST_STREAM on idle stream
2025-06-27T02:08:09.993307Z  DEBUG - Connection.start called, is_server=true
2025-06-27T02:08:09.993307Z  DEBUG - Reading client preface...
2025-06-27T02:08:09.993308Z  DEBUG - Attempting to read 24 bytes for preface
2025-06-27T02:08:09.993312Z  DEBUG - Read preface bytes: 505249202a20485454502f322e300d0a0d0a534d0d0a0d0a
2025-06-27T02:08:09.993312Z  DEBUG - Client preface read successfully
2025-06-27T02:08:09.993312Z  DEBUG - Starting without preface...
2025-06-27T02:08:09.993320Z  DEBUG - Connection started successfully
2025-06-27T02:08:09.993352Z  DEBUG - Read loop started for connection 127.0.0.1
2025-06-27T02:08:09.993352Z  DEBUG - Reading frame header...
2025-06-27T02:08:09.993355Z  DEBUG - Applying remote setting: INITIAL_WINDOW_SIZE = 65535
2025-06-27T02:08:09.993356Z  DEBUG - Updating stream windows: old=65535, new=65535, diff=0
2025-06-27T02:08:09.993356Z  DEBUG - Sending SETTINGS ACK
2025-06-27T02:08:09.993362Z  DEBUG - SETTINGS ACK sent
2025-06-27T02:08:09.993362Z  DEBUG - Successfully handled frame: HT2::SettingsFrame on stream 0
2025-06-27T02:08:09.993363Z  DEBUG - Reading frame header...
2025-06-27T02:08:09.993365Z  DEBUG - Successfully handled frame: HT2::SettingsFrame on stream 0
2025-06-27T02:08:09.993366Z  DEBUG - Reading frame header...
2025-06-27T02:08:09.993367Z  DEBUG - Successfully handled frame: HT2::SettingsFrame on stream 0
2025-06-27T02:08:09.993368Z  DEBUG - Reading frame header...
2025-06-27T02:08:09.993417Z  DEBUG - Received WINDOW_UPDATE: stream_id=1, increment=100
2025-06-27T02:08:09.993431Z  DEBUG - Read loop connection error: PROTOCOL_ERROR - WINDOW_UPDATE on invalid stream ID 1
2025-06-27T02:08:09.993863Z  DEBUG - Connection.start called, is_server=true
2025-06-27T02:08:09.993864Z  DEBUG - Reading client preface...
2025-06-27T02:08:09.993864Z  DEBUG - Attempting to read 24 bytes for preface
2025-06-27T02:08:09.993870Z  DEBUG - Read preface bytes: 505249202a20485454502f322e300d0a0d0a534d0d0a0d0a
2025-06-27T02:08:09.993870Z  DEBUG - Client preface read successfully
2025-06-27T02:08:09.993871Z  DEBUG - Starting without preface...
2025-06-27T02:08:09.993879Z  DEBUG - Connection started successfully
2025-06-27T02:08:09.993909Z  DEBUG - Read loop started for connection 127.0.0.1
2025-06-27T02:08:09.993910Z  DEBUG - Reading frame header...
2025-06-27T02:08:09.993913Z  DEBUG - Applying remote setting: INITIAL_WINDOW_SIZE = 65535
2025-06-27T02:08:09.993914Z  DEBUG - Updating stream windows: old=65535, new=65535, diff=0
2025-06-27T02:08:09.993914Z  DEBUG - Sending SETTINGS ACK
2025-06-27T02:08:09.993917Z  DEBUG - SETTINGS ACK sent
2025-06-27T02:08:09.993918Z  DEBUG - Successfully handled frame: HT2::SettingsFrame on stream 0
2025-06-27T02:08:09.993918Z  DEBUG - Reading frame header...
2025-06-27T02:08:09.993925Z  DEBUG - Successfully handled frame: HT2::SettingsFrame on stream 0
2025-06-27T02:08:09.993925Z  DEBUG - Reading frame header...
2025-06-27T02:08:09.993929Z  DEBUG - Successfully handled frame: HT2::SettingsFrame on stream 0
2025-06-27T02:08:09.993929Z  DEBUG - Reading frame header...
2025-06-27T02:08:09.993993Z  DEBUG - CONTINUATION frame received: stream_id=1, end_headers=true, header_block_size=15
2025-06-27T02:08:09.994006Z  DEBUG - Read loop connection error: PROTOCOL_ERROR - CONTINUATION without HEADERS
2025-06-27T02:08:09.994535Z  DEBUG - Connection.start called, is_server=true
2025-06-27T02:08:09.994535Z  DEBUG - Reading client preface...
2025-06-27T02:08:09.994536Z  DEBUG - Attempting to read 24 bytes for preface
2025-06-27T02:08:09.994539Z  DEBUG - Read preface bytes: 505249202a20485454502f322e300d0a0d0a534d0d0a0d0a
2025-06-27T02:08:09.994540Z  DEBUG - Client preface read successfully
2025-06-27T02:08:09.994540Z  DEBUG - Starting without preface...
2025-06-27T02:08:09.994549Z  DEBUG - Connection started successfully
2025-06-27T02:08:09.994582Z  DEBUG - Read loop started for connection 127.0.0.1
2025-06-27T02:08:09.994582Z  DEBUG - Reading frame header...
2025-06-27T02:08:09.994585Z  DEBUG - Applying remote setting: INITIAL_WINDOW_SIZE = 65535
2025-06-27T02:08:09.994586Z  DEBUG - Updating stream windows: old=65535, new=65535, diff=0
2025-06-27T02:08:09.994586Z  DEBUG - Sending SETTINGS ACK
2025-06-27T02:08:09.994589Z  DEBUG - SETTINGS ACK sent
2025-06-27T02:08:09.994590Z  DEBUG - Successfully handled frame: HT2::SettingsFrame on stream 0
2025-06-27T02:08:09.994590Z  DEBUG - Reading frame header...
2025-06-27T02:08:09.994594Z  DEBUG - Successfully handled frame: HT2::SettingsFrame on stream 0
2025-06-27T02:08:09.994595Z  DEBUG - Reading frame header...
2025-06-27T02:08:09.994596Z  DEBUG - Successfully handled frame: HT2::SettingsFrame on stream 0
2025-06-27T02:08:09.994597Z  DEBUG - Reading frame header...
2025-06-27T02:08:09.994649Z  DEBUG - HEADERS frame parsing: payload_size=15, offset=0, padding=0, header_block_size=15
2025-06-27T02:08:09.994649Z  DEBUG - Header block hex: 828684418aa0e41d139d09b8f81e07
2025-06-27T02:08:09.994656Z  DEBUG - HEADERS frame: stream_id=1, flags=END_STREAM | END_HEADERS, padding=0, priority=nil, header_block_size=15
2025-06-27T02:08:09.994657Z  DEBUG - Full header block hex: 828684418aa0e41d139d09b8f81e07
2025-06-27T02:08:09.994657Z  DEBUG - Decoding HEADERS frame with block size: 15
2025-06-27T02:08:09.994658Z  DEBUG - First 20 bytes of header block: less than 20 bytes
2025-06-27T02:08:09.994660Z  DEBUG - HPACK: Decoding Huffman string, length=10, data=a0e41d139d09b8f81e07
2025-06-27T02:08:09.994695Z  DEBUG - Huffman decode: data.size=10, hex=a0e41d139d09b8f81e07
2025-06-27T02:08:09.994696Z  DEBUG - Huffman decode: Checking for potential EOS pattern in data
2025-06-27T02:08:09.994697Z  DEBUG - Huffman padding check: last_symbol_bit=76, total_bits=80, padding_bits=3
2025-06-27T02:08:09.994698Z  DEBUG - HPACK: Huffman decoded to: "localhost:9080"
2025-06-27T02:08:09.994703Z  DEBUG - Decoded headers before validation: [{":method", "GET"}, {":scheme", "http"}, {":path", "/"}, {":authority", "localhost:9080"}]
2025-06-27T02:08:09.994710Z  DEBUG - Validated headers: [{":method", "GET"}, {":scheme", "http"}, {":path", "/"}, {":authority", "localhost:9080"}]
2025-06-27T02:08:09.994713Z  DEBUG - Server received headers for stream 1, end_stream: true, headers_count: 4
2025-06-27T02:08:09.994716Z  DEBUG - Headers: [{":method", "GET"}, {":scheme", "http"}, {":path", "/"}, {":authority", "localhost:9080"}]
2025-06-27T02:08:09.994717Z  DEBUG - is_trailers=false, end_stream=true, stream.end_stream_received=true
2025-06-27T02:08:09.994717Z  DEBUG - Processing request immediately (headers with END_STREAM)
2025-06-27T02:08:09.994719Z  DEBUG - Successfully handled frame: HT2::HeadersFrame on stream 1
2025-06-27T02:08:09.994719Z  DEBUG - Reading frame header...
2025-06-27T02:08:09.994732Z  DEBUG - Read loop stream error: 1 - STREAM_CLOSED - Cannot receive data on closed stream
2025-06-27T02:08:09.994744Z  DEBUG - Reading frame header...
2025-06-27T02:08:09.994820Z  DEBUG - Handling stream 1 with headers: [{":method", "GET"}, {":scheme", "http"}, {":path", "/"}, {":authority", "localhost:9080"}]
2025-06-27T02:08:09.994823Z  DEBUG - Created request for stream 1: GET /
2025-06-27T02:08:09.994823Z   INFO - Request: GET /
2025-06-27T02:08:09.994827Z  DEBUG - Response.send_headers called, end_stream=false, headers_sent=false
2025-06-27T02:08:09.994828Z  DEBUG - Response: Sending 2 headers
2025-06-27T02:08:09.994829Z  DEBUG - Stream 1: send_headers called with 2 headers, end_stream=false
2025-06-27T02:08:09.994840Z  ERROR - Error writing response: Cannot send headers on closed stream
2025-06-27T02:08:09.994841Z  DEBUG - Response.close: Sending empty DATA frame with END_STREAM
2025-06-27T02:08:09.994893Z  DEBUG - Failed to read frame header: End of file reached
2025-06-27T02:08:09.994898Z  DEBUG - Read loop IO error: IO::EOFError - End of file reached
2025-06-27T02:08:09.994899Z  DEBUG - Socket closed: false
2025-06-27T02:08:09.994899Z  DEBUG - Read loop exiting, closing connection
2025-06-27T02:08:09.995172Z  DEBUG - Connection.start called, is_server=true
2025-06-27T02:08:09.995173Z  DEBUG - Reading client preface...
2025-06-27T02:08:09.995173Z  DEBUG - Attempting to read 24 bytes for preface
2025-06-27T02:08:09.995182Z  DEBUG - Read preface bytes: 505249202a20485454502f322e300d0a0d0a534d0d0a0d0a
2025-06-27T02:08:09.995182Z  DEBUG - Client preface read successfully
2025-06-27T02:08:09.995183Z  DEBUG - Starting without preface...
2025-06-27T02:08:09.995195Z  DEBUG - Connection started successfully
2025-06-27T02:08:09.995227Z  DEBUG - Read loop started for connection 127.0.0.1
2025-06-27T02:08:09.995228Z  DEBUG - Reading frame header...
2025-06-27T02:08:09.995233Z  DEBUG - Applying remote setting: INITIAL_WINDOW_SIZE = 65535
2025-06-27T02:08:09.995234Z  DEBUG - Updating stream windows: old=65535, new=65535, diff=0
2025-06-27T02:08:09.995235Z  DEBUG - Sending SETTINGS ACK
2025-06-27T02:08:09.995240Z  DEBUG - SETTINGS ACK sent
2025-06-27T02:08:09.995241Z  DEBUG - Successfully handled frame: HT2::SettingsFrame on stream 0
2025-06-27T02:08:09.995241Z  DEBUG - Reading frame header...
2025-06-27T02:08:09.995243Z  DEBUG - Successfully handled frame: HT2::SettingsFrame on stream 0
2025-06-27T02:08:09.995244Z  DEBUG - Reading frame header...
2025-06-27T02:08:09.995246Z  DEBUG - Successfully handled frame: HT2::SettingsFrame on stream 0
2025-06-27T02:08:09.995247Z  DEBUG - Reading frame header...
Unhandled exception in spawn: Cannot receive headers in state HALF_CLOSED_REMOTE (HT2::ProtocolError)
  from src/ht2/stream_state_machine.cr:197:11 in 'validate_receive_headers'
  from src/ht2/stream.cr:315:7 in 'receive_headers'
  from src/ht2/connection.cr:807:11 in 'handle_headers_frame'
  from src/ht2/connection.cr:692:9 in 'handle_frame'
  from src/ht2/connection.cr:628:11 in 'read_loop'
  from src/ht2/connection.cr:145:15 in '->'
  from /opt/homebrew/Cellar/crystal/1.16.3/share/crystal/src/fiber.cr:170:11 in 'run'
  from /opt/homebrew/Cellar/crystal/1.16.3/share/crystal/src/fiber.cr:105:3 in '->'
2025-06-27T02:08:09.995304Z  DEBUG - HEADERS frame parsing: payload_size=15, offset=0, padding=0, header_block_size=15
2025-06-27T02:08:09.995304Z  DEBUG - Header block hex: 828684418aa0e41d139d09b8f81e07
2025-06-27T02:08:09.995308Z  DEBUG - HEADERS frame: stream_id=1, flags=END_STREAM | END_HEADERS, padding=0, priority=nil, header_block_size=15
2025-06-27T02:08:09.995308Z  DEBUG - Full header block hex: 828684418aa0e41d139d09b8f81e07
2025-06-27T02:08:09.995309Z  DEBUG - Decoding HEADERS frame with block size: 15
2025-06-27T02:08:09.995309Z  DEBUG - First 20 bytes of header block: less than 20 bytes
2025-06-27T02:08:09.995310Z  DEBUG - HPACK: Decoding Huffman string, length=10, data=a0e41d139d09b8f81e07
2025-06-27T02:08:09.995346Z  DEBUG - Huffman decode: data.size=10, hex=a0e41d139d09b8f81e07
2025-06-27T02:08:09.995346Z  DEBUG - Huffman decode: Checking for potential EOS pattern in data
2025-06-27T02:08:09.995347Z  DEBUG - Huffman padding check: last_symbol_bit=76, total_bits=80, padding_bits=3
2025-06-27T02:08:09.995348Z  DEBUG - HPACK: Huffman decoded to: "localhost:9080"
2025-06-27T02:08:09.995351Z  DEBUG - Decoded headers before validation: [{":method", "GET"}, {":scheme", "http"}, {":path", "/"}, {":authority", "localhost:9080"}]
2025-06-27T02:08:09.995361Z  DEBUG - Validated headers: [{":method", "GET"}, {":scheme", "http"}, {":path", "/"}, {":authority", "localhost:9080"}]
2025-06-27T02:08:09.995362Z  DEBUG - Server received headers for stream 1, end_stream: true, headers_count: 4
2025-06-27T02:08:09.995366Z  DEBUG - Headers: [{":method", "GET"}, {":scheme", "http"}, {":path", "/"}, {":authority", "localhost:9080"}]
2025-06-27T02:08:09.995366Z  DEBUG - is_trailers=false, end_stream=true, stream.end_stream_received=true
2025-06-27T02:08:09.995366Z  DEBUG - Processing request immediately (headers with END_STREAM)
2025-06-27T02:08:09.995367Z  DEBUG - Successfully handled frame: HT2::HeadersFrame on stream 1
2025-06-27T02:08:09.995368Z  DEBUG - Reading frame header...
2025-06-27T02:08:09.995369Z  DEBUG - HEADERS frame parsing: payload_size=4, offset=0, padding=0, header_block_size=4
2025-06-27T02:08:09.995369Z  DEBUG - Header block hex: 828684be
2025-06-27T02:08:09.995370Z  DEBUG - HEADERS frame: stream_id=1, flags=END_STREAM | END_HEADERS, padding=0, priority=nil, header_block_size=4
2025-06-27T02:08:09.995370Z  DEBUG - Full header block hex: 828684be
2025-06-27T02:08:09.995371Z  DEBUG - Decoding HEADERS frame with block size: 4
2025-06-27T02:08:09.995371Z  DEBUG - First 20 bytes of header block: less than 20 bytes
2025-06-27T02:08:09.995374Z  DEBUG - Decoded headers before validation: [{":method", "GET"}, {":scheme", "http"}, {":path", "/"}, {":authority", "localhost:9080"}]
2025-06-27T02:08:09.995380Z  DEBUG - Validated headers: [{":method", "GET"}, {":scheme", "http"}, {":path", "/"}, {":authority", "localhost:9080"}]
2025-06-27T02:08:09.995395Z  ERROR - Read loop unexpected error: HT2::ProtocolError - Cannot receive headers in state HALF_CLOSED_REMOTE
2025-06-27T02:08:09.995401Z  DEBUG - Read loop exiting, closing connection
Worker pool task error: Closed stream
2025-06-27T02:08:09.995820Z  DEBUG - Handling stream 1 with headers: [{":method", "GET"}, {":scheme", "http"}, {":path", "/"}, {":authority", "localhost:9080"}]
2025-06-27T02:08:09.995822Z  DEBUG - Created request for stream 1: GET /
2025-06-27T02:08:09.995822Z   INFO - Request: GET /
2025-06-27T02:08:09.995823Z  DEBUG - Response.send_headers called, end_stream=false, headers_sent=false
2025-06-27T02:08:09.995824Z  DEBUG - Response: Sending 2 headers
2025-06-27T02:08:09.995825Z  DEBUG - Stream 1: send_headers called with 2 headers, end_stream=false
2025-06-27T02:08:09.995829Z  DEBUG - Stream 1: Sending HEADERS frame with flags=END_HEADERS, header_block_size=13
2025-06-27T02:08:09.995858Z  ERROR - Error writing response: Closed stream
2025-06-27T02:08:09.995859Z  DEBUG - Response.close: Sending empty DATA frame with END_STREAM
2025-06-27T02:08:09.995859Z  DEBUG - Stream.send_data: size=0, send_window=65535, conn_window=65535
2025-06-27T02:08:09.996290Z  ERROR - Error handling request: Closed stream
/opt/homebrew/Cellar/crystal/1.16.3/share/crystal/src/io.cr:121:5 in 'check_open'
/opt/homebrew/Cellar/crystal/1.16.3/share/crystal/src/io/buffered.cr:142:15 in 'write'
src/ht2/zero_copy.cr:65:7 in 'forward_data_frame'
src/ht2/frames/data_frame.cr:50:9 in 'write_to'
src/ht2/connection.cr:343:11 in 'send_frame_zero_copy'
src/ht2/connection.cr:261:9 in 'send_frame'
src/ht2/stream.cr:107:7 in 'send_data'
src/ht2/response.cr:73:9 in 'close'
spec/h2spec_test_server.cr:28:7 in '->'
src/ht2/server.cr:529:16 in 'handle_stream'
src/ht2/server.cr:500:19 in '->'
src/ht2/worker_pool.cr:139:18 in '->'
/opt/homebrew/Cellar/crystal/1.16.3/share/crystal/src/fiber.cr:170:11 in 'run'
/opt/homebrew/Cellar/crystal/1.16.3/share/crystal/src/fiber.cr:105:3 in '->'
2025-06-27T02:08:09.996368Z  DEBUG - Connection.start called, is_server=true
2025-06-27T02:08:09.996369Z  DEBUG - Reading client preface...
2025-06-27T02:08:09.996369Z  DEBUG - Attempting to read 24 bytes for preface
2025-06-27T02:08:09.996372Z  DEBUG - Read preface bytes: 505249202a20485454502f322e300d0a0d0a534d0d0a0d0a
2025-06-27T02:08:09.996372Z  DEBUG - Client preface read successfully
2025-06-27T02:08:09.996373Z  DEBUG - Starting without preface...
2025-06-27T02:08:09.996381Z  DEBUG - Connection started successfully
2025-06-27T02:08:09.996405Z  DEBUG - Read loop started for connection 127.0.0.1
2025-06-27T02:08:09.996406Z  DEBUG - Reading frame header...
2025-06-27T02:08:09.996408Z  DEBUG - Applying remote setting: INITIAL_WINDOW_SIZE = 65535
2025-06-27T02:08:09.996409Z  DEBUG - Updating stream windows: old=65535, new=65535, diff=0
2025-06-27T02:08:09.996410Z  DEBUG - Sending SETTINGS ACK
2025-06-27T02:08:09.996414Z  DEBUG - SETTINGS ACK sent
2025-06-27T02:08:09.996415Z  DEBUG - Successfully handled frame: HT2::SettingsFrame on stream 0
2025-06-27T02:08:09.996415Z  DEBUG - Reading frame header...
2025-06-27T02:08:09.996419Z  DEBUG - Successfully handled frame: HT2::SettingsFrame on stream 0
2025-06-27T02:08:09.996419Z  DEBUG - Reading frame header...
2025-06-27T02:08:09.996466Z  DEBUG - Successfully handled frame: HT2::SettingsFrame on stream 0
2025-06-27T02:08:09.996467Z  DEBUG - Reading frame header...
2025-06-27T02:08:09.996468Z  DEBUG - HEADERS frame parsing: payload_size=15, offset=0, padding=0, header_block_size=15
2025-06-27T02:08:09.996469Z  DEBUG - Header block hex: 828684418aa0e41d139d09b8f81e07
2025-06-27T02:08:09.996472Z  DEBUG - HEADERS frame: stream_id=1, flags=END_STREAM | END_HEADERS, padding=0, priority=nil, header_block_size=15
2025-06-27T02:08:09.996472Z  DEBUG - Full header block hex: 828684418aa0e41d139d09b8f81e07
2025-06-27T02:08:09.996473Z  DEBUG - Decoding HEADERS frame with block size: 15
2025-06-27T02:08:09.996473Z  DEBUG - First 20 bytes of header block: less than 20 bytes
2025-06-27T02:08:09.996474Z  DEBUG - HPACK: Decoding Huffman string, length=10, data=a0e41d139d09b8f81e07
2025-06-27T02:08:09.996514Z  DEBUG - Huffman decode: data.size=10, hex=a0e41d139d09b8f81e07
2025-06-27T02:08:09.996514Z  DEBUG - Huffman decode: Checking for potential EOS pattern in data
2025-06-27T02:08:09.996515Z  DEBUG - Huffman padding check: last_symbol_bit=76, total_bits=80, padding_bits=3
2025-06-27T02:08:09.996516Z  DEBUG - HPACK: Huffman decoded to: "localhost:9080"
2025-06-27T02:08:09.996520Z  DEBUG - Decoded headers before validation: [{":method", "GET"}, {":scheme", "http"}, {":path", "/"}, {":authority", "localhost:9080"}]
2025-06-27T02:08:09.996525Z  DEBUG - Validated headers: [{":method", "GET"}, {":scheme", "http"}, {":path", "/"}, {":authority", "localhost:9080"}]
2025-06-27T02:08:09.996527Z  DEBUG - Server received headers for stream 1, end_stream: true, headers_count: 4
2025-06-27T02:08:09.996529Z  DEBUG - Headers: [{":method", "GET"}, {":scheme", "http"}, {":path", "/"}, {":authority", "localhost:9080"}]
2025-06-27T02:08:09.996530Z  DEBUG - is_trailers=false, end_stream=true, stream.end_stream_received=true
2025-06-27T02:08:09.996530Z  DEBUG - Processing request immediately (headers with END_STREAM)
2025-06-27T02:08:09.996531Z  DEBUG - Successfully handled frame: HT2::HeadersFrame on stream 1
2025-06-27T02:08:09.996531Z  DEBUG - Reading frame header...
2025-06-27T02:08:09.996533Z  DEBUG - CONTINUATION frame received: stream_id=1, end_headers=true, header_block_size=15
2025-06-27T02:08:09.996542Z  DEBUG - Read loop connection error: PROTOCOL_ERROR - CONTINUATION without HEADERS
2025-06-27T02:08:09.996633Z  DEBUG - Handling stream 1 with headers: [{":method", "GET"}, {":scheme", "http"}, {":path", "/"}, {":authority", "localhost:9080"}]
2025-06-27T02:08:09.996635Z  DEBUG - Created request for stream 1: GET /
2025-06-27T02:08:09.996635Z   INFO - Request: GET /
2025-06-27T02:08:09.996636Z  DEBUG - Response.send_headers called, end_stream=false, headers_sent=false
2025-06-27T02:08:09.996637Z  DEBUG - Response: Sending 2 headers
2025-06-27T02:08:09.996637Z  DEBUG - Stream 1: send_headers called with 2 headers, end_stream=false
2025-06-27T02:08:09.996641Z  DEBUG - Stream 1: Sending HEADERS frame with flags=END_HEADERS, header_block_size=13
2025-06-27T02:08:09.996647Z  DEBUG - Stream 1: send_headers completed, new state=HALF_CLOSED_REMOTE
2025-06-27T02:08:09.996647Z  DEBUG - Response.write: Sending 100 bytes of data
2025-06-27T02:08:09.996648Z  DEBUG - Response.write: stream_window=65535, conn_window=65535, available=65535
2025-06-27T02:08:09.996649Z  DEBUG - Stream.send_chunks: Starting to send 100 bytes in chunks of 16384
2025-06-27T02:08:09.996650Z  DEBUG - Stream.send_chunk: Sending chunk from 0 to 100 (100 bytes), last_chunk=true
2025-06-27T02:08:09.996650Z  DEBUG - Stream.send_data: size=100, send_window=65535, conn_window=65535
2025-06-27T02:08:09.996653Z  DEBUG - Stream.send_chunks: Finished sending all chunks
2025-06-27T02:08:09.996653Z  DEBUG - Response.close: Sending empty DATA frame with END_STREAM
2025-06-27T02:08:09.996654Z  DEBUG - Stream.send_data: size=0, send_window=65435, conn_window=65435
2025-06-27T02:08:09.996657Z  DEBUG - Completed handling stream 1
2025-06-27T02:08:09.997019Z  DEBUG - Connection.start called, is_server=true
2025-06-27T02:08:09.997019Z  DEBUG - Reading client preface...
2025-06-27T02:08:09.997019Z  DEBUG - Attempting to read 24 bytes for preface
2025-06-27T02:08:09.997046Z  DEBUG - Read preface bytes: 505249202a20485454502f322e300d0a0d0a534d0d0a0d0a
2025-06-27T02:08:09.997047Z  DEBUG - Client preface read successfully
2025-06-27T02:08:09.997047Z  DEBUG - Starting without preface...
2025-06-27T02:08:09.997056Z  DEBUG - Connection started successfully
2025-06-27T02:08:09.997074Z  DEBUG - Read loop started for connection 127.0.0.1
2025-06-27T02:08:09.997074Z  DEBUG - Reading frame header...
2025-06-27T02:08:09.997077Z  DEBUG - Applying remote setting: INITIAL_WINDOW_SIZE = 65535
2025-06-27T02:08:09.997078Z  DEBUG - Updating stream windows: old=65535, new=65535, diff=0
2025-06-27T02:08:09.997078Z  DEBUG - Sending SETTINGS ACK
2025-06-27T02:08:09.997084Z  DEBUG - SETTINGS ACK sent
2025-06-27T02:08:09.997084Z  DEBUG - Successfully handled frame: HT2::SettingsFrame on stream 0
2025-06-27T02:08:09.997085Z  DEBUG - Reading frame header...
2025-06-27T02:08:09.997092Z  DEBUG - Successfully handled frame: HT2::SettingsFrame on stream 0
2025-06-27T02:08:09.997092Z  DEBUG - Reading frame header...
2025-06-27T02:08:09.997094Z  DEBUG - Successfully handled frame: HT2::SettingsFrame on stream 0
2025-06-27T02:08:09.997095Z  DEBUG - Reading frame header...
2025-06-27T02:08:09.997152Z  DEBUG - HEADERS frame parsing: payload_size=15, offset=0, padding=0, header_block_size=15
2025-06-27T02:08:09.997152Z  DEBUG - Header block hex: 828684418aa0e41d139d09b8f81e07
2025-06-27T02:08:09.997156Z  DEBUG - HEADERS frame: stream_id=1, flags=END_HEADERS, padding=0, priority=nil, header_block_size=15
2025-06-27T02:08:09.997156Z  DEBUG - Full header block hex: 828684418aa0e41d139d09b8f81e07
2025-06-27T02:08:09.997157Z  DEBUG - Decoding HEADERS frame with block size: 15
2025-06-27T02:08:09.997157Z  DEBUG - First 20 bytes of header block: less than 20 bytes
2025-06-27T02:08:09.997158Z  DEBUG - HPACK: Decoding Huffman string, length=10, data=a0e41d139d09b8f81e07
2025-06-27T02:08:09.997193Z  DEBUG - Huffman decode: data.size=10, hex=a0e41d139d09b8f81e07
2025-06-27T02:08:09.997193Z  DEBUG - Huffman decode: Checking for potential EOS pattern in data
2025-06-27T02:08:09.997194Z  DEBUG - Huffman padding check: last_symbol_bit=76, total_bits=80, padding_bits=3
2025-06-27T02:08:09.997195Z  DEBUG - HPACK: Huffman decoded to: "localhost:9080"
2025-06-27T02:08:09.997199Z  DEBUG - Decoded headers before validation: [{":method", "GET"}, {":scheme", "http"}, {":path", "/"}, {":authority", "localhost:9080"}]
2025-06-27T02:08:09.997204Z  DEBUG - Validated headers: [{":method", "GET"}, {":scheme", "http"}, {":path", "/"}, {":authority", "localhost:9080"}]
2025-06-27T02:08:09.997205Z  DEBUG - Server received headers for stream 1, end_stream: false, headers_count: 4
2025-06-27T02:08:09.997208Z  DEBUG - Headers: [{":method", "GET"}, {":scheme", "http"}, {":path", "/"}, {":authority", "localhost:9080"}]
2025-06-27T02:08:09.997209Z  DEBUG - is_trailers=false, end_stream=false, stream.end_stream_received=false
2025-06-27T02:08:09.997209Z  DEBUG - Received headers without END_STREAM, waiting for more frames
2025-06-27T02:08:09.997209Z  DEBUG - Successfully handled frame: HT2::HeadersFrame on stream 1
2025-06-27T02:08:09.997210Z  DEBUG - Reading frame header...
2025-06-27T02:08:09.997215Z  DEBUG - Successfully handled frame: HT2::RstStreamFrame on stream 1
2025-06-27T02:08:09.997216Z  DEBUG - Reading frame header...
2025-06-27T02:08:09.997224Z  DEBUG - Read loop stream error: 1 - STREAM_CLOSED - DATA on closed stream
2025-06-27T02:08:09.997234Z  DEBUG - Reading frame header...
2025-06-27T02:08:09.997317Z  DEBUG - Failed to read frame header: End of file reached
2025-06-27T02:08:09.997321Z  DEBUG - Read loop IO error: IO::EOFError - End of file reached
2025-06-27T02:08:09.997321Z  DEBUG - Socket closed: false
2025-06-27T02:08:09.997321Z  DEBUG - Read loop exiting, closing connection
2025-06-27T02:08:09.997708Z  DEBUG - Connection.start called, is_server=true
2025-06-27T02:08:09.997708Z  DEBUG - Reading client preface...
2025-06-27T02:08:09.997709Z  DEBUG - Attempting to read 24 bytes for preface
2025-06-27T02:08:09.997717Z  DEBUG - Read preface bytes: 505249202a20485454502f322e300d0a0d0a534d0d0a0d0a
2025-06-27T02:08:09.997717Z  DEBUG - Client preface read successfully
2025-06-27T02:08:09.997717Z  DEBUG - Starting without preface...
2025-06-27T02:08:09.997728Z  DEBUG - Connection started successfully
2025-06-27T02:08:09.997758Z  DEBUG - Read loop started for connection 127.0.0.1
2025-06-27T02:08:09.997758Z  DEBUG - Reading frame header...
2025-06-27T02:08:09.997763Z  DEBUG - Applying remote setting: INITIAL_WINDOW_SIZE = 65535
2025-06-27T02:08:09.997764Z  DEBUG - Updating stream windows: old=65535, new=65535, diff=0
2025-06-27T02:08:09.997764Z  DEBUG - Sending SETTINGS ACK
2025-06-27T02:08:09.997769Z  DEBUG - SETTINGS ACK sent
2025-06-27T02:08:09.997770Z  DEBUG - Successfully handled frame: HT2::SettingsFrame on stream 0
2025-06-27T02:08:09.997771Z  DEBUG - Reading frame header...
2025-06-27T02:08:09.997773Z  DEBUG - Successfully handled frame: HT2::SettingsFrame on stream 0
2025-06-27T02:08:09.997773Z  DEBUG - Reading frame header...
2025-06-27T02:08:09.997814Z  DEBUG - Successfully handled frame: HT2::SettingsFrame on stream 0
2025-06-27T02:08:09.997814Z  DEBUG - Reading frame header...
2025-06-27T02:08:09.997845Z  DEBUG - HEADERS frame parsing: payload_size=15, offset=0, padding=0, header_block_size=15
2025-06-27T02:08:09.997846Z  DEBUG - Header block hex: 828684418aa0e41d139d09b8f81e07
2025-06-27T02:08:09.997848Z  DEBUG - HEADERS frame: stream_id=1, flags=END_HEADERS, padding=0, priority=nil, header_block_size=15
2025-06-27T02:08:09.997849Z  DEBUG - Full header block hex: 828684418aa0e41d139d09b8f81e07
2025-06-27T02:08:09.997849Z  DEBUG - Decoding HEADERS frame with block size: 15
2025-06-27T02:08:09.997850Z  DEBUG - First 20 bytes of header block: less than 20 bytes
2025-06-27T02:08:09.997851Z  DEBUG - HPACK: Decoding Huffman string, length=10, data=a0e41d139d09b8f81e07
2025-06-27T02:08:09.997894Z  DEBUG - Huffman decode: data.size=10, hex=a0e41d139d09b8f81e07
2025-06-27T02:08:09.997894Z  DEBUG - Huffman decode: Checking for potential EOS pattern in data
2025-06-27T02:08:09.997896Z  DEBUG - Huffman padding check: last_symbol_bit=76, total_bits=80, padding_bits=3
2025-06-27T02:08:09.997897Z  DEBUG - HPACK: Huffman decoded to: "localhost:9080"
2025-06-27T02:08:09.997900Z  DEBUG - Decoded headers before validation: [{":method", "GET"}, {":scheme", "http"}, {":path", "/"}, {":authority", "localhost:9080"}]
2025-06-27T02:08:09.997905Z  DEBUG - Validated headers: [{":method", "GET"}, {":scheme", "http"}, {":path", "/"}, {":authority", "localhost:9080"}]
2025-06-27T02:08:09.997906Z  DEBUG - Server received headers for stream 1, end_stream: false, headers_count: 4
2025-06-27T02:08:09.997909Z  DEBUG - Headers: [{":method", "GET"}, {":scheme", "http"}, {":path", "/"}, {":authority", "localhost:9080"}]
2025-06-27T02:08:09.997909Z  DEBUG - is_trailers=false, end_stream=false, stream.end_stream_received=false
2025-06-27T02:08:09.997910Z  DEBUG - Received headers without END_STREAM, waiting for more frames
2025-06-27T02:08:09.997910Z  DEBUG - Successfully handled frame: HT2::HeadersFrame on stream 1
2025-06-27T02:08:09.997911Z  DEBUG - Reading frame header...
2025-06-27T02:08:09.997915Z  DEBUG - Successfully handled frame: HT2::RstStreamFrame on stream 1
2025-06-27T02:08:09.997915Z  DEBUG - Reading frame header...
2025-06-27T02:08:09.997920Z  DEBUG - HEADERS frame parsing: payload_size=4, offset=0, padding=0, header_block_size=4
2025-06-27T02:08:09.997920Z  DEBUG - Header block hex: 828684be
2025-06-27T02:08:09.997931Z  DEBUG - Read loop connection error: STREAM_CLOSED - HEADERS on closed stream 1
2025-06-27T02:08:09.998416Z  DEBUG - Connection.start called, is_server=true
2025-06-27T02:08:09.998417Z  DEBUG - Reading client preface...
2025-06-27T02:08:09.998417Z  DEBUG - Attempting to read 24 bytes for preface
2025-06-27T02:08:09.998421Z  DEBUG - Read preface bytes: 505249202a20485454502f322e300d0a0d0a534d0d0a0d0a
2025-06-27T02:08:09.998422Z  DEBUG - Client preface read successfully
2025-06-27T02:08:09.998422Z  DEBUG - Starting without preface...
2025-06-27T02:08:09.998432Z  DEBUG - Connection started successfully
2025-06-27T02:08:09.998464Z  DEBUG - Read loop started for connection 127.0.0.1
2025-06-27T02:08:09.998464Z  DEBUG - Reading frame header...
2025-06-27T02:08:09.998467Z  DEBUG - Applying remote setting: INITIAL_WINDOW_SIZE = 65535
2025-06-27T02:08:09.998468Z  DEBUG - Updating stream windows: old=65535, new=65535, diff=0
2025-06-27T02:08:09.998468Z  DEBUG - Sending SETTINGS ACK
2025-06-27T02:08:09.998472Z  DEBUG - SETTINGS ACK sent
2025-06-27T02:08:09.998473Z  DEBUG - Successfully handled frame: HT2::SettingsFrame on stream 0
2025-06-27T02:08:09.998473Z  DEBUG - Reading frame header...
2025-06-27T02:08:09.998476Z  DEBUG - Successfully handled frame: HT2::SettingsFrame on stream 0
2025-06-27T02:08:09.998477Z  DEBUG - Reading frame header...
2025-06-27T02:08:09.998482Z  DEBUG - Successfully handled frame: HT2::SettingsFrame on stream 0
2025-06-27T02:08:09.998482Z  DEBUG - Reading frame header...
2025-06-27T02:08:09.998535Z  DEBUG - HEADERS frame parsing: payload_size=15, offset=0, padding=0, header_block_size=15
2025-06-27T02:08:09.998536Z  DEBUG - Header block hex: 828684418aa0e41d139d09b8f81e07
2025-06-27T02:08:09.998538Z  DEBUG - HEADERS frame: stream_id=1, flags=END_HEADERS, padding=0, priority=nil, header_block_size=15
2025-06-27T02:08:09.998538Z  DEBUG - Full header block hex: 828684418aa0e41d139d09b8f81e07
2025-06-27T02:08:09.998539Z  DEBUG - Decoding HEADERS frame with block size: 15
2025-06-27T02:08:09.998539Z  DEBUG - First 20 bytes of header block: less than 20 bytes
2025-06-27T02:08:09.998542Z  DEBUG - HPACK: Decoding Huffman string, length=10, data=a0e41d139d09b8f81e07
2025-06-27T02:08:09.998582Z  DEBUG - Huffman decode: data.size=10, hex=a0e41d139d09b8f81e07
2025-06-27T02:08:09.998582Z  DEBUG - Huffman decode: Checking for potential EOS pattern in data
2025-06-27T02:08:09.998583Z  DEBUG - Huffman padding check: last_symbol_bit=76, total_bits=80, padding_bits=3
2025-06-27T02:08:09.998584Z  DEBUG - HPACK: Huffman decoded to: "localhost:9080"
2025-06-27T02:08:09.998588Z  DEBUG - Decoded headers before validation: [{":method", "GET"}, {":scheme", "http"}, {":path", "/"}, {":authority", "localhost:9080"}]
2025-06-27T02:08:09.998593Z  DEBUG - Validated headers: [{":method", "GET"}, {":scheme", "http"}, {":path", "/"}, {":authority", "localhost:9080"}]
2025-06-27T02:08:09.998594Z  DEBUG - Server received headers for stream 1, end_stream: false, headers_count: 4
2025-06-27T02:08:09.998597Z  DEBUG - Headers: [{":method", "GET"}, {":scheme", "http"}, {":path", "/"}, {":authority", "localhost:9080"}]
2025-06-27T02:08:09.998598Z  DEBUG - is_trailers=false, end_stream=false, stream.end_stream_received=false
2025-06-27T02:08:09.998598Z  DEBUG - Received headers without END_STREAM, waiting for more frames
2025-06-27T02:08:09.998598Z  DEBUG - Successfully handled frame: HT2::HeadersFrame on stream 1
2025-06-27T02:08:09.998599Z  DEBUG - Reading frame header...
2025-06-27T02:08:09.998603Z  DEBUG - Successfully handled frame: HT2::RstStreamFrame on stream 1
2025-06-27T02:08:09.998603Z  DEBUG - Reading frame header...
2025-06-27T02:08:09.998612Z  DEBUG - CONTINUATION frame received: stream_id=1, end_headers=true, header_block_size=3512
2025-06-27T02:08:09.998622Z  DEBUG - Read loop connection error: PROTOCOL_ERROR - CONTINUATION without HEADERS
2025-06-27T02:08:09.999074Z  DEBUG - Connection.start called, is_server=true
2025-06-27T02:08:09.999074Z  DEBUG - Reading client preface...
2025-06-27T02:08:09.999074Z  DEBUG - Attempting to read 24 bytes for preface
2025-06-27T02:08:09.999083Z  DEBUG - Read preface bytes: 505249202a20485454502f322e300d0a0d0a534d0d0a0d0a
2025-06-27T02:08:09.999084Z  DEBUG - Client preface read successfully
2025-06-27T02:08:09.999084Z  DEBUG - Starting without preface...
2025-06-27T02:08:09.999096Z  DEBUG - Connection started successfully
2025-06-27T02:08:09.999126Z  DEBUG - Read loop started for connection 127.0.0.1
2025-06-27T02:08:09.999127Z  DEBUG - Reading frame header...
2025-06-27T02:08:09.999131Z  DEBUG - Applying remote setting: INITIAL_WINDOW_SIZE = 65535
2025-06-27T02:08:09.999132Z  DEBUG - Updating stream windows: old=65535, new=65535, diff=0
2025-06-27T02:08:09.999132Z  DEBUG - Sending SETTINGS ACK
2025-06-27T02:08:09.999141Z  DEBUG - SETTINGS ACK sent
2025-06-27T02:08:09.999141Z  DEBUG - Successfully handled frame: HT2::SettingsFrame on stream 0
2025-06-27T02:08:09.999142Z  DEBUG - Reading frame header...
2025-06-27T02:08:09.999143Z  DEBUG - Successfully handled frame: HT2::SettingsFrame on stream 0
2025-06-27T02:08:09.999144Z  DEBUG - Reading frame header...
2025-06-27T02:08:09.999146Z  DEBUG - Successfully handled frame: HT2::SettingsFrame on stream 0
2025-06-27T02:08:09.999147Z  DEBUG - Reading frame header...
2025-06-27T02:08:09.999200Z  DEBUG - HEADERS frame parsing: payload_size=15, offset=0, padding=0, header_block_size=15
2025-06-27T02:08:09.999201Z  DEBUG - Header block hex: 828684418aa0e41d139d09b8f81e07
2025-06-27T02:08:09.999204Z  DEBUG - HEADERS frame: stream_id=1, flags=END_STREAM | END_HEADERS, padding=0, priority=nil, header_block_size=15
2025-06-27T02:08:09.999204Z  DEBUG - Full header block hex: 828684418aa0e41d139d09b8f81e07
2025-06-27T02:08:09.999205Z  DEBUG - Decoding HEADERS frame with block size: 15
2025-06-27T02:08:09.999205Z  DEBUG - First 20 bytes of header block: less than 20 bytes
2025-06-27T02:08:09.999206Z  DEBUG - HPACK: Decoding Huffman string, length=10, data=a0e41d139d09b8f81e07
2025-06-27T02:08:09.999243Z  DEBUG - Huffman decode: data.size=10, hex=a0e41d139d09b8f81e07
2025-06-27T02:08:09.999243Z  DEBUG - Huffman decode: Checking for potential EOS pattern in data
2025-06-27T02:08:09.999244Z  DEBUG - Huffman padding check: last_symbol_bit=76, total_bits=80, padding_bits=3
2025-06-27T02:08:09.999245Z  DEBUG - HPACK: Huffman decoded to: "localhost:9080"
2025-06-27T02:08:09.999248Z  DEBUG - Decoded headers before validation: [{":method", "GET"}, {":scheme", "http"}, {":path", "/"}, {":authority", "localhost:9080"}]
2025-06-27T02:08:09.999254Z  DEBUG - Validated headers: [{":method", "GET"}, {":scheme", "http"}, {":path", "/"}, {":authority", "localhost:9080"}]
2025-06-27T02:08:09.999255Z  DEBUG - Server received headers for stream 1, end_stream: true, headers_count: 4
2025-06-27T02:08:09.999257Z  DEBUG - Headers: [{":method", "GET"}, {":scheme", "http"}, {":path", "/"}, {":authority", "localhost:9080"}]
2025-06-27T02:08:09.999258Z  DEBUG - is_trailers=false, end_stream=true, stream.end_stream_received=true
2025-06-27T02:08:09.999258Z  DEBUG - Processing request immediately (headers with END_STREAM)
2025-06-27T02:08:09.999259Z  DEBUG - Successfully handled frame: HT2::HeadersFrame on stream 1
2025-06-27T02:08:09.999259Z  DEBUG - Reading frame header...
2025-06-27T02:08:09.999315Z  DEBUG - Handling stream 1 with headers: [{":method", "GET"}, {":scheme", "http"}, {":path", "/"}, {":authority", "localhost:9080"}]
2025-06-27T02:08:09.999316Z  DEBUG - Created request for stream 1: GET /
2025-06-27T02:08:09.999316Z   INFO - Request: GET /
2025-06-27T02:08:09.999316Z  DEBUG - Response.send_headers called, end_stream=false, headers_sent=false
2025-06-27T02:08:09.999317Z  DEBUG - Response: Sending 2 headers
2025-06-27T02:08:09.999317Z  DEBUG - Stream 1: send_headers called with 2 headers, end_stream=false
2025-06-27T02:08:09.999320Z  DEBUG - Stream 1: Sending HEADERS frame with flags=END_HEADERS, header_block_size=13
2025-06-27T02:08:09.999330Z  DEBUG - Stream 1: send_headers completed, new state=HALF_CLOSED_REMOTE
2025-06-27T02:08:09.999330Z  DEBUG - Response.write: Sending 100 bytes of data
2025-06-27T02:08:09.999330Z  DEBUG - Response.write: stream_window=65535, conn_window=65535, available=65535
2025-06-27T02:08:09.999331Z  DEBUG - Stream.send_chunks: Starting to send 100 bytes in chunks of 16384
2025-06-27T02:08:09.999332Z  DEBUG - Stream.send_chunk: Sending chunk from 0 to 100 (100 bytes), last_chunk=true
2025-06-27T02:08:09.999332Z  DEBUG - Stream.send_data: size=100, send_window=65535, conn_window=65535
2025-06-27T02:08:09.999334Z  DEBUG - Stream.send_chunks: Finished sending all chunks
2025-06-27T02:08:09.999335Z  DEBUG - Response.close: Sending empty DATA frame with END_STREAM
2025-06-27T02:08:09.999335Z  DEBUG - Stream.send_data: size=0, send_window=65435, conn_window=65435
2025-06-27T02:08:09.999337Z  DEBUG - Completed handling stream 1
2025-06-27T02:08:09.999410Z  DEBUG - Read loop stream error: 1 - STREAM_CLOSED - DATA on closed stream
2025-06-27T02:08:09.999417Z  DEBUG - Reading frame header...
2025-06-27T02:08:09.999502Z  DEBUG - Failed to read frame header: End of file reached
2025-06-27T02:08:09.999507Z  DEBUG - Read loop IO error: IO::EOFError - End of file reached
2025-06-27T02:08:09.999507Z  DEBUG - Socket closed: false
2025-06-27T02:08:09.999508Z  DEBUG - Read loop exiting, closing connection
2025-06-27T02:08:09.999848Z  DEBUG - Connection.start called, is_server=true
2025-06-27T02:08:09.999848Z  DEBUG - Reading client preface...
2025-06-27T02:08:09.999849Z  DEBUG - Attempting to read 24 bytes for preface
2025-06-27T02:08:09.999855Z  DEBUG - Read preface bytes: 505249202a20485454502f322e300d0a0d0a534d0d0a0d0a
2025-06-27T02:08:09.999856Z  DEBUG - Client preface read successfully
2025-06-27T02:08:09.999856Z  DEBUG - Starting without preface...
2025-06-27T02:08:09.999868Z  DEBUG - Connection started successfully
2025-06-27T02:08:09.999899Z  DEBUG - Read loop started for connection 127.0.0.1
2025-06-27T02:08:09.999899Z  DEBUG - Reading frame header...
2025-06-27T02:08:09.999905Z  DEBUG - Applying remote setting: INITIAL_WINDOW_SIZE = 65535
2025-06-27T02:08:09.999906Z  DEBUG - Updating stream windows: old=65535, new=65535, diff=0
2025-06-27T02:08:09.999907Z  DEBUG - Sending SETTINGS ACK
2025-06-27T02:08:09.999912Z  DEBUG - SETTINGS ACK sent
2025-06-27T02:08:09.999913Z  DEBUG - Successfully handled frame: HT2::SettingsFrame on stream 0
2025-06-27T02:08:09.999913Z  DEBUG - Reading frame header...
2025-06-27T02:08:09.999915Z  DEBUG - Successfully handled frame: HT2::SettingsFrame on stream 0
2025-06-27T02:08:09.999915Z  DEBUG - Reading frame header...
2025-06-27T02:08:09.999918Z  DEBUG - Successfully handled frame: HT2::SettingsFrame on stream 0
2025-06-27T02:08:09.999919Z  DEBUG - Reading frame header...
2025-06-27T02:08:09.999972Z  DEBUG - HEADERS frame parsing: payload_size=15, offset=0, padding=0, header_block_size=15
2025-06-27T02:08:09.999972Z  DEBUG - Header block hex: 828684418aa0e41d139d09b8f81e07
2025-06-27T02:08:09.999976Z  DEBUG - HEADERS frame: stream_id=1, flags=END_STREAM | END_HEADERS, padding=0, priority=nil, header_block_size=15
2025-06-27T02:08:09.999976Z  DEBUG - Full header block hex: 828684418aa0e41d139d09b8f81e07
2025-06-27T02:08:09.999977Z  DEBUG - Decoding HEADERS frame with block size: 15
2025-06-27T02:08:09.999977Z  DEBUG - First 20 bytes of header block: less than 20 bytes
2025-06-27T02:08:09.999978Z  DEBUG - HPACK: Decoding Huffman string, length=10, data=a0e41d139d09b8f81e07
2025-06-27T02:08:10.000023Z  DEBUG - Huffman decode: data.size=10, hex=a0e41d139d09b8f81e07
2025-06-27T02:08:10.000023Z  DEBUG - Huffman decode: Checking for potential EOS pattern in data
2025-06-27T02:08:10.000024Z  DEBUG - Huffman padding check: last_symbol_bit=76, total_bits=80, padding_bits=3
2025-06-27T02:08:10.000025Z  DEBUG - HPACK: Huffman decoded to: "localhost:9080"
2025-06-27T02:08:10.000029Z  DEBUG - Decoded headers before validation: [{":method", "GET"}, {":scheme", "http"}, {":path", "/"}, {":authority", "localhost:9080"}]
2025-06-27T02:08:10.000034Z  DEBUG - Validated headers: [{":method", "GET"}, {":scheme", "http"}, {":path", "/"}, {":authority", "localhost:9080"}]
2025-06-27T02:08:10.000035Z  DEBUG - Server received headers for stream 1, end_stream: true, headers_count: 4
2025-06-27T02:08:10.000038Z  DEBUG - Headers: [{":method", "GET"}, {":scheme", "http"}, {":path", "/"}, {":authority", "localhost:9080"}]
2025-06-27T02:08:10.000038Z  DEBUG - is_trailers=false, end_stream=true, stream.end_stream_received=true
2025-06-27T02:08:10.000038Z  DEBUG - Processing request immediately (headers with END_STREAM)
2025-06-27T02:08:10.000039Z  DEBUG - Successfully handled frame: HT2::HeadersFrame on stream 1
2025-06-27T02:08:10.000040Z  DEBUG - Reading frame header...
2025-06-27T02:08:10.000095Z  DEBUG - Handling stream 1 with headers: [{":method", "GET"}, {":scheme", "http"}, {":path", "/"}, {":authority", "localhost:9080"}]
2025-06-27T02:08:10.000096Z  DEBUG - Created request for stream 1: GET /
2025-06-27T02:08:10.000096Z   INFO - Request: GET /
2025-06-27T02:08:10.000099Z  DEBUG - Response.send_headers called, end_stream=false, headers_sent=false
2025-06-27T02:08:10.000100Z  DEBUG - Response: Sending 2 headers
2025-06-27T02:08:10.000100Z  DEBUG - Stream 1: send_headers called with 2 headers, end_stream=false
2025-06-27T02:08:10.000102Z  DEBUG - Stream 1: Sending HEADERS frame with flags=END_HEADERS, header_block_size=13
2025-06-27T02:08:10.000109Z  DEBUG - Stream 1: send_headers completed, new state=HALF_CLOSED_REMOTE
2025-06-27T02:08:10.000109Z  DEBUG - Response.write: Sending 100 bytes of data
2025-06-27T02:08:10.000110Z  DEBUG - Response.write: stream_window=65535, conn_window=65535, available=65535
2025-06-27T02:08:10.000110Z  DEBUG - Stream.send_chunks: Starting to send 100 bytes in chunks of 16384
2025-06-27T02:08:10.000111Z  DEBUG - Stream.send_chunk: Sending chunk from 0 to 100 (100 bytes), last_chunk=true
2025-06-27T02:08:10.000111Z  DEBUG - Stream.send_data: size=100, send_window=65535, conn_window=65535
2025-06-27T02:08:10.000114Z  DEBUG - Stream.send_chunks: Finished sending all chunks
2025-06-27T02:08:10.000114Z  DEBUG - Response.close: Sending empty DATA frame with END_STREAM
2025-06-27T02:08:10.000114Z  DEBUG - Stream.send_data: size=0, send_window=65435, conn_window=65435
2025-06-27T02:08:10.000116Z  DEBUG - Completed handling stream 1
2025-06-27T02:08:10.000198Z  DEBUG - HEADERS frame parsing: payload_size=15, offset=0, padding=0, header_block_size=15
2025-06-27T02:08:10.000199Z  DEBUG - Header block hex: 828684418aa0e41d139d09b8f81e07
2025-06-27T02:08:10.000217Z  DEBUG - Read loop connection error: STREAM_CLOSED - HEADERS on closed stream 1
2025-06-27T02:08:10.000716Z  DEBUG - Connection.start called, is_server=true
2025-06-27T02:08:10.000716Z  DEBUG - Reading client preface...
2025-06-27T02:08:10.000717Z  DEBUG - Attempting to read 24 bytes for preface
2025-06-27T02:08:10.000722Z  DEBUG - Read preface bytes: 505249202a20485454502f322e300d0a0d0a534d0d0a0d0a
2025-06-27T02:08:10.000722Z  DEBUG - Client preface read successfully
2025-06-27T02:08:10.000723Z  DEBUG - Starting without preface...
2025-06-27T02:08:10.000731Z  DEBUG - Connection started successfully
2025-06-27T02:08:10.000763Z  DEBUG - Read loop started for connection 127.0.0.1
2025-06-27T02:08:10.000764Z  DEBUG - Reading frame header...
2025-06-27T02:08:10.000767Z  DEBUG - Applying remote setting: INITIAL_WINDOW_SIZE = 65535
2025-06-27T02:08:10.000768Z  DEBUG - Updating stream windows: old=65535, new=65535, diff=0
2025-06-27T02:08:10.000768Z  DEBUG - Sending SETTINGS ACK
2025-06-27T02:08:10.000778Z  DEBUG - SETTINGS ACK sent
2025-06-27T02:08:10.000778Z  DEBUG - Successfully handled frame: HT2::SettingsFrame on stream 0
2025-06-27T02:08:10.000779Z  DEBUG - Reading frame header...
2025-06-27T02:08:10.000782Z  DEBUG - Successfully handled frame: HT2::SettingsFrame on stream 0
2025-06-27T02:08:10.000782Z  DEBUG - Reading frame header...
2025-06-27T02:08:10.000784Z  DEBUG - Successfully handled frame: HT2::SettingsFrame on stream 0
2025-06-27T02:08:10.000785Z  DEBUG - Reading frame header...
2025-06-27T02:08:10.000839Z  DEBUG - HEADERS frame parsing: payload_size=15, offset=0, padding=0, header_block_size=15
2025-06-27T02:08:10.000839Z  DEBUG - Header block hex: 828684418aa0e41d139d09b8f81e07
2025-06-27T02:08:10.000843Z  DEBUG - HEADERS frame: stream_id=1, flags=END_STREAM | END_HEADERS, padding=0, priority=nil, header_block_size=15
2025-06-27T02:08:10.000843Z  DEBUG - Full header block hex: 828684418aa0e41d139d09b8f81e07
2025-06-27T02:08:10.000844Z  DEBUG - Decoding HEADERS frame with block size: 15
2025-06-27T02:08:10.000844Z  DEBUG - First 20 bytes of header block: less than 20 bytes
2025-06-27T02:08:10.000845Z  DEBUG - HPACK: Decoding Huffman string, length=10, data=a0e41d139d09b8f81e07
2025-06-27T02:08:10.000898Z  DEBUG - Huffman decode: data.size=10, hex=a0e41d139d09b8f81e07
2025-06-27T02:08:10.000898Z  DEBUG - Huffman decode: Checking for potential EOS pattern in data
2025-06-27T02:08:10.000900Z  DEBUG - Huffman padding check: last_symbol_bit=76, total_bits=80, padding_bits=3
2025-06-27T02:08:10.000901Z  DEBUG - HPACK: Huffman decoded to: "localhost:9080"
2025-06-27T02:08:10.000907Z  DEBUG - Decoded headers before validation: [{":method", "GET"}, {":scheme", "http"}, {":path", "/"}, {":authority", "localhost:9080"}]
2025-06-27T02:08:10.000914Z  DEBUG - Validated headers: [{":method", "GET"}, {":scheme", "http"}, {":path", "/"}, {":authority", "localhost:9080"}]
2025-06-27T02:08:10.000915Z  DEBUG - Server received headers for stream 1, end_stream: true, headers_count: 4
2025-06-27T02:08:10.000918Z  DEBUG - Headers: [{":method", "GET"}, {":scheme", "http"}, {":path", "/"}, {":authority", "localhost:9080"}]
2025-06-27T02:08:10.000918Z  DEBUG - is_trailers=false, end_stream=true, stream.end_stream_received=true
2025-06-27T02:08:10.000919Z  DEBUG - Processing request immediately (headers with END_STREAM)
2025-06-27T02:08:10.000919Z  DEBUG - Successfully handled frame: HT2::HeadersFrame on stream 1
2025-06-27T02:08:10.000920Z  DEBUG - Reading frame header...
2025-06-27T02:08:10.000977Z  DEBUG - Handling stream 1 with headers: [{":method", "GET"}, {":scheme", "http"}, {":path", "/"}, {":authority", "localhost:9080"}]
2025-06-27T02:08:10.000977Z  DEBUG - Created request for stream 1: GET /
2025-06-27T02:08:10.000978Z   INFO - Request: GET /
2025-06-27T02:08:10.000979Z  DEBUG - Response.send_headers called, end_stream=false, headers_sent=false
2025-06-27T02:08:10.000980Z  DEBUG - Response: Sending 2 headers
2025-06-27T02:08:10.000980Z  DEBUG - Stream 1: send_headers called with 2 headers, end_stream=false
2025-06-27T02:08:10.000983Z  DEBUG - Stream 1: Sending HEADERS frame with flags=END_HEADERS, header_block_size=13
2025-06-27T02:08:10.000990Z  DEBUG - Stream 1: send_headers completed, new state=HALF_CLOSED_REMOTE
2025-06-27T02:08:10.000990Z  DEBUG - Response.write: Sending 100 bytes of data
2025-06-27T02:08:10.000991Z  DEBUG - Response.write: stream_window=65535, conn_window=65535, available=65535
2025-06-27T02:08:10.000992Z  DEBUG - Stream.send_chunks: Starting to send 100 bytes in chunks of 16384
2025-06-27T02:08:10.000992Z  DEBUG - Stream.send_chunk: Sending chunk from 0 to 100 (100 bytes), last_chunk=true
2025-06-27T02:08:10.000993Z  DEBUG - Stream.send_data: size=100, send_window=65535, conn_window=65535
2025-06-27T02:08:10.000995Z  DEBUG - Stream.send_chunks: Finished sending all chunks
2025-06-27T02:08:10.000995Z  DEBUG - Response.close: Sending empty DATA frame with END_STREAM
2025-06-27T02:08:10.000996Z  DEBUG - Stream.send_data: size=0, send_window=65435, conn_window=65435
2025-06-27T02:08:10.000998Z  DEBUG - Completed handling stream 1
2025-06-27T02:08:10.001083Z  DEBUG - CONTINUATION frame received: stream_id=1, end_headers=true, header_block_size=3512
2025-06-27T02:08:10.001096Z  DEBUG - Read loop connection error: PROTOCOL_ERROR - CONTINUATION without HEADERS
2025-06-27T02:08:10.001437Z  DEBUG - Connection.start called, is_server=true
2025-06-27T02:08:10.001437Z  DEBUG - Reading client preface...
2025-06-27T02:08:10.001438Z  DEBUG - Attempting to read 24 bytes for preface
2025-06-27T02:08:10.001444Z  DEBUG - Read preface bytes: 505249202a20485454502f322e300d0a0d0a534d0d0a0d0a
2025-06-27T02:08:10.001444Z  DEBUG - Client preface read successfully
2025-06-27T02:08:10.001445Z  DEBUG - Starting without preface...
2025-06-27T02:08:10.001453Z  DEBUG - Connection started successfully
2025-06-27T02:08:10.001484Z  DEBUG - Read loop started for connection 127.0.0.1
2025-06-27T02:08:10.001484Z  DEBUG - Reading frame header...
2025-06-27T02:08:10.001487Z  DEBUG - Applying remote setting: INITIAL_WINDOW_SIZE = 65535
2025-06-27T02:08:10.001488Z  DEBUG - Updating stream windows: old=65535, new=65535, diff=0
2025-06-27T02:08:10.001488Z  DEBUG - Sending SETTINGS ACK
2025-06-27T02:08:10.001493Z  DEBUG - SETTINGS ACK sent
2025-06-27T02:08:10.001494Z  DEBUG - Successfully handled frame: HT2::SettingsFrame on stream 0
2025-06-27T02:08:10.001494Z  DEBUG - Reading frame header...
2025-06-27T02:08:10.001497Z  DEBUG - Successfully handled frame: HT2::SettingsFrame on stream 0
2025-06-27T02:08:10.001498Z  DEBUG - Reading frame header...
2025-06-27T02:08:10.001500Z  DEBUG - Successfully handled frame: HT2::SettingsFrame on stream 0
2025-06-27T02:08:10.001500Z  DEBUG - Reading frame header...
2025-06-27T02:08:10.001553Z  DEBUG - HEADERS frame parsing: payload_size=15, offset=0, padding=0, header_block_size=15
2025-06-27T02:08:10.001554Z  DEBUG - Header block hex: 828684418aa0e41d139d09b8f81e07
2025-06-27T02:08:10.001568Z  DEBUG - Read loop connection error: PROTOCOL_ERROR - Client must use odd-numbered stream IDs
2025-06-27T02:08:10.001975Z  DEBUG - Connection.start called, is_server=true
2025-06-27T02:08:10.001975Z  DEBUG - Reading client preface...
2025-06-27T02:08:10.001976Z  DEBUG - Attempting to read 24 bytes for preface
2025-06-27T02:08:10.001979Z  DEBUG - Read preface bytes: 505249202a20485454502f322e300d0a0d0a534d0d0a0d0a
2025-06-27T02:08:10.001980Z  DEBUG - Client preface read successfully
2025-06-27T02:08:10.001980Z  DEBUG - Starting without preface...
2025-06-27T02:08:10.001989Z  DEBUG - Connection started successfully
2025-06-27T02:08:10.002020Z  DEBUG - Read loop started for connection 127.0.0.1
2025-06-27T02:08:10.002021Z  DEBUG - Reading frame header...
2025-06-27T02:08:10.002023Z  DEBUG - Applying remote setting: INITIAL_WINDOW_SIZE = 65535
2025-06-27T02:08:10.002024Z  DEBUG - Updating stream windows: old=65535, new=65535, diff=0
2025-06-27T02:08:10.002024Z  DEBUG - Sending SETTINGS ACK
2025-06-27T02:08:10.002029Z  DEBUG - SETTINGS ACK sent
2025-06-27T02:08:10.002029Z  DEBUG - Successfully handled frame: HT2::SettingsFrame on stream 0
2025-06-27T02:08:10.002030Z  DEBUG - Reading frame header...
2025-06-27T02:08:10.002034Z  DEBUG - Successfully handled frame: HT2::SettingsFrame on stream 0
2025-06-27T02:08:10.002035Z  DEBUG - Reading frame header...
2025-06-27T02:08:10.002036Z  DEBUG - Successfully handled frame: HT2::SettingsFrame on stream 0
2025-06-27T02:08:10.002036Z  DEBUG - Reading frame header...
2025-06-27T02:08:10.002092Z  DEBUG - HEADERS frame parsing: payload_size=15, offset=0, padding=0, header_block_size=15
2025-06-27T02:08:10.002092Z  DEBUG - Header block hex: 828684418aa0e41d139d09b8f81e07
2025-06-27T02:08:10.002095Z  DEBUG - HEADERS frame: stream_id=5, flags=END_STREAM | END_HEADERS, padding=0, priority=nil, header_block_size=15
2025-06-27T02:08:10.002096Z  DEBUG - Full header block hex: 828684418aa0e41d139d09b8f81e07
2025-06-27T02:08:10.002096Z  DEBUG - Decoding HEADERS frame with block size: 15
2025-06-27T02:08:10.002097Z  DEBUG - First 20 bytes of header block: less than 20 bytes
2025-06-27T02:08:10.002098Z  DEBUG - HPACK: Decoding Huffman string, length=10, data=a0e41d139d09b8f81e07
2025-06-27T02:08:10.002136Z  DEBUG - Huffman decode: data.size=10, hex=a0e41d139d09b8f81e07
2025-06-27T02:08:10.002136Z  DEBUG - Huffman decode: Checking for potential EOS pattern in data
2025-06-27T02:08:10.002137Z  DEBUG - Huffman padding check: last_symbol_bit=76, total_bits=80, padding_bits=3
2025-06-27T02:08:10.002138Z  DEBUG - HPACK: Huffman decoded to: "localhost:9080"
2025-06-27T02:08:10.002141Z  DEBUG - Decoded headers before validation: [{":method", "GET"}, {":scheme", "http"}, {":path", "/"}, {":authority", "localhost:9080"}]
2025-06-27T02:08:10.002147Z  DEBUG - Validated headers: [{":method", "GET"}, {":scheme", "http"}, {":path", "/"}, {":authority", "localhost:9080"}]
2025-06-27T02:08:10.002148Z  DEBUG - Server received headers for stream 5, end_stream: true, headers_count: 4
2025-06-27T02:08:10.002151Z  DEBUG - Headers: [{":method", "GET"}, {":scheme", "http"}, {":path", "/"}, {":authority", "localhost:9080"}]
2025-06-27T02:08:10.002151Z  DEBUG - is_trailers=false, end_stream=true, stream.end_stream_received=true
2025-06-27T02:08:10.002151Z  DEBUG - Processing request immediately (headers with END_STREAM)
2025-06-27T02:08:10.002152Z  DEBUG - Successfully handled frame: HT2::HeadersFrame on stream 5
2025-06-27T02:08:10.002153Z  DEBUG - Reading frame header...
2025-06-27T02:08:10.002154Z  DEBUG - HEADERS frame parsing: payload_size=4, offset=0, padding=0, header_block_size=4
2025-06-27T02:08:10.002154Z  DEBUG - Header block hex: 828684be
2025-06-27T02:08:10.002165Z  DEBUG - Read loop connection error: PROTOCOL_ERROR - Stream ID not increasing
2025-06-27T02:08:10.002249Z  DEBUG - Handling stream 5 with headers: [{":method", "GET"}, {":scheme", "http"}, {":path", "/"}, {":authority", "localhost:9080"}]
2025-06-27T02:08:10.002251Z  DEBUG - Created request for stream 5: GET /
2025-06-27T02:08:10.002251Z   INFO - Request: GET /
2025-06-27T02:08:10.002252Z  DEBUG - Response.send_headers called, end_stream=false, headers_sent=false
2025-06-27T02:08:10.002253Z  DEBUG - Response: Sending 2 headers
2025-06-27T02:08:10.002254Z  DEBUG - Stream 5: send_headers called with 2 headers, end_stream=false
2025-06-27T02:08:10.002257Z  DEBUG - Stream 5: Sending HEADERS frame with flags=END_HEADERS, header_block_size=13
2025-06-27T02:08:10.002264Z  DEBUG - Stream 5: send_headers completed, new state=HALF_CLOSED_REMOTE
2025-06-27T02:08:10.002265Z  DEBUG - Response.write: Sending 100 bytes of data
2025-06-27T02:08:10.002265Z  DEBUG - Response.write: stream_window=65535, conn_window=65535, available=65535
2025-06-27T02:08:10.002266Z  DEBUG - Stream.send_chunks: Starting to send 100 bytes in chunks of 16384
2025-06-27T02:08:10.002266Z  DEBUG - Stream.send_chunk: Sending chunk from 0 to 100 (100 bytes), last_chunk=true
2025-06-27T02:08:10.002267Z  DEBUG - Stream.send_data: size=100, send_window=65535, conn_window=65535
2025-06-27T02:08:10.002269Z  DEBUG - Stream.send_chunks: Finished sending all chunks
2025-06-27T02:08:10.002270Z  DEBUG - Response.close: Sending empty DATA frame with END_STREAM
2025-06-27T02:08:10.002270Z  DEBUG - Stream.send_data: size=0, send_window=65435, conn_window=65435
2025-06-27T02:08:10.002272Z  DEBUG - Completed handling stream 5
2025-06-27T02:08:10.002631Z  DEBUG - Connection.start called, is_server=true
2025-06-27T02:08:10.002631Z  DEBUG - Reading client preface...
2025-06-27T02:08:10.002631Z  DEBUG - Attempting to read 24 bytes for preface
2025-06-27T02:08:10.002635Z  DEBUG - Read preface bytes: 505249202a20485454502f322e300d0a0d0a534d0d0a0d0a
2025-06-27T02:08:10.002635Z  DEBUG - Client preface read successfully
2025-06-27T02:08:10.002636Z  DEBUG - Starting without preface...
2025-06-27T02:08:10.002649Z  DEBUG - Connection started successfully
2025-06-27T02:08:10.002679Z  DEBUG - Read loop started for connection 127.0.0.1
2025-06-27T02:08:10.002680Z  DEBUG - Reading frame header...
2025-06-27T02:08:10.002682Z  DEBUG - Applying remote setting: INITIAL_WINDOW_SIZE = 65535
2025-06-27T02:08:10.002683Z  DEBUG - Updating stream windows: old=65535, new=65535, diff=0
2025-06-27T02:08:10.002683Z  DEBUG - Sending SETTINGS ACK
2025-06-27T02:08:10.002689Z  DEBUG - SETTINGS ACK sent
2025-06-27T02:08:10.002689Z  DEBUG - Successfully handled frame: HT2::SettingsFrame on stream 0
2025-06-27T02:08:10.002690Z  DEBUG - Reading frame header...
2025-06-27T02:08:10.002692Z  DEBUG - Successfully handled frame: HT2::SettingsFrame on stream 0
2025-06-27T02:08:10.002692Z  DEBUG - Reading frame header...
2025-06-27T02:08:10.002697Z  DEBUG - Successfully handled frame: HT2::SettingsFrame on stream 0
2025-06-27T02:08:10.002697Z  DEBUG - Reading frame header...
2025-06-27T02:08:10.002748Z  DEBUG - Applying remote setting: INITIAL_WINDOW_SIZE = 0
2025-06-27T02:08:10.002749Z  DEBUG - Updating stream windows: old=65535, new=0, diff=-65535
2025-06-27T02:08:10.002749Z  DEBUG - Sending SETTINGS ACK
2025-06-27T02:08:10.002751Z  DEBUG - SETTINGS ACK sent
2025-06-27T02:08:10.002751Z  DEBUG - Successfully handled frame: HT2::SettingsFrame on stream 0
2025-06-27T02:08:10.002752Z  DEBUG - Reading frame header...
2025-06-27T02:08:10.002753Z  DEBUG - HEADERS frame parsing: payload_size=15, offset=0, padding=0, header_block_size=15
2025-06-27T02:08:10.002754Z  DEBUG - Header block hex: 828684418aa0e41d139d09b8f81e07
2025-06-27T02:08:10.002756Z  DEBUG - HEADERS frame: stream_id=1, flags=END_STREAM | END_HEADERS, padding=0, priority=nil, header_block_size=15
2025-06-27T02:08:10.002756Z  DEBUG - Full header block hex: 828684418aa0e41d139d09b8f81e07
2025-06-27T02:08:10.002757Z  DEBUG - Decoding HEADERS frame with block size: 15
2025-06-27T02:08:10.002757Z  DEBUG - First 20 bytes of header block: less than 20 bytes
2025-06-27T02:08:10.002758Z  DEBUG - HPACK: Decoding Huffman string, length=10, data=a0e41d139d09b8f81e07
2025-06-27T02:08:10.002795Z  DEBUG - Huffman decode: data.size=10, hex=a0e41d139d09b8f81e07
2025-06-27T02:08:10.002796Z  DEBUG - Huffman decode: Checking for potential EOS pattern in data
2025-06-27T02:08:10.002797Z  DEBUG - Huffman padding check: last_symbol_bit=76, total_bits=80, padding_bits=3
2025-06-27T02:08:10.002798Z  DEBUG - HPACK: Huffman decoded to: "localhost:9080"
2025-06-27T02:08:10.002802Z  DEBUG - Decoded headers before validation: [{":method", "GET"}, {":scheme", "http"}, {":path", "/"}, {":authority", "localhost:9080"}]
2025-06-27T02:08:10.002808Z  DEBUG - Validated headers: [{":method", "GET"}, {":scheme", "http"}, {":path", "/"}, {":authority", "localhost:9080"}]
2025-06-27T02:08:10.002809Z  DEBUG - Server received headers for stream 1, end_stream: true, headers_count: 4
2025-06-27T02:08:10.002812Z  DEBUG - Headers: [{":method", "GET"}, {":scheme", "http"}, {":path", "/"}, {":authority", "localhost:9080"}]
2025-06-27T02:08:10.002813Z  DEBUG - is_trailers=false, end_stream=true, stream.end_stream_received=true
2025-06-27T02:08:10.002813Z  DEBUG - Processing request immediately (headers with END_STREAM)
2025-06-27T02:08:10.002814Z  DEBUG - Successfully handled frame: HT2::HeadersFrame on stream 1
2025-06-27T02:08:10.002814Z  DEBUG - Reading frame header...
2025-06-27T02:08:10.002815Z  DEBUG - HEADERS frame parsing: payload_size=15, offset=0, padding=0, header_block_size=15
2025-06-27T02:08:10.002816Z  DEBUG - Header block hex: 828684418aa0e41d139d09b8f81e07
2025-06-27T02:08:10.002819Z  DEBUG - HEADERS frame: stream_id=3, flags=END_STREAM | END_HEADERS, padding=0, priority=nil, header_block_size=15
2025-06-27T02:08:10.002819Z  DEBUG - Full header block hex: 828684418aa0e41d139d09b8f81e07
2025-06-27T02:08:10.002820Z  DEBUG - Decoding HEADERS frame with block size: 15
2025-06-27T02:08:10.002820Z  DEBUG - First 20 bytes of header block: less than 20 bytes
2025-06-27T02:08:10.002821Z  DEBUG - HPACK: Decoding Huffman string, length=10, data=a0e41d139d09b8f81e07
2025-06-27T02:08:10.002860Z  DEBUG - Huffman decode: data.size=10, hex=a0e41d139d09b8f81e07
2025-06-27T02:08:10.002860Z  DEBUG - Huffman decode: Checking for potential EOS pattern in data
2025-06-27T02:08:10.002861Z  DEBUG - Huffman padding check: last_symbol_bit=76, total_bits=80, padding_bits=3
2025-06-27T02:08:10.002862Z  DEBUG - HPACK: Huffman decoded to: "localhost:9080"
2025-06-27T02:08:10.002866Z  DEBUG - Decoded headers before validation: [{":method", "GET"}, {":scheme", "http"}, {":path", "/"}, {":authority", "localhost:9080"}]
2025-06-27T02:08:10.002872Z  DEBUG - Validated headers: [{":method", "GET"}, {":scheme", "http"}, {":path", "/"}, {":authority", "localhost:9080"}]
2025-06-27T02:08:10.002873Z  DEBUG - Server received headers for stream 3, end_stream: true, headers_count: 4
2025-06-27T02:08:10.002876Z  DEBUG - Headers: [{":method", "GET"}, {":scheme", "http"}, {":path", "/"}, {":authority", "localhost:9080"}]
2025-06-27T02:08:10.002877Z  DEBUG - is_trailers=false, end_stream=true, stream.end_stream_received=true
2025-06-27T02:08:10.002877Z  DEBUG - Processing request immediately (headers with END_STREAM)
2025-06-27T02:08:10.002878Z  DEBUG - Successfully handled frame: HT2::HeadersFrame on stream 3
2025-06-27T02:08:10.002878Z  DEBUG - Reading frame header...
2025-06-27T02:08:10.002884Z  DEBUG - HEADERS frame parsing: payload_size=15, offset=0, padding=0, header_block_size=15
2025-06-27T02:08:10.002884Z  DEBUG - Header block hex: 828684418aa0e41d139d09b8f81e07
2025-06-27T02:08:10.002887Z  DEBUG - HEADERS frame: stream_id=5, flags=END_STREAM | END_HEADERS, padding=0, priority=nil, header_block_size=15
2025-06-27T02:08:10.002887Z  DEBUG - Full header block hex: 828684418aa0e41d139d09b8f81e07
2025-06-27T02:08:10.002888Z  DEBUG - Decoding HEADERS frame with block size: 15
2025-06-27T02:08:10.002888Z  DEBUG - First 20 bytes of header block: less than 20 bytes
2025-06-27T02:08:10.002889Z  DEBUG - HPACK: Decoding Huffman string, length=10, data=a0e41d139d09b8f81e07
2025-06-27T02:08:10.002929Z  DEBUG - Huffman decode: data.size=10, hex=a0e41d139d09b8f81e07
2025-06-27T02:08:10.002930Z  DEBUG - Huffman decode: Checking for potential EOS pattern in data
2025-06-27T02:08:10.002931Z  DEBUG - Huffman padding check: last_symbol_bit=76, total_bits=80, padding_bits=3
2025-06-27T02:08:10.002932Z  DEBUG - HPACK: Huffman decoded to: "localhost:9080"
2025-06-27T02:08:10.002936Z  DEBUG - Decoded headers before validation: [{":method", "GET"}, {":scheme", "http"}, {":path", "/"}, {":authority", "localhost:9080"}]
2025-06-27T02:08:10.002942Z  DEBUG - Validated headers: [{":method", "GET"}, {":scheme", "http"}, {":path", "/"}, {":authority", "localhost:9080"}]
2025-06-27T02:08:10.002943Z  DEBUG - Server received headers for stream 5, end_stream: true, headers_count: 4
2025-06-27T02:08:10.002946Z  DEBUG - Headers: [{":method", "GET"}, {":scheme", "http"}, {":path", "/"}, {":authority", "localhost:9080"}]
2025-06-27T02:08:10.002947Z  DEBUG - is_trailers=false, end_stream=true, stream.end_stream_received=true
2025-06-27T02:08:10.002947Z  DEBUG - Processing request immediately (headers with END_STREAM)
2025-06-27T02:08:10.002948Z  DEBUG - Successfully handled frame: HT2::HeadersFrame on stream 5
2025-06-27T02:08:10.002948Z  DEBUG - Reading frame header...
2025-06-27T02:08:10.002949Z  DEBUG - HEADERS frame parsing: payload_size=15, offset=0, padding=0, header_block_size=15
2025-06-27T02:08:10.002950Z  DEBUG - Header block hex: 828684418aa0e41d139d09b8f81e07
2025-06-27T02:08:10.002953Z  DEBUG - HEADERS frame: stream_id=7, flags=END_STREAM | END_HEADERS, padding=0, priority=nil, header_block_size=15
2025-06-27T02:08:10.002953Z  DEBUG - Full header block hex: 828684418aa0e41d139d09b8f81e07
2025-06-27T02:08:10.002953Z  DEBUG - Decoding HEADERS frame with block size: 15
2025-06-27T02:08:10.002954Z  DEBUG - First 20 bytes of header block: less than 20 bytes
2025-06-27T02:08:10.002954Z  DEBUG - HPACK: Decoding Huffman string, length=10, data=a0e41d139d09b8f81e07
2025-06-27T02:08:10.003843Z  DEBUG - Huffman decode: data.size=10, hex=a0e41d139d09b8f81e07
2025-06-27T02:08:10.003844Z  DEBUG - Huffman decode: Checking for potential EOS pattern in data
2025-06-27T02:08:10.003844Z  DEBUG - Huffman padding check: last_symbol_bit=76, total_bits=80, padding_bits=3
2025-06-27T02:08:10.003845Z  DEBUG - HPACK: Huffman decoded to: "localhost:9080"
2025-06-27T02:08:10.003849Z  DEBUG - Decoded headers before validation: [{":method", "GET"}, {":scheme", "http"}, {":path", "/"}, {":authority", "localhost:9080"}]
2025-06-27T02:08:10.003854Z  DEBUG - Validated headers: [{":method", "GET"}, {":scheme", "http"}, {":path", "/"}, {":authority", "localhost:9080"}]
2025-06-27T02:08:10.003855Z  DEBUG - Server received headers for stream 7, end_stream: true, headers_count: 4
2025-06-27T02:08:10.003858Z  DEBUG - Headers: [{":method", "GET"}, {":scheme", "http"}, {":path", "/"}, {":authority", "localhost:9080"}]
2025-06-27T02:08:10.003859Z  DEBUG - is_trailers=false, end_stream=true, stream.end_stream_received=true
2025-06-27T02:08:10.003859Z  DEBUG - Processing request immediately (headers with END_STREAM)
2025-06-27T02:08:10.003859Z  DEBUG - Successfully handled frame: HT2::HeadersFrame on stream 7
2025-06-27T02:08:10.003860Z  DEBUG - Reading frame header...
2025-06-27T02:08:10.003861Z  DEBUG - HEADERS frame parsing: payload_size=15, offset=0, padding=0, header_block_size=15
2025-06-27T02:08:10.003861Z  DEBUG - Header block hex: 828684418aa0e41d139d09b8f81e07
2025-06-27T02:08:10.003867Z  DEBUG - HEADERS frame: stream_id=9, flags=END_STREAM | END_HEADERS, padding=0, priority=nil, header_block_size=15
2025-06-27T02:08:10.003867Z  DEBUG - Full header block hex: 828684418aa0e41d139d09b8f81e07
2025-06-27T02:08:10.003867Z  DEBUG - Decoding HEADERS frame with block size: 15
2025-06-27T02:08:10.003868Z  DEBUG - First 20 bytes of header block: less than 20 bytes
2025-06-27T02:08:10.003868Z  DEBUG - HPACK: Decoding Huffman string, length=10, data=a0e41d139d09b8f81e07
2025-06-27T02:08:10.003899Z  DEBUG - Huffman decode: data.size=10, hex=a0e41d139d09b8f81e07
2025-06-27T02:08:10.003900Z  DEBUG - Huffman decode: Checking for potential EOS pattern in data
2025-06-27T02:08:10.003901Z  DEBUG - Huffman padding check: last_symbol_bit=76, total_bits=80, padding_bits=3
2025-06-27T02:08:10.003901Z  DEBUG - HPACK: Huffman decoded to: "localhost:9080"
2025-06-27T02:08:10.003905Z  DEBUG - Decoded headers before validation: [{":method", "GET"}, {":scheme", "http"}, {":path", "/"}, {":authority", "localhost:9080"}]
2025-06-27T02:08:10.003910Z  DEBUG - Validated headers: [{":method", "GET"}, {":scheme", "http"}, {":path", "/"}, {":authority", "localhost:9080"}]
2025-06-27T02:08:10.003911Z  DEBUG - Server received headers for stream 9, end_stream: true, headers_count: 4
2025-06-27T02:08:10.003914Z  DEBUG - Headers: [{":method", "GET"}, {":scheme", "http"}, {":path", "/"}, {":authority", "localhost:9080"}]
2025-06-27T02:08:10.003914Z  DEBUG - is_trailers=false, end_stream=true, stream.end_stream_received=true
2025-06-27T02:08:10.003914Z  DEBUG - Processing request immediately (headers with END_STREAM)
2025-06-27T02:08:10.003915Z  DEBUG - Successfully handled frame: HT2::HeadersFrame on stream 9
2025-06-27T02:08:10.003916Z  DEBUG - Reading frame header...
2025-06-27T02:08:10.003917Z  DEBUG - HEADERS frame parsing: payload_size=15, offset=0, padding=0, header_block_size=15
2025-06-27T02:08:10.003917Z  DEBUG - Header block hex: 828684418aa0e41d139d09b8f81e07
2025-06-27T02:08:10.003919Z  DEBUG - HEADERS frame: stream_id=11, flags=END_STREAM | END_HEADERS, padding=0, priority=nil, header_block_size=15
2025-06-27T02:08:10.003920Z  DEBUG - Full header block hex: 828684418aa0e41d139d09b8f81e07
2025-06-27T02:08:10.003920Z  DEBUG - Decoding HEADERS frame with block size: 15
2025-06-27T02:08:10.003920Z  DEBUG - First 20 bytes of header block: less than 20 bytes
2025-06-27T02:08:10.003921Z  DEBUG - HPACK: Decoding Huffman string, length=10, data=a0e41d139d09b8f81e07
2025-06-27T02:08:10.003952Z  DEBUG - Huffman decode: data.size=10, hex=a0e41d139d09b8f81e07
2025-06-27T02:08:10.003952Z  DEBUG - Huffman decode: Checking for potential EOS pattern in data
2025-06-27T02:08:10.003953Z  DEBUG - Huffman padding check: last_symbol_bit=76, total_bits=80, padding_bits=3
2025-06-27T02:08:10.003954Z  DEBUG - HPACK: Huffman decoded to: "localhost:9080"
2025-06-27T02:08:10.003957Z  DEBUG - Decoded headers before validation: [{":method", "GET"}, {":scheme", "http"}, {":path", "/"}, {":authority", "localhost:9080"}]
2025-06-27T02:08:10.003962Z  DEBUG - Validated headers: [{":method", "GET"}, {":scheme", "http"}, {":path", "/"}, {":authority", "localhost:9080"}]
2025-06-27T02:08:10.003963Z  DEBUG - Server received headers for stream 11, end_stream: true, headers_count: 4
2025-06-27T02:08:10.003966Z  DEBUG - Headers: [{":method", "GET"}, {":scheme", "http"}, {":path", "/"}, {":authority", "localhost:9080"}]
2025-06-27T02:08:10.003967Z  DEBUG - is_trailers=false, end_stream=true, stream.end_stream_received=true
2025-06-27T02:08:10.003967Z  DEBUG - Processing request immediately (headers with END_STREAM)
2025-06-27T02:08:10.003967Z  DEBUG - Successfully handled frame: HT2::HeadersFrame on stream 11
2025-06-27T02:08:10.003969Z  DEBUG - Reading frame header...
2025-06-27T02:08:10.003970Z  DEBUG - HEADERS frame parsing: payload_size=15, offset=0, padding=0, header_block_size=15
2025-06-27T02:08:10.003971Z  DEBUG - Header block hex: 828684418aa0e41d139d09b8f81e07
2025-06-27T02:08:10.003973Z  DEBUG - HEADERS frame: stream_id=13, flags=END_STREAM | END_HEADERS, padding=0, priority=nil, header_block_size=15
2025-06-27T02:08:10.003973Z  DEBUG - Full header block hex: 828684418aa0e41d139d09b8f81e07
2025-06-27T02:08:10.003974Z  DEBUG - Decoding HEADERS frame with block size: 15
2025-06-27T02:08:10.003974Z  DEBUG - First 20 bytes of header block: less than 20 bytes
2025-06-27T02:08:10.003975Z  DEBUG - HPACK: Decoding Huffman string, length=10, data=a0e41d139d09b8f81e07
2025-06-27T02:08:10.004006Z  DEBUG - Huffman decode: data.size=10, hex=a0e41d139d09b8f81e07
2025-06-27T02:08:10.004006Z  DEBUG - Huffman decode: Checking for potential EOS pattern in data
2025-06-27T02:08:10.004007Z  DEBUG - Huffman padding check: last_symbol_bit=76, total_bits=80, padding_bits=3
2025-06-27T02:08:10.004008Z  DEBUG - HPACK: Huffman decoded to: "localhost:9080"
2025-06-27T02:08:10.004011Z  DEBUG - Decoded headers before validation: [{":method", "GET"}, {":scheme", "http"}, {":path", "/"}, {":authority", "localhost:9080"}]
2025-06-27T02:08:10.004016Z  DEBUG - Validated headers: [{":method", "GET"}, {":scheme", "http"}, {":path", "/"}, {":authority", "localhost:9080"}]
2025-06-27T02:08:10.004017Z  DEBUG - Server received headers for stream 13, end_stream: true, headers_count: 4
2025-06-27T02:08:10.004020Z  DEBUG - Headers: [{":method", "GET"}, {":scheme", "http"}, {":path", "/"}, {":authority", "localhost:9080"}]
2025-06-27T02:08:10.004020Z  DEBUG - is_trailers=false, end_stream=true, stream.end_stream_received=true
2025-06-27T02:08:10.004021Z  DEBUG - Processing request immediately (headers with END_STREAM)
2025-06-27T02:08:10.004021Z  DEBUG - Successfully handled frame: HT2::HeadersFrame on stream 13
2025-06-27T02:08:10.004022Z  DEBUG - Reading frame header...
2025-06-27T02:08:10.004023Z  DEBUG - HEADERS frame parsing: payload_size=15, offset=0, padding=0, header_block_size=15
2025-06-27T02:08:10.004023Z  DEBUG - Header block hex: 828684418aa0e41d139d09b8f81e07
2025-06-27T02:08:10.004026Z  DEBUG - HEADERS frame: stream_id=15, flags=END_STREAM | END_HEADERS, padding=0, priority=nil, header_block_size=15
2025-06-27T02:08:10.004026Z  DEBUG - Full header block hex: 828684418aa0e41d139d09b8f81e07
2025-06-27T02:08:10.004027Z  DEBUG - Decoding HEADERS frame with block size: 15
2025-06-27T02:08:10.004027Z  DEBUG - First 20 bytes of header block: less than 20 bytes
2025-06-27T02:08:10.004028Z  DEBUG - HPACK: Decoding Huffman string, length=10, data=a0e41d139d09b8f81e07
2025-06-27T02:08:10.004059Z  DEBUG - Huffman decode: data.size=10, hex=a0e41d139d09b8f81e07
2025-06-27T02:08:10.004060Z  DEBUG - Huffman decode: Checking for potential EOS pattern in data
2025-06-27T02:08:10.004060Z  DEBUG - Huffman padding check: last_symbol_bit=76, total_bits=80, padding_bits=3
2025-06-27T02:08:10.004061Z  DEBUG - HPACK: Huffman decoded to: "localhost:9080"
2025-06-27T02:08:10.004064Z  DEBUG - Decoded headers before validation: [{":method", "GET"}, {":scheme", "http"}, {":path", "/"}, {":authority", "localhost:9080"}]
2025-06-27T02:08:10.004070Z  DEBUG - Validated headers: [{":method", "GET"}, {":scheme", "http"}, {":path", "/"}, {":authority", "localhost:9080"}]
2025-06-27T02:08:10.004071Z  DEBUG - Server received headers for stream 15, end_stream: true, headers_count: 4
2025-06-27T02:08:10.004074Z  DEBUG - Headers: [{":method", "GET"}, {":scheme", "http"}, {":path", "/"}, {":authority", "localhost:9080"}]
2025-06-27T02:08:10.004074Z  DEBUG - is_trailers=false, end_stream=true, stream.end_stream_received=true
2025-06-27T02:08:10.004074Z  DEBUG - Processing request immediately (headers with END_STREAM)
2025-06-27T02:08:10.004075Z  DEBUG - Successfully handled frame: HT2::HeadersFrame on stream 15
2025-06-27T02:08:10.004076Z  DEBUG - Reading frame header...
2025-06-27T02:08:10.004077Z  DEBUG - HEADERS frame parsing: payload_size=15, offset=0, padding=0, header_block_size=15
2025-06-27T02:08:10.004077Z  DEBUG - Header block hex: 828684418aa0e41d139d09b8f81e07
2025-06-27T02:08:10.004081Z  DEBUG - HEADERS frame: stream_id=17, flags=END_STREAM | END_HEADERS, padding=0, priority=nil, header_block_size=15
2025-06-27T02:08:10.004081Z  DEBUG - Full header block hex: 828684418aa0e41d139d09b8f81e07
2025-06-27T02:08:10.004081Z  DEBUG - Decoding HEADERS frame with block size: 15
2025-06-27T02:08:10.004081Z  DEBUG - First 20 bytes of header block: less than 20 bytes
2025-06-27T02:08:10.004082Z  DEBUG - HPACK: Decoding Huffman string, length=10, data=a0e41d139d09b8f81e07
2025-06-27T02:08:10.004114Z  DEBUG - Huffman decode: data.size=10, hex=a0e41d139d09b8f81e07
2025-06-27T02:08:10.004114Z  DEBUG - Huffman decode: Checking for potential EOS pattern in data
2025-06-27T02:08:10.004115Z  DEBUG - Huffman padding check: last_symbol_bit=76, total_bits=80, padding_bits=3
2025-06-27T02:08:10.004115Z  DEBUG - HPACK: Huffman decoded to: "localhost:9080"
2025-06-27T02:08:10.004119Z  DEBUG - Decoded headers before validation: [{":method", "GET"}, {":scheme", "http"}, {":path", "/"}, {":authority", "localhost:9080"}]
2025-06-27T02:08:10.004124Z  DEBUG - Validated headers: [{":method", "GET"}, {":scheme", "http"}, {":path", "/"}, {":authority", "localhost:9080"}]
2025-06-27T02:08:10.004125Z  DEBUG - Server received headers for stream 17, end_stream: true, headers_count: 4
2025-06-27T02:08:10.004128Z  DEBUG - Headers: [{":method", "GET"}, {":scheme", "http"}, {":path", "/"}, {":authority", "localhost:9080"}]
2025-06-27T02:08:10.004129Z  DEBUG - is_trailers=false, end_stream=true, stream.end_stream_received=true
2025-06-27T02:08:10.004129Z  DEBUG - Processing request immediately (headers with END_STREAM)
2025-06-27T02:08:10.004129Z  DEBUG - Successfully handled frame: HT2::HeadersFrame on stream 17
2025-06-27T02:08:10.004130Z  DEBUG - Reading frame header...
2025-06-27T02:08:10.004131Z  DEBUG - HEADERS frame parsing: payload_size=15, offset=0, padding=0, header_block_size=15
2025-06-27T02:08:10.004132Z  DEBUG - Header block hex: 828684418aa0e41d139d09b8f81e07
2025-06-27T02:08:10.004134Z  DEBUG - HEADERS frame: stream_id=19, flags=END_STREAM | END_HEADERS, padding=0, priority=nil, header_block_size=15
2025-06-27T02:08:10.004135Z  DEBUG - Full header block hex: 828684418aa0e41d139d09b8f81e07
2025-06-27T02:08:10.004135Z  DEBUG - Decoding HEADERS frame with block size: 15
2025-06-27T02:08:10.004135Z  DEBUG - First 20 bytes of header block: less than 20 bytes
2025-06-27T02:08:10.004136Z  DEBUG - HPACK: Decoding Huffman string, length=10, data=a0e41d139d09b8f81e07
2025-06-27T02:08:10.004167Z  DEBUG - Huffman decode: data.size=10, hex=a0e41d139d09b8f81e07
2025-06-27T02:08:10.004167Z  DEBUG - Huffman decode: Checking for potential EOS pattern in data
2025-06-27T02:08:10.004168Z  DEBUG - Huffman padding check: last_symbol_bit=76, total_bits=80, padding_bits=3
2025-06-27T02:08:10.004169Z  DEBUG - HPACK: Huffman decoded to: "localhost:9080"
2025-06-27T02:08:10.004172Z  DEBUG - Decoded headers before validation: [{":method", "GET"}, {":scheme", "http"}, {":path", "/"}, {":authority", "localhost:9080"}]
2025-06-27T02:08:10.004177Z  DEBUG - Validated headers: [{":method", "GET"}, {":scheme", "http"}, {":path", "/"}, {":authority", "localhost:9080"}]
2025-06-27T02:08:10.004179Z  DEBUG - Server received headers for stream 19, end_stream: true, headers_count: 4
2025-06-27T02:08:10.004182Z  DEBUG - Headers: [{":method", "GET"}, {":scheme", "http"}, {":path", "/"}, {":authority", "localhost:9080"}]
2025-06-27T02:08:10.004182Z  DEBUG - is_trailers=false, end_stream=true, stream.end_stream_received=true
2025-06-27T02:08:10.004182Z  DEBUG - Processing request immediately (headers with END_STREAM)
2025-06-27T02:08:10.004183Z  DEBUG - Successfully handled frame: HT2::HeadersFrame on stream 19
2025-06-27T02:08:10.004183Z  DEBUG - Reading frame header...
2025-06-27T02:08:10.004184Z  DEBUG - HEADERS frame parsing: payload_size=15, offset=0, padding=0, header_block_size=15
2025-06-27T02:08:10.004185Z  DEBUG - Header block hex: 828684418aa0e41d139d09b8f81e07
2025-06-27T02:08:10.004188Z  DEBUG - HEADERS frame: stream_id=21, flags=END_STREAM | END_HEADERS, padding=0, priority=nil, header_block_size=15
2025-06-27T02:08:10.004188Z  DEBUG - Full header block hex: 828684418aa0e41d139d09b8f81e07
2025-06-27T02:08:10.004188Z  DEBUG - Decoding HEADERS frame with block size: 15
2025-06-27T02:08:10.004188Z  DEBUG - First 20 bytes of header block: less than 20 bytes
2025-06-27T02:08:10.004189Z  DEBUG - HPACK: Decoding Huffman string, length=10, data=a0e41d139d09b8f81e07
2025-06-27T02:08:10.004221Z  DEBUG - Huffman decode: data.size=10, hex=a0e41d139d09b8f81e07
2025-06-27T02:08:10.004221Z  DEBUG - Huffman decode: Checking for potential EOS pattern in data
2025-06-27T02:08:10.004222Z  DEBUG - Huffman padding check: last_symbol_bit=76, total_bits=80, padding_bits=3
2025-06-27T02:08:10.004223Z  DEBUG - HPACK: Huffman decoded to: "localhost:9080"
2025-06-27T02:08:10.004226Z  DEBUG - Decoded headers before validation: [{":method", "GET"}, {":scheme", "http"}, {":path", "/"}, {":authority", "localhost:9080"}]
2025-06-27T02:08:10.004231Z  DEBUG - Validated headers: [{":method", "GET"}, {":scheme", "http"}, {":path", "/"}, {":authority", "localhost:9080"}]
2025-06-27T02:08:10.004232Z  DEBUG - Server received headers for stream 21, end_stream: true, headers_count: 4
2025-06-27T02:08:10.004235Z  DEBUG - Headers: [{":method", "GET"}, {":scheme", "http"}, {":path", "/"}, {":authority", "localhost:9080"}]
2025-06-27T02:08:10.004236Z  DEBUG - is_trailers=false, end_stream=true, stream.end_stream_received=true
2025-06-27T02:08:10.004236Z  DEBUG - Processing request immediately (headers with END_STREAM)
2025-06-27T02:08:10.004236Z  DEBUG - Successfully handled frame: HT2::HeadersFrame on stream 21
2025-06-27T02:08:10.004237Z  DEBUG - Reading frame header...
2025-06-27T02:08:10.004238Z  DEBUG - HEADERS frame parsing: payload_size=15, offset=0, padding=0, header_block_size=15
2025-06-27T02:08:10.004238Z  DEBUG - Header block hex: 828684418aa0e41d139d09b8f81e07
2025-06-27T02:08:10.004242Z  DEBUG - HEADERS frame: stream_id=23, flags=END_STREAM | END_HEADERS, padding=0, priority=nil, header_block_size=15
2025-06-27T02:08:10.004242Z  DEBUG - Full header block hex: 828684418aa0e41d139d09b8f81e07
2025-06-27T02:08:10.004242Z  DEBUG - Decoding HEADERS frame with block size: 15
2025-06-27T02:08:10.004242Z  DEBUG - First 20 bytes of header block: less than 20 bytes
2025-06-27T02:08:10.004243Z  DEBUG - HPACK: Decoding Huffman string, length=10, data=a0e41d139d09b8f81e07
2025-06-27T02:08:10.004275Z  DEBUG - Huffman decode: data.size=10, hex=a0e41d139d09b8f81e07
2025-06-27T02:08:10.004275Z  DEBUG - Huffman decode: Checking for potential EOS pattern in data
2025-06-27T02:08:10.004276Z  DEBUG - Huffman padding check: last_symbol_bit=76, total_bits=80, padding_bits=3
2025-06-27T02:08:10.004277Z  DEBUG - HPACK: Huffman decoded to: "localhost:9080"
2025-06-27T02:08:10.004280Z  DEBUG - Decoded headers before validation: [{":method", "GET"}, {":scheme", "http"}, {":path", "/"}, {":authority", "localhost:9080"}]
2025-06-27T02:08:10.004285Z  DEBUG - Validated headers: [{":method", "GET"}, {":scheme", "http"}, {":path", "/"}, {":authority", "localhost:9080"}]
2025-06-27T02:08:10.004286Z  DEBUG - Server received headers for stream 23, end_stream: true, headers_count: 4
2025-06-27T02:08:10.004289Z  DEBUG - Headers: [{":method", "GET"}, {":scheme", "http"}, {":path", "/"}, {":authority", "localhost:9080"}]
2025-06-27T02:08:10.004290Z  DEBUG - is_trailers=false, end_stream=true, stream.end_stream_received=true
2025-06-27T02:08:10.004290Z  DEBUG - Processing request immediately (headers with END_STREAM)
2025-06-27T02:08:10.004290Z  DEBUG - Successfully handled frame: HT2::HeadersFrame on stream 23
2025-06-27T02:08:10.004291Z  DEBUG - Reading frame header...
2025-06-27T02:08:10.004292Z  DEBUG - HEADERS frame parsing: payload_size=15, offset=0, padding=0, header_block_size=15
2025-06-27T02:08:10.004292Z  DEBUG - Header block hex: 828684418aa0e41d139d09b8f81e07
2025-06-27T02:08:10.004296Z  DEBUG - HEADERS frame: stream_id=25, flags=END_STREAM | END_HEADERS, padding=0, priority=nil, header_block_size=15
2025-06-27T02:08:10.004296Z  DEBUG - Full header block hex: 828684418aa0e41d139d09b8f81e07
2025-06-27T02:08:10.004296Z  DEBUG - Decoding HEADERS frame with block size: 15
2025-06-27T02:08:10.004297Z  DEBUG - First 20 bytes of header block: less than 20 bytes
2025-06-27T02:08:10.004297Z  DEBUG - HPACK: Decoding Huffman string, length=10, data=a0e41d139d09b8f81e07
2025-06-27T02:08:10.004329Z  DEBUG - Huffman decode: data.size=10, hex=a0e41d139d09b8f81e07
2025-06-27T02:08:10.004329Z  DEBUG - Huffman decode: Checking for potential EOS pattern in data
2025-06-27T02:08:10.004330Z  DEBUG - Huffman padding check: last_symbol_bit=76, total_bits=80, padding_bits=3
2025-06-27T02:08:10.004331Z  DEBUG - HPACK: Huffman decoded to: "localhost:9080"
2025-06-27T02:08:10.004334Z  DEBUG - Decoded headers before validation: [{":method", "GET"}, {":scheme", "http"}, {":path", "/"}, {":authority", "localhost:9080"}]
2025-06-27T02:08:10.004339Z  DEBUG - Validated headers: [{":method", "GET"}, {":scheme", "http"}, {":path", "/"}, {":authority", "localhost:9080"}]
2025-06-27T02:08:10.004341Z  DEBUG - Server received headers for stream 25, end_stream: true, headers_count: 4
2025-06-27T02:08:10.004343Z  DEBUG - Headers: [{":method", "GET"}, {":scheme", "http"}, {":path", "/"}, {":authority", "localhost:9080"}]
2025-06-27T02:08:10.004344Z  DEBUG - is_trailers=false, end_stream=true, stream.end_stream_received=true
2025-06-27T02:08:10.004344Z  DEBUG - Processing request immediately (headers with END_STREAM)
2025-06-27T02:08:10.004345Z  DEBUG - Successfully handled frame: HT2::HeadersFrame on stream 25
2025-06-27T02:08:10.004346Z  DEBUG - Reading frame header...
2025-06-27T02:08:10.004347Z  DEBUG - HEADERS frame parsing: payload_size=15, offset=0, padding=0, header_block_size=15
2025-06-27T02:08:10.004347Z  DEBUG - Header block hex: 828684418aa0e41d139d09b8f81e07
2025-06-27T02:08:10.004351Z  DEBUG - HEADERS frame: stream_id=27, flags=END_STREAM | END_HEADERS, padding=0, priority=nil, header_block_size=15
2025-06-27T02:08:10.004351Z  DEBUG - Full header block hex: 828684418aa0e41d139d09b8f81e07
2025-06-27T02:08:10.004351Z  DEBUG - Decoding HEADERS frame with block size: 15
2025-06-27T02:08:10.004352Z  DEBUG - First 20 bytes of header block: less than 20 bytes
2025-06-27T02:08:10.004353Z  DEBUG - HPACK: Decoding Huffman string, length=10, data=a0e41d139d09b8f81e07
2025-06-27T02:08:10.004384Z  DEBUG - Huffman decode: data.size=10, hex=a0e41d139d09b8f81e07
2025-06-27T02:08:10.004384Z  DEBUG - Huffman decode: Checking for potential EOS pattern in data
2025-06-27T02:08:10.004385Z  DEBUG - Huffman padding check: last_symbol_bit=76, total_bits=80, padding_bits=3
2025-06-27T02:08:10.004385Z  DEBUG - HPACK: Huffman decoded to: "localhost:9080"
2025-06-27T02:08:10.004389Z  DEBUG - Decoded headers before validation: [{":method", "GET"}, {":scheme", "http"}, {":path", "/"}, {":authority", "localhost:9080"}]
2025-06-27T02:08:10.004394Z  DEBUG - Validated headers: [{":method", "GET"}, {":scheme", "http"}, {":path", "/"}, {":authority", "localhost:9080"}]
2025-06-27T02:08:10.004395Z  DEBUG - Server received headers for stream 27, end_stream: true, headers_count: 4
2025-06-27T02:08:10.004398Z  DEBUG - Headers: [{":method", "GET"}, {":scheme", "http"}, {":path", "/"}, {":authority", "localhost:9080"}]
2025-06-27T02:08:10.004398Z  DEBUG - is_trailers=false, end_stream=true, stream.end_stream_received=true
2025-06-27T02:08:10.004398Z  DEBUG - Processing request immediately (headers with END_STREAM)
2025-06-27T02:08:10.004399Z  DEBUG - Successfully handled frame: HT2::HeadersFrame on stream 27
2025-06-27T02:08:10.004400Z  DEBUG - Reading frame header...
2025-06-27T02:08:10.004401Z  DEBUG - HEADERS frame parsing: payload_size=15, offset=0, padding=0, header_block_size=15
2025-06-27T02:08:10.004401Z  DEBUG - Header block hex: 828684418aa0e41d139d09b8f81e07
2025-06-27T02:08:10.004405Z  DEBUG - HEADERS frame: stream_id=29, flags=END_STREAM | END_HEADERS, padding=0, priority=nil, header_block_size=15
2025-06-27T02:08:10.004405Z  DEBUG - Full header block hex: 828684418aa0e41d139d09b8f81e07
2025-06-27T02:08:10.004405Z  DEBUG - Decoding HEADERS frame with block size: 15
2025-06-27T02:08:10.004405Z  DEBUG - First 20 bytes of header block: less than 20 bytes
2025-06-27T02:08:10.004406Z  DEBUG - HPACK: Decoding Huffman string, length=10, data=a0e41d139d09b8f81e07
2025-06-27T02:08:10.004437Z  DEBUG - Huffman decode: data.size=10, hex=a0e41d139d09b8f81e07
2025-06-27T02:08:10.004437Z  DEBUG - Huffman decode: Checking for potential EOS pattern in data
2025-06-27T02:08:10.004438Z  DEBUG - Huffman padding check: last_symbol_bit=76, total_bits=80, padding_bits=3
2025-06-27T02:08:10.004439Z  DEBUG - HPACK: Huffman decoded to: "localhost:9080"
2025-06-27T02:08:10.004442Z  DEBUG - Decoded headers before validation: [{":method", "GET"}, {":scheme", "http"}, {":path", "/"}, {":authority", "localhost:9080"}]
2025-06-27T02:08:10.004447Z  DEBUG - Validated headers: [{":method", "GET"}, {":scheme", "http"}, {":path", "/"}, {":authority", "localhost:9080"}]
2025-06-27T02:08:10.004449Z  DEBUG - Server received headers for stream 29, end_stream: true, headers_count: 4
2025-06-27T02:08:10.004452Z  DEBUG - Headers: [{":method", "GET"}, {":scheme", "http"}, {":path", "/"}, {":authority", "localhost:9080"}]
2025-06-27T02:08:10.004452Z  DEBUG - is_trailers=false, end_stream=true, stream.end_stream_received=true
2025-06-27T02:08:10.004452Z  DEBUG - Processing request immediately (headers with END_STREAM)
2025-06-27T02:08:10.004453Z  DEBUG - Successfully handled frame: HT2::HeadersFrame on stream 29
2025-06-27T02:08:10.004454Z  DEBUG - Reading frame header...
2025-06-27T02:08:10.004455Z  DEBUG - HEADERS frame parsing: payload_size=15, offset=0, padding=0, header_block_size=15
2025-06-27T02:08:10.004455Z  DEBUG - Header block hex: 828684418aa0e41d139d09b8f81e07
2025-06-27T02:08:10.004459Z  DEBUG - HEADERS frame: stream_id=31, flags=END_STREAM | END_HEADERS, padding=0, priority=nil, header_block_size=15
2025-06-27T02:08:10.004460Z  DEBUG - Full header block hex: 828684418aa0e41d139d09b8f81e07
2025-06-27T02:08:10.004460Z  DEBUG - Decoding HEADERS frame with block size: 15
2025-06-27T02:08:10.004460Z  DEBUG - First 20 bytes of header block: less than 20 bytes
2025-06-27T02:08:10.004461Z  DEBUG - HPACK: Decoding Huffman string, length=10, data=a0e41d139d09b8f81e07
2025-06-27T02:08:10.004492Z  DEBUG - Huffman decode: data.size=10, hex=a0e41d139d09b8f81e07
2025-06-27T02:08:10.004492Z  DEBUG - Huffman decode: Checking for potential EOS pattern in data
2025-06-27T02:08:10.004493Z  DEBUG - Huffman padding check: last_symbol_bit=76, total_bits=80, padding_bits=3
2025-06-27T02:08:10.004494Z  DEBUG - HPACK: Huffman decoded to: "localhost:9080"
2025-06-27T02:08:10.004497Z  DEBUG - Decoded headers before validation: [{":method", "GET"}, {":scheme", "http"}, {":path", "/"}, {":authority", "localhost:9080"}]
2025-06-27T02:08:10.004502Z  DEBUG - Validated headers: [{":method", "GET"}, {":scheme", "http"}, {":path", "/"}, {":authority", "localhost:9080"}]
2025-06-27T02:08:10.004504Z  DEBUG - Server received headers for stream 31, end_stream: true, headers_count: 4
2025-06-27T02:08:10.004507Z  DEBUG - Headers: [{":method", "GET"}, {":scheme", "http"}, {":path", "/"}, {":authority", "localhost:9080"}]
2025-06-27T02:08:10.004507Z  DEBUG - is_trailers=false, end_stream=true, stream.end_stream_received=true
2025-06-27T02:08:10.004507Z  DEBUG - Processing request immediately (headers with END_STREAM)
2025-06-27T02:08:10.004508Z  DEBUG - Successfully handled frame: HT2::HeadersFrame on stream 31
2025-06-27T02:08:10.004509Z  DEBUG - Reading frame header...
2025-06-27T02:08:10.004510Z  DEBUG - HEADERS frame parsing: payload_size=15, offset=0, padding=0, header_block_size=15
2025-06-27T02:08:10.004510Z  DEBUG - Header block hex: 828684418aa0e41d139d09b8f81e07
2025-06-27T02:08:10.004518Z  DEBUG - HEADERS frame: stream_id=33, flags=END_STREAM | END_HEADERS, padding=0, priority=nil, header_block_size=15
2025-06-27T02:08:10.004518Z  DEBUG - Full header block hex: 828684418aa0e41d139d09b8f81e07
2025-06-27T02:08:10.004518Z  DEBUG - Decoding HEADERS frame with block size: 15
2025-06-27T02:08:10.004519Z  DEBUG - First 20 bytes of header block: less than 20 bytes
2025-06-27T02:08:10.004519Z  DEBUG - HPACK: Decoding Huffman string, length=10, data=a0e41d139d09b8f81e07
2025-06-27T02:08:10.004550Z  DEBUG - Huffman decode: data.size=10, hex=a0e41d139d09b8f81e07
2025-06-27T02:08:10.004550Z  DEBUG - Huffman decode: Checking for potential EOS pattern in data
2025-06-27T02:08:10.004551Z  DEBUG - Huffman padding check: last_symbol_bit=76, total_bits=80, padding_bits=3
2025-06-27T02:08:10.004552Z  DEBUG - HPACK: Huffman decoded to: "localhost:9080"
2025-06-27T02:08:10.004555Z  DEBUG - Decoded headers before validation: [{":method", "GET"}, {":scheme", "http"}, {":path", "/"}, {":authority", "localhost:9080"}]
2025-06-27T02:08:10.004560Z  DEBUG - Validated headers: [{":method", "GET"}, {":scheme", "http"}, {":path", "/"}, {":authority", "localhost:9080"}]
2025-06-27T02:08:10.004562Z  DEBUG - Server received headers for stream 33, end_stream: true, headers_count: 4
2025-06-27T02:08:10.004565Z  DEBUG - Headers: [{":method", "GET"}, {":scheme", "http"}, {":path", "/"}, {":authority", "localhost:9080"}]
2025-06-27T02:08:10.004565Z  DEBUG - is_trailers=false, end_stream=true, stream.end_stream_received=true
2025-06-27T02:08:10.004565Z  DEBUG - Processing request immediately (headers with END_STREAM)
2025-06-27T02:08:10.004566Z  DEBUG - Successfully handled frame: HT2::HeadersFrame on stream 33
2025-06-27T02:08:10.004567Z  DEBUG - Reading frame header...
2025-06-27T02:08:10.004568Z  DEBUG - HEADERS frame parsing: payload_size=15, offset=0, padding=0, header_block_size=15
2025-06-27T02:08:10.004568Z  DEBUG - Header block hex: 828684418aa0e41d139d09b8f81e07
2025-06-27T02:08:10.004571Z  DEBUG - HEADERS frame: stream_id=35, flags=END_STREAM | END_HEADERS, padding=0, priority=nil, header_block_size=15
2025-06-27T02:08:10.004571Z  DEBUG - Full header block hex: 828684418aa0e41d139d09b8f81e07
2025-06-27T02:08:10.004571Z  DEBUG - Decoding HEADERS frame with block size: 15
2025-06-27T02:08:10.004572Z  DEBUG - First 20 bytes of header block: less than 20 bytes
2025-06-27T02:08:10.004572Z  DEBUG - HPACK: Decoding Huffman string, length=10, data=a0e41d139d09b8f81e07
2025-06-27T02:08:10.004603Z  DEBUG - Huffman decode: data.size=10, hex=a0e41d139d09b8f81e07
2025-06-27T02:08:10.004603Z  DEBUG - Huffman decode: Checking for potential EOS pattern in data
2025-06-27T02:08:10.004604Z  DEBUG - Huffman padding check: last_symbol_bit=76, total_bits=80, padding_bits=3
2025-06-27T02:08:10.004605Z  DEBUG - HPACK: Huffman decoded to: "localhost:9080"
2025-06-27T02:08:10.004608Z  DEBUG - Decoded headers before validation: [{":method", "GET"}, {":scheme", "http"}, {":path", "/"}, {":authority", "localhost:9080"}]
2025-06-27T02:08:10.004614Z  DEBUG - Validated headers: [{":method", "GET"}, {":scheme", "http"}, {":path", "/"}, {":authority", "localhost:9080"}]
2025-06-27T02:08:10.004615Z  DEBUG - Server received headers for stream 35, end_stream: true, headers_count: 4
2025-06-27T02:08:10.004617Z  DEBUG - Headers: [{":method", "GET"}, {":scheme", "http"}, {":path", "/"}, {":authority", "localhost:9080"}]
2025-06-27T02:08:10.004618Z  DEBUG - is_trailers=false, end_stream=true, stream.end_stream_received=true
2025-06-27T02:08:10.004618Z  DEBUG - Processing request immediately (headers with END_STREAM)
2025-06-27T02:08:10.004619Z  DEBUG - Successfully handled frame: HT2::HeadersFrame on stream 35
2025-06-27T02:08:10.004619Z  DEBUG - Reading frame header...
2025-06-27T02:08:10.004620Z  DEBUG - HEADERS frame parsing: payload_size=15, offset=0, padding=0, header_block_size=15
2025-06-27T02:08:10.004621Z  DEBUG - Header block hex: 828684418aa0e41d139d09b8f81e07
2025-06-27T02:08:10.004624Z  DEBUG - HEADERS frame: stream_id=37, flags=END_STREAM | END_HEADERS, padding=0, priority=nil, header_block_size=15
2025-06-27T02:08:10.004624Z  DEBUG - Full header block hex: 828684418aa0e41d139d09b8f81e07
2025-06-27T02:08:10.004624Z  DEBUG - Decoding HEADERS frame with block size: 15
2025-06-27T02:08:10.004624Z  DEBUG - First 20 bytes of header block: less than 20 bytes
2025-06-27T02:08:10.004625Z  DEBUG - HPACK: Decoding Huffman string, length=10, data=a0e41d139d09b8f81e07
2025-06-27T02:08:10.004656Z  DEBUG - Huffman decode: data.size=10, hex=a0e41d139d09b8f81e07
2025-06-27T02:08:10.004656Z  DEBUG - Huffman decode: Checking for potential EOS pattern in data
2025-06-27T02:08:10.004657Z  DEBUG - Huffman padding check: last_symbol_bit=76, total_bits=80, padding_bits=3
2025-06-27T02:08:10.004658Z  DEBUG - HPACK: Huffman decoded to: "localhost:9080"
2025-06-27T02:08:10.004661Z  DEBUG - Decoded headers before validation: [{":method", "GET"}, {":scheme", "http"}, {":path", "/"}, {":authority", "localhost:9080"}]
2025-06-27T02:08:10.004666Z  DEBUG - Validated headers: [{":method", "GET"}, {":scheme", "http"}, {":path", "/"}, {":authority", "localhost:9080"}]
2025-06-27T02:08:10.004668Z  DEBUG - Server received headers for stream 37, end_stream: true, headers_count: 4
2025-06-27T02:08:10.004670Z  DEBUG - Headers: [{":method", "GET"}, {":scheme", "http"}, {":path", "/"}, {":authority", "localhost:9080"}]
2025-06-27T02:08:10.004671Z  DEBUG - is_trailers=false, end_stream=true, stream.end_stream_received=true
2025-06-27T02:08:10.004671Z  DEBUG - Processing request immediately (headers with END_STREAM)
2025-06-27T02:08:10.004671Z  DEBUG - Successfully handled frame: HT2::HeadersFrame on stream 37
2025-06-27T02:08:10.004672Z  DEBUG - Reading frame header...
2025-06-27T02:08:10.004673Z  DEBUG - HEADERS frame parsing: payload_size=15, offset=0, padding=0, header_block_size=15
2025-06-27T02:08:10.004674Z  DEBUG - Header block hex: 828684418aa0e41d139d09b8f81e07
2025-06-27T02:08:10.004676Z  DEBUG - HEADERS frame: stream_id=39, flags=END_STREAM | END_HEADERS, padding=0, priority=nil, header_block_size=15
2025-06-27T02:08:10.004677Z  DEBUG - Full header block hex: 828684418aa0e41d139d09b8f81e07
2025-06-27T02:08:10.004677Z  DEBUG - Decoding HEADERS frame with block size: 15
2025-06-27T02:08:10.004677Z  DEBUG - First 20 bytes of header block: less than 20 bytes
2025-06-27T02:08:10.004678Z  DEBUG - HPACK: Decoding Huffman string, length=10, data=a0e41d139d09b8f81e07
2025-06-27T02:08:10.004708Z  DEBUG - Huffman decode: data.size=10, hex=a0e41d139d09b8f81e07
2025-06-27T02:08:10.004708Z  DEBUG - Huffman decode: Checking for potential EOS pattern in data
2025-06-27T02:08:10.004709Z  DEBUG - Huffman padding check: last_symbol_bit=76, total_bits=80, padding_bits=3
2025-06-27T02:08:10.004710Z  DEBUG - HPACK: Huffman decoded to: "localhost:9080"
2025-06-27T02:08:10.004713Z  DEBUG - Decoded headers before validation: [{":method", "GET"}, {":scheme", "http"}, {":path", "/"}, {":authority", "localhost:9080"}]
2025-06-27T02:08:10.004718Z  DEBUG - Validated headers: [{":method", "GET"}, {":scheme", "http"}, {":path", "/"}, {":authority", "localhost:9080"}]
2025-06-27T02:08:10.004719Z  DEBUG - Server received headers for stream 39, end_stream: true, headers_count: 4
2025-06-27T02:08:10.004722Z  DEBUG - Headers: [{":method", "GET"}, {":scheme", "http"}, {":path", "/"}, {":authority", "localhost:9080"}]
2025-06-27T02:08:10.004722Z  DEBUG - is_trailers=false, end_stream=true, stream.end_stream_received=true
2025-06-27T02:08:10.004723Z  DEBUG - Processing request immediately (headers with END_STREAM)
2025-06-27T02:08:10.004723Z  DEBUG - Successfully handled frame: HT2::HeadersFrame on stream 39
2025-06-27T02:08:10.004724Z  DEBUG - Reading frame header...
2025-06-27T02:08:10.004726Z  DEBUG - HEADERS frame parsing: payload_size=15, offset=0, padding=0, header_block_size=15
2025-06-27T02:08:10.004726Z  DEBUG - Header block hex: 828684418aa0e41d139d09b8f81e07
2025-06-27T02:08:10.004729Z  DEBUG - HEADERS frame: stream_id=41, flags=END_STREAM | END_HEADERS, padding=0, priority=nil, header_block_size=15
2025-06-27T02:08:10.004729Z  DEBUG - Full header block hex: 828684418aa0e41d139d09b8f81e07
2025-06-27T02:08:10.004729Z  DEBUG - Decoding HEADERS frame with block size: 15
2025-06-27T02:08:10.004729Z  DEBUG - First 20 bytes of header block: less than 20 bytes
2025-06-27T02:08:10.004730Z  DEBUG - HPACK: Decoding Huffman string, length=10, data=a0e41d139d09b8f81e07
2025-06-27T02:08:10.004761Z  DEBUG - Huffman decode: data.size=10, hex=a0e41d139d09b8f81e07
2025-06-27T02:08:10.004761Z  DEBUG - Huffman decode: Checking for potential EOS pattern in data
2025-06-27T02:08:10.004762Z  DEBUG - Huffman padding check: last_symbol_bit=76, total_bits=80, padding_bits=3
2025-06-27T02:08:10.004763Z  DEBUG - HPACK: Huffman decoded to: "localhost:9080"
2025-06-27T02:08:10.004766Z  DEBUG - Decoded headers before validation: [{":method", "GET"}, {":scheme", "http"}, {":path", "/"}, {":authority", "localhost:9080"}]
2025-06-27T02:08:10.004771Z  DEBUG - Validated headers: [{":method", "GET"}, {":scheme", "http"}, {":path", "/"}, {":authority", "localhost:9080"}]
2025-06-27T02:08:10.004772Z  DEBUG - Server received headers for stream 41, end_stream: true, headers_count: 4
2025-06-27T02:08:10.004775Z  DEBUG - Headers: [{":method", "GET"}, {":scheme", "http"}, {":path", "/"}, {":authority", "localhost:9080"}]
2025-06-27T02:08:10.004775Z  DEBUG - is_trailers=false, end_stream=true, stream.end_stream_received=true
2025-06-27T02:08:10.004776Z  DEBUG - Processing request immediately (headers with END_STREAM)
2025-06-27T02:08:10.004776Z  DEBUG - Successfully handled frame: HT2::HeadersFrame on stream 41
2025-06-27T02:08:10.004777Z  DEBUG - Reading frame header...
2025-06-27T02:08:10.004778Z  DEBUG - HEADERS frame parsing: payload_size=15, offset=0, padding=0, header_block_size=15
2025-06-27T02:08:10.004779Z  DEBUG - Header block hex: 828684418aa0e41d139d09b8f81e07
2025-06-27T02:08:10.004782Z  DEBUG - HEADERS frame: stream_id=43, flags=END_STREAM | END_HEADERS, padding=0, priority=nil, header_block_size=15
2025-06-27T02:08:10.004782Z  DEBUG - Full header block hex: 828684418aa0e41d139d09b8f81e07
2025-06-27T02:08:10.004782Z  DEBUG - Decoding HEADERS frame with block size: 15
2025-06-27T02:08:10.004783Z  DEBUG - First 20 bytes of header block: less than 20 bytes
2025-06-27T02:08:10.004783Z  DEBUG - HPACK: Decoding Huffman string, length=10, data=a0e41d139d09b8f81e07
2025-06-27T02:08:10.004819Z  DEBUG - Huffman decode: data.size=10, hex=a0e41d139d09b8f81e07
2025-06-27T02:08:10.004819Z  DEBUG - Huffman decode: Checking for potential EOS pattern in data
2025-06-27T02:08:10.004820Z  DEBUG - Huffman padding check: last_symbol_bit=76, total_bits=80, padding_bits=3
2025-06-27T02:08:10.004821Z  DEBUG - HPACK: Huffman decoded to: "localhost:9080"
2025-06-27T02:08:10.004824Z  DEBUG - Decoded headers before validation: [{":method", "GET"}, {":scheme", "http"}, {":path", "/"}, {":authority", "localhost:9080"}]
2025-06-27T02:08:10.004830Z  DEBUG - Validated headers: [{":method", "GET"}, {":scheme", "http"}, {":path", "/"}, {":authority", "localhost:9080"}]
2025-06-27T02:08:10.004831Z  DEBUG - Server received headers for stream 43, end_stream: true, headers_count: 4
2025-06-27T02:08:10.004834Z  DEBUG - Headers: [{":method", "GET"}, {":scheme", "http"}, {":path", "/"}, {":authority", "localhost:9080"}]
2025-06-27T02:08:10.004834Z  DEBUG - is_trailers=false, end_stream=true, stream.end_stream_received=true
2025-06-27T02:08:10.004835Z  DEBUG - Processing request immediately (headers with END_STREAM)
2025-06-27T02:08:10.004835Z  DEBUG - Successfully handled frame: HT2::HeadersFrame on stream 43
2025-06-27T02:08:10.004836Z  DEBUG - Reading frame header...
2025-06-27T02:08:10.004837Z  DEBUG - HEADERS frame parsing: payload_size=15, offset=0, padding=0, header_block_size=15
2025-06-27T02:08:10.004837Z  DEBUG - Header block hex: 828684418aa0e41d139d09b8f81e07
2025-06-27T02:08:10.004840Z  DEBUG - HEADERS frame: stream_id=45, flags=END_STREAM | END_HEADERS, padding=0, priority=nil, header_block_size=15
2025-06-27T02:08:10.004840Z  DEBUG - Full header block hex: 828684418aa0e41d139d09b8f81e07
2025-06-27T02:08:10.004841Z  DEBUG - Decoding HEADERS frame with block size: 15
2025-06-27T02:08:10.004841Z  DEBUG - First 20 bytes of header block: less than 20 bytes
2025-06-27T02:08:10.004842Z  DEBUG - HPACK: Decoding Huffman string, length=10, data=a0e41d139d09b8f81e07
2025-06-27T02:08:10.004873Z  DEBUG - Huffman decode: data.size=10, hex=a0e41d139d09b8f81e07
2025-06-27T02:08:10.004873Z  DEBUG - Huffman decode: Checking for potential EOS pattern in data
2025-06-27T02:08:10.004874Z  DEBUG - Huffman padding check: last_symbol_bit=76, total_bits=80, padding_bits=3
2025-06-27T02:08:10.004875Z  DEBUG - HPACK: Huffman decoded to: "localhost:9080"
2025-06-27T02:08:10.004878Z  DEBUG - Decoded headers before validation: [{":method", "GET"}, {":scheme", "http"}, {":path", "/"}, {":authority", "localhost:9080"}]
2025-06-27T02:08:10.004883Z  DEBUG - Validated headers: [{":method", "GET"}, {":scheme", "http"}, {":path", "/"}, {":authority", "localhost:9080"}]
2025-06-27T02:08:10.004884Z  DEBUG - Server received headers for stream 45, end_stream: true, headers_count: 4
2025-06-27T02:08:10.004887Z  DEBUG - Headers: [{":method", "GET"}, {":scheme", "http"}, {":path", "/"}, {":authority", "localhost:9080"}]
2025-06-27T02:08:10.004887Z  DEBUG - is_trailers=false, end_stream=true, stream.end_stream_received=true
2025-06-27T02:08:10.004887Z  DEBUG - Processing request immediately (headers with END_STREAM)
2025-06-27T02:08:10.004888Z  DEBUG - Successfully handled frame: HT2::HeadersFrame on stream 45
2025-06-27T02:08:10.004889Z  DEBUG - Reading frame header...
2025-06-27T02:08:10.004890Z  DEBUG - HEADERS frame parsing: payload_size=15, offset=0, padding=0, header_block_size=15
2025-06-27T02:08:10.004890Z  DEBUG - Header block hex: 828684418aa0e41d139d09b8f81e07
2025-06-27T02:08:10.004893Z  DEBUG - HEADERS frame: stream_id=47, flags=END_STREAM | END_HEADERS, padding=0, priority=nil, header_block_size=15
2025-06-27T02:08:10.004893Z  DEBUG - Full header block hex: 828684418aa0e41d139d09b8f81e07
2025-06-27T02:08:10.004894Z  DEBUG - Decoding HEADERS frame with block size: 15
2025-06-27T02:08:10.004894Z  DEBUG - First 20 bytes of header block: less than 20 bytes
2025-06-27T02:08:10.004895Z  DEBUG - HPACK: Decoding Huffman string, length=10, data=a0e41d139d09b8f81e07
2025-06-27T02:08:10.004924Z  DEBUG - Huffman decode: data.size=10, hex=a0e41d139d09b8f81e07
2025-06-27T02:08:10.004925Z  DEBUG - Huffman decode: Checking for potential EOS pattern in data
2025-06-27T02:08:10.004925Z  DEBUG - Huffman padding check: last_symbol_bit=76, total_bits=80, padding_bits=3
2025-06-27T02:08:10.004926Z  DEBUG - HPACK: Huffman decoded to: "localhost:9080"
2025-06-27T02:08:10.004929Z  DEBUG - Decoded headers before validation: [{":method", "GET"}, {":scheme", "http"}, {":path", "/"}, {":authority", "localhost:9080"}]
2025-06-27T02:08:10.004935Z  DEBUG - Validated headers: [{":method", "GET"}, {":scheme", "http"}, {":path", "/"}, {":authority", "localhost:9080"}]
2025-06-27T02:08:10.004936Z  DEBUG - Server received headers for stream 47, end_stream: true, headers_count: 4
2025-06-27T02:08:10.004938Z  DEBUG - Headers: [{":method", "GET"}, {":scheme", "http"}, {":path", "/"}, {":authority", "localhost:9080"}]
2025-06-27T02:08:10.004939Z  DEBUG - is_trailers=false, end_stream=true, stream.end_stream_received=true
2025-06-27T02:08:10.004939Z  DEBUG - Processing request immediately (headers with END_STREAM)
2025-06-27T02:08:10.004939Z  DEBUG - Successfully handled frame: HT2::HeadersFrame on stream 47
2025-06-27T02:08:10.004941Z  DEBUG - Reading frame header...
2025-06-27T02:08:10.004942Z  DEBUG - HEADERS frame parsing: payload_size=15, offset=0, padding=0, header_block_size=15
2025-06-27T02:08:10.004942Z  DEBUG - Header block hex: 828684418aa0e41d139d09b8f81e07
2025-06-27T02:08:10.004945Z  DEBUG - HEADERS frame: stream_id=49, flags=END_STREAM | END_HEADERS, padding=0, priority=nil, header_block_size=15
2025-06-27T02:08:10.004945Z  DEBUG - Full header block hex: 828684418aa0e41d139d09b8f81e07
2025-06-27T02:08:10.004945Z  DEBUG - Decoding HEADERS frame with block size: 15
2025-06-27T02:08:10.004946Z  DEBUG - First 20 bytes of header block: less than 20 bytes
2025-06-27T02:08:10.004946Z  DEBUG - HPACK: Decoding Huffman string, length=10, data=a0e41d139d09b8f81e07
2025-06-27T02:08:10.004977Z  DEBUG - Huffman decode: data.size=10, hex=a0e41d139d09b8f81e07
2025-06-27T02:08:10.004977Z  DEBUG - Huffman decode: Checking for potential EOS pattern in data
2025-06-27T02:08:10.004978Z  DEBUG - Huffman padding check: last_symbol_bit=76, total_bits=80, padding_bits=3
2025-06-27T02:08:10.004979Z  DEBUG - HPACK: Huffman decoded to: "localhost:9080"
2025-06-27T02:08:10.004982Z  DEBUG - Decoded headers before validation: [{":method", "GET"}, {":scheme", "http"}, {":path", "/"}, {":authority", "localhost:9080"}]
2025-06-27T02:08:10.004987Z  DEBUG - Validated headers: [{":method", "GET"}, {":scheme", "http"}, {":path", "/"}, {":authority", "localhost:9080"}]
2025-06-27T02:08:10.004988Z  DEBUG - Server received headers for stream 49, end_stream: true, headers_count: 4
2025-06-27T02:08:10.004991Z  DEBUG - Headers: [{":method", "GET"}, {":scheme", "http"}, {":path", "/"}, {":authority", "localhost:9080"}]
2025-06-27T02:08:10.004991Z  DEBUG - is_trailers=false, end_stream=true, stream.end_stream_received=true
2025-06-27T02:08:10.004992Z  DEBUG - Processing request immediately (headers with END_STREAM)
2025-06-27T02:08:10.004992Z  DEBUG - Successfully handled frame: HT2::HeadersFrame on stream 49
2025-06-27T02:08:10.004993Z  DEBUG - Reading frame header...
2025-06-27T02:08:10.004994Z  DEBUG - HEADERS frame parsing: payload_size=15, offset=0, padding=0, header_block_size=15
2025-06-27T02:08:10.004995Z  DEBUG - Header block hex: 828684418aa0e41d139d09b8f81e07
2025-06-27T02:08:10.004997Z  DEBUG - HEADERS frame: stream_id=51, flags=END_STREAM | END_HEADERS, padding=0, priority=nil, header_block_size=15
2025-06-27T02:08:10.004997Z  DEBUG - Full header block hex: 828684418aa0e41d139d09b8f81e07
2025-06-27T02:08:10.004998Z  DEBUG - Decoding HEADERS frame with block size: 15
2025-06-27T02:08:10.004998Z  DEBUG - First 20 bytes of header block: less than 20 bytes
2025-06-27T02:08:10.004999Z  DEBUG - HPACK: Decoding Huffman string, length=10, data=a0e41d139d09b8f81e07
2025-06-27T02:08:10.005029Z  DEBUG - Huffman decode: data.size=10, hex=a0e41d139d09b8f81e07
2025-06-27T02:08:10.005029Z  DEBUG - Huffman decode: Checking for potential EOS pattern in data
2025-06-27T02:08:10.005030Z  DEBUG - Huffman padding check: last_symbol_bit=76, total_bits=80, padding_bits=3
2025-06-27T02:08:10.005031Z  DEBUG - HPACK: Huffman decoded to: "localhost:9080"
2025-06-27T02:08:10.005034Z  DEBUG - Decoded headers before validation: [{":method", "GET"}, {":scheme", "http"}, {":path", "/"}, {":authority", "localhost:9080"}]
2025-06-27T02:08:10.005040Z  DEBUG - Validated headers: [{":method", "GET"}, {":scheme", "http"}, {":path", "/"}, {":authority", "localhost:9080"}]
2025-06-27T02:08:10.005041Z  DEBUG - Server received headers for stream 51, end_stream: true, headers_count: 4
2025-06-27T02:08:10.005044Z  DEBUG - Headers: [{":method", "GET"}, {":scheme", "http"}, {":path", "/"}, {":authority", "localhost:9080"}]
2025-06-27T02:08:10.005044Z  DEBUG - is_trailers=false, end_stream=true, stream.end_stream_received=true
2025-06-27T02:08:10.005044Z  DEBUG - Processing request immediately (headers with END_STREAM)
2025-06-27T02:08:10.005045Z  DEBUG - Successfully handled frame: HT2::HeadersFrame on stream 51
2025-06-27T02:08:10.005046Z  DEBUG - Reading frame header...
2025-06-27T02:08:10.005047Z  DEBUG - HEADERS frame parsing: payload_size=15, offset=0, padding=0, header_block_size=15
2025-06-27T02:08:10.005047Z  DEBUG - Header block hex: 828684418aa0e41d139d09b8f81e07
2025-06-27T02:08:10.005050Z  DEBUG - HEADERS frame: stream_id=53, flags=END_STREAM | END_HEADERS, padding=0, priority=nil, header_block_size=15
2025-06-27T02:08:10.005050Z  DEBUG - Full header block hex: 828684418aa0e41d139d09b8f81e07
2025-06-27T02:08:10.005050Z  DEBUG - Decoding HEADERS frame with block size: 15
2025-06-27T02:08:10.005051Z  DEBUG - First 20 bytes of header block: less than 20 bytes
2025-06-27T02:08:10.005052Z  DEBUG - HPACK: Decoding Huffman string, length=10, data=a0e41d139d09b8f81e07
2025-06-27T02:08:10.005082Z  DEBUG - Huffman decode: data.size=10, hex=a0e41d139d09b8f81e07
2025-06-27T02:08:10.005082Z  DEBUG - Huffman decode: Checking for potential EOS pattern in data
2025-06-27T02:08:10.005083Z  DEBUG - Huffman padding check: last_symbol_bit=76, total_bits=80, padding_bits=3
2025-06-27T02:08:10.005083Z  DEBUG - HPACK: Huffman decoded to: "localhost:9080"
2025-06-27T02:08:10.005087Z  DEBUG - Decoded headers before validation: [{":method", "GET"}, {":scheme", "http"}, {":path", "/"}, {":authority", "localhost:9080"}]
2025-06-27T02:08:10.005092Z  DEBUG - Validated headers: [{":method", "GET"}, {":scheme", "http"}, {":path", "/"}, {":authority", "localhost:9080"}]
2025-06-27T02:08:10.005093Z  DEBUG - Server received headers for stream 53, end_stream: true, headers_count: 4
2025-06-27T02:08:10.005096Z  DEBUG - Headers: [{":method", "GET"}, {":scheme", "http"}, {":path", "/"}, {":authority", "localhost:9080"}]
2025-06-27T02:08:10.005096Z  DEBUG - is_trailers=false, end_stream=true, stream.end_stream_received=true
2025-06-27T02:08:10.005096Z  DEBUG - Processing request immediately (headers with END_STREAM)
2025-06-27T02:08:10.005097Z  DEBUG - Successfully handled frame: HT2::HeadersFrame on stream 53
2025-06-27T02:08:10.005098Z  DEBUG - Reading frame header...
2025-06-27T02:08:10.005099Z  DEBUG - HEADERS frame parsing: payload_size=15, offset=0, padding=0, header_block_size=15
2025-06-27T02:08:10.005100Z  DEBUG - Header block hex: 828684418aa0e41d139d09b8f81e07
2025-06-27T02:08:10.005102Z  DEBUG - HEADERS frame: stream_id=55, flags=END_STREAM | END_HEADERS, padding=0, priority=nil, header_block_size=15
2025-06-27T02:08:10.005102Z  DEBUG - Full header block hex: 828684418aa0e41d139d09b8f81e07
2025-06-27T02:08:10.005103Z  DEBUG - Decoding HEADERS frame with block size: 15
2025-06-27T02:08:10.005103Z  DEBUG - First 20 bytes of header block: less than 20 bytes
2025-06-27T02:08:10.005104Z  DEBUG - HPACK: Decoding Huffman string, length=10, data=a0e41d139d09b8f81e07
2025-06-27T02:08:10.005134Z  DEBUG - Huffman decode: data.size=10, hex=a0e41d139d09b8f81e07
2025-06-27T02:08:10.005134Z  DEBUG - Huffman decode: Checking for potential EOS pattern in data
2025-06-27T02:08:10.005135Z  DEBUG - Huffman padding check: last_symbol_bit=76, total_bits=80, padding_bits=3
2025-06-27T02:08:10.005136Z  DEBUG - HPACK: Huffman decoded to: "localhost:9080"
2025-06-27T02:08:10.005139Z  DEBUG - Decoded headers before validation: [{":method", "GET"}, {":scheme", "http"}, {":path", "/"}, {":authority", "localhost:9080"}]
2025-06-27T02:08:10.005145Z  DEBUG - Validated headers: [{":method", "GET"}, {":scheme", "http"}, {":path", "/"}, {":authority", "localhost:9080"}]
2025-06-27T02:08:10.005146Z  DEBUG - Server received headers for stream 55, end_stream: true, headers_count: 4
2025-06-27T02:08:10.005149Z  DEBUG - Headers: [{":method", "GET"}, {":scheme", "http"}, {":path", "/"}, {":authority", "localhost:9080"}]
2025-06-27T02:08:10.005149Z  DEBUG - is_trailers=false, end_stream=true, stream.end_stream_received=true
2025-06-27T02:08:10.005149Z  DEBUG - Processing request immediately (headers with END_STREAM)
2025-06-27T02:08:10.005150Z  DEBUG - Successfully handled frame: HT2::HeadersFrame on stream 55
2025-06-27T02:08:10.005151Z  DEBUG - Reading frame header...
2025-06-27T02:08:10.005162Z  DEBUG - HEADERS frame parsing: payload_size=15, offset=0, padding=0, header_block_size=15
2025-06-27T02:08:10.005162Z  DEBUG - Header block hex: 828684418aa0e41d139d09b8f81e07
2025-06-27T02:08:10.005165Z  DEBUG - HEADERS frame: stream_id=57, flags=END_STREAM | END_HEADERS, padding=0, priority=nil, header_block_size=15
2025-06-27T02:08:10.005165Z  DEBUG - Full header block hex: 828684418aa0e41d139d09b8f81e07
2025-06-27T02:08:10.005166Z  DEBUG - Decoding HEADERS frame with block size: 15
2025-06-27T02:08:10.005166Z  DEBUG - First 20 bytes of header block: less than 20 bytes
2025-06-27T02:08:10.005167Z  DEBUG - HPACK: Decoding Huffman string, length=10, data=a0e41d139d09b8f81e07
2025-06-27T02:08:10.005201Z  DEBUG - Huffman decode: data.size=10, hex=a0e41d139d09b8f81e07
2025-06-27T02:08:10.005201Z  DEBUG - Huffman decode: Checking for potential EOS pattern in data
2025-06-27T02:08:10.005202Z  DEBUG - Huffman padding check: last_symbol_bit=76, total_bits=80, padding_bits=3
2025-06-27T02:08:10.005203Z  DEBUG - HPACK: Huffman decoded to: "localhost:9080"
2025-06-27T02:08:10.005206Z  DEBUG - Decoded headers before validation: [{":method", "GET"}, {":scheme", "http"}, {":path", "/"}, {":authority", "localhost:9080"}]
2025-06-27T02:08:10.005211Z  DEBUG - Validated headers: [{":method", "GET"}, {":scheme", "http"}, {":path", "/"}, {":authority", "localhost:9080"}]
2025-06-27T02:08:10.005213Z  DEBUG - Server received headers for stream 57, end_stream: true, headers_count: 4
2025-06-27T02:08:10.005215Z  DEBUG - Headers: [{":method", "GET"}, {":scheme", "http"}, {":path", "/"}, {":authority", "localhost:9080"}]
2025-06-27T02:08:10.005216Z  DEBUG - is_trailers=false, end_stream=true, stream.end_stream_received=true
2025-06-27T02:08:10.005216Z  DEBUG - Processing request immediately (headers with END_STREAM)
2025-06-27T02:08:10.005216Z  DEBUG - Successfully handled frame: HT2::HeadersFrame on stream 57
2025-06-27T02:08:10.005218Z  DEBUG - Reading frame header...
2025-06-27T02:08:10.005219Z  DEBUG - HEADERS frame parsing: payload_size=15, offset=0, padding=0, header_block_size=15
2025-06-27T02:08:10.005219Z  DEBUG - Header block hex: 828684418aa0e41d139d09b8f81e07
2025-06-27T02:08:10.005222Z  DEBUG - HEADERS frame: stream_id=59, flags=END_STREAM | END_HEADERS, padding=0, priority=nil, header_block_size=15
2025-06-27T02:08:10.005222Z  DEBUG - Full header block hex: 828684418aa0e41d139d09b8f81e07
2025-06-27T02:08:10.005222Z  DEBUG - Decoding HEADERS frame with block size: 15
2025-06-27T02:08:10.005223Z  DEBUG - First 20 bytes of header block: less than 20 bytes
2025-06-27T02:08:10.005223Z  DEBUG - HPACK: Decoding Huffman string, length=10, data=a0e41d139d09b8f81e07
2025-06-27T02:08:10.005254Z  DEBUG - Huffman decode: data.size=10, hex=a0e41d139d09b8f81e07
2025-06-27T02:08:10.005254Z  DEBUG - Huffman decode: Checking for potential EOS pattern in data
2025-06-27T02:08:10.005255Z  DEBUG - Huffman padding check: last_symbol_bit=76, total_bits=80, padding_bits=3
2025-06-27T02:08:10.005256Z  DEBUG - HPACK: Huffman decoded to: "localhost:9080"
2025-06-27T02:08:10.005259Z  DEBUG - Decoded headers before validation: [{":method", "GET"}, {":scheme", "http"}, {":path", "/"}, {":authority", "localhost:9080"}]
2025-06-27T02:08:10.005264Z  DEBUG - Validated headers: [{":method", "GET"}, {":scheme", "http"}, {":path", "/"}, {":authority", "localhost:9080"}]
2025-06-27T02:08:10.005265Z  DEBUG - Server received headers for stream 59, end_stream: true, headers_count: 4
2025-06-27T02:08:10.005268Z  DEBUG - Headers: [{":method", "GET"}, {":scheme", "http"}, {":path", "/"}, {":authority", "localhost:9080"}]
2025-06-27T02:08:10.005268Z  DEBUG - is_trailers=false, end_stream=true, stream.end_stream_received=true
2025-06-27T02:08:10.005269Z  DEBUG - Processing request immediately (headers with END_STREAM)
2025-06-27T02:08:10.005269Z  DEBUG - Successfully handled frame: HT2::HeadersFrame on stream 59
2025-06-27T02:08:10.005270Z  DEBUG - Reading frame header...
2025-06-27T02:08:10.005271Z  DEBUG - HEADERS frame parsing: payload_size=15, offset=0, padding=0, header_block_size=15
2025-06-27T02:08:10.005272Z  DEBUG - Header block hex: 828684418aa0e41d139d09b8f81e07
2025-06-27T02:08:10.005275Z  DEBUG - HEADERS frame: stream_id=61, flags=END_STREAM | END_HEADERS, padding=0, priority=nil, header_block_size=15
2025-06-27T02:08:10.005275Z  DEBUG - Full header block hex: 828684418aa0e41d139d09b8f81e07
2025-06-27T02:08:10.005275Z  DEBUG - Decoding HEADERS frame with block size: 15
2025-06-27T02:08:10.005275Z  DEBUG - First 20 bytes of header block: less than 20 bytes
2025-06-27T02:08:10.005276Z  DEBUG - HPACK: Decoding Huffman string, length=10, data=a0e41d139d09b8f81e07
2025-06-27T02:08:10.005306Z  DEBUG - Huffman decode: data.size=10, hex=a0e41d139d09b8f81e07
2025-06-27T02:08:10.005306Z  DEBUG - Huffman decode: Checking for potential EOS pattern in data
2025-06-27T02:08:10.005307Z  DEBUG - Huffman padding check: last_symbol_bit=76, total_bits=80, padding_bits=3
2025-06-27T02:08:10.005308Z  DEBUG - HPACK: Huffman decoded to: "localhost:9080"
2025-06-27T02:08:10.005311Z  DEBUG - Decoded headers before validation: [{":method", "GET"}, {":scheme", "http"}, {":path", "/"}, {":authority", "localhost:9080"}]
2025-06-27T02:08:10.005316Z  DEBUG - Validated headers: [{":method", "GET"}, {":scheme", "http"}, {":path", "/"}, {":authority", "localhost:9080"}]
2025-06-27T02:08:10.005317Z  DEBUG - Server received headers for stream 61, end_stream: true, headers_count: 4
2025-06-27T02:08:10.005320Z  DEBUG - Headers: [{":method", "GET"}, {":scheme", "http"}, {":path", "/"}, {":authority", "localhost:9080"}]
2025-06-27T02:08:10.005320Z  DEBUG - is_trailers=false, end_stream=true, stream.end_stream_received=true
2025-06-27T02:08:10.005321Z  DEBUG - Processing request immediately (headers with END_STREAM)
2025-06-27T02:08:10.005321Z  DEBUG - Successfully handled frame: HT2::HeadersFrame on stream 61
2025-06-27T02:08:10.005322Z  DEBUG - Reading frame header...
2025-06-27T02:08:10.005323Z  DEBUG - HEADERS frame parsing: payload_size=15, offset=0, padding=0, header_block_size=15
2025-06-27T02:08:10.005324Z  DEBUG - Header block hex: 828684418aa0e41d139d09b8f81e07
2025-06-27T02:08:10.005327Z  DEBUG - HEADERS frame: stream_id=63, flags=END_STREAM | END_HEADERS, padding=0, priority=nil, header_block_size=15
2025-06-27T02:08:10.005327Z  DEBUG - Full header block hex: 828684418aa0e41d139d09b8f81e07
2025-06-27T02:08:10.005327Z  DEBUG - Decoding HEADERS frame with block size: 15
2025-06-27T02:08:10.005328Z  DEBUG - First 20 bytes of header block: less than 20 bytes
2025-06-27T02:08:10.005328Z  DEBUG - HPACK: Decoding Huffman string, length=10, data=a0e41d139d09b8f81e07
2025-06-27T02:08:10.005358Z  DEBUG - Huffman decode: data.size=10, hex=a0e41d139d09b8f81e07
2025-06-27T02:08:10.005359Z  DEBUG - Huffman decode: Checking for potential EOS pattern in data
2025-06-27T02:08:10.005359Z  DEBUG - Huffman padding check: last_symbol_bit=76, total_bits=80, padding_bits=3
2025-06-27T02:08:10.005360Z  DEBUG - HPACK: Huffman decoded to: "localhost:9080"
2025-06-27T02:08:10.005364Z  DEBUG - Decoded headers before validation: [{":method", "GET"}, {":scheme", "http"}, {":path", "/"}, {":authority", "localhost:9080"}]
2025-06-27T02:08:10.005369Z  DEBUG - Validated headers: [{":method", "GET"}, {":scheme", "http"}, {":path", "/"}, {":authority", "localhost:9080"}]
2025-06-27T02:08:10.005370Z  DEBUG - Server received headers for stream 63, end_stream: true, headers_count: 4
2025-06-27T02:08:10.005373Z  DEBUG - Headers: [{":method", "GET"}, {":scheme", "http"}, {":path", "/"}, {":authority", "localhost:9080"}]
2025-06-27T02:08:10.005373Z  DEBUG - is_trailers=false, end_stream=true, stream.end_stream_received=true
2025-06-27T02:08:10.005374Z  DEBUG - Processing request immediately (headers with END_STREAM)
2025-06-27T02:08:10.005374Z  DEBUG - Successfully handled frame: HT2::HeadersFrame on stream 63
2025-06-27T02:08:10.005375Z  DEBUG - Reading frame header...
2025-06-27T02:08:10.005376Z  DEBUG - HEADERS frame parsing: payload_size=15, offset=0, padding=0, header_block_size=15
2025-06-27T02:08:10.005377Z  DEBUG - Header block hex: 828684418aa0e41d139d09b8f81e07
2025-06-27T02:08:10.005384Z  DEBUG - HEADERS frame: stream_id=65, flags=END_STREAM | END_HEADERS, padding=0, priority=nil, header_block_size=15
2025-06-27T02:08:10.005384Z  DEBUG - Full header block hex: 828684418aa0e41d139d09b8f81e07
2025-06-27T02:08:10.005384Z  DEBUG - Decoding HEADERS frame with block size: 15
2025-06-27T02:08:10.005384Z  DEBUG - First 20 bytes of header block: less than 20 bytes
2025-06-27T02:08:10.005385Z  DEBUG - HPACK: Decoding Huffman string, length=10, data=a0e41d139d09b8f81e07
2025-06-27T02:08:10.005415Z  DEBUG - Huffman decode: data.size=10, hex=a0e41d139d09b8f81e07
2025-06-27T02:08:10.005415Z  DEBUG - Huffman decode: Checking for potential EOS pattern in data
2025-06-27T02:08:10.005416Z  DEBUG - Huffman padding check: last_symbol_bit=76, total_bits=80, padding_bits=3
2025-06-27T02:08:10.005417Z  DEBUG - HPACK: Huffman decoded to: "localhost:9080"
2025-06-27T02:08:10.005420Z  DEBUG - Decoded headers before validation: [{":method", "GET"}, {":scheme", "http"}, {":path", "/"}, {":authority", "localhost:9080"}]
2025-06-27T02:08:10.005425Z  DEBUG - Validated headers: [{":method", "GET"}, {":scheme", "http"}, {":path", "/"}, {":authority", "localhost:9080"}]
2025-06-27T02:08:10.005426Z  DEBUG - Server received headers for stream 65, end_stream: true, headers_count: 4
2025-06-27T02:08:10.005429Z  DEBUG - Headers: [{":method", "GET"}, {":scheme", "http"}, {":path", "/"}, {":authority", "localhost:9080"}]
2025-06-27T02:08:10.005430Z  DEBUG - is_trailers=false, end_stream=true, stream.end_stream_received=true
2025-06-27T02:08:10.005430Z  DEBUG - Processing request immediately (headers with END_STREAM)
2025-06-27T02:08:10.005430Z  DEBUG - Successfully handled frame: HT2::HeadersFrame on stream 65
2025-06-27T02:08:10.005432Z  DEBUG - Reading frame header...
2025-06-27T02:08:10.005433Z  DEBUG - HEADERS frame parsing: payload_size=15, offset=0, padding=0, header_block_size=15
2025-06-27T02:08:10.005433Z  DEBUG - Header block hex: 828684418aa0e41d139d09b8f81e07
2025-06-27T02:08:10.005436Z  DEBUG - HEADERS frame: stream_id=67, flags=END_STREAM | END_HEADERS, padding=0, priority=nil, header_block_size=15
2025-06-27T02:08:10.005436Z  DEBUG - Full header block hex: 828684418aa0e41d139d09b8f81e07
2025-06-27T02:08:10.005436Z  DEBUG - Decoding HEADERS frame with block size: 15
2025-06-27T02:08:10.005437Z  DEBUG - First 20 bytes of header block: less than 20 bytes
2025-06-27T02:08:10.005438Z  DEBUG - HPACK: Decoding Huffman string, length=10, data=a0e41d139d09b8f81e07
2025-06-27T02:08:10.005467Z  DEBUG - Huffman decode: data.size=10, hex=a0e41d139d09b8f81e07
2025-06-27T02:08:10.005468Z  DEBUG - Huffman decode: Checking for potential EOS pattern in data
2025-06-27T02:08:10.005468Z  DEBUG - Huffman padding check: last_symbol_bit=76, total_bits=80, padding_bits=3
2025-06-27T02:08:10.005469Z  DEBUG - HPACK: Huffman decoded to: "localhost:9080"
2025-06-27T02:08:10.005472Z  DEBUG - Decoded headers before validation: [{":method", "GET"}, {":scheme", "http"}, {":path", "/"}, {":authority", "localhost:9080"}]
2025-06-27T02:08:10.005478Z  DEBUG - Validated headers: [{":method", "GET"}, {":scheme", "http"}, {":path", "/"}, {":authority", "localhost:9080"}]
2025-06-27T02:08:10.005479Z  DEBUG - Server received headers for stream 67, end_stream: true, headers_count: 4
2025-06-27T02:08:10.005482Z  DEBUG - Headers: [{":method", "GET"}, {":scheme", "http"}, {":path", "/"}, {":authority", "localhost:9080"}]
2025-06-27T02:08:10.005482Z  DEBUG - is_trailers=false, end_stream=true, stream.end_stream_received=true
2025-06-27T02:08:10.005482Z  DEBUG - Processing request immediately (headers with END_STREAM)
2025-06-27T02:08:10.005483Z  DEBUG - Successfully handled frame: HT2::HeadersFrame on stream 67
2025-06-27T02:08:10.005484Z  DEBUG - Reading frame header...
2025-06-27T02:08:10.005485Z  DEBUG - HEADERS frame parsing: payload_size=15, offset=0, padding=0, header_block_size=15
2025-06-27T02:08:10.005486Z  DEBUG - Header block hex: 828684418aa0e41d139d09b8f81e07
2025-06-27T02:08:10.005489Z  DEBUG - HEADERS frame: stream_id=69, flags=END_STREAM | END_HEADERS, padding=0, priority=nil, header_block_size=15
2025-06-27T02:08:10.005489Z  DEBUG - Full header block hex: 828684418aa0e41d139d09b8f81e07
2025-06-27T02:08:10.005489Z  DEBUG - Decoding HEADERS frame with block size: 15
2025-06-27T02:08:10.005490Z  DEBUG - First 20 bytes of header block: less than 20 bytes
2025-06-27T02:08:10.005490Z  DEBUG - HPACK: Decoding Huffman string, length=10, data=a0e41d139d09b8f81e07
2025-06-27T02:08:10.005521Z  DEBUG - Huffman decode: data.size=10, hex=a0e41d139d09b8f81e07
2025-06-27T02:08:10.005521Z  DEBUG - Huffman decode: Checking for potential EOS pattern in data
2025-06-27T02:08:10.005522Z  DEBUG - Huffman padding check: last_symbol_bit=76, total_bits=80, padding_bits=3
2025-06-27T02:08:10.005523Z  DEBUG - HPACK: Huffman decoded to: "localhost:9080"
2025-06-27T02:08:10.005526Z  DEBUG - Decoded headers before validation: [{":method", "GET"}, {":scheme", "http"}, {":path", "/"}, {":authority", "localhost:9080"}]
2025-06-27T02:08:10.005531Z  DEBUG - Validated headers: [{":method", "GET"}, {":scheme", "http"}, {":path", "/"}, {":authority", "localhost:9080"}]
2025-06-27T02:08:10.005533Z  DEBUG - Server received headers for stream 69, end_stream: true, headers_count: 4
2025-06-27T02:08:10.005535Z  DEBUG - Headers: [{":method", "GET"}, {":scheme", "http"}, {":path", "/"}, {":authority", "localhost:9080"}]
2025-06-27T02:08:10.005536Z  DEBUG - is_trailers=false, end_stream=true, stream.end_stream_received=true
2025-06-27T02:08:10.005536Z  DEBUG - Processing request immediately (headers with END_STREAM)
2025-06-27T02:08:10.005536Z  DEBUG - Successfully handled frame: HT2::HeadersFrame on stream 69
2025-06-27T02:08:10.005538Z  DEBUG - Reading frame header...
2025-06-27T02:08:10.005539Z  DEBUG - HEADERS frame parsing: payload_size=15, offset=0, padding=0, header_block_size=15
2025-06-27T02:08:10.005539Z  DEBUG - Header block hex: 828684418aa0e41d139d09b8f81e07
2025-06-27T02:08:10.005543Z  DEBUG - HEADERS frame: stream_id=71, flags=END_STREAM | END_HEADERS, padding=0, priority=nil, header_block_size=15
2025-06-27T02:08:10.005543Z  DEBUG - Full header block hex: 828684418aa0e41d139d09b8f81e07
2025-06-27T02:08:10.005543Z  DEBUG - Decoding HEADERS frame with block size: 15
2025-06-27T02:08:10.005543Z  DEBUG - First 20 bytes of header block: less than 20 bytes
2025-06-27T02:08:10.005544Z  DEBUG - HPACK: Decoding Huffman string, length=10, data=a0e41d139d09b8f81e07
2025-06-27T02:08:10.005574Z  DEBUG - Huffman decode: data.size=10, hex=a0e41d139d09b8f81e07
2025-06-27T02:08:10.005574Z  DEBUG - Huffman decode: Checking for potential EOS pattern in data
2025-06-27T02:08:10.005575Z  DEBUG - Huffman padding check: last_symbol_bit=76, total_bits=80, padding_bits=3
2025-06-27T02:08:10.005576Z  DEBUG - HPACK: Huffman decoded to: "localhost:9080"
2025-06-27T02:08:10.005579Z  DEBUG - Decoded headers before validation: [{":method", "GET"}, {":scheme", "http"}, {":path", "/"}, {":authority", "localhost:9080"}]
2025-06-27T02:08:10.005584Z  DEBUG - Validated headers: [{":method", "GET"}, {":scheme", "http"}, {":path", "/"}, {":authority", "localhost:9080"}]
2025-06-27T02:08:10.005586Z  DEBUG - Server received headers for stream 71, end_stream: true, headers_count: 4
2025-06-27T02:08:10.005588Z  DEBUG - Headers: [{":method", "GET"}, {":scheme", "http"}, {":path", "/"}, {":authority", "localhost:9080"}]
2025-06-27T02:08:10.005589Z  DEBUG - is_trailers=false, end_stream=true, stream.end_stream_received=true
2025-06-27T02:08:10.005589Z  DEBUG - Processing request immediately (headers with END_STREAM)
2025-06-27T02:08:10.005589Z  DEBUG - Successfully handled frame: HT2::HeadersFrame on stream 71
2025-06-27T02:08:10.005591Z  DEBUG - Reading frame header...
2025-06-27T02:08:10.005592Z  DEBUG - HEADERS frame parsing: payload_size=15, offset=0, padding=0, header_block_size=15
2025-06-27T02:08:10.005592Z  DEBUG - Header block hex: 828684418aa0e41d139d09b8f81e07
2025-06-27T02:08:10.005596Z  DEBUG - HEADERS frame: stream_id=73, flags=END_STREAM | END_HEADERS, padding=0, priority=nil, header_block_size=15
2025-06-27T02:08:10.005596Z  DEBUG - Full header block hex: 828684418aa0e41d139d09b8f81e07
2025-06-27T02:08:10.005596Z  DEBUG - Decoding HEADERS frame with block size: 15
2025-06-27T02:08:10.005596Z  DEBUG - First 20 bytes of header block: less than 20 bytes
2025-06-27T02:08:10.005597Z  DEBUG - HPACK: Decoding Huffman string, length=10, data=a0e41d139d09b8f81e07
2025-06-27T02:08:10.005627Z  DEBUG - Huffman decode: data.size=10, hex=a0e41d139d09b8f81e07
2025-06-27T02:08:10.005627Z  DEBUG - Huffman decode: Checking for potential EOS pattern in data
2025-06-27T02:08:10.005628Z  DEBUG - Huffman padding check: last_symbol_bit=76, total_bits=80, padding_bits=3
2025-06-27T02:08:10.005629Z  DEBUG - HPACK: Huffman decoded to: "localhost:9080"
2025-06-27T02:08:10.005632Z  DEBUG - Decoded headers before validation: [{":method", "GET"}, {":scheme", "http"}, {":path", "/"}, {":authority", "localhost:9080"}]
2025-06-27T02:08:10.005638Z  DEBUG - Validated headers: [{":method", "GET"}, {":scheme", "http"}, {":path", "/"}, {":authority", "localhost:9080"}]
2025-06-27T02:08:10.005639Z  DEBUG - Server received headers for stream 73, end_stream: true, headers_count: 4
2025-06-27T02:08:10.005641Z  DEBUG - Headers: [{":method", "GET"}, {":scheme", "http"}, {":path", "/"}, {":authority", "localhost:9080"}]
2025-06-27T02:08:10.005642Z  DEBUG - is_trailers=false, end_stream=true, stream.end_stream_received=true
2025-06-27T02:08:10.005642Z  DEBUG - Processing request immediately (headers with END_STREAM)
2025-06-27T02:08:10.005642Z  DEBUG - Successfully handled frame: HT2::HeadersFrame on stream 73
2025-06-27T02:08:10.005644Z  DEBUG - Reading frame header...
2025-06-27T02:08:10.005645Z  DEBUG - HEADERS frame parsing: payload_size=15, offset=0, padding=0, header_block_size=15
2025-06-27T02:08:10.005645Z  DEBUG - Header block hex: 828684418aa0e41d139d09b8f81e07
2025-06-27T02:08:10.005648Z  DEBUG - HEADERS frame: stream_id=75, flags=END_STREAM | END_HEADERS, padding=0, priority=nil, header_block_size=15
2025-06-27T02:08:10.005649Z  DEBUG - Full header block hex: 828684418aa0e41d139d09b8f81e07
2025-06-27T02:08:10.005649Z  DEBUG - Decoding HEADERS frame with block size: 15
2025-06-27T02:08:10.005649Z  DEBUG - First 20 bytes of header block: less than 20 bytes
2025-06-27T02:08:10.005650Z  DEBUG - HPACK: Decoding Huffman string, length=10, data=a0e41d139d09b8f81e07
2025-06-27T02:08:10.005680Z  DEBUG - Huffman decode: data.size=10, hex=a0e41d139d09b8f81e07
2025-06-27T02:08:10.005680Z  DEBUG - Huffman decode: Checking for potential EOS pattern in data
2025-06-27T02:08:10.005681Z  DEBUG - Huffman padding check: last_symbol_bit=76, total_bits=80, padding_bits=3
2025-06-27T02:08:10.005681Z  DEBUG - HPACK: Huffman decoded to: "localhost:9080"
2025-06-27T02:08:10.005685Z  DEBUG - Decoded headers before validation: [{":method", "GET"}, {":scheme", "http"}, {":path", "/"}, {":authority", "localhost:9080"}]
2025-06-27T02:08:10.005690Z  DEBUG - Validated headers: [{":method", "GET"}, {":scheme", "http"}, {":path", "/"}, {":authority", "localhost:9080"}]
2025-06-27T02:08:10.005691Z  DEBUG - Server received headers for stream 75, end_stream: true, headers_count: 4
2025-06-27T02:08:10.005694Z  DEBUG - Headers: [{":method", "GET"}, {":scheme", "http"}, {":path", "/"}, {":authority", "localhost:9080"}]
2025-06-27T02:08:10.005694Z  DEBUG - is_trailers=false, end_stream=true, stream.end_stream_received=true
2025-06-27T02:08:10.005694Z  DEBUG - Processing request immediately (headers with END_STREAM)
2025-06-27T02:08:10.005695Z  DEBUG - Successfully handled frame: HT2::HeadersFrame on stream 75
2025-06-27T02:08:10.005697Z  DEBUG - Reading frame header...
2025-06-27T02:08:10.005697Z  DEBUG - HEADERS frame parsing: payload_size=15, offset=0, padding=0, header_block_size=15
2025-06-27T02:08:10.005698Z  DEBUG - Header block hex: 828684418aa0e41d139d09b8f81e07
2025-06-27T02:08:10.005701Z  DEBUG - HEADERS frame: stream_id=77, flags=END_STREAM | END_HEADERS, padding=0, priority=nil, header_block_size=15
2025-06-27T02:08:10.005701Z  DEBUG - Full header block hex: 828684418aa0e41d139d09b8f81e07
2025-06-27T02:08:10.005702Z  DEBUG - Decoding HEADERS frame with block size: 15
2025-06-27T02:08:10.005702Z  DEBUG - First 20 bytes of header block: less than 20 bytes
2025-06-27T02:08:10.005702Z  DEBUG - HPACK: Decoding Huffman string, length=10, data=a0e41d139d09b8f81e07
2025-06-27T02:08:10.005739Z  DEBUG - Huffman decode: data.size=10, hex=a0e41d139d09b8f81e07
2025-06-27T02:08:10.005739Z  DEBUG - Huffman decode: Checking for potential EOS pattern in data
2025-06-27T02:08:10.005740Z  DEBUG - Huffman padding check: last_symbol_bit=76, total_bits=80, padding_bits=3
2025-06-27T02:08:10.005740Z  DEBUG - HPACK: Huffman decoded to: "localhost:9080"
2025-06-27T02:08:10.005744Z  DEBUG - Decoded headers before validation: [{":method", "GET"}, {":scheme", "http"}, {":path", "/"}, {":authority", "localhost:9080"}]
2025-06-27T02:08:10.005749Z  DEBUG - Validated headers: [{":method", "GET"}, {":scheme", "http"}, {":path", "/"}, {":authority", "localhost:9080"}]
2025-06-27T02:08:10.005750Z  DEBUG - Server received headers for stream 77, end_stream: true, headers_count: 4
2025-06-27T02:08:10.005753Z  DEBUG - Headers: [{":method", "GET"}, {":scheme", "http"}, {":path", "/"}, {":authority", "localhost:9080"}]
2025-06-27T02:08:10.005753Z  DEBUG - is_trailers=false, end_stream=true, stream.end_stream_received=true
2025-06-27T02:08:10.005753Z  DEBUG - Processing request immediately (headers with END_STREAM)
2025-06-27T02:08:10.005754Z  DEBUG - Successfully handled frame: HT2::HeadersFrame on stream 77
2025-06-27T02:08:10.005756Z  DEBUG - Reading frame header...
2025-06-27T02:08:10.005757Z  DEBUG - HEADERS frame parsing: payload_size=15, offset=0, padding=0, header_block_size=15
2025-06-27T02:08:10.005757Z  DEBUG - Header block hex: 828684418aa0e41d139d09b8f81e07
2025-06-27T02:08:10.005760Z  DEBUG - HEADERS frame: stream_id=79, flags=END_STREAM | END_HEADERS, padding=0, priority=nil, header_block_size=15
2025-06-27T02:08:10.005760Z  DEBUG - Full header block hex: 828684418aa0e41d139d09b8f81e07
2025-06-27T02:08:10.005761Z  DEBUG - Decoding HEADERS frame with block size: 15
2025-06-27T02:08:10.005761Z  DEBUG - First 20 bytes of header block: less than 20 bytes
2025-06-27T02:08:10.005762Z  DEBUG - HPACK: Decoding Huffman string, length=10, data=a0e41d139d09b8f81e07
2025-06-27T02:08:10.005793Z  DEBUG - Huffman decode: data.size=10, hex=a0e41d139d09b8f81e07
2025-06-27T02:08:10.005794Z  DEBUG - Huffman decode: Checking for potential EOS pattern in data
2025-06-27T02:08:10.005794Z  DEBUG - Huffman padding check: last_symbol_bit=76, total_bits=80, padding_bits=3
2025-06-27T02:08:10.005795Z  DEBUG - HPACK: Huffman decoded to: "localhost:9080"
2025-06-27T02:08:10.005799Z  DEBUG - Decoded headers before validation: [{":method", "GET"}, {":scheme", "http"}, {":path", "/"}, {":authority", "localhost:9080"}]
2025-06-27T02:08:10.005804Z  DEBUG - Validated headers: [{":method", "GET"}, {":scheme", "http"}, {":path", "/"}, {":authority", "localhost:9080"}]
2025-06-27T02:08:10.005805Z  DEBUG - Server received headers for stream 79, end_stream: true, headers_count: 4
2025-06-27T02:08:10.005808Z  DEBUG - Headers: [{":method", "GET"}, {":scheme", "http"}, {":path", "/"}, {":authority", "localhost:9080"}]
2025-06-27T02:08:10.005808Z  DEBUG - is_trailers=false, end_stream=true, stream.end_stream_received=true
2025-06-27T02:08:10.005808Z  DEBUG - Processing request immediately (headers with END_STREAM)
2025-06-27T02:08:10.005809Z  DEBUG - Successfully handled frame: HT2::HeadersFrame on stream 79
2025-06-27T02:08:10.005810Z  DEBUG - Reading frame header...
2025-06-27T02:08:10.005811Z  DEBUG - HEADERS frame parsing: payload_size=15, offset=0, padding=0, header_block_size=15
2025-06-27T02:08:10.005812Z  DEBUG - Header block hex: 828684418aa0e41d139d09b8f81e07
2025-06-27T02:08:10.005815Z  DEBUG - HEADERS frame: stream_id=81, flags=END_STREAM | END_HEADERS, padding=0, priority=nil, header_block_size=15
2025-06-27T02:08:10.005815Z  DEBUG - Full header block hex: 828684418aa0e41d139d09b8f81e07
2025-06-27T02:08:10.005816Z  DEBUG - Decoding HEADERS frame with block size: 15
2025-06-27T02:08:10.005816Z  DEBUG - First 20 bytes of header block: less than 20 bytes
2025-06-27T02:08:10.005817Z  DEBUG - HPACK: Decoding Huffman string, length=10, data=a0e41d139d09b8f81e07
2025-06-27T02:08:10.005852Z  DEBUG - Huffman decode: data.size=10, hex=a0e41d139d09b8f81e07
2025-06-27T02:08:10.005853Z  DEBUG - Huffman decode: Checking for potential EOS pattern in data
2025-06-27T02:08:10.005853Z  DEBUG - Huffman padding check: last_symbol_bit=76, total_bits=80, padding_bits=3
2025-06-27T02:08:10.005855Z  DEBUG - HPACK: Huffman decoded to: "localhost:9080"
2025-06-27T02:08:10.005858Z  DEBUG - Decoded headers before validation: [{":method", "GET"}, {":scheme", "http"}, {":path", "/"}, {":authority", "localhost:9080"}]
2025-06-27T02:08:10.005863Z  DEBUG - Validated headers: [{":method", "GET"}, {":scheme", "http"}, {":path", "/"}, {":authority", "localhost:9080"}]
2025-06-27T02:08:10.005864Z  DEBUG - Server received headers for stream 81, end_stream: true, headers_count: 4
2025-06-27T02:08:10.005867Z  DEBUG - Headers: [{":method", "GET"}, {":scheme", "http"}, {":path", "/"}, {":authority", "localhost:9080"}]
2025-06-27T02:08:10.005868Z  DEBUG - is_trailers=false, end_stream=true, stream.end_stream_received=true
2025-06-27T02:08:10.005868Z  DEBUG - Processing request immediately (headers with END_STREAM)
2025-06-27T02:08:10.005868Z  DEBUG - Successfully handled frame: HT2::HeadersFrame on stream 81
2025-06-27T02:08:10.005870Z  DEBUG - Reading frame header...
2025-06-27T02:08:10.005871Z  DEBUG - HEADERS frame parsing: payload_size=15, offset=0, padding=0, header_block_size=15
2025-06-27T02:08:10.005871Z  DEBUG - Header block hex: 828684418aa0e41d139d09b8f81e07
2025-06-27T02:08:10.005874Z  DEBUG - HEADERS frame: stream_id=83, flags=END_STREAM | END_HEADERS, padding=0, priority=nil, header_block_size=15
2025-06-27T02:08:10.005875Z  DEBUG - Full header block hex: 828684418aa0e41d139d09b8f81e07
2025-06-27T02:08:10.005875Z  DEBUG - Decoding HEADERS frame with block size: 15
2025-06-27T02:08:10.005875Z  DEBUG - First 20 bytes of header block: less than 20 bytes
2025-06-27T02:08:10.005876Z  DEBUG - HPACK: Decoding Huffman string, length=10, data=a0e41d139d09b8f81e07
2025-06-27T02:08:10.005911Z  DEBUG - Huffman decode: data.size=10, hex=a0e41d139d09b8f81e07
2025-06-27T02:08:10.005911Z  DEBUG - Huffman decode: Checking for potential EOS pattern in data
2025-06-27T02:08:10.005912Z  DEBUG - Huffman padding check: last_symbol_bit=76, total_bits=80, padding_bits=3
2025-06-27T02:08:10.005913Z  DEBUG - HPACK: Huffman decoded to: "localhost:9080"
2025-06-27T02:08:10.005916Z  DEBUG - Decoded headers before validation: [{":method", "GET"}, {":scheme", "http"}, {":path", "/"}, {":authority", "localhost:9080"}]
2025-06-27T02:08:10.005922Z  DEBUG - Validated headers: [{":method", "GET"}, {":scheme", "http"}, {":path", "/"}, {":authority", "localhost:9080"}]
2025-06-27T02:08:10.005923Z  DEBUG - Server received headers for stream 83, end_stream: true, headers_count: 4
2025-06-27T02:08:10.005925Z  DEBUG - Headers: [{":method", "GET"}, {":scheme", "http"}, {":path", "/"}, {":authority", "localhost:9080"}]
2025-06-27T02:08:10.005926Z  DEBUG - is_trailers=false, end_stream=true, stream.end_stream_received=true
2025-06-27T02:08:10.005926Z  DEBUG - Processing request immediately (headers with END_STREAM)
2025-06-27T02:08:10.005927Z  DEBUG - Successfully handled frame: HT2::HeadersFrame on stream 83
2025-06-27T02:08:10.005928Z  DEBUG - Reading frame header...
2025-06-27T02:08:10.005929Z  DEBUG - HEADERS frame parsing: payload_size=15, offset=0, padding=0, header_block_size=15
2025-06-27T02:08:10.005930Z  DEBUG - Header block hex: 828684418aa0e41d139d09b8f81e07
2025-06-27T02:08:10.005933Z  DEBUG - HEADERS frame: stream_id=85, flags=END_STREAM | END_HEADERS, padding=0, priority=nil, header_block_size=15
2025-06-27T02:08:10.005933Z  DEBUG - Full header block hex: 828684418aa0e41d139d09b8f81e07
2025-06-27T02:08:10.005933Z  DEBUG - Decoding HEADERS frame with block size: 15
2025-06-27T02:08:10.005933Z  DEBUG - First 20 bytes of header block: less than 20 bytes
2025-06-27T02:08:10.005934Z  DEBUG - HPACK: Decoding Huffman string, length=10, data=a0e41d139d09b8f81e07
2025-06-27T02:08:10.005969Z  DEBUG - Huffman decode: data.size=10, hex=a0e41d139d09b8f81e07
2025-06-27T02:08:10.005969Z  DEBUG - Huffman decode: Checking for potential EOS pattern in data
2025-06-27T02:08:10.005970Z  DEBUG - Huffman padding check: last_symbol_bit=76, total_bits=80, padding_bits=3
2025-06-27T02:08:10.005971Z  DEBUG - HPACK: Huffman decoded to: "localhost:9080"
2025-06-27T02:08:10.005974Z  DEBUG - Decoded headers before validation: [{":method", "GET"}, {":scheme", "http"}, {":path", "/"}, {":authority", "localhost:9080"}]
2025-06-27T02:08:10.005979Z  DEBUG - Validated headers: [{":method", "GET"}, {":scheme", "http"}, {":path", "/"}, {":authority", "localhost:9080"}]
2025-06-27T02:08:10.005982Z  DEBUG - Server received headers for stream 85, end_stream: true, headers_count: 4
2025-06-27T02:08:10.005984Z  DEBUG - Headers: [{":method", "GET"}, {":scheme", "http"}, {":path", "/"}, {":authority", "localhost:9080"}]
2025-06-27T02:08:10.005985Z  DEBUG - is_trailers=false, end_stream=true, stream.end_stream_received=true
2025-06-27T02:08:10.005985Z  DEBUG - Processing request immediately (headers with END_STREAM)
2025-06-27T02:08:10.005985Z  DEBUG - Successfully handled frame: HT2::HeadersFrame on stream 85
2025-06-27T02:08:10.005987Z  DEBUG - Reading frame header...
2025-06-27T02:08:10.005988Z  DEBUG - HEADERS frame parsing: payload_size=15, offset=0, padding=0, header_block_size=15
2025-06-27T02:08:10.005988Z  DEBUG - Header block hex: 828684418aa0e41d139d09b8f81e07
2025-06-27T02:08:10.005992Z  DEBUG - HEADERS frame: stream_id=87, flags=END_STREAM | END_HEADERS, padding=0, priority=nil, header_block_size=15
2025-06-27T02:08:10.005993Z  DEBUG - Full header block hex: 828684418aa0e41d139d09b8f81e07
2025-06-27T02:08:10.005993Z  DEBUG - Decoding HEADERS frame with block size: 15
2025-06-27T02:08:10.005993Z  DEBUG - First 20 bytes of header block: less than 20 bytes
2025-06-27T02:08:10.005994Z  DEBUG - HPACK: Decoding Huffman string, length=10, data=a0e41d139d09b8f81e07
2025-06-27T02:08:10.006030Z  DEBUG - Huffman decode: data.size=10, hex=a0e41d139d09b8f81e07
2025-06-27T02:08:10.006030Z  DEBUG - Huffman decode: Checking for potential EOS pattern in data
2025-06-27T02:08:10.006031Z  DEBUG - Huffman padding check: last_symbol_bit=76, total_bits=80, padding_bits=3
2025-06-27T02:08:10.006031Z  DEBUG - HPACK: Huffman decoded to: "localhost:9080"
2025-06-27T02:08:10.006035Z  DEBUG - Decoded headers before validation: [{":method", "GET"}, {":scheme", "http"}, {":path", "/"}, {":authority", "localhost:9080"}]
2025-06-27T02:08:10.006040Z  DEBUG - Validated headers: [{":method", "GET"}, {":scheme", "http"}, {":path", "/"}, {":authority", "localhost:9080"}]
2025-06-27T02:08:10.006041Z  DEBUG - Server received headers for stream 87, end_stream: true, headers_count: 4
2025-06-27T02:08:10.006044Z  DEBUG - Headers: [{":method", "GET"}, {":scheme", "http"}, {":path", "/"}, {":authority", "localhost:9080"}]
2025-06-27T02:08:10.006045Z  DEBUG - is_trailers=false, end_stream=true, stream.end_stream_received=true
2025-06-27T02:08:10.006045Z  DEBUG - Processing request immediately (headers with END_STREAM)
2025-06-27T02:08:10.006046Z  DEBUG - Successfully handled frame: HT2::HeadersFrame on stream 87
2025-06-27T02:08:10.006047Z  DEBUG - Reading frame header...
2025-06-27T02:08:10.006053Z  DEBUG - HEADERS frame parsing: payload_size=15, offset=0, padding=0, header_block_size=15
2025-06-27T02:08:10.006053Z  DEBUG - Header block hex: 828684418aa0e41d139d09b8f81e07
2025-06-27T02:08:10.006056Z  DEBUG - HEADERS frame: stream_id=89, flags=END_STREAM | END_HEADERS, padding=0, priority=nil, header_block_size=15
2025-06-27T02:08:10.006057Z  DEBUG - Full header block hex: 828684418aa0e41d139d09b8f81e07
2025-06-27T02:08:10.006057Z  DEBUG - Decoding HEADERS frame with block size: 15
2025-06-27T02:08:10.006057Z  DEBUG - First 20 bytes of header block: less than 20 bytes
2025-06-27T02:08:10.006058Z  DEBUG - HPACK: Decoding Huffman string, length=10, data=a0e41d139d09b8f81e07
2025-06-27T02:08:10.006090Z  DEBUG - Huffman decode: data.size=10, hex=a0e41d139d09b8f81e07
2025-06-27T02:08:10.006090Z  DEBUG - Huffman decode: Checking for potential EOS pattern in data
2025-06-27T02:08:10.006091Z  DEBUG - Huffman padding check: last_symbol_bit=76, total_bits=80, padding_bits=3
2025-06-27T02:08:10.006091Z  DEBUG - HPACK: Huffman decoded to: "localhost:9080"
2025-06-27T02:08:10.006095Z  DEBUG - Decoded headers before validation: [{":method", "GET"}, {":scheme", "http"}, {":path", "/"}, {":authority", "localhost:9080"}]
2025-06-27T02:08:10.006100Z  DEBUG - Validated headers: [{":method", "GET"}, {":scheme", "http"}, {":path", "/"}, {":authority", "localhost:9080"}]
2025-06-27T02:08:10.006101Z  DEBUG - Server received headers for stream 89, end_stream: true, headers_count: 4
2025-06-27T02:08:10.006104Z  DEBUG - Headers: [{":method", "GET"}, {":scheme", "http"}, {":path", "/"}, {":authority", "localhost:9080"}]
2025-06-27T02:08:10.006104Z  DEBUG - is_trailers=false, end_stream=true, stream.end_stream_received=true
2025-06-27T02:08:10.006104Z  DEBUG - Processing request immediately (headers with END_STREAM)
2025-06-27T02:08:10.006105Z  DEBUG - Successfully handled frame: HT2::HeadersFrame on stream 89
2025-06-27T02:08:10.006106Z  DEBUG - Reading frame header...
2025-06-27T02:08:10.006107Z  DEBUG - HEADERS frame parsing: payload_size=15, offset=0, padding=0, header_block_size=15
2025-06-27T02:08:10.006108Z  DEBUG - Header block hex: 828684418aa0e41d139d09b8f81e07
2025-06-27T02:08:10.006111Z  DEBUG - HEADERS frame: stream_id=91, flags=END_STREAM | END_HEADERS, padding=0, priority=nil, header_block_size=15
2025-06-27T02:08:10.006111Z  DEBUG - Full header block hex: 828684418aa0e41d139d09b8f81e07
2025-06-27T02:08:10.006112Z  DEBUG - Decoding HEADERS frame with block size: 15
2025-06-27T02:08:10.006112Z  DEBUG - First 20 bytes of header block: less than 20 bytes
2025-06-27T02:08:10.006112Z  DEBUG - HPACK: Decoding Huffman string, length=10, data=a0e41d139d09b8f81e07
2025-06-27T02:08:10.006149Z  DEBUG - Huffman decode: data.size=10, hex=a0e41d139d09b8f81e07
2025-06-27T02:08:10.006149Z  DEBUG - Huffman decode: Checking for potential EOS pattern in data
2025-06-27T02:08:10.006150Z  DEBUG - Huffman padding check: last_symbol_bit=76, total_bits=80, padding_bits=3
2025-06-27T02:08:10.006151Z  DEBUG - HPACK: Huffman decoded to: "localhost:9080"
2025-06-27T02:08:10.006155Z  DEBUG - Decoded headers before validation: [{":method", "GET"}, {":scheme", "http"}, {":path", "/"}, {":authority", "localhost:9080"}]
2025-06-27T02:08:10.006160Z  DEBUG - Validated headers: [{":method", "GET"}, {":scheme", "http"}, {":path", "/"}, {":authority", "localhost:9080"}]
2025-06-27T02:08:10.006161Z  DEBUG - Server received headers for stream 91, end_stream: true, headers_count: 4
2025-06-27T02:08:10.006164Z  DEBUG - Headers: [{":method", "GET"}, {":scheme", "http"}, {":path", "/"}, {":authority", "localhost:9080"}]
2025-06-27T02:08:10.006164Z  DEBUG - is_trailers=false, end_stream=true, stream.end_stream_received=true
2025-06-27T02:08:10.006164Z  DEBUG - Processing request immediately (headers with END_STREAM)
2025-06-27T02:08:10.006165Z  DEBUG - Successfully handled frame: HT2::HeadersFrame on stream 91
2025-06-27T02:08:10.006167Z  DEBUG - Reading frame header...
2025-06-27T02:08:10.006168Z  DEBUG - HEADERS frame parsing: payload_size=15, offset=0, padding=0, header_block_size=15
2025-06-27T02:08:10.006168Z  DEBUG - Header block hex: 828684418aa0e41d139d09b8f81e07
2025-06-27T02:08:10.006172Z  DEBUG - HEADERS frame: stream_id=93, flags=END_STREAM | END_HEADERS, padding=0, priority=nil, header_block_size=15
2025-06-27T02:08:10.006172Z  DEBUG - Full header block hex: 828684418aa0e41d139d09b8f81e07
2025-06-27T02:08:10.006173Z  DEBUG - Decoding HEADERS frame with block size: 15
2025-06-27T02:08:10.006173Z  DEBUG - First 20 bytes of header block: less than 20 bytes
2025-06-27T02:08:10.006174Z  DEBUG - HPACK: Decoding Huffman string, length=10, data=a0e41d139d09b8f81e07
2025-06-27T02:08:10.006208Z  DEBUG - Huffman decode: data.size=10, hex=a0e41d139d09b8f81e07
2025-06-27T02:08:10.006208Z  DEBUG - Huffman decode: Checking for potential EOS pattern in data
2025-06-27T02:08:10.006209Z  DEBUG - Huffman padding check: last_symbol_bit=76, total_bits=80, padding_bits=3
2025-06-27T02:08:10.006209Z  DEBUG - HPACK: Huffman decoded to: "localhost:9080"
2025-06-27T02:08:10.006213Z  DEBUG - Decoded headers before validation: [{":method", "GET"}, {":scheme", "http"}, {":path", "/"}, {":authority", "localhost:9080"}]
2025-06-27T02:08:10.006218Z  DEBUG - Validated headers: [{":method", "GET"}, {":scheme", "http"}, {":path", "/"}, {":authority", "localhost:9080"}]
2025-06-27T02:08:10.006219Z  DEBUG - Server received headers for stream 93, end_stream: true, headers_count: 4
2025-06-27T02:08:10.006222Z  DEBUG - Headers: [{":method", "GET"}, {":scheme", "http"}, {":path", "/"}, {":authority", "localhost:9080"}]
2025-06-27T02:08:10.006223Z  DEBUG - is_trailers=false, end_stream=true, stream.end_stream_received=true
2025-06-27T02:08:10.006223Z  DEBUG - Processing request immediately (headers with END_STREAM)
2025-06-27T02:08:10.006223Z  DEBUG - Successfully handled frame: HT2::HeadersFrame on stream 93
2025-06-27T02:08:10.006225Z  DEBUG - Reading frame header...
2025-06-27T02:08:10.006226Z  DEBUG - HEADERS frame parsing: payload_size=15, offset=0, padding=0, header_block_size=15
2025-06-27T02:08:10.006226Z  DEBUG - Header block hex: 828684418aa0e41d139d09b8f81e07
2025-06-27T02:08:10.006230Z  DEBUG - HEADERS frame: stream_id=95, flags=END_STREAM | END_HEADERS, padding=0, priority=nil, header_block_size=15
2025-06-27T02:08:10.006230Z  DEBUG - Full header block hex: 828684418aa0e41d139d09b8f81e07
2025-06-27T02:08:10.006230Z  DEBUG - Decoding HEADERS frame with block size: 15
2025-06-27T02:08:10.006231Z  DEBUG - First 20 bytes of header block: less than 20 bytes
2025-06-27T02:08:10.006231Z  DEBUG - HPACK: Decoding Huffman string, length=10, data=a0e41d139d09b8f81e07
2025-06-27T02:08:10.006264Z  DEBUG - Huffman decode: data.size=10, hex=a0e41d139d09b8f81e07
2025-06-27T02:08:10.006265Z  DEBUG - Huffman decode: Checking for potential EOS pattern in data
2025-06-27T02:08:10.006266Z  DEBUG - Huffman padding check: last_symbol_bit=76, total_bits=80, padding_bits=3
2025-06-27T02:08:10.006266Z  DEBUG - HPACK: Huffman decoded to: "localhost:9080"
2025-06-27T02:08:10.006270Z  DEBUG - Decoded headers before validation: [{":method", "GET"}, {":scheme", "http"}, {":path", "/"}, {":authority", "localhost:9080"}]
2025-06-27T02:08:10.006275Z  DEBUG - Validated headers: [{":method", "GET"}, {":scheme", "http"}, {":path", "/"}, {":authority", "localhost:9080"}]
2025-06-27T02:08:10.006276Z  DEBUG - Server received headers for stream 95, end_stream: true, headers_count: 4
2025-06-27T02:08:10.006279Z  DEBUG - Headers: [{":method", "GET"}, {":scheme", "http"}, {":path", "/"}, {":authority", "localhost:9080"}]
2025-06-27T02:08:10.006279Z  DEBUG - is_trailers=false, end_stream=true, stream.end_stream_received=true
2025-06-27T02:08:10.006280Z  DEBUG - Processing request immediately (headers with END_STREAM)
2025-06-27T02:08:10.006280Z  DEBUG - Successfully handled frame: HT2::HeadersFrame on stream 95
2025-06-27T02:08:10.006282Z  DEBUG - Reading frame header...
2025-06-27T02:08:10.006283Z  DEBUG - HEADERS frame parsing: payload_size=15, offset=0, padding=0, header_block_size=15
2025-06-27T02:08:10.006283Z  DEBUG - Header block hex: 828684418aa0e41d139d09b8f81e07
2025-06-27T02:08:10.006287Z  DEBUG - HEADERS frame: stream_id=97, flags=END_STREAM | END_HEADERS, padding=0, priority=nil, header_block_size=15
2025-06-27T02:08:10.006287Z  DEBUG - Full header block hex: 828684418aa0e41d139d09b8f81e07
2025-06-27T02:08:10.006287Z  DEBUG - Decoding HEADERS frame with block size: 15
2025-06-27T02:08:10.006288Z  DEBUG - First 20 bytes of header block: less than 20 bytes
2025-06-27T02:08:10.006288Z  DEBUG - HPACK: Decoding Huffman string, length=10, data=a0e41d139d09b8f81e07
2025-06-27T02:08:10.006322Z  DEBUG - Huffman decode: data.size=10, hex=a0e41d139d09b8f81e07
2025-06-27T02:08:10.006322Z  DEBUG - Huffman decode: Checking for potential EOS pattern in data
2025-06-27T02:08:10.006323Z  DEBUG - Huffman padding check: last_symbol_bit=76, total_bits=80, padding_bits=3
2025-06-27T02:08:10.006324Z  DEBUG - HPACK: Huffman decoded to: "localhost:9080"
2025-06-27T02:08:10.006327Z  DEBUG - Decoded headers before validation: [{":method", "GET"}, {":scheme", "http"}, {":path", "/"}, {":authority", "localhost:9080"}]
2025-06-27T02:08:10.006333Z  DEBUG - Validated headers: [{":method", "GET"}, {":scheme", "http"}, {":path", "/"}, {":authority", "localhost:9080"}]
2025-06-27T02:08:10.006334Z  DEBUG - Server received headers for stream 97, end_stream: true, headers_count: 4
2025-06-27T02:08:10.006337Z  DEBUG - Headers: [{":method", "GET"}, {":scheme", "http"}, {":path", "/"}, {":authority", "localhost:9080"}]
2025-06-27T02:08:10.006337Z  DEBUG - is_trailers=false, end_stream=true, stream.end_stream_received=true
2025-06-27T02:08:10.006337Z  DEBUG - Processing request immediately (headers with END_STREAM)
2025-06-27T02:08:10.006338Z  DEBUG - Successfully handled frame: HT2::HeadersFrame on stream 97
2025-06-27T02:08:10.006340Z  DEBUG - Reading frame header...
2025-06-27T02:08:10.006340Z  DEBUG - HEADERS frame parsing: payload_size=15, offset=0, padding=0, header_block_size=15
2025-06-27T02:08:10.006341Z  DEBUG - Header block hex: 828684418aa0e41d139d09b8f81e07
2025-06-27T02:08:10.006344Z  DEBUG - HEADERS frame: stream_id=99, flags=END_STREAM | END_HEADERS, padding=0, priority=nil, header_block_size=15
2025-06-27T02:08:10.006345Z  DEBUG - Full header block hex: 828684418aa0e41d139d09b8f81e07
2025-06-27T02:08:10.006345Z  DEBUG - Decoding HEADERS frame with block size: 15
2025-06-27T02:08:10.006345Z  DEBUG - First 20 bytes of header block: less than 20 bytes
2025-06-27T02:08:10.006346Z  DEBUG - HPACK: Decoding Huffman string, length=10, data=a0e41d139d09b8f81e07
2025-06-27T02:08:10.006379Z  DEBUG - Huffman decode: data.size=10, hex=a0e41d139d09b8f81e07
2025-06-27T02:08:10.006379Z  DEBUG - Huffman decode: Checking for potential EOS pattern in data
2025-06-27T02:08:10.006380Z  DEBUG - Huffman padding check: last_symbol_bit=76, total_bits=80, padding_bits=3
2025-06-27T02:08:10.006381Z  DEBUG - HPACK: Huffman decoded to: "localhost:9080"
2025-06-27T02:08:10.006384Z  DEBUG - Decoded headers before validation: [{":method", "GET"}, {":scheme", "http"}, {":path", "/"}, {":authority", "localhost:9080"}]
2025-06-27T02:08:10.006390Z  DEBUG - Validated headers: [{":method", "GET"}, {":scheme", "http"}, {":path", "/"}, {":authority", "localhost:9080"}]
2025-06-27T02:08:10.006391Z  DEBUG - Server received headers for stream 99, end_stream: true, headers_count: 4
2025-06-27T02:08:10.006394Z  DEBUG - Headers: [{":method", "GET"}, {":scheme", "http"}, {":path", "/"}, {":authority", "localhost:9080"}]
2025-06-27T02:08:10.006394Z  DEBUG - is_trailers=false, end_stream=true, stream.end_stream_received=true
2025-06-27T02:08:10.006394Z  DEBUG - Processing request immediately (headers with END_STREAM)
2025-06-27T02:08:10.006395Z  DEBUG - Successfully handled frame: HT2::HeadersFrame on stream 99
2025-06-27T02:08:10.006397Z  DEBUG - Reading frame header...
2025-06-27T02:08:10.006398Z  DEBUG - HEADERS frame parsing: payload_size=15, offset=0, padding=0, header_block_size=15
2025-06-27T02:08:10.006398Z  DEBUG - Header block hex: 828684418aa0e41d139d09b8f81e07
2025-06-27T02:08:10.006402Z  DEBUG - HEADERS frame: stream_id=101, flags=END_STREAM | END_HEADERS, padding=0, priority=nil, header_block_size=15
2025-06-27T02:08:10.006402Z  DEBUG - Full header block hex: 828684418aa0e41d139d09b8f81e07
2025-06-27T02:08:10.006402Z  DEBUG - Decoding HEADERS frame with block size: 15
2025-06-27T02:08:10.006402Z  DEBUG - First 20 bytes of header block: less than 20 bytes
2025-06-27T02:08:10.006403Z  DEBUG - HPACK: Decoding Huffman string, length=10, data=a0e41d139d09b8f81e07
2025-06-27T02:08:10.006437Z  DEBUG - Huffman decode: data.size=10, hex=a0e41d139d09b8f81e07
2025-06-27T02:08:10.006438Z  DEBUG - Huffman decode: Checking for potential EOS pattern in data
2025-06-27T02:08:10.006438Z  DEBUG - Huffman padding check: last_symbol_bit=76, total_bits=80, padding_bits=3
2025-06-27T02:08:10.006439Z  DEBUG - HPACK: Huffman decoded to: "localhost:9080"
2025-06-27T02:08:10.006443Z  DEBUG - Decoded headers before validation: [{":method", "GET"}, {":scheme", "http"}, {":path", "/"}, {":authority", "localhost:9080"}]
2025-06-27T02:08:10.006448Z  DEBUG - Validated headers: [{":method", "GET"}, {":scheme", "http"}, {":path", "/"}, {":authority", "localhost:9080"}]
2025-06-27T02:08:10.006449Z  DEBUG - Server received headers for stream 101, end_stream: true, headers_count: 4
2025-06-27T02:08:10.006452Z  DEBUG - Headers: [{":method", "GET"}, {":scheme", "http"}, {":path", "/"}, {":authority", "localhost:9080"}]
2025-06-27T02:08:10.006452Z  DEBUG - is_trailers=false, end_stream=true, stream.end_stream_received=true
2025-06-27T02:08:10.006452Z  DEBUG - Processing request immediately (headers with END_STREAM)
2025-06-27T02:08:10.006453Z  DEBUG - Successfully handled frame: HT2::HeadersFrame on stream 101
2025-06-27T02:08:10.006455Z  DEBUG - Reading frame header...
2025-06-27T02:08:10.006456Z  DEBUG - HEADERS frame parsing: payload_size=15, offset=0, padding=0, header_block_size=15
2025-06-27T02:08:10.006456Z  DEBUG - Header block hex: 828684418aa0e41d139d09b8f81e07
2025-06-27T02:08:10.006459Z  DEBUG - HEADERS frame: stream_id=103, flags=END_STREAM | END_HEADERS, padding=0, priority=nil, header_block_size=15
2025-06-27T02:08:10.006460Z  DEBUG - Full header block hex: 828684418aa0e41d139d09b8f81e07
2025-06-27T02:08:10.006460Z  DEBUG - Decoding HEADERS frame with block size: 15
2025-06-27T02:08:10.006460Z  DEBUG - First 20 bytes of header block: less than 20 bytes
2025-06-27T02:08:10.006461Z  DEBUG - HPACK: Decoding Huffman string, length=10, data=a0e41d139d09b8f81e07
2025-06-27T02:08:10.006496Z  DEBUG - Huffman decode: data.size=10, hex=a0e41d139d09b8f81e07
2025-06-27T02:08:10.006496Z  DEBUG - Huffman decode: Checking for potential EOS pattern in data
2025-06-27T02:08:10.006497Z  DEBUG - Huffman padding check: last_symbol_bit=76, total_bits=80, padding_bits=3
2025-06-27T02:08:10.006498Z  DEBUG - HPACK: Huffman decoded to: "localhost:9080"
2025-06-27T02:08:10.006501Z  DEBUG - Decoded headers before validation: [{":method", "GET"}, {":scheme", "http"}, {":path", "/"}, {":authority", "localhost:9080"}]
2025-06-27T02:08:10.006507Z  DEBUG - Validated headers: [{":method", "GET"}, {":scheme", "http"}, {":path", "/"}, {":authority", "localhost:9080"}]
2025-06-27T02:08:10.006508Z  DEBUG - Server received headers for stream 103, end_stream: true, headers_count: 4
2025-06-27T02:08:10.006511Z  DEBUG - Headers: [{":method", "GET"}, {":scheme", "http"}, {":path", "/"}, {":authority", "localhost:9080"}]
2025-06-27T02:08:10.006511Z  DEBUG - is_trailers=false, end_stream=true, stream.end_stream_received=true
2025-06-27T02:08:10.006511Z  DEBUG - Processing request immediately (headers with END_STREAM)
2025-06-27T02:08:10.006512Z  DEBUG - Successfully handled frame: HT2::HeadersFrame on stream 103
2025-06-27T02:08:10.006515Z  DEBUG - Reading frame header...
2025-06-27T02:08:10.006516Z  DEBUG - HEADERS frame parsing: payload_size=15, offset=0, padding=0, header_block_size=15
2025-06-27T02:08:10.006516Z  DEBUG - Header block hex: 828684418aa0e41d139d09b8f81e07
2025-06-27T02:08:10.006520Z  DEBUG - HEADERS frame: stream_id=105, flags=END_STREAM | END_HEADERS, padding=0, priority=nil, header_block_size=15
2025-06-27T02:08:10.006520Z  DEBUG - Full header block hex: 828684418aa0e41d139d09b8f81e07
2025-06-27T02:08:10.006520Z  DEBUG - Decoding HEADERS frame with block size: 15
2025-06-27T02:08:10.006521Z  DEBUG - First 20 bytes of header block: less than 20 bytes
2025-06-27T02:08:10.006521Z  DEBUG - HPACK: Decoding Huffman string, length=10, data=a0e41d139d09b8f81e07
2025-06-27T02:08:10.006553Z  DEBUG - Huffman decode: data.size=10, hex=a0e41d139d09b8f81e07
2025-06-27T02:08:10.006553Z  DEBUG - Huffman decode: Checking for potential EOS pattern in data
2025-06-27T02:08:10.006554Z  DEBUG - Huffman padding check: last_symbol_bit=76, total_bits=80, padding_bits=3
2025-06-27T02:08:10.006555Z  DEBUG - HPACK: Huffman decoded to: "localhost:9080"
2025-06-27T02:08:10.006558Z  DEBUG - Decoded headers before validation: [{":method", "GET"}, {":scheme", "http"}, {":path", "/"}, {":authority", "localhost:9080"}]
2025-06-27T02:08:10.006564Z  DEBUG - Validated headers: [{":method", "GET"}, {":scheme", "http"}, {":path", "/"}, {":authority", "localhost:9080"}]
2025-06-27T02:08:10.006565Z  DEBUG - Server received headers for stream 105, end_stream: true, headers_count: 4
2025-06-27T02:08:10.006568Z  DEBUG - Headers: [{":method", "GET"}, {":scheme", "http"}, {":path", "/"}, {":authority", "localhost:9080"}]
2025-06-27T02:08:10.006568Z  DEBUG - is_trailers=false, end_stream=true, stream.end_stream_received=true
2025-06-27T02:08:10.006568Z  DEBUG - Processing request immediately (headers with END_STREAM)
2025-06-27T02:08:10.006569Z  DEBUG - Successfully handled frame: HT2::HeadersFrame on stream 105
2025-06-27T02:08:10.006570Z  DEBUG - Reading frame header...
2025-06-27T02:08:10.006571Z  DEBUG - HEADERS frame parsing: payload_size=15, offset=0, padding=0, header_block_size=15
2025-06-27T02:08:10.006572Z  DEBUG - Header block hex: 828684418aa0e41d139d09b8f81e07
2025-06-27T02:08:10.006575Z  DEBUG - HEADERS frame: stream_id=107, flags=END_STREAM | END_HEADERS, padding=0, priority=nil, header_block_size=15
2025-06-27T02:08:10.006576Z  DEBUG - Full header block hex: 828684418aa0e41d139d09b8f81e07
2025-06-27T02:08:10.006576Z  DEBUG - Decoding HEADERS frame with block size: 15
2025-06-27T02:08:10.006576Z  DEBUG - First 20 bytes of header block: less than 20 bytes
2025-06-27T02:08:10.006581Z  DEBUG - HPACK: Decoding Huffman string, length=10, data=a0e41d139d09b8f81e07
2025-06-27T02:08:10.006617Z  DEBUG - Huffman decode: data.size=10, hex=a0e41d139d09b8f81e07
2025-06-27T02:08:10.006617Z  DEBUG - Huffman decode: Checking for potential EOS pattern in data
2025-06-27T02:08:10.006618Z  DEBUG - Huffman padding check: last_symbol_bit=76, total_bits=80, padding_bits=3
2025-06-27T02:08:10.006619Z  DEBUG - HPACK: Huffman decoded to: "localhost:9080"
2025-06-27T02:08:10.006622Z  DEBUG - Decoded headers before validation: [{":method", "GET"}, {":scheme", "http"}, {":path", "/"}, {":authority", "localhost:9080"}]
2025-06-27T02:08:10.006628Z  DEBUG - Validated headers: [{":method", "GET"}, {":scheme", "http"}, {":path", "/"}, {":authority", "localhost:9080"}]
2025-06-27T02:08:10.006629Z  DEBUG - Server received headers for stream 107, end_stream: true, headers_count: 4
2025-06-27T02:08:10.006632Z  DEBUG - Headers: [{":method", "GET"}, {":scheme", "http"}, {":path", "/"}, {":authority", "localhost:9080"}]
2025-06-27T02:08:10.006632Z  DEBUG - is_trailers=false, end_stream=true, stream.end_stream_received=true
2025-06-27T02:08:10.006632Z  DEBUG - Processing request immediately (headers with END_STREAM)
2025-06-27T02:08:10.006633Z  DEBUG - Successfully handled frame: HT2::HeadersFrame on stream 107
2025-06-27T02:08:10.006635Z  DEBUG - Reading frame header...
2025-06-27T02:08:10.006636Z  DEBUG - HEADERS frame parsing: payload_size=15, offset=0, padding=0, header_block_size=15
2025-06-27T02:08:10.006636Z  DEBUG - Header block hex: 828684418aa0e41d139d09b8f81e07
2025-06-27T02:08:10.006640Z  DEBUG - HEADERS frame: stream_id=109, flags=END_STREAM | END_HEADERS, padding=0, priority=nil, header_block_size=15
2025-06-27T02:08:10.006640Z  DEBUG - Full header block hex: 828684418aa0e41d139d09b8f81e07
2025-06-27T02:08:10.006640Z  DEBUG - Decoding HEADERS frame with block size: 15
2025-06-27T02:08:10.006640Z  DEBUG - First 20 bytes of header block: less than 20 bytes
2025-06-27T02:08:10.006641Z  DEBUG - HPACK: Decoding Huffman string, length=10, data=a0e41d139d09b8f81e07
2025-06-27T02:08:10.006675Z  DEBUG - Huffman decode: data.size=10, hex=a0e41d139d09b8f81e07
2025-06-27T02:08:10.006675Z  DEBUG - Huffman decode: Checking for potential EOS pattern in data
2025-06-27T02:08:10.006676Z  DEBUG - Huffman padding check: last_symbol_bit=76, total_bits=80, padding_bits=3
2025-06-27T02:08:10.006677Z  DEBUG - HPACK: Huffman decoded to: "localhost:9080"
2025-06-27T02:08:10.006680Z  DEBUG - Decoded headers before validation: [{":method", "GET"}, {":scheme", "http"}, {":path", "/"}, {":authority", "localhost:9080"}]
2025-06-27T02:08:10.006685Z  DEBUG - Validated headers: [{":method", "GET"}, {":scheme", "http"}, {":path", "/"}, {":authority", "localhost:9080"}]
2025-06-27T02:08:10.006686Z  DEBUG - Server received headers for stream 109, end_stream: true, headers_count: 4
2025-06-27T02:08:10.006690Z  DEBUG - Headers: [{":method", "GET"}, {":scheme", "http"}, {":path", "/"}, {":authority", "localhost:9080"}]
2025-06-27T02:08:10.006690Z  DEBUG - is_trailers=false, end_stream=true, stream.end_stream_received=true
2025-06-27T02:08:10.006690Z  DEBUG - Processing request immediately (headers with END_STREAM)
2025-06-27T02:08:10.006691Z  DEBUG - Successfully handled frame: HT2::HeadersFrame on stream 109
2025-06-27T02:08:10.006693Z  DEBUG - Reading frame header...
2025-06-27T02:08:10.006694Z  DEBUG - HEADERS frame parsing: payload_size=15, offset=0, padding=0, header_block_size=15
2025-06-27T02:08:10.006694Z  DEBUG - Header block hex: 828684418aa0e41d139d09b8f81e07
2025-06-27T02:08:10.006698Z  DEBUG - HEADERS frame: stream_id=111, flags=END_STREAM | END_HEADERS, padding=0, priority=nil, header_block_size=15
2025-06-27T02:08:10.006698Z  DEBUG - Full header block hex: 828684418aa0e41d139d09b8f81e07
2025-06-27T02:08:10.006698Z  DEBUG - Decoding HEADERS frame with block size: 15
2025-06-27T02:08:10.006699Z  DEBUG - First 20 bytes of header block: less than 20 bytes
2025-06-27T02:08:10.006699Z  DEBUG - HPACK: Decoding Huffman string, length=10, data=a0e41d139d09b8f81e07
2025-06-27T02:08:10.006732Z  DEBUG - Huffman decode: data.size=10, hex=a0e41d139d09b8f81e07
2025-06-27T02:08:10.006732Z  DEBUG - Huffman decode: Checking for potential EOS pattern in data
2025-06-27T02:08:10.006733Z  DEBUG - Huffman padding check: last_symbol_bit=76, total_bits=80, padding_bits=3
2025-06-27T02:08:10.006734Z  DEBUG - HPACK: Huffman decoded to: "localhost:9080"
2025-06-27T02:08:10.006737Z  DEBUG - Decoded headers before validation: [{":method", "GET"}, {":scheme", "http"}, {":path", "/"}, {":authority", "localhost:9080"}]
2025-06-27T02:08:10.006743Z  DEBUG - Validated headers: [{":method", "GET"}, {":scheme", "http"}, {":path", "/"}, {":authority", "localhost:9080"}]
2025-06-27T02:08:10.006744Z  DEBUG - Server received headers for stream 111, end_stream: true, headers_count: 4
2025-06-27T02:08:10.006747Z  DEBUG - Headers: [{":method", "GET"}, {":scheme", "http"}, {":path", "/"}, {":authority", "localhost:9080"}]
2025-06-27T02:08:10.006747Z  DEBUG - is_trailers=false, end_stream=true, stream.end_stream_received=true
2025-06-27T02:08:10.006747Z  DEBUG - Processing request immediately (headers with END_STREAM)
2025-06-27T02:08:10.006748Z  DEBUG - Successfully handled frame: HT2::HeadersFrame on stream 111
2025-06-27T02:08:10.006750Z  DEBUG - Reading frame header...
2025-06-27T02:08:10.006751Z  DEBUG - HEADERS frame parsing: payload_size=15, offset=0, padding=0, header_block_size=15
2025-06-27T02:08:10.006752Z  DEBUG - Header block hex: 828684418aa0e41d139d09b8f81e07
2025-06-27T02:08:10.006759Z  DEBUG - HEADERS frame: stream_id=113, flags=END_STREAM | END_HEADERS, padding=0, priority=nil, header_block_size=15
2025-06-27T02:08:10.006760Z  DEBUG - Full header block hex: 828684418aa0e41d139d09b8f81e07
2025-06-27T02:08:10.006760Z  DEBUG - Decoding HEADERS frame with block size: 15
2025-06-27T02:08:10.006760Z  DEBUG - First 20 bytes of header block: less than 20 bytes
2025-06-27T02:08:10.006761Z  DEBUG - HPACK: Decoding Huffman string, length=10, data=a0e41d139d09b8f81e07
2025-06-27T02:08:10.006795Z  DEBUG - Huffman decode: data.size=10, hex=a0e41d139d09b8f81e07
2025-06-27T02:08:10.006796Z  DEBUG - Huffman decode: Checking for potential EOS pattern in data
2025-06-27T02:08:10.006796Z  DEBUG - Huffman padding check: last_symbol_bit=76, total_bits=80, padding_bits=3
2025-06-27T02:08:10.006797Z  DEBUG - HPACK: Huffman decoded to: "localhost:9080"
2025-06-27T02:08:10.006801Z  DEBUG - Decoded headers before validation: [{":method", "GET"}, {":scheme", "http"}, {":path", "/"}, {":authority", "localhost:9080"}]
2025-06-27T02:08:10.006806Z  DEBUG - Validated headers: [{":method", "GET"}, {":scheme", "http"}, {":path", "/"}, {":authority", "localhost:9080"}]
2025-06-27T02:08:10.006807Z  DEBUG - Server received headers for stream 113, end_stream: true, headers_count: 4
2025-06-27T02:08:10.006810Z  DEBUG - Headers: [{":method", "GET"}, {":scheme", "http"}, {":path", "/"}, {":authority", "localhost:9080"}]
2025-06-27T02:08:10.006810Z  DEBUG - is_trailers=false, end_stream=true, stream.end_stream_received=true
2025-06-27T02:08:10.006810Z  DEBUG - Processing request immediately (headers with END_STREAM)
2025-06-27T02:08:10.006811Z  DEBUG - Successfully handled frame: HT2::HeadersFrame on stream 113
2025-06-27T02:08:10.006813Z  DEBUG - Reading frame header...
2025-06-27T02:08:10.006814Z  DEBUG - HEADERS frame parsing: payload_size=15, offset=0, padding=0, header_block_size=15
2025-06-27T02:08:10.006814Z  DEBUG - Header block hex: 828684418aa0e41d139d09b8f81e07
2025-06-27T02:08:10.006818Z  DEBUG - HEADERS frame: stream_id=115, flags=END_STREAM | END_HEADERS, padding=0, priority=nil, header_block_size=15
2025-06-27T02:08:10.006818Z  DEBUG - Full header block hex: 828684418aa0e41d139d09b8f81e07
2025-06-27T02:08:10.006819Z  DEBUG - Decoding HEADERS frame with block size: 15
2025-06-27T02:08:10.006819Z  DEBUG - First 20 bytes of header block: less than 20 bytes
2025-06-27T02:08:10.006820Z  DEBUG - HPACK: Decoding Huffman string, length=10, data=a0e41d139d09b8f81e07
2025-06-27T02:08:10.006858Z  DEBUG - Huffman decode: data.size=10, hex=a0e41d139d09b8f81e07
2025-06-27T02:08:10.006858Z  DEBUG - Huffman decode: Checking for potential EOS pattern in data
2025-06-27T02:08:10.006859Z  DEBUG - Huffman padding check: last_symbol_bit=76, total_bits=80, padding_bits=3
2025-06-27T02:08:10.006859Z  DEBUG - HPACK: Huffman decoded to: "localhost:9080"
2025-06-27T02:08:10.006863Z  DEBUG - Decoded headers before validation: [{":method", "GET"}, {":scheme", "http"}, {":path", "/"}, {":authority", "localhost:9080"}]
2025-06-27T02:08:10.006868Z  DEBUG - Validated headers: [{":method", "GET"}, {":scheme", "http"}, {":path", "/"}, {":authority", "localhost:9080"}]
2025-06-27T02:08:10.006869Z  DEBUG - Server received headers for stream 115, end_stream: true, headers_count: 4
2025-06-27T02:08:10.006872Z  DEBUG - Headers: [{":method", "GET"}, {":scheme", "http"}, {":path", "/"}, {":authority", "localhost:9080"}]
2025-06-27T02:08:10.006872Z  DEBUG - is_trailers=false, end_stream=true, stream.end_stream_received=true
2025-06-27T02:08:10.006872Z  DEBUG - Processing request immediately (headers with END_STREAM)
2025-06-27T02:08:10.006873Z  DEBUG - Successfully handled frame: HT2::HeadersFrame on stream 115
2025-06-27T02:08:10.006875Z  DEBUG - Reading frame header...
2025-06-27T02:08:10.006876Z  DEBUG - HEADERS frame parsing: payload_size=15, offset=0, padding=0, header_block_size=15
2025-06-27T02:08:10.006877Z  DEBUG - Header block hex: 828684418aa0e41d139d09b8f81e07
2025-06-27T02:08:10.006880Z  DEBUG - HEADERS frame: stream_id=117, flags=END_STREAM | END_HEADERS, padding=0, priority=nil, header_block_size=15
2025-06-27T02:08:10.006880Z  DEBUG - Full header block hex: 828684418aa0e41d139d09b8f81e07
2025-06-27T02:08:10.006881Z  DEBUG - Decoding HEADERS frame with block size: 15
2025-06-27T02:08:10.006881Z  DEBUG - First 20 bytes of header block: less than 20 bytes
2025-06-27T02:08:10.006882Z  DEBUG - HPACK: Decoding Huffman string, length=10, data=a0e41d139d09b8f81e07
2025-06-27T02:08:10.006918Z  DEBUG - Huffman decode: data.size=10, hex=a0e41d139d09b8f81e07
2025-06-27T02:08:10.006918Z  DEBUG - Huffman decode: Checking for potential EOS pattern in data
2025-06-27T02:08:10.006919Z  DEBUG - Huffman padding check: last_symbol_bit=76, total_bits=80, padding_bits=3
2025-06-27T02:08:10.006919Z  DEBUG - HPACK: Huffman decoded to: "localhost:9080"
2025-06-27T02:08:10.006923Z  DEBUG - Decoded headers before validation: [{":method", "GET"}, {":scheme", "http"}, {":path", "/"}, {":authority", "localhost:9080"}]
2025-06-27T02:08:10.006928Z  DEBUG - Validated headers: [{":method", "GET"}, {":scheme", "http"}, {":path", "/"}, {":authority", "localhost:9080"}]
2025-06-27T02:08:10.006929Z  DEBUG - Server received headers for stream 117, end_stream: true, headers_count: 4
2025-06-27T02:08:10.006932Z  DEBUG - Headers: [{":method", "GET"}, {":scheme", "http"}, {":path", "/"}, {":authority", "localhost:9080"}]
2025-06-27T02:08:10.006933Z  DEBUG - is_trailers=false, end_stream=true, stream.end_stream_received=true
2025-06-27T02:08:10.006933Z  DEBUG - Processing request immediately (headers with END_STREAM)
2025-06-27T02:08:10.006933Z  DEBUG - Successfully handled frame: HT2::HeadersFrame on stream 117
2025-06-27T02:08:10.006935Z  DEBUG - Reading frame header...
2025-06-27T02:08:10.006936Z  DEBUG - HEADERS frame parsing: payload_size=15, offset=0, padding=0, header_block_size=15
2025-06-27T02:08:10.006937Z  DEBUG - Header block hex: 828684418aa0e41d139d09b8f81e07
2025-06-27T02:08:10.006941Z  DEBUG - HEADERS frame: stream_id=119, flags=END_STREAM | END_HEADERS, padding=0, priority=nil, header_block_size=15
2025-06-27T02:08:10.006941Z  DEBUG - Full header block hex: 828684418aa0e41d139d09b8f81e07
2025-06-27T02:08:10.006941Z  DEBUG - Decoding HEADERS frame with block size: 15
2025-06-27T02:08:10.006941Z  DEBUG - First 20 bytes of header block: less than 20 bytes
2025-06-27T02:08:10.006942Z  DEBUG - HPACK: Decoding Huffman string, length=10, data=a0e41d139d09b8f81e07
2025-06-27T02:08:10.006981Z  DEBUG - Huffman decode: data.size=10, hex=a0e41d139d09b8f81e07
2025-06-27T02:08:10.006981Z  DEBUG - Huffman decode: Checking for potential EOS pattern in data
2025-06-27T02:08:10.006982Z  DEBUG - Huffman padding check: last_symbol_bit=76, total_bits=80, padding_bits=3
2025-06-27T02:08:10.006983Z  DEBUG - HPACK: Huffman decoded to: "localhost:9080"
2025-06-27T02:08:10.006986Z  DEBUG - Decoded headers before validation: [{":method", "GET"}, {":scheme", "http"}, {":path", "/"}, {":authority", "localhost:9080"}]
2025-06-27T02:08:10.006992Z  DEBUG - Validated headers: [{":method", "GET"}, {":scheme", "http"}, {":path", "/"}, {":authority", "localhost:9080"}]
2025-06-27T02:08:10.006993Z  DEBUG - Server received headers for stream 119, end_stream: true, headers_count: 4
2025-06-27T02:08:10.006996Z  DEBUG - Headers: [{":method", "GET"}, {":scheme", "http"}, {":path", "/"}, {":authority", "localhost:9080"}]
2025-06-27T02:08:10.006996Z  DEBUG - is_trailers=false, end_stream=true, stream.end_stream_received=true
2025-06-27T02:08:10.006996Z  DEBUG - Processing request immediately (headers with END_STREAM)
2025-06-27T02:08:10.006997Z  DEBUG - Successfully handled frame: HT2::HeadersFrame on stream 119
2025-06-27T02:08:10.006999Z  DEBUG - Reading frame header...
2025-06-27T02:08:10.007000Z  DEBUG - HEADERS frame parsing: payload_size=15, offset=0, padding=0, header_block_size=15
2025-06-27T02:08:10.007000Z  DEBUG - Header block hex: 828684418aa0e41d139d09b8f81e07
2025-06-27T02:08:10.007004Z  DEBUG - HEADERS frame: stream_id=121, flags=END_STREAM | END_HEADERS, padding=0, priority=nil, header_block_size=15
2025-06-27T02:08:10.007004Z  DEBUG - Full header block hex: 828684418aa0e41d139d09b8f81e07
2025-06-27T02:08:10.007005Z  DEBUG - Decoding HEADERS frame with block size: 15
2025-06-27T02:08:10.007005Z  DEBUG - First 20 bytes of header block: less than 20 bytes
2025-06-27T02:08:10.007006Z  DEBUG - HPACK: Decoding Huffman string, length=10, data=a0e41d139d09b8f81e07
2025-06-27T02:08:10.007040Z  DEBUG - Huffman decode: data.size=10, hex=a0e41d139d09b8f81e07
2025-06-27T02:08:10.007041Z  DEBUG - Huffman decode: Checking for potential EOS pattern in data
2025-06-27T02:08:10.007041Z  DEBUG - Huffman padding check: last_symbol_bit=76, total_bits=80, padding_bits=3
2025-06-27T02:08:10.007042Z  DEBUG - HPACK: Huffman decoded to: "localhost:9080"
2025-06-27T02:08:10.007046Z  DEBUG - Decoded headers before validation: [{":method", "GET"}, {":scheme", "http"}, {":path", "/"}, {":authority", "localhost:9080"}]
2025-06-27T02:08:10.007051Z  DEBUG - Validated headers: [{":method", "GET"}, {":scheme", "http"}, {":path", "/"}, {":authority", "localhost:9080"}]
2025-06-27T02:08:10.007052Z  DEBUG - Server received headers for stream 121, end_stream: true, headers_count: 4
2025-06-27T02:08:10.007055Z  DEBUG - Headers: [{":method", "GET"}, {":scheme", "http"}, {":path", "/"}, {":authority", "localhost:9080"}]
2025-06-27T02:08:10.007055Z  DEBUG - is_trailers=false, end_stream=true, stream.end_stream_received=true
2025-06-27T02:08:10.007055Z  DEBUG - Processing request immediately (headers with END_STREAM)
2025-06-27T02:08:10.007056Z  DEBUG - Successfully handled frame: HT2::HeadersFrame on stream 121
2025-06-27T02:08:10.007058Z  DEBUG - Reading frame header...
2025-06-27T02:08:10.007059Z  DEBUG - HEADERS frame parsing: payload_size=15, offset=0, padding=0, header_block_size=15
2025-06-27T02:08:10.007059Z  DEBUG - Header block hex: 828684418aa0e41d139d09b8f81e07
2025-06-27T02:08:10.007063Z  DEBUG - HEADERS frame: stream_id=123, flags=END_STREAM | END_HEADERS, padding=0, priority=nil, header_block_size=15
2025-06-27T02:08:10.007063Z  DEBUG - Full header block hex: 828684418aa0e41d139d09b8f81e07
2025-06-27T02:08:10.007063Z  DEBUG - Decoding HEADERS frame with block size: 15
2025-06-27T02:08:10.007064Z  DEBUG - First 20 bytes of header block: less than 20 bytes
2025-06-27T02:08:10.007065Z  DEBUG - HPACK: Decoding Huffman string, length=10, data=a0e41d139d09b8f81e07
2025-06-27T02:08:10.007098Z  DEBUG - Huffman decode: data.size=10, hex=a0e41d139d09b8f81e07
2025-06-27T02:08:10.007098Z  DEBUG - Huffman decode: Checking for potential EOS pattern in data
2025-06-27T02:08:10.007099Z  DEBUG - Huffman padding check: last_symbol_bit=76, total_bits=80, padding_bits=3
2025-06-27T02:08:10.007100Z  DEBUG - HPACK: Huffman decoded to: "localhost:9080"
2025-06-27T02:08:10.007103Z  DEBUG - Decoded headers before validation: [{":method", "GET"}, {":scheme", "http"}, {":path", "/"}, {":authority", "localhost:9080"}]
2025-06-27T02:08:10.007108Z  DEBUG - Validated headers: [{":method", "GET"}, {":scheme", "http"}, {":path", "/"}, {":authority", "localhost:9080"}]
2025-06-27T02:08:10.007109Z  DEBUG - Server received headers for stream 123, end_stream: true, headers_count: 4
2025-06-27T02:08:10.007113Z  DEBUG - Headers: [{":method", "GET"}, {":scheme", "http"}, {":path", "/"}, {":authority", "localhost:9080"}]
2025-06-27T02:08:10.007114Z  DEBUG - is_trailers=false, end_stream=true, stream.end_stream_received=true
2025-06-27T02:08:10.007114Z  DEBUG - Processing request immediately (headers with END_STREAM)
2025-06-27T02:08:10.007114Z  DEBUG - Successfully handled frame: HT2::HeadersFrame on stream 123
2025-06-27T02:08:10.007117Z  DEBUG - Reading frame header...
2025-06-27T02:08:10.007118Z  DEBUG - HEADERS frame parsing: payload_size=15, offset=0, padding=0, header_block_size=15
2025-06-27T02:08:10.007118Z  DEBUG - Header block hex: 828684418aa0e41d139d09b8f81e07
2025-06-27T02:08:10.007122Z  DEBUG - HEADERS frame: stream_id=125, flags=END_STREAM | END_HEADERS, padding=0, priority=nil, header_block_size=15
2025-06-27T02:08:10.007122Z  DEBUG - Full header block hex: 828684418aa0e41d139d09b8f81e07
2025-06-27T02:08:10.007123Z  DEBUG - Decoding HEADERS frame with block size: 15
2025-06-27T02:08:10.007123Z  DEBUG - First 20 bytes of header block: less than 20 bytes
2025-06-27T02:08:10.007123Z  DEBUG - HPACK: Decoding Huffman string, length=10, data=a0e41d139d09b8f81e07
2025-06-27T02:08:10.007156Z  DEBUG - Huffman decode: data.size=10, hex=a0e41d139d09b8f81e07
2025-06-27T02:08:10.007156Z  DEBUG - Huffman decode: Checking for potential EOS pattern in data
2025-06-27T02:08:10.007157Z  DEBUG - Huffman padding check: last_symbol_bit=76, total_bits=80, padding_bits=3
2025-06-27T02:08:10.007158Z  DEBUG - HPACK: Huffman decoded to: "localhost:9080"
2025-06-27T02:08:10.007161Z  DEBUG - Decoded headers before validation: [{":method", "GET"}, {":scheme", "http"}, {":path", "/"}, {":authority", "localhost:9080"}]
2025-06-27T02:08:10.007167Z  DEBUG - Validated headers: [{":method", "GET"}, {":scheme", "http"}, {":path", "/"}, {":authority", "localhost:9080"}]
2025-06-27T02:08:10.007169Z  DEBUG - Server received headers for stream 125, end_stream: true, headers_count: 4
2025-06-27T02:08:10.007172Z  DEBUG - Headers: [{":method", "GET"}, {":scheme", "http"}, {":path", "/"}, {":authority", "localhost:9080"}]
2025-06-27T02:08:10.007173Z  DEBUG - is_trailers=false, end_stream=true, stream.end_stream_received=true
2025-06-27T02:08:10.007173Z  DEBUG - Processing request immediately (headers with END_STREAM)
2025-06-27T02:08:10.007173Z  DEBUG - Successfully handled frame: HT2::HeadersFrame on stream 125
2025-06-27T02:08:10.007175Z  DEBUG - Reading frame header...
2025-06-27T02:08:10.007176Z  DEBUG - HEADERS frame parsing: payload_size=15, offset=0, padding=0, header_block_size=15
2025-06-27T02:08:10.007177Z  DEBUG - Header block hex: 828684418aa0e41d139d09b8f81e07
2025-06-27T02:08:10.007181Z  DEBUG - HEADERS frame: stream_id=127, flags=END_STREAM | END_HEADERS, padding=0, priority=nil, header_block_size=15
2025-06-27T02:08:10.007181Z  DEBUG - Full header block hex: 828684418aa0e41d139d09b8f81e07
2025-06-27T02:08:10.007182Z  DEBUG - Decoding HEADERS frame with block size: 15
2025-06-27T02:08:10.007182Z  DEBUG - First 20 bytes of header block: less than 20 bytes
2025-06-27T02:08:10.007183Z  DEBUG - HPACK: Decoding Huffman string, length=10, data=a0e41d139d09b8f81e07
2025-06-27T02:08:10.007218Z  DEBUG - Huffman decode: data.size=10, hex=a0e41d139d09b8f81e07
2025-06-27T02:08:10.007218Z  DEBUG - Huffman decode: Checking for potential EOS pattern in data
2025-06-27T02:08:10.007219Z  DEBUG - Huffman padding check: last_symbol_bit=76, total_bits=80, padding_bits=3
2025-06-27T02:08:10.007220Z  DEBUG - HPACK: Huffman decoded to: "localhost:9080"
2025-06-27T02:08:10.007223Z  DEBUG - Decoded headers before validation: [{":method", "GET"}, {":scheme", "http"}, {":path", "/"}, {":authority", "localhost:9080"}]
2025-06-27T02:08:10.007228Z  DEBUG - Validated headers: [{":method", "GET"}, {":scheme", "http"}, {":path", "/"}, {":authority", "localhost:9080"}]
2025-06-27T02:08:10.007229Z  DEBUG - Server received headers for stream 127, end_stream: true, headers_count: 4
2025-06-27T02:08:10.007232Z  DEBUG - Headers: [{":method", "GET"}, {":scheme", "http"}, {":path", "/"}, {":authority", "localhost:9080"}]
2025-06-27T02:08:10.007233Z  DEBUG - is_trailers=false, end_stream=true, stream.end_stream_received=true
2025-06-27T02:08:10.007233Z  DEBUG - Processing request immediately (headers with END_STREAM)
2025-06-27T02:08:10.007237Z  DEBUG - Successfully handled frame: HT2::HeadersFrame on stream 127
2025-06-27T02:08:10.007240Z  DEBUG - Reading frame header...
2025-06-27T02:08:10.007241Z  DEBUG - HEADERS frame parsing: payload_size=15, offset=0, padding=0, header_block_size=15
2025-06-27T02:08:10.007241Z  DEBUG - Header block hex: 828684418aa0e41d139d09b8f81e07
2025-06-27T02:08:10.007254Z  DEBUG - HEADERS frame: stream_id=129, flags=END_STREAM | END_HEADERS, padding=0, priority=nil, header_block_size=15
2025-06-27T02:08:10.007254Z  DEBUG - Full header block hex: 828684418aa0e41d139d09b8f81e07
2025-06-27T02:08:10.007254Z  DEBUG - Decoding HEADERS frame with block size: 15
2025-06-27T02:08:10.007254Z  DEBUG - First 20 bytes of header block: less than 20 bytes
2025-06-27T02:08:10.007255Z  DEBUG - HPACK: Decoding Huffman string, length=10, data=a0e41d139d09b8f81e07
2025-06-27T02:08:10.007286Z  DEBUG - Huffman decode: data.size=10, hex=a0e41d139d09b8f81e07
2025-06-27T02:08:10.007286Z  DEBUG - Huffman decode: Checking for potential EOS pattern in data
2025-06-27T02:08:10.007287Z  DEBUG - Huffman padding check: last_symbol_bit=76, total_bits=80, padding_bits=3
2025-06-27T02:08:10.007288Z  DEBUG - HPACK: Huffman decoded to: "localhost:9080"
2025-06-27T02:08:10.007291Z  DEBUG - Decoded headers before validation: [{":method", "GET"}, {":scheme", "http"}, {":path", "/"}, {":authority", "localhost:9080"}]
2025-06-27T02:08:10.007296Z  DEBUG - Validated headers: [{":method", "GET"}, {":scheme", "http"}, {":path", "/"}, {":authority", "localhost:9080"}]
2025-06-27T02:08:10.007297Z  DEBUG - Server received headers for stream 129, end_stream: true, headers_count: 4
2025-06-27T02:08:10.007304Z  DEBUG - Headers: [{":method", "GET"}, {":scheme", "http"}, {":path", "/"}, {":authority", "localhost:9080"}]
2025-06-27T02:08:10.007304Z  DEBUG - is_trailers=false, end_stream=true, stream.end_stream_received=true
2025-06-27T02:08:10.007305Z  DEBUG - Processing request immediately (headers with END_STREAM)
2025-06-27T02:08:10.007305Z  DEBUG - Successfully handled frame: HT2::HeadersFrame on stream 129
2025-06-27T02:08:10.007308Z  DEBUG - Reading frame header...
2025-06-27T02:08:10.007309Z  DEBUG - HEADERS frame parsing: payload_size=15, offset=0, padding=0, header_block_size=15
2025-06-27T02:08:10.007309Z  DEBUG - Header block hex: 828684418aa0e41d139d09b8f81e07
2025-06-27T02:08:10.007313Z  DEBUG - HEADERS frame: stream_id=131, flags=END_STREAM | END_HEADERS, padding=0, priority=nil, header_block_size=15
2025-06-27T02:08:10.007313Z  DEBUG - Full header block hex: 828684418aa0e41d139d09b8f81e07
2025-06-27T02:08:10.007313Z  DEBUG - Decoding HEADERS frame with block size: 15
2025-06-27T02:08:10.007314Z  DEBUG - First 20 bytes of header block: less than 20 bytes
2025-06-27T02:08:10.007314Z  DEBUG - HPACK: Decoding Huffman string, length=10, data=a0e41d139d09b8f81e07
2025-06-27T02:08:10.007346Z  DEBUG - Huffman decode: data.size=10, hex=a0e41d139d09b8f81e07
2025-06-27T02:08:10.007346Z  DEBUG - Huffman decode: Checking for potential EOS pattern in data
2025-06-27T02:08:10.007347Z  DEBUG - Huffman padding check: last_symbol_bit=76, total_bits=80, padding_bits=3
2025-06-27T02:08:10.007348Z  DEBUG - HPACK: Huffman decoded to: "localhost:9080"
2025-06-27T02:08:10.007351Z  DEBUG - Decoded headers before validation: [{":method", "GET"}, {":scheme", "http"}, {":path", "/"}, {":authority", "localhost:9080"}]
2025-06-27T02:08:10.007356Z  DEBUG - Validated headers: [{":method", "GET"}, {":scheme", "http"}, {":path", "/"}, {":authority", "localhost:9080"}]
2025-06-27T02:08:10.007357Z  DEBUG - Server received headers for stream 131, end_stream: true, headers_count: 4
2025-06-27T02:08:10.007360Z  DEBUG - Headers: [{":method", "GET"}, {":scheme", "http"}, {":path", "/"}, {":authority", "localhost:9080"}]
2025-06-27T02:08:10.007361Z  DEBUG - is_trailers=false, end_stream=true, stream.end_stream_received=true
2025-06-27T02:08:10.007361Z  DEBUG - Processing request immediately (headers with END_STREAM)
2025-06-27T02:08:10.007361Z  DEBUG - Successfully handled frame: HT2::HeadersFrame on stream 131
2025-06-27T02:08:10.007364Z  DEBUG - Reading frame header...
2025-06-27T02:08:10.007365Z  DEBUG - HEADERS frame parsing: payload_size=15, offset=0, padding=0, header_block_size=15
2025-06-27T02:08:10.007365Z  DEBUG - Header block hex: 828684418aa0e41d139d09b8f81e07
2025-06-27T02:08:10.007369Z  DEBUG - HEADERS frame: stream_id=133, flags=END_STREAM | END_HEADERS, padding=0, priority=nil, header_block_size=15
2025-06-27T02:08:10.007370Z  DEBUG - Full header block hex: 828684418aa0e41d139d09b8f81e07
2025-06-27T02:08:10.007370Z  DEBUG - Decoding HEADERS frame with block size: 15
2025-06-27T02:08:10.007370Z  DEBUG - First 20 bytes of header block: less than 20 bytes
2025-06-27T02:08:10.007371Z  DEBUG - HPACK: Decoding Huffman string, length=10, data=a0e41d139d09b8f81e07
2025-06-27T02:08:10.007429Z  DEBUG - Huffman decode: data.size=10, hex=a0e41d139d09b8f81e07
2025-06-27T02:08:10.007429Z  DEBUG - Huffman decode: Checking for potential EOS pattern in data
2025-06-27T02:08:10.007430Z  DEBUG - Huffman padding check: last_symbol_bit=76, total_bits=80, padding_bits=3
2025-06-27T02:08:10.007431Z  DEBUG - HPACK: Huffman decoded to: "localhost:9080"
2025-06-27T02:08:10.007434Z  DEBUG - Decoded headers before validation: [{":method", "GET"}, {":scheme", "http"}, {":path", "/"}, {":authority", "localhost:9080"}]
2025-06-27T02:08:10.007439Z  DEBUG - Validated headers: [{":method", "GET"}, {":scheme", "http"}, {":path", "/"}, {":authority", "localhost:9080"}]
2025-06-27T02:08:10.007440Z  DEBUG - Server received headers for stream 133, end_stream: true, headers_count: 4
2025-06-27T02:08:10.007443Z  DEBUG - Headers: [{":method", "GET"}, {":scheme", "http"}, {":path", "/"}, {":authority", "localhost:9080"}]
2025-06-27T02:08:10.007444Z  DEBUG - is_trailers=false, end_stream=true, stream.end_stream_received=true
2025-06-27T02:08:10.007444Z  DEBUG - Processing request immediately (headers with END_STREAM)
2025-06-27T02:08:10.007444Z  DEBUG - Successfully handled frame: HT2::HeadersFrame on stream 133
2025-06-27T02:08:10.007447Z  DEBUG - Reading frame header...
2025-06-27T02:08:10.007448Z  DEBUG - HEADERS frame parsing: payload_size=15, offset=0, padding=0, header_block_size=15
2025-06-27T02:08:10.007448Z  DEBUG - Header block hex: 828684418aa0e41d139d09b8f81e07
2025-06-27T02:08:10.007452Z  DEBUG - HEADERS frame: stream_id=135, flags=END_STREAM | END_HEADERS, padding=0, priority=nil, header_block_size=15
2025-06-27T02:08:10.007452Z  DEBUG - Full header block hex: 828684418aa0e41d139d09b8f81e07
2025-06-27T02:08:10.007453Z  DEBUG - Decoding HEADERS frame with block size: 15
2025-06-27T02:08:10.007453Z  DEBUG - First 20 bytes of header block: less than 20 bytes
2025-06-27T02:08:10.007454Z  DEBUG - HPACK: Decoding Huffman string, length=10, data=a0e41d139d09b8f81e07
2025-06-27T02:08:10.007486Z  DEBUG - Huffman decode: data.size=10, hex=a0e41d139d09b8f81e07
2025-06-27T02:08:10.007486Z  DEBUG - Huffman decode: Checking for potential EOS pattern in data
2025-06-27T02:08:10.007487Z  DEBUG - Huffman padding check: last_symbol_bit=76, total_bits=80, padding_bits=3
2025-06-27T02:08:10.007488Z  DEBUG - HPACK: Huffman decoded to: "localhost:9080"
2025-06-27T02:08:10.007491Z  DEBUG - Decoded headers before validation: [{":method", "GET"}, {":scheme", "http"}, {":path", "/"}, {":authority", "localhost:9080"}]
2025-06-27T02:08:10.007496Z  DEBUG - Validated headers: [{":method", "GET"}, {":scheme", "http"}, {":path", "/"}, {":authority", "localhost:9080"}]
2025-06-27T02:08:10.007498Z  DEBUG - Server received headers for stream 135, end_stream: true, headers_count: 4
2025-06-27T02:08:10.007501Z  DEBUG - Headers: [{":method", "GET"}, {":scheme", "http"}, {":path", "/"}, {":authority", "localhost:9080"}]
2025-06-27T02:08:10.007501Z  DEBUG - is_trailers=false, end_stream=true, stream.end_stream_received=true
2025-06-27T02:08:10.007501Z  DEBUG - Processing request immediately (headers with END_STREAM)
2025-06-27T02:08:10.007502Z  DEBUG - Successfully handled frame: HT2::HeadersFrame on stream 135
2025-06-27T02:08:10.007504Z  DEBUG - Reading frame header...
2025-06-27T02:08:10.007505Z  DEBUG - HEADERS frame parsing: payload_size=15, offset=0, padding=0, header_block_size=15
2025-06-27T02:08:10.007506Z  DEBUG - Header block hex: 828684418aa0e41d139d09b8f81e07
2025-06-27T02:08:10.007510Z  DEBUG - HEADERS frame: stream_id=137, flags=END_STREAM | END_HEADERS, padding=0, priority=nil, header_block_size=15
2025-06-27T02:08:10.007510Z  DEBUG - Full header block hex: 828684418aa0e41d139d09b8f81e07
2025-06-27T02:08:10.007510Z  DEBUG - Decoding HEADERS frame with block size: 15
2025-06-27T02:08:10.007510Z  DEBUG - First 20 bytes of header block: less than 20 bytes
2025-06-27T02:08:10.007511Z  DEBUG - HPACK: Decoding Huffman string, length=10, data=a0e41d139d09b8f81e07
2025-06-27T02:08:10.007549Z  DEBUG - Huffman decode: data.size=10, hex=a0e41d139d09b8f81e07
2025-06-27T02:08:10.007549Z  DEBUG - Huffman decode: Checking for potential EOS pattern in data
2025-06-27T02:08:10.007550Z  DEBUG - Huffman padding check: last_symbol_bit=76, total_bits=80, padding_bits=3
2025-06-27T02:08:10.007551Z  DEBUG - HPACK: Huffman decoded to: "localhost:9080"
2025-06-27T02:08:10.007554Z  DEBUG - Decoded headers before validation: [{":method", "GET"}, {":scheme", "http"}, {":path", "/"}, {":authority", "localhost:9080"}]
2025-06-27T02:08:10.007560Z  DEBUG - Validated headers: [{":method", "GET"}, {":scheme", "http"}, {":path", "/"}, {":authority", "localhost:9080"}]
2025-06-27T02:08:10.007561Z  DEBUG - Server received headers for stream 137, end_stream: true, headers_count: 4
2025-06-27T02:08:10.007564Z  DEBUG - Headers: [{":method", "GET"}, {":scheme", "http"}, {":path", "/"}, {":authority", "localhost:9080"}]
2025-06-27T02:08:10.007564Z  DEBUG - is_trailers=false, end_stream=true, stream.end_stream_received=true
2025-06-27T02:08:10.007564Z  DEBUG - Processing request immediately (headers with END_STREAM)
2025-06-27T02:08:10.007565Z  DEBUG - Successfully handled frame: HT2::HeadersFrame on stream 137
2025-06-27T02:08:10.007567Z  DEBUG - Reading frame header...
2025-06-27T02:08:10.007568Z  DEBUG - HEADERS frame parsing: payload_size=15, offset=0, padding=0, header_block_size=15
2025-06-27T02:08:10.007569Z  DEBUG - Header block hex: 828684418aa0e41d139d09b8f81e07
2025-06-27T02:08:10.007573Z  DEBUG - HEADERS frame: stream_id=139, flags=END_STREAM | END_HEADERS, padding=0, priority=nil, header_block_size=15
2025-06-27T02:08:10.007574Z  DEBUG - Full header block hex: 828684418aa0e41d139d09b8f81e07
2025-06-27T02:08:10.007574Z  DEBUG - Decoding HEADERS frame with block size: 15
2025-06-27T02:08:10.007574Z  DEBUG - First 20 bytes of header block: less than 20 bytes
2025-06-27T02:08:10.007575Z  DEBUG - HPACK: Decoding Huffman string, length=10, data=a0e41d139d09b8f81e07
2025-06-27T02:08:10.007607Z  DEBUG - Huffman decode: data.size=10, hex=a0e41d139d09b8f81e07
2025-06-27T02:08:10.007607Z  DEBUG - Huffman decode: Checking for potential EOS pattern in data
2025-06-27T02:08:10.007608Z  DEBUG - Huffman padding check: last_symbol_bit=76, total_bits=80, padding_bits=3
2025-06-27T02:08:10.007609Z  DEBUG - HPACK: Huffman decoded to: "localhost:9080"
2025-06-27T02:08:10.007613Z  DEBUG - Decoded headers before validation: [{":method", "GET"}, {":scheme", "http"}, {":path", "/"}, {":authority", "localhost:9080"}]
2025-06-27T02:08:10.007618Z  DEBUG - Validated headers: [{":method", "GET"}, {":scheme", "http"}, {":path", "/"}, {":authority", "localhost:9080"}]
2025-06-27T02:08:10.007619Z  DEBUG - Server received headers for stream 139, end_stream: true, headers_count: 4
2025-06-27T02:08:10.007622Z  DEBUG - Headers: [{":method", "GET"}, {":scheme", "http"}, {":path", "/"}, {":authority", "localhost:9080"}]
2025-06-27T02:08:10.007622Z  DEBUG - is_trailers=false, end_stream=true, stream.end_stream_received=true
2025-06-27T02:08:10.007622Z  DEBUG - Processing request immediately (headers with END_STREAM)
2025-06-27T02:08:10.007623Z  DEBUG - Successfully handled frame: HT2::HeadersFrame on stream 139
2025-06-27T02:08:10.007625Z  DEBUG - Reading frame header...
2025-06-27T02:08:10.007626Z  DEBUG - HEADERS frame parsing: payload_size=15, offset=0, padding=0, header_block_size=15
2025-06-27T02:08:10.007627Z  DEBUG - Header block hex: 828684418aa0e41d139d09b8f81e07
2025-06-27T02:08:10.007631Z  DEBUG - HEADERS frame: stream_id=141, flags=END_STREAM | END_HEADERS, padding=0, priority=nil, header_block_size=15
2025-06-27T02:08:10.007632Z  DEBUG - Full header block hex: 828684418aa0e41d139d09b8f81e07
2025-06-27T02:08:10.007632Z  DEBUG - Decoding HEADERS frame with block size: 15
2025-06-27T02:08:10.007632Z  DEBUG - First 20 bytes of header block: less than 20 bytes
2025-06-27T02:08:10.007633Z  DEBUG - HPACK: Decoding Huffman string, length=10, data=a0e41d139d09b8f81e07
2025-06-27T02:08:10.007665Z  DEBUG - Huffman decode: data.size=10, hex=a0e41d139d09b8f81e07
2025-06-27T02:08:10.007666Z  DEBUG - Huffman decode: Checking for potential EOS pattern in data
2025-06-27T02:08:10.007667Z  DEBUG - Huffman padding check: last_symbol_bit=76, total_bits=80, padding_bits=3
2025-06-27T02:08:10.007667Z  DEBUG - HPACK: Huffman decoded to: "localhost:9080"
2025-06-27T02:08:10.007671Z  DEBUG - Decoded headers before validation: [{":method", "GET"}, {":scheme", "http"}, {":path", "/"}, {":authority", "localhost:9080"}]
2025-06-27T02:08:10.007676Z  DEBUG - Validated headers: [{":method", "GET"}, {":scheme", "http"}, {":path", "/"}, {":authority", "localhost:9080"}]
2025-06-27T02:08:10.007677Z  DEBUG - Server received headers for stream 141, end_stream: true, headers_count: 4
2025-06-27T02:08:10.007680Z  DEBUG - Headers: [{":method", "GET"}, {":scheme", "http"}, {":path", "/"}, {":authority", "localhost:9080"}]
2025-06-27T02:08:10.007680Z  DEBUG - is_trailers=false, end_stream=true, stream.end_stream_received=true
2025-06-27T02:08:10.007681Z  DEBUG - Processing request immediately (headers with END_STREAM)
2025-06-27T02:08:10.007681Z  DEBUG - Successfully handled frame: HT2::HeadersFrame on stream 141
2025-06-27T02:08:10.007684Z  DEBUG - Reading frame header...
2025-06-27T02:08:10.007685Z  DEBUG - HEADERS frame parsing: payload_size=15, offset=0, padding=0, header_block_size=15
2025-06-27T02:08:10.007685Z  DEBUG - Header block hex: 828684418aa0e41d139d09b8f81e07
2025-06-27T02:08:10.007689Z  DEBUG - HEADERS frame: stream_id=143, flags=END_STREAM | END_HEADERS, padding=0, priority=nil, header_block_size=15
2025-06-27T02:08:10.007690Z  DEBUG - Full header block hex: 828684418aa0e41d139d09b8f81e07
2025-06-27T02:08:10.007690Z  DEBUG - Decoding HEADERS frame with block size: 15
2025-06-27T02:08:10.007690Z  DEBUG - First 20 bytes of header block: less than 20 bytes
2025-06-27T02:08:10.007691Z  DEBUG - HPACK: Decoding Huffman string, length=10, data=a0e41d139d09b8f81e07
2025-06-27T02:08:10.007723Z  DEBUG - Huffman decode: data.size=10, hex=a0e41d139d09b8f81e07
2025-06-27T02:08:10.007723Z  DEBUG - Huffman decode: Checking for potential EOS pattern in data
2025-06-27T02:08:10.007724Z  DEBUG - Huffman padding check: last_symbol_bit=76, total_bits=80, padding_bits=3
2025-06-27T02:08:10.007725Z  DEBUG - HPACK: Huffman decoded to: "localhost:9080"
2025-06-27T02:08:10.007728Z  DEBUG - Decoded headers before validation: [{":method", "GET"}, {":scheme", "http"}, {":path", "/"}, {":authority", "localhost:9080"}]
2025-06-27T02:08:10.007734Z  DEBUG - Validated headers: [{":method", "GET"}, {":scheme", "http"}, {":path", "/"}, {":authority", "localhost:9080"}]
2025-06-27T02:08:10.007735Z  DEBUG - Server received headers for stream 143, end_stream: true, headers_count: 4
2025-06-27T02:08:10.007738Z  DEBUG - Headers: [{":method", "GET"}, {":scheme", "http"}, {":path", "/"}, {":authority", "localhost:9080"}]
2025-06-27T02:08:10.007738Z  DEBUG - is_trailers=false, end_stream=true, stream.end_stream_received=true
2025-06-27T02:08:10.007738Z  DEBUG - Processing request immediately (headers with END_STREAM)
2025-06-27T02:08:10.007739Z  DEBUG - Successfully handled frame: HT2::HeadersFrame on stream 143
2025-06-27T02:08:10.007743Z  DEBUG - Reading frame header...
2025-06-27T02:08:10.007744Z  DEBUG - HEADERS frame parsing: payload_size=15, offset=0, padding=0, header_block_size=15
2025-06-27T02:08:10.007744Z  DEBUG - Header block hex: 828684418aa0e41d139d09b8f81e07
2025-06-27T02:08:10.007748Z  DEBUG - HEADERS frame: stream_id=145, flags=END_STREAM | END_HEADERS, padding=0, priority=nil, header_block_size=15
2025-06-27T02:08:10.007749Z  DEBUG - Full header block hex: 828684418aa0e41d139d09b8f81e07
2025-06-27T02:08:10.007749Z  DEBUG - Decoding HEADERS frame with block size: 15
2025-06-27T02:08:10.007749Z  DEBUG - First 20 bytes of header block: less than 20 bytes
2025-06-27T02:08:10.007750Z  DEBUG - HPACK: Decoding Huffman string, length=10, data=a0e41d139d09b8f81e07
2025-06-27T02:08:10.007782Z  DEBUG - Huffman decode: data.size=10, hex=a0e41d139d09b8f81e07
2025-06-27T02:08:10.007782Z  DEBUG - Huffman decode: Checking for potential EOS pattern in data
2025-06-27T02:08:10.007783Z  DEBUG - Huffman padding check: last_symbol_bit=76, total_bits=80, padding_bits=3
2025-06-27T02:08:10.007784Z  DEBUG - HPACK: Huffman decoded to: "localhost:9080"
2025-06-27T02:08:10.007787Z  DEBUG - Decoded headers before validation: [{":method", "GET"}, {":scheme", "http"}, {":path", "/"}, {":authority", "localhost:9080"}]
2025-06-27T02:08:10.007793Z  DEBUG - Validated headers: [{":method", "GET"}, {":scheme", "http"}, {":path", "/"}, {":authority", "localhost:9080"}]
2025-06-27T02:08:10.007794Z  DEBUG - Server received headers for stream 145, end_stream: true, headers_count: 4
2025-06-27T02:08:10.007796Z  DEBUG - Headers: [{":method", "GET"}, {":scheme", "http"}, {":path", "/"}, {":authority", "localhost:9080"}]
2025-06-27T02:08:10.007797Z  DEBUG - is_trailers=false, end_stream=true, stream.end_stream_received=true
2025-06-27T02:08:10.007797Z  DEBUG - Processing request immediately (headers with END_STREAM)
2025-06-27T02:08:10.007797Z  DEBUG - Successfully handled frame: HT2::HeadersFrame on stream 145
2025-06-27T02:08:10.007800Z  DEBUG - Reading frame header...
2025-06-27T02:08:10.007801Z  DEBUG - HEADERS frame parsing: payload_size=15, offset=0, padding=0, header_block_size=15
2025-06-27T02:08:10.007801Z  DEBUG - Header block hex: 828684418aa0e41d139d09b8f81e07
2025-06-27T02:08:10.007805Z  DEBUG - HEADERS frame: stream_id=147, flags=END_STREAM | END_HEADERS, padding=0, priority=nil, header_block_size=15
2025-06-27T02:08:10.007806Z  DEBUG - Full header block hex: 828684418aa0e41d139d09b8f81e07
2025-06-27T02:08:10.007806Z  DEBUG - Decoding HEADERS frame with block size: 15
2025-06-27T02:08:10.007806Z  DEBUG - First 20 bytes of header block: less than 20 bytes
2025-06-27T02:08:10.007807Z  DEBUG - HPACK: Decoding Huffman string, length=10, data=a0e41d139d09b8f81e07
2025-06-27T02:08:10.007840Z  DEBUG - Huffman decode: data.size=10, hex=a0e41d139d09b8f81e07
2025-06-27T02:08:10.007840Z  DEBUG - Huffman decode: Checking for potential EOS pattern in data
2025-06-27T02:08:10.007841Z  DEBUG - Huffman padding check: last_symbol_bit=76, total_bits=80, padding_bits=3
2025-06-27T02:08:10.007842Z  DEBUG - HPACK: Huffman decoded to: "localhost:9080"
2025-06-27T02:08:10.007845Z  DEBUG - Decoded headers before validation: [{":method", "GET"}, {":scheme", "http"}, {":path", "/"}, {":authority", "localhost:9080"}]
2025-06-27T02:08:10.007850Z  DEBUG - Validated headers: [{":method", "GET"}, {":scheme", "http"}, {":path", "/"}, {":authority", "localhost:9080"}]
2025-06-27T02:08:10.007852Z  DEBUG - Server received headers for stream 147, end_stream: true, headers_count: 4
2025-06-27T02:08:10.007854Z  DEBUG - Headers: [{":method", "GET"}, {":scheme", "http"}, {":path", "/"}, {":authority", "localhost:9080"}]
2025-06-27T02:08:10.007855Z  DEBUG - is_trailers=false, end_stream=true, stream.end_stream_received=true
2025-06-27T02:08:10.007855Z  DEBUG - Processing request immediately (headers with END_STREAM)
2025-06-27T02:08:10.007855Z  DEBUG - Successfully handled frame: HT2::HeadersFrame on stream 147
2025-06-27T02:08:10.007858Z  DEBUG - Reading frame header...
2025-06-27T02:08:10.007859Z  DEBUG - HEADERS frame parsing: payload_size=15, offset=0, padding=0, header_block_size=15
2025-06-27T02:08:10.007859Z  DEBUG - Header block hex: 828684418aa0e41d139d09b8f81e07
2025-06-27T02:08:10.007863Z  DEBUG - HEADERS frame: stream_id=149, flags=END_STREAM | END_HEADERS, padding=0, priority=nil, header_block_size=15
2025-06-27T02:08:10.007864Z  DEBUG - Full header block hex: 828684418aa0e41d139d09b8f81e07
2025-06-27T02:08:10.007864Z  DEBUG - Decoding HEADERS frame with block size: 15
2025-06-27T02:08:10.007864Z  DEBUG - First 20 bytes of header block: less than 20 bytes
2025-06-27T02:08:10.007865Z  DEBUG - HPACK: Decoding Huffman string, length=10, data=a0e41d139d09b8f81e07
2025-06-27T02:08:10.007896Z  DEBUG - Huffman decode: data.size=10, hex=a0e41d139d09b8f81e07
2025-06-27T02:08:10.007896Z  DEBUG - Huffman decode: Checking for potential EOS pattern in data
2025-06-27T02:08:10.007897Z  DEBUG - Huffman padding check: last_symbol_bit=76, total_bits=80, padding_bits=3
2025-06-27T02:08:10.007898Z  DEBUG - HPACK: Huffman decoded to: "localhost:9080"
2025-06-27T02:08:10.007901Z  DEBUG - Decoded headers before validation: [{":method", "GET"}, {":scheme", "http"}, {":path", "/"}, {":authority", "localhost:9080"}]
2025-06-27T02:08:10.007906Z  DEBUG - Validated headers: [{":method", "GET"}, {":scheme", "http"}, {":path", "/"}, {":authority", "localhost:9080"}]
2025-06-27T02:08:10.007909Z  DEBUG - Server received headers for stream 149, end_stream: true, headers_count: 4
2025-06-27T02:08:10.007911Z  DEBUG - Headers: [{":method", "GET"}, {":scheme", "http"}, {":path", "/"}, {":authority", "localhost:9080"}]
2025-06-27T02:08:10.007912Z  DEBUG - is_trailers=false, end_stream=true, stream.end_stream_received=true
2025-06-27T02:08:10.007912Z  DEBUG - Processing request immediately (headers with END_STREAM)
2025-06-27T02:08:10.007913Z  DEBUG - Successfully handled frame: HT2::HeadersFrame on stream 149
2025-06-27T02:08:10.007915Z  DEBUG - Reading frame header...
2025-06-27T02:08:10.007916Z  DEBUG - HEADERS frame parsing: payload_size=15, offset=0, padding=0, header_block_size=15
2025-06-27T02:08:10.007916Z  DEBUG - Header block hex: 828684418aa0e41d139d09b8f81e07
2025-06-27T02:08:10.007920Z  DEBUG - HEADERS frame: stream_id=151, flags=END_STREAM | END_HEADERS, padding=0, priority=nil, header_block_size=15
2025-06-27T02:08:10.007921Z  DEBUG - Full header block hex: 828684418aa0e41d139d09b8f81e07
2025-06-27T02:08:10.007921Z  DEBUG - Decoding HEADERS frame with block size: 15
2025-06-27T02:08:10.007921Z  DEBUG - First 20 bytes of header block: less than 20 bytes
2025-06-27T02:08:10.007922Z  DEBUG - HPACK: Decoding Huffman string, length=10, data=a0e41d139d09b8f81e07
2025-06-27T02:08:10.007955Z  DEBUG - Huffman decode: data.size=10, hex=a0e41d139d09b8f81e07
2025-06-27T02:08:10.007955Z  DEBUG - Huffman decode: Checking for potential EOS pattern in data
2025-06-27T02:08:10.007956Z  DEBUG - Huffman padding check: last_symbol_bit=76, total_bits=80, padding_bits=3
2025-06-27T02:08:10.007956Z  DEBUG - HPACK: Huffman decoded to: "localhost:9080"
2025-06-27T02:08:10.007960Z  DEBUG - Decoded headers before validation: [{":method", "GET"}, {":scheme", "http"}, {":path", "/"}, {":authority", "localhost:9080"}]
2025-06-27T02:08:10.007965Z  DEBUG - Validated headers: [{":method", "GET"}, {":scheme", "http"}, {":path", "/"}, {":authority", "localhost:9080"}]
2025-06-27T02:08:10.007966Z  DEBUG - Server received headers for stream 151, end_stream: true, headers_count: 4
2025-06-27T02:08:10.007969Z  DEBUG - Headers: [{":method", "GET"}, {":scheme", "http"}, {":path", "/"}, {":authority", "localhost:9080"}]
2025-06-27T02:08:10.007969Z  DEBUG - is_trailers=false, end_stream=true, stream.end_stream_received=true
2025-06-27T02:08:10.007969Z  DEBUG - Processing request immediately (headers with END_STREAM)
2025-06-27T02:08:10.007970Z  DEBUG - Successfully handled frame: HT2::HeadersFrame on stream 151
2025-06-27T02:08:10.007973Z  DEBUG - Reading frame header...
2025-06-27T02:08:10.007974Z  DEBUG - HEADERS frame parsing: payload_size=15, offset=0, padding=0, header_block_size=15
2025-06-27T02:08:10.007974Z  DEBUG - Header block hex: 828684418aa0e41d139d09b8f81e07
2025-06-27T02:08:10.007978Z  DEBUG - HEADERS frame: stream_id=153, flags=END_STREAM | END_HEADERS, padding=0, priority=nil, header_block_size=15
2025-06-27T02:08:10.007979Z  DEBUG - Full header block hex: 828684418aa0e41d139d09b8f81e07
2025-06-27T02:08:10.007979Z  DEBUG - Decoding HEADERS frame with block size: 15
2025-06-27T02:08:10.007979Z  DEBUG - First 20 bytes of header block: less than 20 bytes
2025-06-27T02:08:10.007980Z  DEBUG - HPACK: Decoding Huffman string, length=10, data=a0e41d139d09b8f81e07
2025-06-27T02:08:10.008011Z  DEBUG - Huffman decode: data.size=10, hex=a0e41d139d09b8f81e07
2025-06-27T02:08:10.008012Z  DEBUG - Huffman decode: Checking for potential EOS pattern in data
2025-06-27T02:08:10.008013Z  DEBUG - Huffman padding check: last_symbol_bit=76, total_bits=80, padding_bits=3
2025-06-27T02:08:10.008014Z  DEBUG - HPACK: Huffman decoded to: "localhost:9080"
2025-06-27T02:08:10.008017Z  DEBUG - Decoded headers before validation: [{":method", "GET"}, {":scheme", "http"}, {":path", "/"}, {":authority", "localhost:9080"}]
2025-06-27T02:08:10.008023Z  DEBUG - Validated headers: [{":method", "GET"}, {":scheme", "http"}, {":path", "/"}, {":authority", "localhost:9080"}]
2025-06-27T02:08:10.008024Z  DEBUG - Server received headers for stream 153, end_stream: true, headers_count: 4
2025-06-27T02:08:10.008027Z  DEBUG - Headers: [{":method", "GET"}, {":scheme", "http"}, {":path", "/"}, {":authority", "localhost:9080"}]
2025-06-27T02:08:10.008027Z  DEBUG - is_trailers=false, end_stream=true, stream.end_stream_received=true
2025-06-27T02:08:10.008027Z  DEBUG - Processing request immediately (headers with END_STREAM)
2025-06-27T02:08:10.008028Z  DEBUG - Successfully handled frame: HT2::HeadersFrame on stream 153
2025-06-27T02:08:10.008031Z  DEBUG - Reading frame header...
2025-06-27T02:08:10.008032Z  DEBUG - HEADERS frame parsing: payload_size=15, offset=0, padding=0, header_block_size=15
2025-06-27T02:08:10.008032Z  DEBUG - Header block hex: 828684418aa0e41d139d09b8f81e07
2025-06-27T02:08:10.008036Z  DEBUG - HEADERS frame: stream_id=155, flags=END_STREAM | END_HEADERS, padding=0, priority=nil, header_block_size=15
2025-06-27T02:08:10.008036Z  DEBUG - Full header block hex: 828684418aa0e41d139d09b8f81e07
2025-06-27T02:08:10.008037Z  DEBUG - Decoding HEADERS frame with block size: 15
2025-06-27T02:08:10.008037Z  DEBUG - First 20 bytes of header block: less than 20 bytes
2025-06-27T02:08:10.008037Z  DEBUG - HPACK: Decoding Huffman string, length=10, data=a0e41d139d09b8f81e07
2025-06-27T02:08:10.008069Z  DEBUG - Huffman decode: data.size=10, hex=a0e41d139d09b8f81e07
2025-06-27T02:08:10.008069Z  DEBUG - Huffman decode: Checking for potential EOS pattern in data
2025-06-27T02:08:10.008070Z  DEBUG - Huffman padding check: last_symbol_bit=76, total_bits=80, padding_bits=3
2025-06-27T02:08:10.008071Z  DEBUG - HPACK: Huffman decoded to: "localhost:9080"
2025-06-27T02:08:10.008074Z  DEBUG - Decoded headers before validation: [{":method", "GET"}, {":scheme", "http"}, {":path", "/"}, {":authority", "localhost:9080"}]
2025-06-27T02:08:10.008080Z  DEBUG - Validated headers: [{":method", "GET"}, {":scheme", "http"}, {":path", "/"}, {":authority", "localhost:9080"}]
2025-06-27T02:08:10.008081Z  DEBUG - Server received headers for stream 155, end_stream: true, headers_count: 4
2025-06-27T02:08:10.008083Z  DEBUG - Headers: [{":method", "GET"}, {":scheme", "http"}, {":path", "/"}, {":authority", "localhost:9080"}]
2025-06-27T02:08:10.008084Z  DEBUG - is_trailers=false, end_stream=true, stream.end_stream_received=true
2025-06-27T02:08:10.008084Z  DEBUG - Processing request immediately (headers with END_STREAM)
2025-06-27T02:08:10.008086Z  DEBUG - Successfully handled frame: HT2::HeadersFrame on stream 155
2025-06-27T02:08:10.008089Z  DEBUG - Reading frame header...
2025-06-27T02:08:10.008090Z  DEBUG - HEADERS frame parsing: payload_size=15, offset=0, padding=0, header_block_size=15
2025-06-27T02:08:10.008091Z  DEBUG - Header block hex: 828684418aa0e41d139d09b8f81e07
2025-06-27T02:08:10.008095Z  DEBUG - HEADERS frame: stream_id=157, flags=END_STREAM | END_HEADERS, padding=0, priority=nil, header_block_size=15
2025-06-27T02:08:10.008095Z  DEBUG - Full header block hex: 828684418aa0e41d139d09b8f81e07
2025-06-27T02:08:10.008095Z  DEBUG - Decoding HEADERS frame with block size: 15
2025-06-27T02:08:10.008096Z  DEBUG - First 20 bytes of header block: less than 20 bytes
2025-06-27T02:08:10.008096Z  DEBUG - HPACK: Decoding Huffman string, length=10, data=a0e41d139d09b8f81e07
2025-06-27T02:08:10.008128Z  DEBUG - Huffman decode: data.size=10, hex=a0e41d139d09b8f81e07
2025-06-27T02:08:10.008128Z  DEBUG - Huffman decode: Checking for potential EOS pattern in data
2025-06-27T02:08:10.008129Z  DEBUG - Huffman padding check: last_symbol_bit=76, total_bits=80, padding_bits=3
2025-06-27T02:08:10.008130Z  DEBUG - HPACK: Huffman decoded to: "localhost:9080"
2025-06-27T02:08:10.008133Z  DEBUG - Decoded headers before validation: [{":method", "GET"}, {":scheme", "http"}, {":path", "/"}, {":authority", "localhost:9080"}]
2025-06-27T02:08:10.008138Z  DEBUG - Validated headers: [{":method", "GET"}, {":scheme", "http"}, {":path", "/"}, {":authority", "localhost:9080"}]
2025-06-27T02:08:10.008139Z  DEBUG - Server received headers for stream 157, end_stream: true, headers_count: 4
2025-06-27T02:08:10.008142Z  DEBUG - Headers: [{":method", "GET"}, {":scheme", "http"}, {":path", "/"}, {":authority", "localhost:9080"}]
2025-06-27T02:08:10.008142Z  DEBUG - is_trailers=false, end_stream=true, stream.end_stream_received=true
2025-06-27T02:08:10.008142Z  DEBUG - Processing request immediately (headers with END_STREAM)
2025-06-27T02:08:10.008143Z  DEBUG - Successfully handled frame: HT2::HeadersFrame on stream 157
2025-06-27T02:08:10.008146Z  DEBUG - Reading frame header...
2025-06-27T02:08:10.008147Z  DEBUG - HEADERS frame parsing: payload_size=15, offset=0, padding=0, header_block_size=15
2025-06-27T02:08:10.008147Z  DEBUG - Header block hex: 828684418aa0e41d139d09b8f81e07
2025-06-27T02:08:10.008151Z  DEBUG - HEADERS frame: stream_id=159, flags=END_STREAM | END_HEADERS, padding=0, priority=nil, header_block_size=15
2025-06-27T02:08:10.008152Z  DEBUG - Full header block hex: 828684418aa0e41d139d09b8f81e07
2025-06-27T02:08:10.008152Z  DEBUG - Decoding HEADERS frame with block size: 15
2025-06-27T02:08:10.008152Z  DEBUG - First 20 bytes of header block: less than 20 bytes
2025-06-27T02:08:10.008153Z  DEBUG - HPACK: Decoding Huffman string, length=10, data=a0e41d139d09b8f81e07
2025-06-27T02:08:10.008185Z  DEBUG - Huffman decode: data.size=10, hex=a0e41d139d09b8f81e07
2025-06-27T02:08:10.008186Z  DEBUG - Huffman decode: Checking for potential EOS pattern in data
2025-06-27T02:08:10.008186Z  DEBUG - Huffman padding check: last_symbol_bit=76, total_bits=80, padding_bits=3
2025-06-27T02:08:10.008187Z  DEBUG - HPACK: Huffman decoded to: "localhost:9080"
2025-06-27T02:08:10.008191Z  DEBUG - Decoded headers before validation: [{":method", "GET"}, {":scheme", "http"}, {":path", "/"}, {":authority", "localhost:9080"}]
2025-06-27T02:08:10.008196Z  DEBUG - Validated headers: [{":method", "GET"}, {":scheme", "http"}, {":path", "/"}, {":authority", "localhost:9080"}]
2025-06-27T02:08:10.008197Z  DEBUG - Server received headers for stream 159, end_stream: true, headers_count: 4
2025-06-27T02:08:10.008200Z  DEBUG - Headers: [{":method", "GET"}, {":scheme", "http"}, {":path", "/"}, {":authority", "localhost:9080"}]
2025-06-27T02:08:10.008200Z  DEBUG - is_trailers=false, end_stream=true, stream.end_stream_received=true
2025-06-27T02:08:10.008200Z  DEBUG - Processing request immediately (headers with END_STREAM)
2025-06-27T02:08:10.008201Z  DEBUG - Successfully handled frame: HT2::HeadersFrame on stream 159
2025-06-27T02:08:10.008204Z  DEBUG - Reading frame header...
2025-06-27T02:08:10.008205Z  DEBUG - HEADERS frame parsing: payload_size=15, offset=0, padding=0, header_block_size=15
2025-06-27T02:08:10.008205Z  DEBUG - Header block hex: 828684418aa0e41d139d09b8f81e07
2025-06-27T02:08:10.008210Z  DEBUG - HEADERS frame: stream_id=161, flags=END_STREAM | END_HEADERS, padding=0, priority=nil, header_block_size=15
2025-06-27T02:08:10.008210Z  DEBUG - Full header block hex: 828684418aa0e41d139d09b8f81e07
2025-06-27T02:08:10.008210Z  DEBUG - Decoding HEADERS frame with block size: 15
2025-06-27T02:08:10.008210Z  DEBUG - First 20 bytes of header block: less than 20 bytes
2025-06-27T02:08:10.008211Z  DEBUG - HPACK: Decoding Huffman string, length=10, data=a0e41d139d09b8f81e07
2025-06-27T02:08:10.008244Z  DEBUG - Huffman decode: data.size=10, hex=a0e41d139d09b8f81e07
2025-06-27T02:08:10.008244Z  DEBUG - Huffman decode: Checking for potential EOS pattern in data
2025-06-27T02:08:10.008245Z  DEBUG - Huffman padding check: last_symbol_bit=76, total_bits=80, padding_bits=3
2025-06-27T02:08:10.008246Z  DEBUG - HPACK: Huffman decoded to: "localhost:9080"
2025-06-27T02:08:10.008249Z  DEBUG - Decoded headers before validation: [{":method", "GET"}, {":scheme", "http"}, {":path", "/"}, {":authority", "localhost:9080"}]
2025-06-27T02:08:10.008255Z  DEBUG - Validated headers: [{":method", "GET"}, {":scheme", "http"}, {":path", "/"}, {":authority", "localhost:9080"}]
2025-06-27T02:08:10.008256Z  DEBUG - Server received headers for stream 161, end_stream: true, headers_count: 4
2025-06-27T02:08:10.008258Z  DEBUG - Headers: [{":method", "GET"}, {":scheme", "http"}, {":path", "/"}, {":authority", "localhost:9080"}]
2025-06-27T02:08:10.008259Z  DEBUG - is_trailers=false, end_stream=true, stream.end_stream_received=true
2025-06-27T02:08:10.008259Z  DEBUG - Processing request immediately (headers with END_STREAM)
2025-06-27T02:08:10.008260Z  DEBUG - Successfully handled frame: HT2::HeadersFrame on stream 161
2025-06-27T02:08:10.008262Z  DEBUG - Reading frame header...
2025-06-27T02:08:10.008263Z  DEBUG - HEADERS frame parsing: payload_size=15, offset=0, padding=0, header_block_size=15
2025-06-27T02:08:10.008264Z  DEBUG - Header block hex: 828684418aa0e41d139d09b8f81e07
2025-06-27T02:08:10.008269Z  DEBUG - HEADERS frame: stream_id=163, flags=END_STREAM | END_HEADERS, padding=0, priority=nil, header_block_size=15
2025-06-27T02:08:10.008270Z  DEBUG - Full header block hex: 828684418aa0e41d139d09b8f81e07
2025-06-27T02:08:10.008270Z  DEBUG - Decoding HEADERS frame with block size: 15
2025-06-27T02:08:10.008270Z  DEBUG - First 20 bytes of header block: less than 20 bytes
2025-06-27T02:08:10.008271Z  DEBUG - HPACK: Decoding Huffman string, length=10, data=a0e41d139d09b8f81e07
2025-06-27T02:08:10.008303Z  DEBUG - Huffman decode: data.size=10, hex=a0e41d139d09b8f81e07
2025-06-27T02:08:10.008303Z  DEBUG - Huffman decode: Checking for potential EOS pattern in data
2025-06-27T02:08:10.008304Z  DEBUG - Huffman padding check: last_symbol_bit=76, total_bits=80, padding_bits=3
2025-06-27T02:08:10.008305Z  DEBUG - HPACK: Huffman decoded to: "localhost:9080"
2025-06-27T02:08:10.008309Z  DEBUG - Decoded headers before validation: [{":method", "GET"}, {":scheme", "http"}, {":path", "/"}, {":authority", "localhost:9080"}]
2025-06-27T02:08:10.008316Z  DEBUG - Validated headers: [{":method", "GET"}, {":scheme", "http"}, {":path", "/"}, {":authority", "localhost:9080"}]
2025-06-27T02:08:10.008318Z  DEBUG - Server received headers for stream 163, end_stream: true, headers_count: 4
2025-06-27T02:08:10.008322Z  DEBUG - Headers: [{":method", "GET"}, {":scheme", "http"}, {":path", "/"}, {":authority", "localhost:9080"}]
2025-06-27T02:08:10.008322Z  DEBUG - is_trailers=false, end_stream=true, stream.end_stream_received=true
2025-06-27T02:08:10.008323Z  DEBUG - Processing request immediately (headers with END_STREAM)
2025-06-27T02:08:10.008323Z  DEBUG - Successfully handled frame: HT2::HeadersFrame on stream 163
2025-06-27T02:08:10.008327Z  DEBUG - Reading frame header...
2025-06-27T02:08:10.008329Z  DEBUG - HEADERS frame parsing: payload_size=15, offset=0, padding=0, header_block_size=15
2025-06-27T02:08:10.008329Z  DEBUG - Header block hex: 828684418aa0e41d139d09b8f81e07
2025-06-27T02:08:10.008337Z  DEBUG - HEADERS frame: stream_id=165, flags=END_STREAM | END_HEADERS, padding=0, priority=nil, header_block_size=15
2025-06-27T02:08:10.008338Z  DEBUG - Full header block hex: 828684418aa0e41d139d09b8f81e07
2025-06-27T02:08:10.008338Z  DEBUG - Decoding HEADERS frame with block size: 15
2025-06-27T02:08:10.008338Z  DEBUG - First 20 bytes of header block: less than 20 bytes
2025-06-27T02:08:10.008339Z  DEBUG - HPACK: Decoding Huffman string, length=10, data=a0e41d139d09b8f81e07
2025-06-27T02:08:10.008379Z  DEBUG - Huffman decode: data.size=10, hex=a0e41d139d09b8f81e07
2025-06-27T02:08:10.008379Z  DEBUG - Huffman decode: Checking for potential EOS pattern in data
2025-06-27T02:08:10.008380Z  DEBUG - Huffman padding check: last_symbol_bit=76, total_bits=80, padding_bits=3
2025-06-27T02:08:10.008380Z  DEBUG - HPACK: Huffman decoded to: "localhost:9080"
2025-06-27T02:08:10.008384Z  DEBUG - Decoded headers before validation: [{":method", "GET"}, {":scheme", "http"}, {":path", "/"}, {":authority", "localhost:9080"}]
2025-06-27T02:08:10.008389Z  DEBUG - Validated headers: [{":method", "GET"}, {":scheme", "http"}, {":path", "/"}, {":authority", "localhost:9080"}]
2025-06-27T02:08:10.008390Z  DEBUG - Server received headers for stream 165, end_stream: true, headers_count: 4
2025-06-27T02:08:10.008393Z  DEBUG - Headers: [{":method", "GET"}, {":scheme", "http"}, {":path", "/"}, {":authority", "localhost:9080"}]
2025-06-27T02:08:10.008393Z  DEBUG - is_trailers=false, end_stream=true, stream.end_stream_received=true
2025-06-27T02:08:10.008393Z  DEBUG - Processing request immediately (headers with END_STREAM)
2025-06-27T02:08:10.008394Z  DEBUG - Successfully handled frame: HT2::HeadersFrame on stream 165
2025-06-27T02:08:10.008397Z  DEBUG - Reading frame header...
2025-06-27T02:08:10.008398Z  DEBUG - HEADERS frame parsing: payload_size=15, offset=0, padding=0, header_block_size=15
2025-06-27T02:08:10.008398Z  DEBUG - Header block hex: 828684418aa0e41d139d09b8f81e07
2025-06-27T02:08:10.008402Z  DEBUG - HEADERS frame: stream_id=167, flags=END_STREAM | END_HEADERS, padding=0, priority=nil, header_block_size=15
2025-06-27T02:08:10.008403Z  DEBUG - Full header block hex: 828684418aa0e41d139d09b8f81e07
2025-06-27T02:08:10.008404Z  DEBUG - Decoding HEADERS frame with block size: 15
2025-06-27T02:08:10.008404Z  DEBUG - First 20 bytes of header block: less than 20 bytes
2025-06-27T02:08:10.008405Z  DEBUG - HPACK: Decoding Huffman string, length=10, data=a0e41d139d09b8f81e07
2025-06-27T02:08:10.008436Z  DEBUG - Huffman decode: data.size=10, hex=a0e41d139d09b8f81e07
2025-06-27T02:08:10.008437Z  DEBUG - Huffman decode: Checking for potential EOS pattern in data
2025-06-27T02:08:10.008437Z  DEBUG - Huffman padding check: last_symbol_bit=76, total_bits=80, padding_bits=3
2025-06-27T02:08:10.008438Z  DEBUG - HPACK: Huffman decoded to: "localhost:9080"
2025-06-27T02:08:10.008442Z  DEBUG - Decoded headers before validation: [{":method", "GET"}, {":scheme", "http"}, {":path", "/"}, {":authority", "localhost:9080"}]
2025-06-27T02:08:10.008447Z  DEBUG - Validated headers: [{":method", "GET"}, {":scheme", "http"}, {":path", "/"}, {":authority", "localhost:9080"}]
2025-06-27T02:08:10.008448Z  DEBUG - Server received headers for stream 167, end_stream: true, headers_count: 4
2025-06-27T02:08:10.008451Z  DEBUG - Headers: [{":method", "GET"}, {":scheme", "http"}, {":path", "/"}, {":authority", "localhost:9080"}]
2025-06-27T02:08:10.008451Z  DEBUG - is_trailers=false, end_stream=true, stream.end_stream_received=true
2025-06-27T02:08:10.008451Z  DEBUG - Processing request immediately (headers with END_STREAM)
2025-06-27T02:08:10.008452Z  DEBUG - Successfully handled frame: HT2::HeadersFrame on stream 167
2025-06-27T02:08:10.008457Z  DEBUG - Reading frame header...
2025-06-27T02:08:10.008458Z  DEBUG - HEADERS frame parsing: payload_size=15, offset=0, padding=0, header_block_size=15
2025-06-27T02:08:10.008458Z  DEBUG - Header block hex: 828684418aa0e41d139d09b8f81e07
2025-06-27T02:08:10.008462Z  DEBUG - HEADERS frame: stream_id=169, flags=END_STREAM | END_HEADERS, padding=0, priority=nil, header_block_size=15
2025-06-27T02:08:10.008463Z  DEBUG - Full header block hex: 828684418aa0e41d139d09b8f81e07
2025-06-27T02:08:10.008463Z  DEBUG - Decoding HEADERS frame with block size: 15
2025-06-27T02:08:10.008463Z  DEBUG - First 20 bytes of header block: less than 20 bytes
2025-06-27T02:08:10.008464Z  DEBUG - HPACK: Decoding Huffman string, length=10, data=a0e41d139d09b8f81e07
2025-06-27T02:08:10.008495Z  DEBUG - Huffman decode: data.size=10, hex=a0e41d139d09b8f81e07
2025-06-27T02:08:10.008496Z  DEBUG - Huffman decode: Checking for potential EOS pattern in data
2025-06-27T02:08:10.008497Z  DEBUG - Huffman padding check: last_symbol_bit=76, total_bits=80, padding_bits=3
2025-06-27T02:08:10.008498Z  DEBUG - HPACK: Huffman decoded to: "localhost:9080"
2025-06-27T02:08:10.008501Z  DEBUG - Decoded headers before validation: [{":method", "GET"}, {":scheme", "http"}, {":path", "/"}, {":authority", "localhost:9080"}]
2025-06-27T02:08:10.008506Z  DEBUG - Validated headers: [{":method", "GET"}, {":scheme", "http"}, {":path", "/"}, {":authority", "localhost:9080"}]
2025-06-27T02:08:10.008507Z  DEBUG - Server received headers for stream 169, end_stream: true, headers_count: 4
2025-06-27T02:08:10.008510Z  DEBUG - Headers: [{":method", "GET"}, {":scheme", "http"}, {":path", "/"}, {":authority", "localhost:9080"}]
2025-06-27T02:08:10.008510Z  DEBUG - is_trailers=false, end_stream=true, stream.end_stream_received=true
2025-06-27T02:08:10.008510Z  DEBUG - Processing request immediately (headers with END_STREAM)
2025-06-27T02:08:10.008511Z  DEBUG - Successfully handled frame: HT2::HeadersFrame on stream 169
2025-06-27T02:08:10.008514Z  DEBUG - Reading frame header...
2025-06-27T02:08:10.008515Z  DEBUG - HEADERS frame parsing: payload_size=15, offset=0, padding=0, header_block_size=15
2025-06-27T02:08:10.008515Z  DEBUG - Header block hex: 828684418aa0e41d139d09b8f81e07
2025-06-27T02:08:10.008519Z  DEBUG - HEADERS frame: stream_id=171, flags=END_STREAM | END_HEADERS, padding=0, priority=nil, header_block_size=15
2025-06-27T02:08:10.008520Z  DEBUG - Full header block hex: 828684418aa0e41d139d09b8f81e07
2025-06-27T02:08:10.008520Z  DEBUG - Decoding HEADERS frame with block size: 15
2025-06-27T02:08:10.008520Z  DEBUG - First 20 bytes of header block: less than 20 bytes
2025-06-27T02:08:10.008521Z  DEBUG - HPACK: Decoding Huffman string, length=10, data=a0e41d139d09b8f81e07
2025-06-27T02:08:10.008553Z  DEBUG - Huffman decode: data.size=10, hex=a0e41d139d09b8f81e07
2025-06-27T02:08:10.008553Z  DEBUG - Huffman decode: Checking for potential EOS pattern in data
2025-06-27T02:08:10.008554Z  DEBUG - Huffman padding check: last_symbol_bit=76, total_bits=80, padding_bits=3
2025-06-27T02:08:10.008555Z  DEBUG - HPACK: Huffman decoded to: "localhost:9080"
2025-06-27T02:08:10.008559Z  DEBUG - Decoded headers before validation: [{":method", "GET"}, {":scheme", "http"}, {":path", "/"}, {":authority", "localhost:9080"}]
2025-06-27T02:08:10.008564Z  DEBUG - Validated headers: [{":method", "GET"}, {":scheme", "http"}, {":path", "/"}, {":authority", "localhost:9080"}]
2025-06-27T02:08:10.008565Z  DEBUG - Server received headers for stream 171, end_stream: true, headers_count: 4
2025-06-27T02:08:10.008568Z  DEBUG - Headers: [{":method", "GET"}, {":scheme", "http"}, {":path", "/"}, {":authority", "localhost:9080"}]
2025-06-27T02:08:10.008569Z  DEBUG - is_trailers=false, end_stream=true, stream.end_stream_received=true
2025-06-27T02:08:10.008569Z  DEBUG - Processing request immediately (headers with END_STREAM)
2025-06-27T02:08:10.008569Z  DEBUG - Successfully handled frame: HT2::HeadersFrame on stream 171
2025-06-27T02:08:10.008572Z  DEBUG - Reading frame header...
2025-06-27T02:08:10.008573Z  DEBUG - HEADERS frame parsing: payload_size=15, offset=0, padding=0, header_block_size=15
2025-06-27T02:08:10.008573Z  DEBUG - Header block hex: 828684418aa0e41d139d09b8f81e07
2025-06-27T02:08:10.008578Z  DEBUG - HEADERS frame: stream_id=173, flags=END_STREAM | END_HEADERS, padding=0, priority=nil, header_block_size=15
2025-06-27T02:08:10.008578Z  DEBUG - Full header block hex: 828684418aa0e41d139d09b8f81e07
2025-06-27T02:08:10.008578Z  DEBUG - Decoding HEADERS frame with block size: 15
2025-06-27T02:08:10.008579Z  DEBUG - First 20 bytes of header block: less than 20 bytes
2025-06-27T02:08:10.008579Z  DEBUG - HPACK: Decoding Huffman string, length=10, data=a0e41d139d09b8f81e07
2025-06-27T02:08:10.008612Z  DEBUG - Huffman decode: data.size=10, hex=a0e41d139d09b8f81e07
2025-06-27T02:08:10.008612Z  DEBUG - Huffman decode: Checking for potential EOS pattern in data
2025-06-27T02:08:10.008613Z  DEBUG - Huffman padding check: last_symbol_bit=76, total_bits=80, padding_bits=3
2025-06-27T02:08:10.008614Z  DEBUG - HPACK: Huffman decoded to: "localhost:9080"
2025-06-27T02:08:10.008617Z  DEBUG - Decoded headers before validation: [{":method", "GET"}, {":scheme", "http"}, {":path", "/"}, {":authority", "localhost:9080"}]
2025-06-27T02:08:10.008623Z  DEBUG - Validated headers: [{":method", "GET"}, {":scheme", "http"}, {":path", "/"}, {":authority", "localhost:9080"}]
2025-06-27T02:08:10.008624Z  DEBUG - Server received headers for stream 173, end_stream: true, headers_count: 4
2025-06-27T02:08:10.008626Z  DEBUG - Headers: [{":method", "GET"}, {":scheme", "http"}, {":path", "/"}, {":authority", "localhost:9080"}]
2025-06-27T02:08:10.008627Z  DEBUG - is_trailers=false, end_stream=true, stream.end_stream_received=true
2025-06-27T02:08:10.008627Z  DEBUG - Processing request immediately (headers with END_STREAM)
2025-06-27T02:08:10.008628Z  DEBUG - Successfully handled frame: HT2::HeadersFrame on stream 173
2025-06-27T02:08:10.008630Z  DEBUG - Reading frame header...
2025-06-27T02:08:10.008631Z  DEBUG - HEADERS frame parsing: payload_size=15, offset=0, padding=0, header_block_size=15
2025-06-27T02:08:10.008632Z  DEBUG - Header block hex: 828684418aa0e41d139d09b8f81e07
2025-06-27T02:08:10.008636Z  DEBUG - HEADERS frame: stream_id=175, flags=END_STREAM | END_HEADERS, padding=0, priority=nil, header_block_size=15
2025-06-27T02:08:10.008636Z  DEBUG - Full header block hex: 828684418aa0e41d139d09b8f81e07
2025-06-27T02:08:10.008637Z  DEBUG - Decoding HEADERS frame with block size: 15
2025-06-27T02:08:10.008637Z  DEBUG - First 20 bytes of header block: less than 20 bytes
2025-06-27T02:08:10.008638Z  DEBUG - HPACK: Decoding Huffman string, length=10, data=a0e41d139d09b8f81e07
2025-06-27T02:08:10.008674Z  DEBUG - Huffman decode: data.size=10, hex=a0e41d139d09b8f81e07
2025-06-27T02:08:10.008674Z  DEBUG - Huffman decode: Checking for potential EOS pattern in data
2025-06-27T02:08:10.008675Z  DEBUG - Huffman padding check: last_symbol_bit=76, total_bits=80, padding_bits=3
2025-06-27T02:08:10.008676Z  DEBUG - HPACK: Huffman decoded to: "localhost:9080"
2025-06-27T02:08:10.008679Z  DEBUG - Decoded headers before validation: [{":method", "GET"}, {":scheme", "http"}, {":path", "/"}, {":authority", "localhost:9080"}]
2025-06-27T02:08:10.008685Z  DEBUG - Validated headers: [{":method", "GET"}, {":scheme", "http"}, {":path", "/"}, {":authority", "localhost:9080"}]
2025-06-27T02:08:10.008686Z  DEBUG - Server received headers for stream 175, end_stream: true, headers_count: 4
2025-06-27T02:08:10.008689Z  DEBUG - Headers: [{":method", "GET"}, {":scheme", "http"}, {":path", "/"}, {":authority", "localhost:9080"}]
2025-06-27T02:08:10.008689Z  DEBUG - is_trailers=false, end_stream=true, stream.end_stream_received=true
2025-06-27T02:08:10.008689Z  DEBUG - Processing request immediately (headers with END_STREAM)
2025-06-27T02:08:10.008690Z  DEBUG - Successfully handled frame: HT2::HeadersFrame on stream 175
2025-06-27T02:08:10.008693Z  DEBUG - Reading frame header...
2025-06-27T02:08:10.008694Z  DEBUG - HEADERS frame parsing: payload_size=15, offset=0, padding=0, header_block_size=15
2025-06-27T02:08:10.008694Z  DEBUG - Header block hex: 828684418aa0e41d139d09b8f81e07
2025-06-27T02:08:10.008699Z  DEBUG - HEADERS frame: stream_id=177, flags=END_STREAM | END_HEADERS, padding=0, priority=nil, header_block_size=15
2025-06-27T02:08:10.008699Z  DEBUG - Full header block hex: 828684418aa0e41d139d09b8f81e07
2025-06-27T02:08:10.008699Z  DEBUG - Decoding HEADERS frame with block size: 15
2025-06-27T02:08:10.008700Z  DEBUG - First 20 bytes of header block: less than 20 bytes
2025-06-27T02:08:10.008700Z  DEBUG - HPACK: Decoding Huffman string, length=10, data=a0e41d139d09b8f81e07
2025-06-27T02:08:10.008734Z  DEBUG - Huffman decode: data.size=10, hex=a0e41d139d09b8f81e07
2025-06-27T02:08:10.008734Z  DEBUG - Huffman decode: Checking for potential EOS pattern in data
2025-06-27T02:08:10.008735Z  DEBUG - Huffman padding check: last_symbol_bit=76, total_bits=80, padding_bits=3
2025-06-27T02:08:10.008736Z  DEBUG - HPACK: Huffman decoded to: "localhost:9080"
2025-06-27T02:08:10.008739Z  DEBUG - Decoded headers before validation: [{":method", "GET"}, {":scheme", "http"}, {":path", "/"}, {":authority", "localhost:9080"}]
2025-06-27T02:08:10.008744Z  DEBUG - Validated headers: [{":method", "GET"}, {":scheme", "http"}, {":path", "/"}, {":authority", "localhost:9080"}]
2025-06-27T02:08:10.008745Z  DEBUG - Server received headers for stream 177, end_stream: true, headers_count: 4
2025-06-27T02:08:10.008748Z  DEBUG - Headers: [{":method", "GET"}, {":scheme", "http"}, {":path", "/"}, {":authority", "localhost:9080"}]
2025-06-27T02:08:10.008748Z  DEBUG - is_trailers=false, end_stream=true, stream.end_stream_received=true
2025-06-27T02:08:10.008748Z  DEBUG - Processing request immediately (headers with END_STREAM)
2025-06-27T02:08:10.008749Z  DEBUG - Successfully handled frame: HT2::HeadersFrame on stream 177
2025-06-27T02:08:10.008752Z  DEBUG - Reading frame header...
2025-06-27T02:08:10.008753Z  DEBUG - HEADERS frame parsing: payload_size=15, offset=0, padding=0, header_block_size=15
2025-06-27T02:08:10.008753Z  DEBUG - Header block hex: 828684418aa0e41d139d09b8f81e07
2025-06-27T02:08:10.008758Z  DEBUG - HEADERS frame: stream_id=179, flags=END_STREAM | END_HEADERS, padding=0, priority=nil, header_block_size=15
2025-06-27T02:08:10.008758Z  DEBUG - Full header block hex: 828684418aa0e41d139d09b8f81e07
2025-06-27T02:08:10.008758Z  DEBUG - Decoding HEADERS frame with block size: 15
2025-06-27T02:08:10.008758Z  DEBUG - First 20 bytes of header block: less than 20 bytes
2025-06-27T02:08:10.008759Z  DEBUG - HPACK: Decoding Huffman string, length=10, data=a0e41d139d09b8f81e07
2025-06-27T02:08:10.008793Z  DEBUG - Huffman decode: data.size=10, hex=a0e41d139d09b8f81e07
2025-06-27T02:08:10.008793Z  DEBUG - Huffman decode: Checking for potential EOS pattern in data
2025-06-27T02:08:10.008794Z  DEBUG - Huffman padding check: last_symbol_bit=76, total_bits=80, padding_bits=3
2025-06-27T02:08:10.008795Z  DEBUG - HPACK: Huffman decoded to: "localhost:9080"
2025-06-27T02:08:10.008798Z  DEBUG - Decoded headers before validation: [{":method", "GET"}, {":scheme", "http"}, {":path", "/"}, {":authority", "localhost:9080"}]
2025-06-27T02:08:10.008803Z  DEBUG - Validated headers: [{":method", "GET"}, {":scheme", "http"}, {":path", "/"}, {":authority", "localhost:9080"}]
2025-06-27T02:08:10.008804Z  DEBUG - Server received headers for stream 179, end_stream: true, headers_count: 4
2025-06-27T02:08:10.008807Z  DEBUG - Headers: [{":method", "GET"}, {":scheme", "http"}, {":path", "/"}, {":authority", "localhost:9080"}]
2025-06-27T02:08:10.008807Z  DEBUG - is_trailers=false, end_stream=true, stream.end_stream_received=true
2025-06-27T02:08:10.008808Z  DEBUG - Processing request immediately (headers with END_STREAM)
2025-06-27T02:08:10.008808Z  DEBUG - Successfully handled frame: HT2::HeadersFrame on stream 179
2025-06-27T02:08:10.008811Z  DEBUG - Reading frame header...
2025-06-27T02:08:10.008812Z  DEBUG - HEADERS frame parsing: payload_size=15, offset=0, padding=0, header_block_size=15
2025-06-27T02:08:10.008812Z  DEBUG - Header block hex: 828684418aa0e41d139d09b8f81e07
2025-06-27T02:08:10.008817Z  DEBUG - HEADERS frame: stream_id=181, flags=END_STREAM | END_HEADERS, padding=0, priority=nil, header_block_size=15
2025-06-27T02:08:10.008817Z  DEBUG - Full header block hex: 828684418aa0e41d139d09b8f81e07
2025-06-27T02:08:10.008817Z  DEBUG - Decoding HEADERS frame with block size: 15
2025-06-27T02:08:10.008818Z  DEBUG - First 20 bytes of header block: less than 20 bytes
2025-06-27T02:08:10.008818Z  DEBUG - HPACK: Decoding Huffman string, length=10, data=a0e41d139d09b8f81e07
2025-06-27T02:08:10.008854Z  DEBUG - Huffman decode: data.size=10, hex=a0e41d139d09b8f81e07
2025-06-27T02:08:10.008854Z  DEBUG - Huffman decode: Checking for potential EOS pattern in data
2025-06-27T02:08:10.008855Z  DEBUG - Huffman padding check: last_symbol_bit=76, total_bits=80, padding_bits=3
2025-06-27T02:08:10.008856Z  DEBUG - HPACK: Huffman decoded to: "localhost:9080"
2025-06-27T02:08:10.008859Z  DEBUG - Decoded headers before validation: [{":method", "GET"}, {":scheme", "http"}, {":path", "/"}, {":authority", "localhost:9080"}]
2025-06-27T02:08:10.008864Z  DEBUG - Validated headers: [{":method", "GET"}, {":scheme", "http"}, {":path", "/"}, {":authority", "localhost:9080"}]
2025-06-27T02:08:10.008865Z  DEBUG - Server received headers for stream 181, end_stream: true, headers_count: 4
2025-06-27T02:08:10.008868Z  DEBUG - Headers: [{":method", "GET"}, {":scheme", "http"}, {":path", "/"}, {":authority", "localhost:9080"}]
2025-06-27T02:08:10.008868Z  DEBUG - is_trailers=false, end_stream=true, stream.end_stream_received=true
2025-06-27T02:08:10.008868Z  DEBUG - Processing request immediately (headers with END_STREAM)
2025-06-27T02:08:10.008869Z  DEBUG - Successfully handled frame: HT2::HeadersFrame on stream 181
2025-06-27T02:08:10.008872Z  DEBUG - Reading frame header...
2025-06-27T02:08:10.008873Z  DEBUG - HEADERS frame parsing: payload_size=15, offset=0, padding=0, header_block_size=15
2025-06-27T02:08:10.008873Z  DEBUG - Header block hex: 828684418aa0e41d139d09b8f81e07
2025-06-27T02:08:10.008880Z  DEBUG - HEADERS frame: stream_id=183, flags=END_STREAM | END_HEADERS, padding=0, priority=nil, header_block_size=15
2025-06-27T02:08:10.008880Z  DEBUG - Full header block hex: 828684418aa0e41d139d09b8f81e07
2025-06-27T02:08:10.008881Z  DEBUG - Decoding HEADERS frame with block size: 15
2025-06-27T02:08:10.008881Z  DEBUG - First 20 bytes of header block: less than 20 bytes
2025-06-27T02:08:10.008882Z  DEBUG - HPACK: Decoding Huffman string, length=10, data=a0e41d139d09b8f81e07
2025-06-27T02:08:10.008917Z  DEBUG - Huffman decode: data.size=10, hex=a0e41d139d09b8f81e07
2025-06-27T02:08:10.008917Z  DEBUG - Huffman decode: Checking for potential EOS pattern in data
2025-06-27T02:08:10.008918Z  DEBUG - Huffman padding check: last_symbol_bit=76, total_bits=80, padding_bits=3
2025-06-27T02:08:10.008919Z  DEBUG - HPACK: Huffman decoded to: "localhost:9080"
2025-06-27T02:08:10.008922Z  DEBUG - Decoded headers before validation: [{":method", "GET"}, {":scheme", "http"}, {":path", "/"}, {":authority", "localhost:9080"}]
2025-06-27T02:08:10.008928Z  DEBUG - Validated headers: [{":method", "GET"}, {":scheme", "http"}, {":path", "/"}, {":authority", "localhost:9080"}]
2025-06-27T02:08:10.008929Z  DEBUG - Server received headers for stream 183, end_stream: true, headers_count: 4
2025-06-27T02:08:10.008931Z  DEBUG - Headers: [{":method", "GET"}, {":scheme", "http"}, {":path", "/"}, {":authority", "localhost:9080"}]
2025-06-27T02:08:10.008932Z  DEBUG - is_trailers=false, end_stream=true, stream.end_stream_received=true
2025-06-27T02:08:10.008932Z  DEBUG - Processing request immediately (headers with END_STREAM)
2025-06-27T02:08:10.008933Z  DEBUG - Successfully handled frame: HT2::HeadersFrame on stream 183
2025-06-27T02:08:10.008936Z  DEBUG - Reading frame header...
2025-06-27T02:08:10.008938Z  DEBUG - HEADERS frame parsing: payload_size=15, offset=0, padding=0, header_block_size=15
2025-06-27T02:08:10.008938Z  DEBUG - Header block hex: 828684418aa0e41d139d09b8f81e07
2025-06-27T02:08:10.008943Z  DEBUG - HEADERS frame: stream_id=185, flags=END_STREAM | END_HEADERS, padding=0, priority=nil, header_block_size=15
2025-06-27T02:08:10.008944Z  DEBUG - Full header block hex: 828684418aa0e41d139d09b8f81e07
2025-06-27T02:08:10.008944Z  DEBUG - Decoding HEADERS frame with block size: 15
2025-06-27T02:08:10.008944Z  DEBUG - First 20 bytes of header block: less than 20 bytes
2025-06-27T02:08:10.008945Z  DEBUG - HPACK: Decoding Huffman string, length=10, data=a0e41d139d09b8f81e07
2025-06-27T02:08:10.008977Z  DEBUG - Huffman decode: data.size=10, hex=a0e41d139d09b8f81e07
2025-06-27T02:08:10.008977Z  DEBUG - Huffman decode: Checking for potential EOS pattern in data
2025-06-27T02:08:10.008978Z  DEBUG - Huffman padding check: last_symbol_bit=76, total_bits=80, padding_bits=3
2025-06-27T02:08:10.008979Z  DEBUG - HPACK: Huffman decoded to: "localhost:9080"
2025-06-27T02:08:10.008982Z  DEBUG - Decoded headers before validation: [{":method", "GET"}, {":scheme", "http"}, {":path", "/"}, {":authority", "localhost:9080"}]
2025-06-27T02:08:10.008988Z  DEBUG - Validated headers: [{":method", "GET"}, {":scheme", "http"}, {":path", "/"}, {":authority", "localhost:9080"}]
2025-06-27T02:08:10.008989Z  DEBUG - Server received headers for stream 185, end_stream: true, headers_count: 4
2025-06-27T02:08:10.008992Z  DEBUG - Headers: [{":method", "GET"}, {":scheme", "http"}, {":path", "/"}, {":authority", "localhost:9080"}]
2025-06-27T02:08:10.008992Z  DEBUG - is_trailers=false, end_stream=true, stream.end_stream_received=true
2025-06-27T02:08:10.008992Z  DEBUG - Processing request immediately (headers with END_STREAM)
2025-06-27T02:08:10.008993Z  DEBUG - Successfully handled frame: HT2::HeadersFrame on stream 185
2025-06-27T02:08:10.008996Z  DEBUG - Reading frame header...
2025-06-27T02:08:10.008997Z  DEBUG - HEADERS frame parsing: payload_size=15, offset=0, padding=0, header_block_size=15
2025-06-27T02:08:10.008997Z  DEBUG - Header block hex: 828684418aa0e41d139d09b8f81e07
2025-06-27T02:08:10.009002Z  DEBUG - HEADERS frame: stream_id=187, flags=END_STREAM | END_HEADERS, padding=0, priority=nil, header_block_size=15
2025-06-27T02:08:10.009002Z  DEBUG - Full header block hex: 828684418aa0e41d139d09b8f81e07
2025-06-27T02:08:10.009002Z  DEBUG - Decoding HEADERS frame with block size: 15
2025-06-27T02:08:10.009002Z  DEBUG - First 20 bytes of header block: less than 20 bytes
2025-06-27T02:08:10.009003Z  DEBUG - HPACK: Decoding Huffman string, length=10, data=a0e41d139d09b8f81e07
2025-06-27T02:08:10.009042Z  DEBUG - Huffman decode: data.size=10, hex=a0e41d139d09b8f81e07
2025-06-27T02:08:10.009042Z  DEBUG - Huffman decode: Checking for potential EOS pattern in data
2025-06-27T02:08:10.009043Z  DEBUG - Huffman padding check: last_symbol_bit=76, total_bits=80, padding_bits=3
2025-06-27T02:08:10.009044Z  DEBUG - HPACK: Huffman decoded to: "localhost:9080"
2025-06-27T02:08:10.009047Z  DEBUG - Decoded headers before validation: [{":method", "GET"}, {":scheme", "http"}, {":path", "/"}, {":authority", "localhost:9080"}]
2025-06-27T02:08:10.009052Z  DEBUG - Validated headers: [{":method", "GET"}, {":scheme", "http"}, {":path", "/"}, {":authority", "localhost:9080"}]
2025-06-27T02:08:10.009053Z  DEBUG - Server received headers for stream 187, end_stream: true, headers_count: 4
2025-06-27T02:08:10.009056Z  DEBUG - Headers: [{":method", "GET"}, {":scheme", "http"}, {":path", "/"}, {":authority", "localhost:9080"}]
2025-06-27T02:08:10.009057Z  DEBUG - is_trailers=false, end_stream=true, stream.end_stream_received=true
2025-06-27T02:08:10.009057Z  DEBUG - Processing request immediately (headers with END_STREAM)
2025-06-27T02:08:10.009057Z  DEBUG - Successfully handled frame: HT2::HeadersFrame on stream 187
2025-06-27T02:08:10.009060Z  DEBUG - Reading frame header...
2025-06-27T02:08:10.009063Z  DEBUG - HEADERS frame parsing: payload_size=15, offset=0, padding=0, header_block_size=15
2025-06-27T02:08:10.009063Z  DEBUG - Header block hex: 828684418aa0e41d139d09b8f81e07
2025-06-27T02:08:10.009068Z  DEBUG - HEADERS frame: stream_id=189, flags=END_STREAM | END_HEADERS, padding=0, priority=nil, header_block_size=15
2025-06-27T02:08:10.009068Z  DEBUG - Full header block hex: 828684418aa0e41d139d09b8f81e07
2025-06-27T02:08:10.009068Z  DEBUG - Decoding HEADERS frame with block size: 15
2025-06-27T02:08:10.009068Z  DEBUG - First 20 bytes of header block: less than 20 bytes
2025-06-27T02:08:10.009069Z  DEBUG - HPACK: Decoding Huffman string, length=10, data=a0e41d139d09b8f81e07
2025-06-27T02:08:10.009101Z  DEBUG - Huffman decode: data.size=10, hex=a0e41d139d09b8f81e07
2025-06-27T02:08:10.009101Z  DEBUG - Huffman decode: Checking for potential EOS pattern in data
2025-06-27T02:08:10.009102Z  DEBUG - Huffman padding check: last_symbol_bit=76, total_bits=80, padding_bits=3
2025-06-27T02:08:10.009103Z  DEBUG - HPACK: Huffman decoded to: "localhost:9080"
2025-06-27T02:08:10.009106Z  DEBUG - Decoded headers before validation: [{":method", "GET"}, {":scheme", "http"}, {":path", "/"}, {":authority", "localhost:9080"}]
2025-06-27T02:08:10.009112Z  DEBUG - Validated headers: [{":method", "GET"}, {":scheme", "http"}, {":path", "/"}, {":authority", "localhost:9080"}]
2025-06-27T02:08:10.009113Z  DEBUG - Server received headers for stream 189, end_stream: true, headers_count: 4
2025-06-27T02:08:10.009116Z  DEBUG - Headers: [{":method", "GET"}, {":scheme", "http"}, {":path", "/"}, {":authority", "localhost:9080"}]
2025-06-27T02:08:10.009116Z  DEBUG - is_trailers=false, end_stream=true, stream.end_stream_received=true
2025-06-27T02:08:10.009116Z  DEBUG - Processing request immediately (headers with END_STREAM)
2025-06-27T02:08:10.009117Z  DEBUG - Successfully handled frame: HT2::HeadersFrame on stream 189
2025-06-27T02:08:10.009120Z  DEBUG - Reading frame header...
2025-06-27T02:08:10.009121Z  DEBUG - HEADERS frame parsing: payload_size=15, offset=0, padding=0, header_block_size=15
2025-06-27T02:08:10.009121Z  DEBUG - Header block hex: 828684418aa0e41d139d09b8f81e07
2025-06-27T02:08:10.009126Z  DEBUG - HEADERS frame: stream_id=191, flags=END_STREAM | END_HEADERS, padding=0, priority=nil, header_block_size=15
2025-06-27T02:08:10.009127Z  DEBUG - Full header block hex: 828684418aa0e41d139d09b8f81e07
2025-06-27T02:08:10.009127Z  DEBUG - Decoding HEADERS frame with block size: 15
2025-06-27T02:08:10.009127Z  DEBUG - First 20 bytes of header block: less than 20 bytes
2025-06-27T02:08:10.009128Z  DEBUG - HPACK: Decoding Huffman string, length=10, data=a0e41d139d09b8f81e07
2025-06-27T02:08:10.009160Z  DEBUG - Huffman decode: data.size=10, hex=a0e41d139d09b8f81e07
2025-06-27T02:08:10.009160Z  DEBUG - Huffman decode: Checking for potential EOS pattern in data
2025-06-27T02:08:10.009161Z  DEBUG - Huffman padding check: last_symbol_bit=76, total_bits=80, padding_bits=3
2025-06-27T02:08:10.009162Z  DEBUG - HPACK: Huffman decoded to: "localhost:9080"
2025-06-27T02:08:10.009165Z  DEBUG - Decoded headers before validation: [{":method", "GET"}, {":scheme", "http"}, {":path", "/"}, {":authority", "localhost:9080"}]
2025-06-27T02:08:10.009170Z  DEBUG - Validated headers: [{":method", "GET"}, {":scheme", "http"}, {":path", "/"}, {":authority", "localhost:9080"}]
2025-06-27T02:08:10.009172Z  DEBUG - Server received headers for stream 191, end_stream: true, headers_count: 4
2025-06-27T02:08:10.009175Z  DEBUG - Headers: [{":method", "GET"}, {":scheme", "http"}, {":path", "/"}, {":authority", "localhost:9080"}]
2025-06-27T02:08:10.009175Z  DEBUG - is_trailers=false, end_stream=true, stream.end_stream_received=true
2025-06-27T02:08:10.009175Z  DEBUG - Processing request immediately (headers with END_STREAM)
2025-06-27T02:08:10.009176Z  DEBUG - Successfully handled frame: HT2::HeadersFrame on stream 191
2025-06-27T02:08:10.009179Z  DEBUG - Reading frame header...
2025-06-27T02:08:10.009180Z  DEBUG - HEADERS frame parsing: payload_size=15, offset=0, padding=0, header_block_size=15
2025-06-27T02:08:10.009180Z  DEBUG - Header block hex: 828684418aa0e41d139d09b8f81e07
2025-06-27T02:08:10.009186Z  DEBUG - HEADERS frame: stream_id=193, flags=END_STREAM | END_HEADERS, padding=0, priority=nil, header_block_size=15
2025-06-27T02:08:10.009186Z  DEBUG - Full header block hex: 828684418aa0e41d139d09b8f81e07
2025-06-27T02:08:10.009186Z  DEBUG - Decoding HEADERS frame with block size: 15
2025-06-27T02:08:10.009187Z  DEBUG - First 20 bytes of header block: less than 20 bytes
2025-06-27T02:08:10.009188Z  DEBUG - HPACK: Decoding Huffman string, length=10, data=a0e41d139d09b8f81e07
2025-06-27T02:08:10.009222Z  DEBUG - Huffman decode: data.size=10, hex=a0e41d139d09b8f81e07
2025-06-27T02:08:10.009222Z  DEBUG - Huffman decode: Checking for potential EOS pattern in data
2025-06-27T02:08:10.009223Z  DEBUG - Huffman padding check: last_symbol_bit=76, total_bits=80, padding_bits=3
2025-06-27T02:08:10.009224Z  DEBUG - HPACK: Huffman decoded to: "localhost:9080"
2025-06-27T02:08:10.009227Z  DEBUG - Decoded headers before validation: [{":method", "GET"}, {":scheme", "http"}, {":path", "/"}, {":authority", "localhost:9080"}]
2025-06-27T02:08:10.009233Z  DEBUG - Validated headers: [{":method", "GET"}, {":scheme", "http"}, {":path", "/"}, {":authority", "localhost:9080"}]
2025-06-27T02:08:10.009234Z  DEBUG - Server received headers for stream 193, end_stream: true, headers_count: 4
2025-06-27T02:08:10.009236Z  DEBUG - Headers: [{":method", "GET"}, {":scheme", "http"}, {":path", "/"}, {":authority", "localhost:9080"}]
2025-06-27T02:08:10.009237Z  DEBUG - is_trailers=false, end_stream=true, stream.end_stream_received=true
2025-06-27T02:08:10.009237Z  DEBUG - Processing request immediately (headers with END_STREAM)
2025-06-27T02:08:10.009237Z  DEBUG - Successfully handled frame: HT2::HeadersFrame on stream 193
2025-06-27T02:08:10.009241Z  DEBUG - Reading frame header...
2025-06-27T02:08:10.009241Z  DEBUG - HEADERS frame parsing: payload_size=15, offset=0, padding=0, header_block_size=15
2025-06-27T02:08:10.009242Z  DEBUG - Header block hex: 828684418aa0e41d139d09b8f81e07
2025-06-27T02:08:10.009247Z  DEBUG - HEADERS frame: stream_id=195, flags=END_STREAM | END_HEADERS, padding=0, priority=nil, header_block_size=15
2025-06-27T02:08:10.009247Z  DEBUG - Full header block hex: 828684418aa0e41d139d09b8f81e07
2025-06-27T02:08:10.009247Z  DEBUG - Decoding HEADERS frame with block size: 15
2025-06-27T02:08:10.009247Z  DEBUG - First 20 bytes of header block: less than 20 bytes
2025-06-27T02:08:10.009248Z  DEBUG - HPACK: Decoding Huffman string, length=10, data=a0e41d139d09b8f81e07
2025-06-27T02:08:10.009284Z  DEBUG - Huffman decode: data.size=10, hex=a0e41d139d09b8f81e07
2025-06-27T02:08:10.009284Z  DEBUG - Huffman decode: Checking for potential EOS pattern in data
2025-06-27T02:08:10.009285Z  DEBUG - Huffman padding check: last_symbol_bit=76, total_bits=80, padding_bits=3
2025-06-27T02:08:10.009285Z  DEBUG - HPACK: Huffman decoded to: "localhost:9080"
2025-06-27T02:08:10.009289Z  DEBUG - Decoded headers before validation: [{":method", "GET"}, {":scheme", "http"}, {":path", "/"}, {":authority", "localhost:9080"}]
2025-06-27T02:08:10.009294Z  DEBUG - Validated headers: [{":method", "GET"}, {":scheme", "http"}, {":path", "/"}, {":authority", "localhost:9080"}]
2025-06-27T02:08:10.009301Z  DEBUG - Server received headers for stream 195, end_stream: true, headers_count: 4
2025-06-27T02:08:10.009304Z  DEBUG - Headers: [{":method", "GET"}, {":scheme", "http"}, {":path", "/"}, {":authority", "localhost:9080"}]
2025-06-27T02:08:10.009304Z  DEBUG - is_trailers=false, end_stream=true, stream.end_stream_received=true
2025-06-27T02:08:10.009304Z  DEBUG - Processing request immediately (headers with END_STREAM)
2025-06-27T02:08:10.009305Z  DEBUG - Successfully handled frame: HT2::HeadersFrame on stream 195
2025-06-27T02:08:10.009308Z  DEBUG - Reading frame header...
2025-06-27T02:08:10.009309Z  DEBUG - HEADERS frame parsing: payload_size=15, offset=0, padding=0, header_block_size=15
2025-06-27T02:08:10.009309Z  DEBUG - Header block hex: 828684418aa0e41d139d09b8f81e07
2025-06-27T02:08:10.009314Z  DEBUG - HEADERS frame: stream_id=197, flags=END_STREAM | END_HEADERS, padding=0, priority=nil, header_block_size=15
2025-06-27T02:08:10.009315Z  DEBUG - Full header block hex: 828684418aa0e41d139d09b8f81e07
2025-06-27T02:08:10.009315Z  DEBUG - Decoding HEADERS frame with block size: 15
2025-06-27T02:08:10.009315Z  DEBUG - First 20 bytes of header block: less than 20 bytes
2025-06-27T02:08:10.009316Z  DEBUG - HPACK: Decoding Huffman string, length=10, data=a0e41d139d09b8f81e07
2025-06-27T02:08:10.009349Z  DEBUG - Huffman decode: data.size=10, hex=a0e41d139d09b8f81e07
2025-06-27T02:08:10.009349Z  DEBUG - Huffman decode: Checking for potential EOS pattern in data
2025-06-27T02:08:10.009350Z  DEBUG - Huffman padding check: last_symbol_bit=76, total_bits=80, padding_bits=3
2025-06-27T02:08:10.009351Z  DEBUG - HPACK: Huffman decoded to: "localhost:9080"
2025-06-27T02:08:10.009354Z  DEBUG - Decoded headers before validation: [{":method", "GET"}, {":scheme", "http"}, {":path", "/"}, {":authority", "localhost:9080"}]
2025-06-27T02:08:10.009359Z  DEBUG - Validated headers: [{":method", "GET"}, {":scheme", "http"}, {":path", "/"}, {":authority", "localhost:9080"}]
2025-06-27T02:08:10.009360Z  DEBUG - Server received headers for stream 197, end_stream: true, headers_count: 4
2025-06-27T02:08:10.009363Z  DEBUG - Headers: [{":method", "GET"}, {":scheme", "http"}, {":path", "/"}, {":authority", "localhost:9080"}]
2025-06-27T02:08:10.009364Z  DEBUG - is_trailers=false, end_stream=true, stream.end_stream_received=true
2025-06-27T02:08:10.009364Z  DEBUG - Processing request immediately (headers with END_STREAM)
2025-06-27T02:08:10.009365Z  DEBUG - Successfully handled frame: HT2::HeadersFrame on stream 197
2025-06-27T02:08:10.009368Z  DEBUG - Reading frame header...
2025-06-27T02:08:10.009369Z  DEBUG - HEADERS frame parsing: payload_size=15, offset=0, padding=0, header_block_size=15
2025-06-27T02:08:10.009369Z  DEBUG - Header block hex: 828684418aa0e41d139d09b8f81e07
2025-06-27T02:08:10.009374Z  DEBUG - HEADERS frame: stream_id=199, flags=END_STREAM | END_HEADERS, padding=0, priority=nil, header_block_size=15
2025-06-27T02:08:10.009374Z  DEBUG - Full header block hex: 828684418aa0e41d139d09b8f81e07
2025-06-27T02:08:10.009374Z  DEBUG - Decoding HEADERS frame with block size: 15
2025-06-27T02:08:10.009375Z  DEBUG - First 20 bytes of header block: less than 20 bytes
2025-06-27T02:08:10.009375Z  DEBUG - HPACK: Decoding Huffman string, length=10, data=a0e41d139d09b8f81e07
2025-06-27T02:08:10.009408Z  DEBUG - Huffman decode: data.size=10, hex=a0e41d139d09b8f81e07
2025-06-27T02:08:10.009408Z  DEBUG - Huffman decode: Checking for potential EOS pattern in data
2025-06-27T02:08:10.009409Z  DEBUG - Huffman padding check: last_symbol_bit=76, total_bits=80, padding_bits=3
2025-06-27T02:08:10.009410Z  DEBUG - HPACK: Huffman decoded to: "localhost:9080"
2025-06-27T02:08:10.009413Z  DEBUG - Decoded headers before validation: [{":method", "GET"}, {":scheme", "http"}, {":path", "/"}, {":authority", "localhost:9080"}]
2025-06-27T02:08:10.009418Z  DEBUG - Validated headers: [{":method", "GET"}, {":scheme", "http"}, {":path", "/"}, {":authority", "localhost:9080"}]
2025-06-27T02:08:10.009419Z  DEBUG - Server received headers for stream 199, end_stream: true, headers_count: 4
2025-06-27T02:08:10.009422Z  DEBUG - Headers: [{":method", "GET"}, {":scheme", "http"}, {":path", "/"}, {":authority", "localhost:9080"}]
2025-06-27T02:08:10.009423Z  DEBUG - is_trailers=false, end_stream=true, stream.end_stream_received=true
2025-06-27T02:08:10.009423Z  DEBUG - Processing request immediately (headers with END_STREAM)
2025-06-27T02:08:10.009423Z  DEBUG - Successfully handled frame: HT2::HeadersFrame on stream 199
2025-06-27T02:08:10.009427Z  DEBUG - Reading frame header...
2025-06-27T02:08:10.009428Z  DEBUG - HEADERS frame parsing: payload_size=15, offset=0, padding=0, header_block_size=15
2025-06-27T02:08:10.009428Z  DEBUG - Header block hex: 828684418aa0e41d139d09b8f81e07
2025-06-27T02:08:10.009431Z   WARN - Banning connection 127.0.0.1: Exceeded stream creation rate
2025-06-27T02:08:10.009443Z  DEBUG - Read loop connection error: ENHANCE_YOUR_CALM - Stream creation rate limit exceeded
2025-06-27T02:08:10.014575Z  DEBUG - Handling stream 1 with headers: [{":method", "GET"}, {":scheme", "http"}, {":path", "/"}, {":authority", "localhost:9080"}]
2025-06-27T02:08:10.014576Z  DEBUG - Created request for stream 1: GET /
2025-06-27T02:08:10.014576Z   INFO - Request: GET /
2025-06-27T02:08:10.014577Z  DEBUG - Response.send_headers called, end_stream=false, headers_sent=false
2025-06-27T02:08:10.014578Z  DEBUG - Response: Sending 2 headers
2025-06-27T02:08:10.014579Z  DEBUG - Stream 1: send_headers called with 2 headers, end_stream=false
2025-06-27T02:08:10.014582Z  DEBUG - Stream 1: Sending HEADERS frame with flags=END_HEADERS, header_block_size=13
2025-06-27T02:08:10.014587Z  DEBUG - Stream 1: send_headers completed, new state=HALF_CLOSED_REMOTE
2025-06-27T02:08:10.014587Z  DEBUG - Response.write: Sending 100 bytes of data
2025-06-27T02:08:10.014588Z  DEBUG - Response.write: stream_window=0, conn_window=65535, available=0
2025-06-27T02:08:10.014589Z  DEBUG - Stream.send_chunks: Starting to send 100 bytes in chunks of 0
2025-06-27T02:08:10.014589Z  DEBUG - Stream.send_chunks: No window available, waiting...
2025-06-27T02:08:10.014595Z  DEBUG - Handling stream 3 with headers: [{":method", "GET"}, {":scheme", "http"}, {":path", "/"}, {":authority", "localhost:9080"}]
2025-06-27T02:08:10.014596Z  DEBUG - Created request for stream 3: GET /
2025-06-27T02:08:10.014596Z   INFO - Request: GET /
2025-06-27T02:08:10.014597Z  DEBUG - Response.send_headers called, end_stream=false, headers_sent=false
2025-06-27T02:08:10.014597Z  DEBUG - Response: Sending 2 headers
2025-06-27T02:08:10.014598Z  DEBUG - Stream 3: send_headers called with 2 headers, end_stream=false
2025-06-27T02:08:10.014599Z  DEBUG - Stream 3: Sending HEADERS frame with flags=END_HEADERS, header_block_size=2
2025-06-27T02:08:10.014602Z  DEBUG - Stream 3: send_headers completed, new state=HALF_CLOSED_REMOTE
2025-06-27T02:08:10.014602Z  DEBUG - Response.write: Sending 100 bytes of data
2025-06-27T02:08:10.014603Z  DEBUG - Response.write: stream_window=0, conn_window=65535, available=0
2025-06-27T02:08:10.014604Z  DEBUG - Stream.send_chunks: Starting to send 100 bytes in chunks of 0
2025-06-27T02:08:10.014604Z  DEBUG - Stream.send_chunks: No window available, waiting...
2025-06-27T02:08:10.014612Z  DEBUG - Handling stream 5 with headers: [{":method", "GET"}, {":scheme", "http"}, {":path", "/"}, {":authority", "localhost:9080"}]
2025-06-27T02:08:10.014613Z  DEBUG - Created request for stream 5: GET /
2025-06-27T02:08:10.014613Z   INFO - Request: GET /
2025-06-27T02:08:10.014614Z  DEBUG - Response.send_headers called, end_stream=false, headers_sent=false
2025-06-27T02:08:10.014614Z  DEBUG - Response: Sending 2 headers
2025-06-27T02:08:10.014615Z  DEBUG - Stream 5: send_headers called with 2 headers, end_stream=false
2025-06-27T02:08:10.014616Z  DEBUG - Stream 5: Sending HEADERS frame with flags=END_HEADERS, header_block_size=2
2025-06-27T02:08:10.014618Z  DEBUG - Stream 5: send_headers completed, new state=HALF_CLOSED_REMOTE
2025-06-27T02:08:10.014619Z  DEBUG - Response.write: Sending 100 bytes of data
2025-06-27T02:08:10.014619Z  DEBUG - Response.write: stream_window=0, conn_window=65535, available=0
2025-06-27T02:08:10.014620Z  DEBUG - Stream.send_chunks: Starting to send 100 bytes in chunks of 0
2025-06-27T02:08:10.014620Z  DEBUG - Stream.send_chunks: No window available, waiting...
2025-06-27T02:08:10.014627Z  DEBUG - Handling stream 7 with headers: [{":method", "GET"}, {":scheme", "http"}, {":path", "/"}, {":authority", "localhost:9080"}]
2025-06-27T02:08:10.014628Z  DEBUG - Created request for stream 7: GET /
2025-06-27T02:08:10.014628Z   INFO - Request: GET /
2025-06-27T02:08:10.014629Z  DEBUG - Response.send_headers called, end_stream=false, headers_sent=false
2025-06-27T02:08:10.014630Z  DEBUG - Response: Sending 2 headers
2025-06-27T02:08:10.014630Z  DEBUG - Stream 7: send_headers called with 2 headers, end_stream=false
2025-06-27T02:08:10.014632Z  DEBUG - Stream 7: Sending HEADERS frame with flags=END_HEADERS, header_block_size=2
2025-06-27T02:08:10.014638Z  DEBUG - Stream 7: send_headers completed, new state=HALF_CLOSED_REMOTE
2025-06-27T02:08:10.014639Z  DEBUG - Response.write: Sending 100 bytes of data
2025-06-27T02:08:10.014639Z  DEBUG - Response.write: stream_window=0, conn_window=65535, available=0
2025-06-27T02:08:10.014640Z  DEBUG - Stream.send_chunks: Starting to send 100 bytes in chunks of 0
2025-06-27T02:08:10.014641Z  DEBUG - Stream.send_chunks: No window available, waiting...
2025-06-27T02:08:10.014648Z  DEBUG - Handling stream 9 with headers: [{":method", "GET"}, {":scheme", "http"}, {":path", "/"}, {":authority", "localhost:9080"}]
2025-06-27T02:08:10.014649Z  DEBUG - Created request for stream 9: GET /
2025-06-27T02:08:10.014649Z   INFO - Request: GET /
2025-06-27T02:08:10.014650Z  DEBUG - Response.send_headers called, end_stream=false, headers_sent=false
2025-06-27T02:08:10.014650Z  DEBUG - Response: Sending 2 headers
2025-06-27T02:08:10.014651Z  DEBUG - Stream 9: send_headers called with 2 headers, end_stream=false
2025-06-27T02:08:10.014653Z  DEBUG - Stream 9: Sending HEADERS frame with flags=END_HEADERS, header_block_size=2
2025-06-27T02:08:10.014656Z  DEBUG - Stream 9: send_headers completed, new state=HALF_CLOSED_REMOTE
2025-06-27T02:08:10.014656Z  DEBUG - Response.write: Sending 100 bytes of data
2025-06-27T02:08:10.014657Z  DEBUG - Response.write: stream_window=0, conn_window=65535, available=0
2025-06-27T02:08:10.014658Z  DEBUG - Stream.send_chunks: Starting to send 100 bytes in chunks of 0
2025-06-27T02:08:10.014658Z  DEBUG - Stream.send_chunks: No window available, waiting...
2025-06-27T02:08:10.014668Z  DEBUG - Handling stream 11 with headers: [{":method", "GET"}, {":scheme", "http"}, {":path", "/"}, {":authority", "localhost:9080"}]
2025-06-27T02:08:10.014669Z  DEBUG - Created request for stream 11: GET /
2025-06-27T02:08:10.014669Z   INFO - Request: GET /
2025-06-27T02:08:10.014670Z  DEBUG - Response.send_headers called, end_stream=false, headers_sent=false
2025-06-27T02:08:10.014671Z  DEBUG - Response: Sending 2 headers
2025-06-27T02:08:10.014672Z  DEBUG - Stream 11: send_headers called with 2 headers, end_stream=false
2025-06-27T02:08:10.014673Z  DEBUG - Stream 11: Sending HEADERS frame with flags=END_HEADERS, header_block_size=2
2025-06-27T02:08:10.014680Z  DEBUG - Stream 11: send_headers completed, new state=HALF_CLOSED_REMOTE
2025-06-27T02:08:10.014680Z  DEBUG - Response.write: Sending 100 bytes of data
2025-06-27T02:08:10.014681Z  DEBUG - Response.write: stream_window=0, conn_window=65535, available=0
2025-06-27T02:08:10.014682Z  DEBUG - Stream.send_chunks: Starting to send 100 bytes in chunks of 0
2025-06-27T02:08:10.014683Z  DEBUG - Stream.send_chunks: No window available, waiting...
2025-06-27T02:08:10.014691Z  DEBUG - Handling stream 13 with headers: [{":method", "GET"}, {":scheme", "http"}, {":path", "/"}, {":authority", "localhost:9080"}]
2025-06-27T02:08:10.014692Z  DEBUG - Created request for stream 13: GET /
2025-06-27T02:08:10.014693Z   INFO - Request: GET /
2025-06-27T02:08:10.014693Z  DEBUG - Response.send_headers called, end_stream=false, headers_sent=false
2025-06-27T02:08:10.014694Z  DEBUG - Response: Sending 2 headers
2025-06-27T02:08:10.014695Z  DEBUG - Stream 13: send_headers called with 2 headers, end_stream=false
2025-06-27T02:08:10.014696Z  DEBUG - Stream 13: Sending HEADERS frame with flags=END_HEADERS, header_block_size=2
2025-06-27T02:08:10.014703Z  DEBUG - Stream 13: send_headers completed, new state=HALF_CLOSED_REMOTE
2025-06-27T02:08:10.014703Z  DEBUG - Response.write: Sending 100 bytes of data
2025-06-27T02:08:10.014703Z  DEBUG - Response.write: stream_window=0, conn_window=65535, available=0
2025-06-27T02:08:10.014705Z  DEBUG - Stream.send_chunks: Starting to send 100 bytes in chunks of 0
2025-06-27T02:08:10.014706Z  DEBUG - Stream.send_chunks: No window available, waiting...
2025-06-27T02:08:10.014713Z  DEBUG - Handling stream 15 with headers: [{":method", "GET"}, {":scheme", "http"}, {":path", "/"}, {":authority", "localhost:9080"}]
2025-06-27T02:08:10.014714Z  DEBUG - Created request for stream 15: GET /
2025-06-27T02:08:10.014715Z   INFO - Request: GET /
2025-06-27T02:08:10.014716Z  DEBUG - Response.send_headers called, end_stream=false, headers_sent=false
2025-06-27T02:08:10.014717Z  DEBUG - Response: Sending 2 headers
2025-06-27T02:08:10.014717Z  DEBUG - Stream 15: send_headers called with 2 headers, end_stream=false
2025-06-27T02:08:10.014719Z  DEBUG - Stream 15: Sending HEADERS frame with flags=END_HEADERS, header_block_size=2
2025-06-27T02:08:10.014725Z  DEBUG - Stream 15: send_headers completed, new state=HALF_CLOSED_REMOTE
2025-06-27T02:08:10.014726Z  DEBUG - Response.write: Sending 100 bytes of data
2025-06-27T02:08:10.014726Z  DEBUG - Response.write: stream_window=0, conn_window=65535, available=0
2025-06-27T02:08:10.014728Z  DEBUG - Stream.send_chunks: Starting to send 100 bytes in chunks of 0
2025-06-27T02:08:10.014728Z  DEBUG - Stream.send_chunks: No window available, waiting...
2025-06-27T02:08:10.014738Z  DEBUG - Handling stream 17 with headers: [{":method", "GET"}, {":scheme", "http"}, {":path", "/"}, {":authority", "localhost:9080"}]
2025-06-27T02:08:10.014739Z  DEBUG - Created request for stream 17: GET /
2025-06-27T02:08:10.014740Z   INFO - Request: GET /
2025-06-27T02:08:10.014742Z  DEBUG - Response.send_headers called, end_stream=false, headers_sent=false
2025-06-27T02:08:10.014743Z  DEBUG - Response: Sending 2 headers
2025-06-27T02:08:10.014744Z  DEBUG - Stream 17: send_headers called with 2 headers, end_stream=false
2025-06-27T02:08:10.014745Z  DEBUG - Stream 17: Sending HEADERS frame with flags=END_HEADERS, header_block_size=2
2025-06-27T02:08:10.014749Z  DEBUG - Stream 17: send_headers completed, new state=HALF_CLOSED_REMOTE
2025-06-27T02:08:10.014749Z  DEBUG - Response.write: Sending 100 bytes of data
2025-06-27T02:08:10.014750Z  DEBUG - Response.write: stream_window=0, conn_window=65535, available=0
2025-06-27T02:08:10.014751Z  DEBUG - Stream.send_chunks: Starting to send 100 bytes in chunks of 0
2025-06-27T02:08:10.014751Z  DEBUG - Stream.send_chunks: No window available, waiting...
2025-06-27T02:08:10.014759Z  DEBUG - Handling stream 19 with headers: [{":method", "GET"}, {":scheme", "http"}, {":path", "/"}, {":authority", "localhost:9080"}]
2025-06-27T02:08:10.014760Z  DEBUG - Created request for stream 19: GET /
2025-06-27T02:08:10.014761Z   INFO - Request: GET /
2025-06-27T02:08:10.014761Z  DEBUG - Response.send_headers called, end_stream=false, headers_sent=false
2025-06-27T02:08:10.014762Z  DEBUG - Response: Sending 2 headers
2025-06-27T02:08:10.014763Z  DEBUG - Stream 19: send_headers called with 2 headers, end_stream=false
2025-06-27T02:08:10.014764Z  DEBUG - Stream 19: Sending HEADERS frame with flags=END_HEADERS, header_block_size=2
2025-06-27T02:08:10.014770Z  DEBUG - Stream 19: send_headers completed, new state=HALF_CLOSED_REMOTE
2025-06-27T02:08:10.014770Z  DEBUG - Response.write: Sending 100 bytes of data
2025-06-27T02:08:10.014771Z  DEBUG - Response.write: stream_window=0, conn_window=65535, available=0
2025-06-27T02:08:10.014772Z  DEBUG - Stream.send_chunks: Starting to send 100 bytes in chunks of 0
2025-06-27T02:08:10.014773Z  DEBUG - Stream.send_chunks: No window available, waiting...
2025-06-27T02:08:10.014780Z  DEBUG - Handling stream 21 with headers: [{":method", "GET"}, {":scheme", "http"}, {":path", "/"}, {":authority", "localhost:9080"}]
2025-06-27T02:08:10.014781Z  DEBUG - Created request for stream 21: GET /
2025-06-27T02:08:10.014782Z   INFO - Request: GET /
2025-06-27T02:08:10.014783Z  DEBUG - Response.send_headers called, end_stream=false, headers_sent=false
2025-06-27T02:08:10.014784Z  DEBUG - Response: Sending 2 headers
2025-06-27T02:08:10.014784Z  DEBUG - Stream 21: send_headers called with 2 headers, end_stream=false
2025-06-27T02:08:10.014786Z  DEBUG - Stream 21: Sending HEADERS frame with flags=END_HEADERS, header_block_size=2
2025-06-27T02:08:10.014792Z  DEBUG - Stream 21: send_headers completed, new state=HALF_CLOSED_REMOTE
2025-06-27T02:08:10.014793Z  DEBUG - Response.write: Sending 100 bytes of data
2025-06-27T02:08:10.014793Z  DEBUG - Response.write: stream_window=0, conn_window=65535, available=0
2025-06-27T02:08:10.014797Z  DEBUG - Stream.send_chunks: Starting to send 100 bytes in chunks of 0
2025-06-27T02:08:10.014797Z  DEBUG - Stream.send_chunks: No window available, waiting...
2025-06-27T02:08:10.014804Z  DEBUG - Handling stream 23 with headers: [{":method", "GET"}, {":scheme", "http"}, {":path", "/"}, {":authority", "localhost:9080"}]
2025-06-27T02:08:10.014805Z  DEBUG - Created request for stream 23: GET /
2025-06-27T02:08:10.014805Z   INFO - Request: GET /
2025-06-27T02:08:10.014806Z  DEBUG - Response.send_headers called, end_stream=false, headers_sent=false
2025-06-27T02:08:10.014807Z  DEBUG - Response: Sending 2 headers
2025-06-27T02:08:10.014807Z  DEBUG - Stream 23: send_headers called with 2 headers, end_stream=false
2025-06-27T02:08:10.014808Z  DEBUG - Stream 23: Sending HEADERS frame with flags=END_HEADERS, header_block_size=2
2025-06-27T02:08:10.014811Z  DEBUG - Stream 23: send_headers completed, new state=HALF_CLOSED_REMOTE
2025-06-27T02:08:10.014811Z  DEBUG - Response.write: Sending 100 bytes of data
2025-06-27T02:08:10.014812Z  DEBUG - Response.write: stream_window=0, conn_window=65535, available=0
2025-06-27T02:08:10.014813Z  DEBUG - Stream.send_chunks: Starting to send 100 bytes in chunks of 0
2025-06-27T02:08:10.014813Z  DEBUG - Stream.send_chunks: No window available, waiting...
2025-06-27T02:08:10.014823Z  DEBUG - Handling stream 25 with headers: [{":method", "GET"}, {":scheme", "http"}, {":path", "/"}, {":authority", "localhost:9080"}]
2025-06-27T02:08:10.014824Z  DEBUG - Created request for stream 25: GET /
2025-06-27T02:08:10.014824Z   INFO - Request: GET /
2025-06-27T02:08:10.014825Z  DEBUG - Response.send_headers called, end_stream=false, headers_sent=false
2025-06-27T02:08:10.014826Z  DEBUG - Response: Sending 2 headers
2025-06-27T02:08:10.014826Z  DEBUG - Stream 25: send_headers called with 2 headers, end_stream=false
2025-06-27T02:08:10.014828Z  DEBUG - Stream 25: Sending HEADERS frame with flags=END_HEADERS, header_block_size=2
2025-06-27T02:08:10.014831Z  DEBUG - Stream 25: send_headers completed, new state=HALF_CLOSED_REMOTE
2025-06-27T02:08:10.014831Z  DEBUG - Response.write: Sending 100 bytes of data
2025-06-27T02:08:10.014832Z  DEBUG - Response.write: stream_window=0, conn_window=65535, available=0
2025-06-27T02:08:10.014833Z  DEBUG - Stream.send_chunks: Starting to send 100 bytes in chunks of 0
2025-06-27T02:08:10.014834Z  DEBUG - Stream.send_chunks: No window available, waiting...
2025-06-27T02:08:10.014842Z  DEBUG - Handling stream 27 with headers: [{":method", "GET"}, {":scheme", "http"}, {":path", "/"}, {":authority", "localhost:9080"}]
2025-06-27T02:08:10.014843Z  DEBUG - Created request for stream 27: GET /
2025-06-27T02:08:10.014843Z   INFO - Request: GET /
2025-06-27T02:08:10.014844Z  DEBUG - Response.send_headers called, end_stream=false, headers_sent=false
2025-06-27T02:08:10.014845Z  DEBUG - Response: Sending 2 headers
2025-06-27T02:08:10.014845Z  DEBUG - Stream 27: send_headers called with 2 headers, end_stream=false
2025-06-27T02:08:10.014849Z  DEBUG - Stream 27: Sending HEADERS frame with flags=END_HEADERS, header_block_size=2
2025-06-27T02:08:10.014858Z  DEBUG - Stream 27: send_headers completed, new state=HALF_CLOSED_REMOTE
2025-06-27T02:08:10.014859Z  DEBUG - Response.write: Sending 100 bytes of data
2025-06-27T02:08:10.014859Z  DEBUG - Response.write: stream_window=0, conn_window=65535, available=0
2025-06-27T02:08:10.014861Z  DEBUG - Stream.send_chunks: Starting to send 100 bytes in chunks of 0
2025-06-27T02:08:10.014861Z  DEBUG - Stream.send_chunks: No window available, waiting...
2025-06-27T02:08:10.014868Z  DEBUG - Handling stream 29 with headers: [{":method", "GET"}, {":scheme", "http"}, {":path", "/"}, {":authority", "localhost:9080"}]
2025-06-27T02:08:10.014869Z  DEBUG - Created request for stream 29: GET /
2025-06-27T02:08:10.014870Z   INFO - Request: GET /
2025-06-27T02:08:10.014871Z  DEBUG - Response.send_headers called, end_stream=false, headers_sent=false
2025-06-27T02:08:10.014871Z  DEBUG - Response: Sending 2 headers
2025-06-27T02:08:10.014872Z  DEBUG - Stream 29: send_headers called with 2 headers, end_stream=false
2025-06-27T02:08:10.014874Z  DEBUG - Stream 29: Sending HEADERS frame with flags=END_HEADERS, header_block_size=2
2025-06-27T02:08:10.014877Z  DEBUG - Stream 29: send_headers completed, new state=HALF_CLOSED_REMOTE
2025-06-27T02:08:10.014878Z  DEBUG - Response.write: Sending 100 bytes of data
2025-06-27T02:08:10.014878Z  DEBUG - Response.write: stream_window=0, conn_window=65535, available=0
2025-06-27T02:08:10.014879Z  DEBUG - Stream.send_chunks: Starting to send 100 bytes in chunks of 0
2025-06-27T02:08:10.014880Z  DEBUG - Stream.send_chunks: No window available, waiting...
2025-06-27T02:08:10.014887Z  DEBUG - Handling stream 31 with headers: [{":method", "GET"}, {":scheme", "http"}, {":path", "/"}, {":authority", "localhost:9080"}]
2025-06-27T02:08:10.014889Z  DEBUG - Created request for stream 31: GET /
2025-06-27T02:08:10.014889Z   INFO - Request: GET /
2025-06-27T02:08:10.014890Z  DEBUG - Response.send_headers called, end_stream=false, headers_sent=false
2025-06-27T02:08:10.014891Z  DEBUG - Response: Sending 2 headers
2025-06-27T02:08:10.014891Z  DEBUG - Stream 31: send_headers called with 2 headers, end_stream=false
2025-06-27T02:08:10.014893Z  DEBUG - Stream 31: Sending HEADERS frame with flags=END_HEADERS, header_block_size=2
2025-06-27T02:08:10.014898Z  DEBUG - Stream 31: send_headers completed, new state=HALF_CLOSED_REMOTE
2025-06-27T02:08:10.014899Z  DEBUG - Response.write: Sending 100 bytes of data
2025-06-27T02:08:10.014899Z  DEBUG - Response.write: stream_window=0, conn_window=65535, available=0
2025-06-27T02:08:10.014901Z  DEBUG - Stream.send_chunks: Starting to send 100 bytes in chunks of 0
2025-06-27T02:08:10.014901Z  DEBUG - Stream.send_chunks: No window available, waiting...
2025-06-27T02:08:10.014911Z  DEBUG - Handling stream 33 with headers: [{":method", "GET"}, {":scheme", "http"}, {":path", "/"}, {":authority", "localhost:9080"}]
2025-06-27T02:08:10.014912Z  DEBUG - Created request for stream 33: GET /
2025-06-27T02:08:10.014912Z   INFO - Request: GET /
2025-06-27T02:08:10.014913Z  DEBUG - Response.send_headers called, end_stream=false, headers_sent=false
2025-06-27T02:08:10.014913Z  DEBUG - Response: Sending 2 headers
2025-06-27T02:08:10.014914Z  DEBUG - Stream 33: send_headers called with 2 headers, end_stream=false
2025-06-27T02:08:10.014915Z  DEBUG - Stream 33: Sending HEADERS frame with flags=END_HEADERS, header_block_size=2
2025-06-27T02:08:10.014918Z  DEBUG - Stream 33: send_headers completed, new state=HALF_CLOSED_REMOTE
2025-06-27T02:08:10.014919Z  DEBUG - Response.write: Sending 100 bytes of data
2025-06-27T02:08:10.014919Z  DEBUG - Response.write: stream_window=0, conn_window=65535, available=0
2025-06-27T02:08:10.014920Z  DEBUG - Stream.send_chunks: Starting to send 100 bytes in chunks of 0
2025-06-27T02:08:10.014920Z  DEBUG - Stream.send_chunks: No window available, waiting...
2025-06-27T02:08:10.014927Z  DEBUG - Handling stream 35 with headers: [{":method", "GET"}, {":scheme", "http"}, {":path", "/"}, {":authority", "localhost:9080"}]
2025-06-27T02:08:10.014927Z  DEBUG - Created request for stream 35: GET /
2025-06-27T02:08:10.014928Z   INFO - Request: GET /
2025-06-27T02:08:10.014928Z  DEBUG - Response.send_headers called, end_stream=false, headers_sent=false
2025-06-27T02:08:10.014929Z  DEBUG - Response: Sending 2 headers
2025-06-27T02:08:10.014930Z  DEBUG - Stream 35: send_headers called with 2 headers, end_stream=false
2025-06-27T02:08:10.014931Z  DEBUG - Stream 35: Sending HEADERS frame with flags=END_HEADERS, header_block_size=2
2025-06-27T02:08:10.014936Z  DEBUG - Stream 35: send_headers completed, new state=HALF_CLOSED_REMOTE
2025-06-27T02:08:10.014937Z  DEBUG - Response.write: Sending 100 bytes of data
2025-06-27T02:08:10.014937Z  DEBUG - Response.write: stream_window=0, conn_window=65535, available=0
2025-06-27T02:08:10.014938Z  DEBUG - Stream.send_chunks: Starting to send 100 bytes in chunks of 0
2025-06-27T02:08:10.014938Z  DEBUG - Stream.send_chunks: No window available, waiting...
2025-06-27T02:08:10.014946Z  DEBUG - Handling stream 37 with headers: [{":method", "GET"}, {":scheme", "http"}, {":path", "/"}, {":authority", "localhost:9080"}]
2025-06-27T02:08:10.014947Z  DEBUG - Created request for stream 37: GET /
2025-06-27T02:08:10.014947Z   INFO - Request: GET /
2025-06-27T02:08:10.014948Z  DEBUG - Response.send_headers called, end_stream=false, headers_sent=false
2025-06-27T02:08:10.014949Z  DEBUG - Response: Sending 2 headers
2025-06-27T02:08:10.014950Z  DEBUG - Stream 37: send_headers called with 2 headers, end_stream=false
2025-06-27T02:08:10.014951Z  DEBUG - Stream 37: Sending HEADERS frame with flags=END_HEADERS, header_block_size=2
2025-06-27T02:08:10.014954Z  DEBUG - Stream 37: send_headers completed, new state=HALF_CLOSED_REMOTE
2025-06-27T02:08:10.014954Z  DEBUG - Response.write: Sending 100 bytes of data
2025-06-27T02:08:10.014955Z  DEBUG - Response.write: stream_window=0, conn_window=65535, available=0
2025-06-27T02:08:10.014956Z  DEBUG - Stream.send_chunks: Starting to send 100 bytes in chunks of 0
2025-06-27T02:08:10.014956Z  DEBUG - Stream.send_chunks: No window available, waiting...
2025-06-27T02:08:10.014964Z  DEBUG - Handling stream 39 with headers: [{":method", "GET"}, {":scheme", "http"}, {":path", "/"}, {":authority", "localhost:9080"}]
2025-06-27T02:08:10.014965Z  DEBUG - Created request for stream 39: GET /
2025-06-27T02:08:10.014965Z   INFO - Request: GET /
2025-06-27T02:08:10.014966Z  DEBUG - Response.send_headers called, end_stream=false, headers_sent=false
2025-06-27T02:08:10.014967Z  DEBUG - Response: Sending 2 headers
2025-06-27T02:08:10.014968Z  DEBUG - Stream 39: send_headers called with 2 headers, end_stream=false
2025-06-27T02:08:10.014969Z  DEBUG - Stream 39: Sending HEADERS frame with flags=END_HEADERS, header_block_size=2
2025-06-27T02:08:10.014973Z  DEBUG - Stream 39: send_headers completed, new state=HALF_CLOSED_REMOTE
2025-06-27T02:08:10.014973Z  DEBUG - Response.write: Sending 100 bytes of data
2025-06-27T02:08:10.014974Z  DEBUG - Response.write: stream_window=0, conn_window=65535, available=0
2025-06-27T02:08:10.014975Z  DEBUG - Stream.send_chunks: Starting to send 100 bytes in chunks of 0
2025-06-27T02:08:10.014975Z  DEBUG - Stream.send_chunks: No window available, waiting...
2025-06-27T02:08:10.014985Z  DEBUG - Handling stream 41 with headers: [{":method", "GET"}, {":scheme", "http"}, {":path", "/"}, {":authority", "localhost:9080"}]
2025-06-27T02:08:10.014986Z  DEBUG - Created request for stream 41: GET /
2025-06-27T02:08:10.014986Z   INFO - Request: GET /
2025-06-27T02:08:10.014987Z  DEBUG - Response.send_headers called, end_stream=false, headers_sent=false
2025-06-27T02:08:10.014988Z  DEBUG - Response: Sending 2 headers
2025-06-27T02:08:10.014989Z  DEBUG - Stream 41: send_headers called with 2 headers, end_stream=false
2025-06-27T02:08:10.014990Z  DEBUG - Stream 41: Sending HEADERS frame with flags=END_HEADERS, header_block_size=2
2025-06-27T02:08:10.014993Z  DEBUG - Stream 41: send_headers completed, new state=HALF_CLOSED_REMOTE
2025-06-27T02:08:10.014994Z  DEBUG - Response.write: Sending 100 bytes of data
2025-06-27T02:08:10.014994Z  DEBUG - Response.write: stream_window=0, conn_window=65535, available=0
2025-06-27T02:08:10.014996Z  DEBUG - Stream.send_chunks: Starting to send 100 bytes in chunks of 0
2025-06-27T02:08:10.014996Z  DEBUG - Stream.send_chunks: No window available, waiting...
2025-06-27T02:08:10.015004Z  DEBUG - Handling stream 43 with headers: [{":method", "GET"}, {":scheme", "http"}, {":path", "/"}, {":authority", "localhost:9080"}]
2025-06-27T02:08:10.015005Z  DEBUG - Created request for stream 43: GET /
2025-06-27T02:08:10.015005Z   INFO - Request: GET /
2025-06-27T02:08:10.015006Z  DEBUG - Response.send_headers called, end_stream=false, headers_sent=false
2025-06-27T02:08:10.015010Z  DEBUG - Response: Sending 2 headers
2025-06-27T02:08:10.015010Z  DEBUG - Stream 43: send_headers called with 2 headers, end_stream=false
2025-06-27T02:08:10.015012Z  DEBUG - Stream 43: Sending HEADERS frame with flags=END_HEADERS, header_block_size=2
2025-06-27T02:08:10.015015Z  DEBUG - Stream 43: send_headers completed, new state=HALF_CLOSED_REMOTE
2025-06-27T02:08:10.015015Z  DEBUG - Response.write: Sending 100 bytes of data
2025-06-27T02:08:10.015016Z  DEBUG - Response.write: stream_window=0, conn_window=65535, available=0
2025-06-27T02:08:10.015017Z  DEBUG - Stream.send_chunks: Starting to send 100 bytes in chunks of 0
2025-06-27T02:08:10.015018Z  DEBUG - Stream.send_chunks: No window available, waiting...
2025-06-27T02:08:10.015025Z  DEBUG - Handling stream 45 with headers: [{":method", "GET"}, {":scheme", "http"}, {":path", "/"}, {":authority", "localhost:9080"}]
2025-06-27T02:08:10.015026Z  DEBUG - Created request for stream 45: GET /
2025-06-27T02:08:10.015027Z   INFO - Request: GET /
2025-06-27T02:08:10.015027Z  DEBUG - Response.send_headers called, end_stream=false, headers_sent=false
2025-06-27T02:08:10.015028Z  DEBUG - Response: Sending 2 headers
2025-06-27T02:08:10.015029Z  DEBUG - Stream 45: send_headers called with 2 headers, end_stream=false
2025-06-27T02:08:10.015032Z  DEBUG - Stream 45: Sending HEADERS frame with flags=END_HEADERS, header_block_size=2
2025-06-27T02:08:10.015037Z  DEBUG - Stream 45: send_headers completed, new state=HALF_CLOSED_REMOTE
2025-06-27T02:08:10.015038Z  DEBUG - Response.write: Sending 100 bytes of data
2025-06-27T02:08:10.015038Z  DEBUG - Response.write: stream_window=0, conn_window=65535, available=0
2025-06-27T02:08:10.015039Z  DEBUG - Stream.send_chunks: Starting to send 100 bytes in chunks of 0
2025-06-27T02:08:10.015040Z  DEBUG - Stream.send_chunks: No window available, waiting...
2025-06-27T02:08:10.015046Z  DEBUG - Handling stream 47 with headers: [{":method", "GET"}, {":scheme", "http"}, {":path", "/"}, {":authority", "localhost:9080"}]
2025-06-27T02:08:10.015047Z  DEBUG - Created request for stream 47: GET /
2025-06-27T02:08:10.015048Z   INFO - Request: GET /
2025-06-27T02:08:10.015048Z  DEBUG - Response.send_headers called, end_stream=false, headers_sent=false
2025-06-27T02:08:10.015049Z  DEBUG - Response: Sending 2 headers
2025-06-27T02:08:10.015049Z  DEBUG - Stream 47: send_headers called with 2 headers, end_stream=false
2025-06-27T02:08:10.015051Z  DEBUG - Stream 47: Sending HEADERS frame with flags=END_HEADERS, header_block_size=2
2025-06-27T02:08:10.015053Z  DEBUG - Stream 47: send_headers completed, new state=HALF_CLOSED_REMOTE
2025-06-27T02:08:10.015053Z  DEBUG - Response.write: Sending 100 bytes of data
2025-06-27T02:08:10.015054Z  DEBUG - Response.write: stream_window=0, conn_window=65535, available=0
2025-06-27T02:08:10.015055Z  DEBUG - Stream.send_chunks: Starting to send 100 bytes in chunks of 0
2025-06-27T02:08:10.015055Z  DEBUG - Stream.send_chunks: No window available, waiting...
2025-06-27T02:08:10.015063Z  DEBUG - Handling stream 49 with headers: [{":method", "GET"}, {":scheme", "http"}, {":path", "/"}, {":authority", "localhost:9080"}]
2025-06-27T02:08:10.015064Z  DEBUG - Created request for stream 49: GET /
2025-06-27T02:08:10.015064Z   INFO - Request: GET /
2025-06-27T02:08:10.015065Z  DEBUG - Response.send_headers called, end_stream=false, headers_sent=false
2025-06-27T02:08:10.015066Z  DEBUG - Response: Sending 2 headers
2025-06-27T02:08:10.015066Z  DEBUG - Stream 49: send_headers called with 2 headers, end_stream=false
2025-06-27T02:08:10.015068Z  DEBUG - Stream 49: Sending HEADERS frame with flags=END_HEADERS, header_block_size=2
2025-06-27T02:08:10.015071Z  DEBUG - Stream 49: send_headers completed, new state=HALF_CLOSED_REMOTE
2025-06-27T02:08:10.015071Z  DEBUG - Response.write: Sending 100 bytes of data
2025-06-27T02:08:10.015072Z  DEBUG - Response.write: stream_window=0, conn_window=65535, available=0
2025-06-27T02:08:10.015073Z  DEBUG - Stream.send_chunks: Starting to send 100 bytes in chunks of 0
2025-06-27T02:08:10.015073Z  DEBUG - Stream.send_chunks: No window available, waiting...
2025-06-27T02:08:10.015081Z  DEBUG - Handling stream 51 with headers: [{":method", "GET"}, {":scheme", "http"}, {":path", "/"}, {":authority", "localhost:9080"}]
2025-06-27T02:08:10.015082Z  DEBUG - Created request for stream 51: GET /
2025-06-27T02:08:10.015082Z   INFO - Request: GET /
2025-06-27T02:08:10.015083Z  DEBUG - Response.send_headers called, end_stream=false, headers_sent=false
2025-06-27T02:08:10.015093Z  DEBUG - Response: Sending 2 headers
2025-06-27T02:08:10.015093Z  DEBUG - Stream 51: send_headers called with 2 headers, end_stream=false
2025-06-27T02:08:10.015095Z  DEBUG - Stream 51: Sending HEADERS frame with flags=END_HEADERS, header_block_size=2
2025-06-27T02:08:10.015102Z  DEBUG - Stream 51: send_headers completed, new state=HALF_CLOSED_REMOTE
2025-06-27T02:08:10.015102Z  DEBUG - Response.write: Sending 100 bytes of data
2025-06-27T02:08:10.015103Z  DEBUG - Response.write: stream_window=0, conn_window=65535, available=0
2025-06-27T02:08:10.015104Z  DEBUG - Stream.send_chunks: Starting to send 100 bytes in chunks of 0
2025-06-27T02:08:10.015104Z  DEBUG - Stream.send_chunks: No window available, waiting...
2025-06-27T02:08:10.015112Z  DEBUG - Handling stream 53 with headers: [{":method", "GET"}, {":scheme", "http"}, {":path", "/"}, {":authority", "localhost:9080"}]
2025-06-27T02:08:10.015113Z  DEBUG - Created request for stream 53: GET /
2025-06-27T02:08:10.015114Z   INFO - Request: GET /
2025-06-27T02:08:10.015115Z  DEBUG - Response.send_headers called, end_stream=false, headers_sent=false
2025-06-27T02:08:10.015115Z  DEBUG - Response: Sending 2 headers
2025-06-27T02:08:10.015116Z  DEBUG - Stream 53: send_headers called with 2 headers, end_stream=false
2025-06-27T02:08:10.015117Z  DEBUG - Stream 53: Sending HEADERS frame with flags=END_HEADERS, header_block_size=2
2025-06-27T02:08:10.015121Z  DEBUG - Stream 53: send_headers completed, new state=HALF_CLOSED_REMOTE
2025-06-27T02:08:10.015121Z  DEBUG - Response.write: Sending 100 bytes of data
2025-06-27T02:08:10.015122Z  DEBUG - Response.write: stream_window=0, conn_window=65535, available=0
2025-06-27T02:08:10.015123Z  DEBUG - Stream.send_chunks: Starting to send 100 bytes in chunks of 0
2025-06-27T02:08:10.015123Z  DEBUG - Stream.send_chunks: No window available, waiting...
2025-06-27T02:08:10.015130Z  DEBUG - Handling stream 55 with headers: [{":method", "GET"}, {":scheme", "http"}, {":path", "/"}, {":authority", "localhost:9080"}]
2025-06-27T02:08:10.015131Z  DEBUG - Created request for stream 55: GET /
2025-06-27T02:08:10.015131Z   INFO - Request: GET /
2025-06-27T02:08:10.015132Z  DEBUG - Response.send_headers called, end_stream=false, headers_sent=false
2025-06-27T02:08:10.015133Z  DEBUG - Response: Sending 2 headers
2025-06-27T02:08:10.015133Z  DEBUG - Stream 55: send_headers called with 2 headers, end_stream=false
2025-06-27T02:08:10.015134Z  DEBUG - Stream 55: Sending HEADERS frame with flags=END_HEADERS, header_block_size=2
2025-06-27T02:08:10.015137Z  DEBUG - Stream 55: send_headers completed, new state=HALF_CLOSED_REMOTE
2025-06-27T02:08:10.015138Z  DEBUG - Response.write: Sending 100 bytes of data
2025-06-27T02:08:10.015138Z  DEBUG - Response.write: stream_window=0, conn_window=65535, available=0
2025-06-27T02:08:10.015140Z  DEBUG - Stream.send_chunks: Starting to send 100 bytes in chunks of 0
2025-06-27T02:08:10.015140Z  DEBUG - Stream.send_chunks: No window available, waiting...
2025-06-27T02:08:10.015152Z  DEBUG - Handling stream 57 with headers: [{":method", "GET"}, {":scheme", "http"}, {":path", "/"}, {":authority", "localhost:9080"}]
2025-06-27T02:08:10.015153Z  DEBUG - Created request for stream 57: GET /
2025-06-27T02:08:10.015154Z   INFO - Request: GET /
2025-06-27T02:08:10.015155Z  DEBUG - Response.send_headers called, end_stream=false, headers_sent=false
2025-06-27T02:08:10.015155Z  DEBUG - Response: Sending 2 headers
2025-06-27T02:08:10.015156Z  DEBUG - Stream 57: send_headers called with 2 headers, end_stream=false
2025-06-27T02:08:10.015158Z  DEBUG - Stream 57: Sending HEADERS frame with flags=END_HEADERS, header_block_size=2
2025-06-27T02:08:10.015165Z  DEBUG - Stream 57: send_headers completed, new state=HALF_CLOSED_REMOTE
2025-06-27T02:08:10.015165Z  DEBUG - Response.write: Sending 100 bytes of data
2025-06-27T02:08:10.015165Z  DEBUG - Response.write: stream_window=0, conn_window=65535, available=0
2025-06-27T02:08:10.015167Z  DEBUG - Stream.send_chunks: Starting to send 100 bytes in chunks of 0
2025-06-27T02:08:10.015167Z  DEBUG - Stream.send_chunks: No window available, waiting...
2025-06-27T02:08:10.015175Z  DEBUG - Handling stream 59 with headers: [{":method", "GET"}, {":scheme", "http"}, {":path", "/"}, {":authority", "localhost:9080"}]
2025-06-27T02:08:10.015176Z  DEBUG - Created request for stream 59: GET /
2025-06-27T02:08:10.015176Z   INFO - Request: GET /
2025-06-27T02:08:10.015177Z  DEBUG - Response.send_headers called, end_stream=false, headers_sent=false
2025-06-27T02:08:10.015178Z  DEBUG - Response: Sending 2 headers
2025-06-27T02:08:10.015179Z  DEBUG - Stream 59: send_headers called with 2 headers, end_stream=false
2025-06-27T02:08:10.015180Z  DEBUG - Stream 59: Sending HEADERS frame with flags=END_HEADERS, header_block_size=2
2025-06-27T02:08:10.015183Z  DEBUG - Stream 59: send_headers completed, new state=HALF_CLOSED_REMOTE
2025-06-27T02:08:10.015184Z  DEBUG - Response.write: Sending 100 bytes of data
2025-06-27T02:08:10.015184Z  DEBUG - Response.write: stream_window=0, conn_window=65535, available=0
2025-06-27T02:08:10.015186Z  DEBUG - Stream.send_chunks: Starting to send 100 bytes in chunks of 0
2025-06-27T02:08:10.015186Z  DEBUG - Stream.send_chunks: No window available, waiting...
2025-06-27T02:08:10.015192Z  DEBUG - Handling stream 61 with headers: [{":method", "GET"}, {":scheme", "http"}, {":path", "/"}, {":authority", "localhost:9080"}]
2025-06-27T02:08:10.015193Z  DEBUG - Created request for stream 61: GET /
2025-06-27T02:08:10.015194Z   INFO - Request: GET /
2025-06-27T02:08:10.015194Z  DEBUG - Response.send_headers called, end_stream=false, headers_sent=false
2025-06-27T02:08:10.015195Z  DEBUG - Response: Sending 2 headers
2025-06-27T02:08:10.015195Z  DEBUG - Stream 61: send_headers called with 2 headers, end_stream=false
2025-06-27T02:08:10.015198Z  DEBUG - Stream 61: Sending HEADERS frame with flags=END_HEADERS, header_block_size=2
2025-06-27T02:08:10.015200Z  DEBUG - Stream 61: send_headers completed, new state=HALF_CLOSED_REMOTE
2025-06-27T02:08:10.015201Z  DEBUG - Response.write: Sending 100 bytes of data
2025-06-27T02:08:10.015201Z  DEBUG - Response.write: stream_window=0, conn_window=65535, available=0
2025-06-27T02:08:10.015202Z  DEBUG - Stream.send_chunks: Starting to send 100 bytes in chunks of 0
2025-06-27T02:08:10.015202Z  DEBUG - Stream.send_chunks: No window available, waiting...
2025-06-27T02:08:10.015209Z  DEBUG - Handling stream 63 with headers: [{":method", "GET"}, {":scheme", "http"}, {":path", "/"}, {":authority", "localhost:9080"}]
2025-06-27T02:08:10.015209Z  DEBUG - Created request for stream 63: GET /
2025-06-27T02:08:10.015210Z   INFO - Request: GET /
2025-06-27T02:08:10.015213Z  DEBUG - Response.send_headers called, end_stream=false, headers_sent=false
2025-06-27T02:08:10.015213Z  DEBUG - Response: Sending 2 headers
2025-06-27T02:08:10.015214Z  DEBUG - Stream 63: send_headers called with 2 headers, end_stream=false
2025-06-27T02:08:10.015215Z  DEBUG - Stream 63: Sending HEADERS frame with flags=END_HEADERS, header_block_size=2
2025-06-27T02:08:10.015218Z  DEBUG - Stream 63: send_headers completed, new state=HALF_CLOSED_REMOTE
2025-06-27T02:08:10.015218Z  DEBUG - Response.write: Sending 100 bytes of data
2025-06-27T02:08:10.015219Z  DEBUG - Response.write: stream_window=0, conn_window=65535, available=0
2025-06-27T02:08:10.015220Z  DEBUG - Stream.send_chunks: Starting to send 100 bytes in chunks of 0
2025-06-27T02:08:10.015220Z  DEBUG - Stream.send_chunks: No window available, waiting...
2025-06-27T02:08:10.015228Z  DEBUG - Handling stream 65 with headers: [{":method", "GET"}, {":scheme", "http"}, {":path", "/"}, {":authority", "localhost:9080"}]
2025-06-27T02:08:10.015231Z  DEBUG - Created request for stream 65: GET /
2025-06-27T02:08:10.015231Z   INFO - Request: GET /
2025-06-27T02:08:10.015232Z  DEBUG - Response.send_headers called, end_stream=false, headers_sent=false
2025-06-27T02:08:10.015233Z  DEBUG - Response: Sending 2 headers
2025-06-27T02:08:10.015233Z  DEBUG - Stream 65: send_headers called with 2 headers, end_stream=false
2025-06-27T02:08:10.015234Z  DEBUG - Stream 65: Sending HEADERS frame with flags=END_HEADERS, header_block_size=2
2025-06-27T02:08:10.015237Z  DEBUG - Stream 65: send_headers completed, new state=HALF_CLOSED_REMOTE
2025-06-27T02:08:10.015237Z  DEBUG - Response.write: Sending 100 bytes of data
2025-06-27T02:08:10.015238Z  DEBUG - Response.write: stream_window=0, conn_window=65535, available=0
2025-06-27T02:08:10.015239Z  DEBUG - Stream.send_chunks: Starting to send 100 bytes in chunks of 0
2025-06-27T02:08:10.015239Z  DEBUG - Stream.send_chunks: No window available, waiting...
2025-06-27T02:08:10.015246Z  DEBUG - Handling stream 67 with headers: [{":method", "GET"}, {":scheme", "http"}, {":path", "/"}, {":authority", "localhost:9080"}]
2025-06-27T02:08:10.015247Z  DEBUG - Created request for stream 67: GET /
2025-06-27T02:08:10.015247Z   INFO - Request: GET /
2025-06-27T02:08:10.015248Z  DEBUG - Response.send_headers called, end_stream=false, headers_sent=false
2025-06-27T02:08:10.015248Z  DEBUG - Response: Sending 2 headers
2025-06-27T02:08:10.015249Z  DEBUG - Stream 67: send_headers called with 2 headers, end_stream=false
2025-06-27T02:08:10.015250Z  DEBUG - Stream 67: Sending HEADERS frame with flags=END_HEADERS, header_block_size=2
2025-06-27T02:08:10.015253Z  DEBUG - Stream 67: send_headers completed, new state=HALF_CLOSED_REMOTE
2025-06-27T02:08:10.015253Z  DEBUG - Response.write: Sending 100 bytes of data
2025-06-27T02:08:10.015254Z  DEBUG - Response.write: stream_window=0, conn_window=65535, available=0
2025-06-27T02:08:10.015255Z  DEBUG - Stream.send_chunks: Starting to send 100 bytes in chunks of 0
2025-06-27T02:08:10.015255Z  DEBUG - Stream.send_chunks: No window available, waiting...
2025-06-27T02:08:10.015262Z  DEBUG - Handling stream 69 with headers: [{":method", "GET"}, {":scheme", "http"}, {":path", "/"}, {":authority", "localhost:9080"}]
2025-06-27T02:08:10.015262Z  DEBUG - Created request for stream 69: GET /
2025-06-27T02:08:10.015263Z   INFO - Request: GET /
2025-06-27T02:08:10.015263Z  DEBUG - Response.send_headers called, end_stream=false, headers_sent=false
2025-06-27T02:08:10.015264Z  DEBUG - Response: Sending 2 headers
2025-06-27T02:08:10.015264Z  DEBUG - Stream 69: send_headers called with 2 headers, end_stream=false
2025-06-27T02:08:10.015266Z  DEBUG - Stream 69: Sending HEADERS frame with flags=END_HEADERS, header_block_size=2
2025-06-27T02:08:10.015271Z  DEBUG - Stream 69: send_headers completed, new state=HALF_CLOSED_REMOTE
2025-06-27T02:08:10.015271Z  DEBUG - Response.write: Sending 100 bytes of data
2025-06-27T02:08:10.015272Z  DEBUG - Response.write: stream_window=0, conn_window=65535, available=0
2025-06-27T02:08:10.015273Z  DEBUG - Stream.send_chunks: Starting to send 100 bytes in chunks of 0
2025-06-27T02:08:10.015273Z  DEBUG - Stream.send_chunks: No window available, waiting...
2025-06-27T02:08:10.015279Z  DEBUG - Handling stream 71 with headers: [{":method", "GET"}, {":scheme", "http"}, {":path", "/"}, {":authority", "localhost:9080"}]
2025-06-27T02:08:10.015280Z  DEBUG - Created request for stream 71: GET /
2025-06-27T02:08:10.015280Z   INFO - Request: GET /
2025-06-27T02:08:10.015281Z  DEBUG - Response.send_headers called, end_stream=false, headers_sent=false
2025-06-27T02:08:10.015282Z  DEBUG - Response: Sending 2 headers
2025-06-27T02:08:10.015282Z  DEBUG - Stream 71: send_headers called with 2 headers, end_stream=false
2025-06-27T02:08:10.015283Z  DEBUG - Stream 71: Sending HEADERS frame with flags=END_HEADERS, header_block_size=2
2025-06-27T02:08:10.015286Z  DEBUG - Stream 71: send_headers completed, new state=HALF_CLOSED_REMOTE
2025-06-27T02:08:10.015286Z  DEBUG - Response.write: Sending 100 bytes of data
2025-06-27T02:08:10.015287Z  DEBUG - Response.write: stream_window=0, conn_window=65535, available=0
2025-06-27T02:08:10.015288Z  DEBUG - Stream.send_chunks: Starting to send 100 bytes in chunks of 0
2025-06-27T02:08:10.015288Z  DEBUG - Stream.send_chunks: No window available, waiting...
2025-06-27T02:08:10.015296Z  DEBUG - Handling stream 73 with headers: [{":method", "GET"}, {":scheme", "http"}, {":path", "/"}, {":authority", "localhost:9080"}]
2025-06-27T02:08:10.015297Z  DEBUG - Created request for stream 73: GET /
2025-06-27T02:08:10.015297Z   INFO - Request: GET /
2025-06-27T02:08:10.015298Z  DEBUG - Response.send_headers called, end_stream=false, headers_sent=false
2025-06-27T02:08:10.015298Z  DEBUG - Response: Sending 2 headers
2025-06-27T02:08:10.015299Z  DEBUG - Stream 73: send_headers called with 2 headers, end_stream=false
2025-06-27T02:08:10.015300Z  DEBUG - Stream 73: Sending HEADERS frame with flags=END_HEADERS, header_block_size=2
2025-06-27T02:08:10.015302Z  DEBUG - Stream 73: send_headers completed, new state=HALF_CLOSED_REMOTE
2025-06-27T02:08:10.015303Z  DEBUG - Response.write: Sending 100 bytes of data
2025-06-27T02:08:10.015303Z  DEBUG - Response.write: stream_window=0, conn_window=65535, available=0
2025-06-27T02:08:10.015304Z  DEBUG - Stream.send_chunks: Starting to send 100 bytes in chunks of 0
2025-06-27T02:08:10.015304Z  DEBUG - Stream.send_chunks: No window available, waiting...
2025-06-27T02:08:10.015312Z  DEBUG - Handling stream 75 with headers: [{":method", "GET"}, {":scheme", "http"}, {":path", "/"}, {":authority", "localhost:9080"}]
2025-06-27T02:08:10.015313Z  DEBUG - Created request for stream 75: GET /
2025-06-27T02:08:10.015313Z   INFO - Request: GET /
2025-06-27T02:08:10.015314Z  DEBUG - Response.send_headers called, end_stream=false, headers_sent=false
2025-06-27T02:08:10.015314Z  DEBUG - Response: Sending 2 headers
2025-06-27T02:08:10.015315Z  DEBUG - Stream 75: send_headers called with 2 headers, end_stream=false
2025-06-27T02:08:10.015316Z  DEBUG - Stream 75: Sending HEADERS frame with flags=END_HEADERS, header_block_size=2
2025-06-27T02:08:10.015319Z  DEBUG - Stream 75: send_headers completed, new state=HALF_CLOSED_REMOTE
2025-06-27T02:08:10.015319Z  DEBUG - Response.write: Sending 100 bytes of data
2025-06-27T02:08:10.015320Z  DEBUG - Response.write: stream_window=0, conn_window=65535, available=0
2025-06-27T02:08:10.015321Z  DEBUG - Stream.send_chunks: Starting to send 100 bytes in chunks of 0
2025-06-27T02:08:10.015321Z  DEBUG - Stream.send_chunks: No window available, waiting...
2025-06-27T02:08:10.015327Z  DEBUG - Handling stream 77 with headers: [{":method", "GET"}, {":scheme", "http"}, {":path", "/"}, {":authority", "localhost:9080"}]
2025-06-27T02:08:10.015328Z  DEBUG - Created request for stream 77: GET /
2025-06-27T02:08:10.015328Z   INFO - Request: GET /
2025-06-27T02:08:10.015329Z  DEBUG - Response.send_headers called, end_stream=false, headers_sent=false
2025-06-27T02:08:10.015330Z  DEBUG - Response: Sending 2 headers
2025-06-27T02:08:10.015330Z  DEBUG - Stream 77: send_headers called with 2 headers, end_stream=false
2025-06-27T02:08:10.015331Z  DEBUG - Stream 77: Sending HEADERS frame with flags=END_HEADERS, header_block_size=2
2025-06-27T02:08:10.015334Z  DEBUG - Stream 77: send_headers completed, new state=HALF_CLOSED_REMOTE
2025-06-27T02:08:10.015335Z  DEBUG - Response.write: Sending 100 bytes of data
2025-06-27T02:08:10.015335Z  DEBUG - Response.write: stream_window=0, conn_window=65535, available=0
2025-06-27T02:08:10.015336Z  DEBUG - Stream.send_chunks: Starting to send 100 bytes in chunks of 0
2025-06-27T02:08:10.015336Z  DEBUG - Stream.send_chunks: No window available, waiting...
2025-06-27T02:08:10.015343Z  DEBUG - Handling stream 79 with headers: [{":method", "GET"}, {":scheme", "http"}, {":path", "/"}, {":authority", "localhost:9080"}]
2025-06-27T02:08:10.015344Z  DEBUG - Created request for stream 79: GET /
2025-06-27T02:08:10.015344Z   INFO - Request: GET /
2025-06-27T02:08:10.015345Z  DEBUG - Response.send_headers called, end_stream=false, headers_sent=false
2025-06-27T02:08:10.015346Z  DEBUG - Response: Sending 2 headers
2025-06-27T02:08:10.015346Z  DEBUG - Stream 79: send_headers called with 2 headers, end_stream=false
2025-06-27T02:08:10.015347Z  DEBUG - Stream 79: Sending HEADERS frame with flags=END_HEADERS, header_block_size=2
2025-06-27T02:08:10.015350Z  DEBUG - Stream 79: send_headers completed, new state=HALF_CLOSED_REMOTE
2025-06-27T02:08:10.015350Z  DEBUG - Response.write: Sending 100 bytes of data
2025-06-27T02:08:10.015351Z  DEBUG - Response.write: stream_window=0, conn_window=65535, available=0
2025-06-27T02:08:10.015352Z  DEBUG - Stream.send_chunks: Starting to send 100 bytes in chunks of 0
2025-06-27T02:08:10.015352Z  DEBUG - Stream.send_chunks: No window available, waiting...
2025-06-27T02:08:10.015360Z  DEBUG - Handling stream 81 with headers: [{":method", "GET"}, {":scheme", "http"}, {":path", "/"}, {":authority", "localhost:9080"}]
2025-06-27T02:08:10.015361Z  DEBUG - Created request for stream 81: GET /
2025-06-27T02:08:10.015361Z   INFO - Request: GET /
2025-06-27T02:08:10.015364Z  DEBUG - Response.send_headers called, end_stream=false, headers_sent=false
2025-06-27T02:08:10.015365Z  DEBUG - Response: Sending 2 headers
2025-06-27T02:08:10.015366Z  DEBUG - Stream 81: send_headers called with 2 headers, end_stream=false
2025-06-27T02:08:10.015368Z  DEBUG - Stream 81: Sending HEADERS frame with flags=END_HEADERS, header_block_size=2
2025-06-27T02:08:10.015372Z  DEBUG - Stream 81: send_headers completed, new state=HALF_CLOSED_REMOTE
2025-06-27T02:08:10.015372Z  DEBUG - Response.write: Sending 100 bytes of data
2025-06-27T02:08:10.015372Z  DEBUG - Response.write: stream_window=0, conn_window=65535, available=0
2025-06-27T02:08:10.015374Z  DEBUG - Stream.send_chunks: Starting to send 100 bytes in chunks of 0
2025-06-27T02:08:10.015374Z  DEBUG - Stream.send_chunks: No window available, waiting...
2025-06-27T02:08:10.015380Z  DEBUG - Handling stream 83 with headers: [{":method", "GET"}, {":scheme", "http"}, {":path", "/"}, {":authority", "localhost:9080"}]
2025-06-27T02:08:10.015381Z  DEBUG - Created request for stream 83: GET /
2025-06-27T02:08:10.015381Z   INFO - Request: GET /
2025-06-27T02:08:10.015382Z  DEBUG - Response.send_headers called, end_stream=false, headers_sent=false
2025-06-27T02:08:10.015383Z  DEBUG - Response: Sending 2 headers
2025-06-27T02:08:10.015383Z  DEBUG - Stream 83: send_headers called with 2 headers, end_stream=false
2025-06-27T02:08:10.015384Z  DEBUG - Stream 83: Sending HEADERS frame with flags=END_HEADERS, header_block_size=2
2025-06-27T02:08:10.015388Z  DEBUG - Stream 83: send_headers completed, new state=HALF_CLOSED_REMOTE
2025-06-27T02:08:10.015389Z  DEBUG - Response.write: Sending 100 bytes of data
2025-06-27T02:08:10.015389Z  DEBUG - Response.write: stream_window=0, conn_window=65535, available=0
2025-06-27T02:08:10.015390Z  DEBUG - Stream.send_chunks: Starting to send 100 bytes in chunks of 0
2025-06-27T02:08:10.015390Z  DEBUG - Stream.send_chunks: No window available, waiting...
2025-06-27T02:08:10.015397Z  DEBUG - Handling stream 85 with headers: [{":method", "GET"}, {":scheme", "http"}, {":path", "/"}, {":authority", "localhost:9080"}]
2025-06-27T02:08:10.015398Z  DEBUG - Created request for stream 85: GET /
2025-06-27T02:08:10.015398Z   INFO - Request: GET /
2025-06-27T02:08:10.015399Z  DEBUG - Response.send_headers called, end_stream=false, headers_sent=false
2025-06-27T02:08:10.015399Z  DEBUG - Response: Sending 2 headers
2025-06-27T02:08:10.015400Z  DEBUG - Stream 85: send_headers called with 2 headers, end_stream=false
2025-06-27T02:08:10.015401Z  DEBUG - Stream 85: Sending HEADERS frame with flags=END_HEADERS, header_block_size=2
2025-06-27T02:08:10.015413Z  DEBUG - Stream 85: send_headers completed, new state=HALF_CLOSED_REMOTE
2025-06-27T02:08:10.015414Z  DEBUG - Response.write: Sending 100 bytes of data
2025-06-27T02:08:10.015414Z  DEBUG - Response.write: stream_window=0, conn_window=65535, available=0
2025-06-27T02:08:10.015415Z  DEBUG - Stream.send_chunks: Starting to send 100 bytes in chunks of 0
2025-06-27T02:08:10.015415Z  DEBUG - Stream.send_chunks: No window available, waiting...
2025-06-27T02:08:10.015422Z  DEBUG - Handling stream 87 with headers: [{":method", "GET"}, {":scheme", "http"}, {":path", "/"}, {":authority", "localhost:9080"}]
2025-06-27T02:08:10.015423Z  DEBUG - Created request for stream 87: GET /
2025-06-27T02:08:10.015423Z   INFO - Request: GET /
2025-06-27T02:08:10.015424Z  DEBUG - Response.send_headers called, end_stream=false, headers_sent=false
2025-06-27T02:08:10.015425Z  DEBUG - Response: Sending 2 headers
2025-06-27T02:08:10.015425Z  DEBUG - Stream 87: send_headers called with 2 headers, end_stream=false
2025-06-27T02:08:10.015426Z  DEBUG - Stream 87: Sending HEADERS frame with flags=END_HEADERS, header_block_size=2
2025-06-27T02:08:10.015429Z  DEBUG - Stream 87: send_headers completed, new state=HALF_CLOSED_REMOTE
2025-06-27T02:08:10.015430Z  DEBUG - Response.write: Sending 100 bytes of data
2025-06-27T02:08:10.015430Z  DEBUG - Response.write: stream_window=0, conn_window=65535, available=0
2025-06-27T02:08:10.015431Z  DEBUG - Stream.send_chunks: Starting to send 100 bytes in chunks of 0
2025-06-27T02:08:10.015431Z  DEBUG - Stream.send_chunks: No window available, waiting...
2025-06-27T02:08:10.015439Z  DEBUG - Handling stream 89 with headers: [{":method", "GET"}, {":scheme", "http"}, {":path", "/"}, {":authority", "localhost:9080"}]
2025-06-27T02:08:10.015440Z  DEBUG - Created request for stream 89: GET /
2025-06-27T02:08:10.015440Z   INFO - Request: GET /
2025-06-27T02:08:10.015441Z  DEBUG - Response.send_headers called, end_stream=false, headers_sent=false
2025-06-27T02:08:10.015441Z  DEBUG - Response: Sending 2 headers
2025-06-27T02:08:10.015442Z  DEBUG - Stream 89: send_headers called with 2 headers, end_stream=false
2025-06-27T02:08:10.015443Z  DEBUG - Stream 89: Sending HEADERS frame with flags=END_HEADERS, header_block_size=2
2025-06-27T02:08:10.015448Z  DEBUG - Stream 89: send_headers completed, new state=HALF_CLOSED_REMOTE
2025-06-27T02:08:10.015448Z  DEBUG - Response.write: Sending 100 bytes of data
2025-06-27T02:08:10.015449Z  DEBUG - Response.write: stream_window=0, conn_window=65535, available=0
2025-06-27T02:08:10.015451Z  DEBUG - Stream.send_chunks: Starting to send 100 bytes in chunks of 0
2025-06-27T02:08:10.015451Z  DEBUG - Stream.send_chunks: No window available, waiting...
2025-06-27T02:08:10.015458Z  DEBUG - Handling stream 91 with headers: [{":method", "GET"}, {":scheme", "http"}, {":path", "/"}, {":authority", "localhost:9080"}]
2025-06-27T02:08:10.015459Z  DEBUG - Created request for stream 91: GET /
2025-06-27T02:08:10.015459Z   INFO - Request: GET /
2025-06-27T02:08:10.015460Z  DEBUG - Response.send_headers called, end_stream=false, headers_sent=false
2025-06-27T02:08:10.015460Z  DEBUG - Response: Sending 2 headers
2025-06-27T02:08:10.015461Z  DEBUG - Stream 91: send_headers called with 2 headers, end_stream=false
2025-06-27T02:08:10.015462Z  DEBUG - Stream 91: Sending HEADERS frame with flags=END_HEADERS, header_block_size=2
2025-06-27T02:08:10.015464Z  DEBUG - Stream 91: send_headers completed, new state=HALF_CLOSED_REMOTE
2025-06-27T02:08:10.015464Z  DEBUG - Response.write: Sending 100 bytes of data
2025-06-27T02:08:10.015465Z  DEBUG - Response.write: stream_window=0, conn_window=65535, available=0
2025-06-27T02:08:10.015466Z  DEBUG - Stream.send_chunks: Starting to send 100 bytes in chunks of 0
2025-06-27T02:08:10.015466Z  DEBUG - Stream.send_chunks: No window available, waiting...
2025-06-27T02:08:10.015472Z  DEBUG - Handling stream 93 with headers: [{":method", "GET"}, {":scheme", "http"}, {":path", "/"}, {":authority", "localhost:9080"}]
2025-06-27T02:08:10.015472Z  DEBUG - Created request for stream 93: GET /
2025-06-27T02:08:10.015473Z   INFO - Request: GET /
2025-06-27T02:08:10.015473Z  DEBUG - Response.send_headers called, end_stream=false, headers_sent=false
2025-06-27T02:08:10.015474Z  DEBUG - Response: Sending 2 headers
2025-06-27T02:08:10.015474Z  DEBUG - Stream 93: send_headers called with 2 headers, end_stream=false
2025-06-27T02:08:10.015476Z  DEBUG - Stream 93: Sending HEADERS frame with flags=END_HEADERS, header_block_size=2
2025-06-27T02:08:10.015478Z  DEBUG - Stream 93: send_headers completed, new state=HALF_CLOSED_REMOTE
2025-06-27T02:08:10.015479Z  DEBUG - Response.write: Sending 100 bytes of data
2025-06-27T02:08:10.015479Z  DEBUG - Response.write: stream_window=0, conn_window=65535, available=0
2025-06-27T02:08:10.015480Z  DEBUG - Stream.send_chunks: Starting to send 100 bytes in chunks of 0
2025-06-27T02:08:10.015480Z  DEBUG - Stream.send_chunks: No window available, waiting...
2025-06-27T02:08:10.015486Z  DEBUG - Handling stream 95 with headers: [{":method", "GET"}, {":scheme", "http"}, {":path", "/"}, {":authority", "localhost:9080"}]
2025-06-27T02:08:10.015487Z  DEBUG - Created request for stream 95: GET /
2025-06-27T02:08:10.015489Z   INFO - Request: GET /
2025-06-27T02:08:10.015490Z  DEBUG - Response.send_headers called, end_stream=false, headers_sent=false
2025-06-27T02:08:10.015491Z  DEBUG - Response: Sending 2 headers
2025-06-27T02:08:10.015491Z  DEBUG - Stream 95: send_headers called with 2 headers, end_stream=false
2025-06-27T02:08:10.015492Z  DEBUG - Stream 95: Sending HEADERS frame with flags=END_HEADERS, header_block_size=2
2025-06-27T02:08:10.015494Z  DEBUG - Stream 95: send_headers completed, new state=HALF_CLOSED_REMOTE
2025-06-27T02:08:10.015495Z  DEBUG - Response.write: Sending 100 bytes of data
2025-06-27T02:08:10.015495Z  DEBUG - Response.write: stream_window=0, conn_window=65535, available=0
2025-06-27T02:08:10.015496Z  DEBUG - Stream.send_chunks: Starting to send 100 bytes in chunks of 0
2025-06-27T02:08:10.015496Z  DEBUG - Stream.send_chunks: No window available, waiting...
2025-06-27T02:08:10.015503Z  DEBUG - Handling stream 97 with headers: [{":method", "GET"}, {":scheme", "http"}, {":path", "/"}, {":authority", "localhost:9080"}]
2025-06-27T02:08:10.015504Z  DEBUG - Created request for stream 97: GET /
2025-06-27T02:08:10.015504Z   INFO - Request: GET /
2025-06-27T02:08:10.015506Z  DEBUG - Response.send_headers called, end_stream=false, headers_sent=false
2025-06-27T02:08:10.015507Z  DEBUG - Response: Sending 2 headers
2025-06-27T02:08:10.015507Z  DEBUG - Stream 97: send_headers called with 2 headers, end_stream=false
2025-06-27T02:08:10.015508Z  DEBUG - Stream 97: Sending HEADERS frame with flags=END_HEADERS, header_block_size=2
2025-06-27T02:08:10.015511Z  DEBUG - Stream 97: send_headers completed, new state=HALF_CLOSED_REMOTE
2025-06-27T02:08:10.015511Z  DEBUG - Response.write: Sending 100 bytes of data
2025-06-27T02:08:10.015511Z  DEBUG - Response.write: stream_window=0, conn_window=65535, available=0
2025-06-27T02:08:10.015513Z  DEBUG - Stream.send_chunks: Starting to send 100 bytes in chunks of 0
2025-06-27T02:08:10.015513Z  DEBUG - Stream.send_chunks: No window available, waiting...
2025-06-27T02:08:10.015519Z  DEBUG - Handling stream 99 with headers: [{":method", "GET"}, {":scheme", "http"}, {":path", "/"}, {":authority", "localhost:9080"}]
2025-06-27T02:08:10.015519Z  DEBUG - Created request for stream 99: GET /
2025-06-27T02:08:10.015519Z   INFO - Request: GET /
2025-06-27T02:08:10.015520Z  DEBUG - Response.send_headers called, end_stream=false, headers_sent=false
2025-06-27T02:08:10.015521Z  DEBUG - Response: Sending 2 headers
2025-06-27T02:08:10.015521Z  DEBUG - Stream 99: send_headers called with 2 headers, end_stream=false
2025-06-27T02:08:10.015522Z  DEBUG - Stream 99: Sending HEADERS frame with flags=END_HEADERS, header_block_size=2
2025-06-27T02:08:10.015526Z  DEBUG - Stream 99: send_headers completed, new state=HALF_CLOSED_REMOTE
2025-06-27T02:08:10.015527Z  DEBUG - Response.write: Sending 100 bytes of data
2025-06-27T02:08:10.015527Z  DEBUG - Response.write: stream_window=0, conn_window=65535, available=0
2025-06-27T02:08:10.015528Z  DEBUG - Stream.send_chunks: Starting to send 100 bytes in chunks of 0
2025-06-27T02:08:10.015528Z  DEBUG - Stream.send_chunks: No window available, waiting...
2025-06-27T02:08:10.015534Z  DEBUG - Handling stream 101 with headers: [{":method", "GET"}, {":scheme", "http"}, {":path", "/"}, {":authority", "localhost:9080"}]
2025-06-27T02:08:10.015535Z  DEBUG - Created request for stream 101: GET /
2025-06-27T02:08:10.015535Z   INFO - Request: GET /
2025-06-27T02:08:10.015536Z  DEBUG - Response.send_headers called, end_stream=false, headers_sent=false
2025-06-27T02:08:10.015536Z  DEBUG - Response: Sending 2 headers
2025-06-27T02:08:10.015537Z  DEBUG - Stream 101: send_headers called with 2 headers, end_stream=false
2025-06-27T02:08:10.015538Z  DEBUG - Stream 101: Sending HEADERS frame with flags=END_HEADERS, header_block_size=2
2025-06-27T02:08:10.015540Z  DEBUG - Stream 101: send_headers completed, new state=HALF_CLOSED_REMOTE
2025-06-27T02:08:10.015541Z  DEBUG - Response.write: Sending 100 bytes of data
2025-06-27T02:08:10.015541Z  DEBUG - Response.write: stream_window=0, conn_window=65535, available=0
2025-06-27T02:08:10.015542Z  DEBUG - Stream.send_chunks: Starting to send 100 bytes in chunks of 0
2025-06-27T02:08:10.015542Z  DEBUG - Stream.send_chunks: No window available, waiting...
2025-06-27T02:08:10.015549Z  DEBUG - Handling stream 103 with headers: [{":method", "GET"}, {":scheme", "http"}, {":path", "/"}, {":authority", "localhost:9080"}]
2025-06-27T02:08:10.015550Z  DEBUG - Created request for stream 103: GET /
2025-06-27T02:08:10.015550Z   INFO - Request: GET /
2025-06-27T02:08:10.015550Z  DEBUG - Response.send_headers called, end_stream=false, headers_sent=false
2025-06-27T02:08:10.015551Z  DEBUG - Response: Sending 2 headers
2025-06-27T02:08:10.015551Z  DEBUG - Stream 103: send_headers called with 2 headers, end_stream=false
2025-06-27T02:08:10.015553Z  DEBUG - Stream 103: Sending HEADERS frame with flags=END_HEADERS, header_block_size=2
2025-06-27T02:08:10.015555Z  DEBUG - Stream 103: send_headers completed, new state=HALF_CLOSED_REMOTE
2025-06-27T02:08:10.015555Z  DEBUG - Response.write: Sending 100 bytes of data
2025-06-27T02:08:10.015556Z  DEBUG - Response.write: stream_window=0, conn_window=65535, available=0
2025-06-27T02:08:10.015557Z  DEBUG - Stream.send_chunks: Starting to send 100 bytes in chunks of 0
2025-06-27T02:08:10.015557Z  DEBUG - Stream.send_chunks: No window available, waiting...
2025-06-27T02:08:10.015565Z  DEBUG - Handling stream 105 with headers: [{":method", "GET"}, {":scheme", "http"}, {":path", "/"}, {":authority", "localhost:9080"}]
2025-06-27T02:08:10.015566Z  DEBUG - Created request for stream 105: GET /
2025-06-27T02:08:10.015566Z   INFO - Request: GET /
2025-06-27T02:08:10.015566Z  DEBUG - Response.send_headers called, end_stream=false, headers_sent=false
2025-06-27T02:08:10.015567Z  DEBUG - Response: Sending 2 headers
2025-06-27T02:08:10.015567Z  DEBUG - Stream 105: send_headers called with 2 headers, end_stream=false
2025-06-27T02:08:10.015569Z  DEBUG - Stream 105: Sending HEADERS frame with flags=END_HEADERS, header_block_size=2
2025-06-27T02:08:10.015571Z  DEBUG - Stream 105: send_headers completed, new state=HALF_CLOSED_REMOTE
2025-06-27T02:08:10.015571Z  DEBUG - Response.write: Sending 100 bytes of data
2025-06-27T02:08:10.015572Z  DEBUG - Response.write: stream_window=0, conn_window=65535, available=0
2025-06-27T02:08:10.015573Z  DEBUG - Stream.send_chunks: Starting to send 100 bytes in chunks of 0
2025-06-27T02:08:10.015573Z  DEBUG - Stream.send_chunks: No window available, waiting...
2025-06-27T02:08:10.015579Z  DEBUG - Handling stream 107 with headers: [{":method", "GET"}, {":scheme", "http"}, {":path", "/"}, {":authority", "localhost:9080"}]
2025-06-27T02:08:10.015579Z  DEBUG - Created request for stream 107: GET /
2025-06-27T02:08:10.015579Z   INFO - Request: GET /
2025-06-27T02:08:10.015580Z  DEBUG - Response.send_headers called, end_stream=false, headers_sent=false
2025-06-27T02:08:10.015581Z  DEBUG - Response: Sending 2 headers
2025-06-27T02:08:10.015581Z  DEBUG - Stream 107: send_headers called with 2 headers, end_stream=false
2025-06-27T02:08:10.015582Z  DEBUG - Stream 107: Sending HEADERS frame with flags=END_HEADERS, header_block_size=2
2025-06-27T02:08:10.015585Z  DEBUG - Stream 107: send_headers completed, new state=HALF_CLOSED_REMOTE
2025-06-27T02:08:10.015585Z  DEBUG - Response.write: Sending 100 bytes of data
2025-06-27T02:08:10.015585Z  DEBUG - Response.write: stream_window=0, conn_window=65535, available=0
2025-06-27T02:08:10.015587Z  DEBUG - Stream.send_chunks: Starting to send 100 bytes in chunks of 0
2025-06-27T02:08:10.015587Z  DEBUG - Stream.send_chunks: No window available, waiting...
2025-06-27T02:08:10.015593Z  DEBUG - Handling stream 109 with headers: [{":method", "GET"}, {":scheme", "http"}, {":path", "/"}, {":authority", "localhost:9080"}]
2025-06-27T02:08:10.015594Z  DEBUG - Created request for stream 109: GET /
2025-06-27T02:08:10.015594Z   INFO - Request: GET /
2025-06-27T02:08:10.015595Z  DEBUG - Response.send_headers called, end_stream=false, headers_sent=false
2025-06-27T02:08:10.015595Z  DEBUG - Response: Sending 2 headers
2025-06-27T02:08:10.015596Z  DEBUG - Stream 109: send_headers called with 2 headers, end_stream=false
2025-06-27T02:08:10.015597Z  DEBUG - Stream 109: Sending HEADERS frame with flags=END_HEADERS, header_block_size=2
2025-06-27T02:08:10.015600Z  DEBUG - Stream 109: send_headers completed, new state=HALF_CLOSED_REMOTE
2025-06-27T02:08:10.015601Z  DEBUG - Response.write: Sending 100 bytes of data
2025-06-27T02:08:10.015601Z  DEBUG - Response.write: stream_window=0, conn_window=65535, available=0
2025-06-27T02:08:10.015603Z  DEBUG - Stream.send_chunks: Starting to send 100 bytes in chunks of 0
2025-06-27T02:08:10.015603Z  DEBUG - Stream.send_chunks: No window available, waiting...
2025-06-27T02:08:10.015611Z  DEBUG - Handling stream 111 with headers: [{":method", "GET"}, {":scheme", "http"}, {":path", "/"}, {":authority", "localhost:9080"}]
2025-06-27T02:08:10.015612Z  DEBUG - Created request for stream 111: GET /
2025-06-27T02:08:10.015613Z   INFO - Request: GET /
2025-06-27T02:08:10.015613Z  DEBUG - Response.send_headers called, end_stream=false, headers_sent=false
2025-06-27T02:08:10.015614Z  DEBUG - Response: Sending 2 headers
2025-06-27T02:08:10.015615Z  DEBUG - Stream 111: send_headers called with 2 headers, end_stream=false
2025-06-27T02:08:10.015617Z  DEBUG - Stream 111: Sending HEADERS frame with flags=END_HEADERS, header_block_size=2
2025-06-27T02:08:10.015621Z  DEBUG - Stream 111: send_headers completed, new state=HALF_CLOSED_REMOTE
2025-06-27T02:08:10.015621Z  DEBUG - Response.write: Sending 100 bytes of data
2025-06-27T02:08:10.015621Z  DEBUG - Response.write: stream_window=0, conn_window=65535, available=0
2025-06-27T02:08:10.015623Z  DEBUG - Stream.send_chunks: Starting to send 100 bytes in chunks of 0
2025-06-27T02:08:10.015623Z  DEBUG - Stream.send_chunks: No window available, waiting...
2025-06-27T02:08:10.015631Z  DEBUG - Handling stream 113 with headers: [{":method", "GET"}, {":scheme", "http"}, {":path", "/"}, {":authority", "localhost:9080"}]
2025-06-27T02:08:10.015632Z  DEBUG - Created request for stream 113: GET /
2025-06-27T02:08:10.015632Z   INFO - Request: GET /
2025-06-27T02:08:10.015634Z  DEBUG - Response.send_headers called, end_stream=false, headers_sent=false
2025-06-27T02:08:10.015635Z  DEBUG - Response: Sending 2 headers
2025-06-27T02:08:10.015635Z  DEBUG - Stream 113: send_headers called with 2 headers, end_stream=false
2025-06-27T02:08:10.015636Z  DEBUG - Stream 113: Sending HEADERS frame with flags=END_HEADERS, header_block_size=2
2025-06-27T02:08:10.015639Z  DEBUG - Stream 113: send_headers completed, new state=HALF_CLOSED_REMOTE
2025-06-27T02:08:10.015639Z  DEBUG - Response.write: Sending 100 bytes of data
2025-06-27T02:08:10.015640Z  DEBUG - Response.write: stream_window=0, conn_window=65535, available=0
2025-06-27T02:08:10.015641Z  DEBUG - Stream.send_chunks: Starting to send 100 bytes in chunks of 0
2025-06-27T02:08:10.015641Z  DEBUG - Stream.send_chunks: No window available, waiting...
2025-06-27T02:08:10.015648Z  DEBUG - Handling stream 115 with headers: [{":method", "GET"}, {":scheme", "http"}, {":path", "/"}, {":authority", "localhost:9080"}]
2025-06-27T02:08:10.015649Z  DEBUG - Created request for stream 115: GET /
2025-06-27T02:08:10.015649Z   INFO - Request: GET /
2025-06-27T02:08:10.015650Z  DEBUG - Response.send_headers called, end_stream=false, headers_sent=false
2025-06-27T02:08:10.015650Z  DEBUG - Response: Sending 2 headers
2025-06-27T02:08:10.015651Z  DEBUG - Stream 115: send_headers called with 2 headers, end_stream=false
2025-06-27T02:08:10.015652Z  DEBUG - Stream 115: Sending HEADERS frame with flags=END_HEADERS, header_block_size=2
2025-06-27T02:08:10.015656Z  DEBUG - Stream 115: send_headers completed, new state=HALF_CLOSED_REMOTE
2025-06-27T02:08:10.015656Z  DEBUG - Response.write: Sending 100 bytes of data
2025-06-27T02:08:10.015656Z  DEBUG - Response.write: stream_window=0, conn_window=65535, available=0
2025-06-27T02:08:10.015658Z  DEBUG - Stream.send_chunks: Starting to send 100 bytes in chunks of 0
2025-06-27T02:08:10.015658Z  DEBUG - Stream.send_chunks: No window available, waiting...
2025-06-27T02:08:10.015664Z  DEBUG - Handling stream 117 with headers: [{":method", "GET"}, {":scheme", "http"}, {":path", "/"}, {":authority", "localhost:9080"}]
2025-06-27T02:08:10.015665Z  DEBUG - Created request for stream 117: GET /
2025-06-27T02:08:10.015665Z   INFO - Request: GET /
2025-06-27T02:08:10.015666Z  DEBUG - Response.send_headers called, end_stream=false, headers_sent=false
2025-06-27T02:08:10.015667Z  DEBUG - Response: Sending 2 headers
2025-06-27T02:08:10.015667Z  DEBUG - Stream 117: send_headers called with 2 headers, end_stream=false
2025-06-27T02:08:10.015671Z  DEBUG - Stream 117: Sending HEADERS frame with flags=END_HEADERS, header_block_size=2
2025-06-27T02:08:10.015674Z  DEBUG - Stream 117: send_headers completed, new state=HALF_CLOSED_REMOTE
2025-06-27T02:08:10.015675Z  DEBUG - Response.write: Sending 100 bytes of data
2025-06-27T02:08:10.015675Z  DEBUG - Response.write: stream_window=0, conn_window=65535, available=0
2025-06-27T02:08:10.015676Z  DEBUG - Stream.send_chunks: Starting to send 100 bytes in chunks of 0
2025-06-27T02:08:10.015676Z  DEBUG - Stream.send_chunks: No window available, waiting...
2025-06-27T02:08:10.015683Z  DEBUG - Handling stream 119 with headers: [{":method", "GET"}, {":scheme", "http"}, {":path", "/"}, {":authority", "localhost:9080"}]
2025-06-27T02:08:10.015683Z  DEBUG - Created request for stream 119: GET /
2025-06-27T02:08:10.015684Z   INFO - Request: GET /
2025-06-27T02:08:10.015684Z  DEBUG - Response.send_headers called, end_stream=false, headers_sent=false
2025-06-27T02:08:10.015685Z  DEBUG - Response: Sending 2 headers
2025-06-27T02:08:10.015686Z  DEBUG - Stream 119: send_headers called with 2 headers, end_stream=false
2025-06-27T02:08:10.015687Z  DEBUG - Stream 119: Sending HEADERS frame with flags=END_HEADERS, header_block_size=2
2025-06-27T02:08:10.015692Z  DEBUG - Stream 119: send_headers completed, new state=HALF_CLOSED_REMOTE
2025-06-27T02:08:10.015692Z  DEBUG - Response.write: Sending 100 bytes of data
2025-06-27T02:08:10.015693Z  DEBUG - Response.write: stream_window=0, conn_window=65535, available=0
2025-06-27T02:08:10.015694Z  DEBUG - Stream.send_chunks: Starting to send 100 bytes in chunks of 0
2025-06-27T02:08:10.015694Z  DEBUG - Stream.send_chunks: No window available, waiting...
2025-06-27T02:08:10.015703Z  DEBUG - Handling stream 121 with headers: [{":method", "GET"}, {":scheme", "http"}, {":path", "/"}, {":authority", "localhost:9080"}]
2025-06-27T02:08:10.015703Z  DEBUG - Created request for stream 121: GET /
2025-06-27T02:08:10.015704Z   INFO - Request: GET /
2025-06-27T02:08:10.015704Z  DEBUG - Response.send_headers called, end_stream=false, headers_sent=false
2025-06-27T02:08:10.015705Z  DEBUG - Response: Sending 2 headers
2025-06-27T02:08:10.015706Z  DEBUG - Stream 121: send_headers called with 2 headers, end_stream=false
2025-06-27T02:08:10.015707Z  DEBUG - Stream 121: Sending HEADERS frame with flags=END_HEADERS, header_block_size=2
2025-06-27T02:08:10.015713Z  DEBUG - Stream 121: send_headers completed, new state=HALF_CLOSED_REMOTE
2025-06-27T02:08:10.015713Z  DEBUG - Response.write: Sending 100 bytes of data
2025-06-27T02:08:10.015714Z  DEBUG - Response.write: stream_window=0, conn_window=65535, available=0
2025-06-27T02:08:10.015715Z  DEBUG - Stream.send_chunks: Starting to send 100 bytes in chunks of 0
2025-06-27T02:08:10.015715Z  DEBUG - Stream.send_chunks: No window available, waiting...
2025-06-27T02:08:10.015722Z  DEBUG - Handling stream 123 with headers: [{":method", "GET"}, {":scheme", "http"}, {":path", "/"}, {":authority", "localhost:9080"}]
2025-06-27T02:08:10.015723Z  DEBUG - Created request for stream 123: GET /
2025-06-27T02:08:10.015723Z   INFO - Request: GET /
2025-06-27T02:08:10.015724Z  DEBUG - Response.send_headers called, end_stream=false, headers_sent=false
2025-06-27T02:08:10.015725Z  DEBUG - Response: Sending 2 headers
2025-06-27T02:08:10.015725Z  DEBUG - Stream 123: send_headers called with 2 headers, end_stream=false
2025-06-27T02:08:10.015729Z  DEBUG - Stream 123: Sending HEADERS frame with flags=END_HEADERS, header_block_size=2
2025-06-27T02:08:10.015732Z  DEBUG - Stream 123: send_headers completed, new state=HALF_CLOSED_REMOTE
2025-06-27T02:08:10.015732Z  DEBUG - Response.write: Sending 100 bytes of data
2025-06-27T02:08:10.015733Z  DEBUG - Response.write: stream_window=0, conn_window=65535, available=0
2025-06-27T02:08:10.015734Z  DEBUG - Stream.send_chunks: Starting to send 100 bytes in chunks of 0
2025-06-27T02:08:10.015734Z  DEBUG - Stream.send_chunks: No window available, waiting...
2025-06-27T02:08:10.015742Z  DEBUG - Handling stream 125 with headers: [{":method", "GET"}, {":scheme", "http"}, {":path", "/"}, {":authority", "localhost:9080"}]
2025-06-27T02:08:10.015743Z  DEBUG - Created request for stream 125: GET /
2025-06-27T02:08:10.015744Z   INFO - Request: GET /
2025-06-27T02:08:10.015744Z  DEBUG - Response.send_headers called, end_stream=false, headers_sent=false
2025-06-27T02:08:10.015745Z  DEBUG - Response: Sending 2 headers
2025-06-27T02:08:10.015746Z  DEBUG - Stream 125: send_headers called with 2 headers, end_stream=false
2025-06-27T02:08:10.015747Z  DEBUG - Stream 125: Sending HEADERS frame with flags=END_HEADERS, header_block_size=2
2025-06-27T02:08:10.015751Z  DEBUG - Stream 125: send_headers completed, new state=HALF_CLOSED_REMOTE
2025-06-27T02:08:10.015751Z  DEBUG - Response.write: Sending 100 bytes of data
2025-06-27T02:08:10.015752Z  DEBUG - Response.write: stream_window=0, conn_window=65535, available=0
2025-06-27T02:08:10.015753Z  DEBUG - Stream.send_chunks: Starting to send 100 bytes in chunks of 0
2025-06-27T02:08:10.015753Z  DEBUG - Stream.send_chunks: No window available, waiting...
2025-06-27T02:08:10.015761Z  DEBUG - Handling stream 127 with headers: [{":method", "GET"}, {":scheme", "http"}, {":path", "/"}, {":authority", "localhost:9080"}]
2025-06-27T02:08:10.015762Z  DEBUG - Created request for stream 127: GET /
2025-06-27T02:08:10.015762Z   INFO - Request: GET /
2025-06-27T02:08:10.015763Z  DEBUG - Response.send_headers called, end_stream=false, headers_sent=false
2025-06-27T02:08:10.015764Z  DEBUG - Response: Sending 2 headers
2025-06-27T02:08:10.015764Z  DEBUG - Stream 127: send_headers called with 2 headers, end_stream=false
2025-06-27T02:08:10.015766Z  DEBUG - Stream 127: Sending HEADERS frame with flags=END_HEADERS, header_block_size=2
2025-06-27T02:08:10.015771Z  DEBUG - Stream 127: send_headers completed, new state=HALF_CLOSED_REMOTE
2025-06-27T02:08:10.015771Z  DEBUG - Response.write: Sending 100 bytes of data
2025-06-27T02:08:10.015771Z  DEBUG - Response.write: stream_window=0, conn_window=65535, available=0
2025-06-27T02:08:10.015773Z  DEBUG - Stream.send_chunks: Starting to send 100 bytes in chunks of 0
2025-06-27T02:08:10.015773Z  DEBUG - Stream.send_chunks: No window available, waiting...
2025-06-27T02:08:10.015781Z  DEBUG - Handling stream 129 with headers: [{":method", "GET"}, {":scheme", "http"}, {":path", "/"}, {":authority", "localhost:9080"}]
2025-06-27T02:08:10.015783Z  DEBUG - Created request for stream 129: GET /
2025-06-27T02:08:10.015783Z   INFO - Request: GET /
2025-06-27T02:08:10.015784Z  DEBUG - Response.send_headers called, end_stream=false, headers_sent=false
2025-06-27T02:08:10.015785Z  DEBUG - Response: Sending 2 headers
2025-06-27T02:08:10.015785Z  DEBUG - Stream 129: send_headers called with 2 headers, end_stream=false
2025-06-27T02:08:10.015789Z  DEBUG - Stream 129: Sending HEADERS frame with flags=END_HEADERS, header_block_size=2
2025-06-27T02:08:10.015792Z  DEBUG - Stream 129: send_headers completed, new state=HALF_CLOSED_REMOTE
2025-06-27T02:08:10.015792Z  DEBUG - Response.write: Sending 100 bytes of data
2025-06-27T02:08:10.015793Z  DEBUG - Response.write: stream_window=0, conn_window=65535, available=0
2025-06-27T02:08:10.015794Z  DEBUG - Stream.send_chunks: Starting to send 100 bytes in chunks of 0
2025-06-27T02:08:10.015794Z  DEBUG - Stream.send_chunks: No window available, waiting...
2025-06-27T02:08:10.015801Z  DEBUG - Handling stream 131 with headers: [{":method", "GET"}, {":scheme", "http"}, {":path", "/"}, {":authority", "localhost:9080"}]
2025-06-27T02:08:10.015803Z  DEBUG - Created request for stream 131: GET /
2025-06-27T02:08:10.015803Z   INFO - Request: GET /
2025-06-27T02:08:10.015804Z  DEBUG - Response.send_headers called, end_stream=false, headers_sent=false
2025-06-27T02:08:10.015805Z  DEBUG - Response: Sending 2 headers
2025-06-27T02:08:10.015805Z  DEBUG - Stream 131: send_headers called with 2 headers, end_stream=false
2025-06-27T02:08:10.015807Z  DEBUG - Stream 131: Sending HEADERS frame with flags=END_HEADERS, header_block_size=2
2025-06-27T02:08:10.015812Z  DEBUG - Stream 131: send_headers completed, new state=HALF_CLOSED_REMOTE
2025-06-27T02:08:10.015813Z  DEBUG - Response.write: Sending 100 bytes of data
2025-06-27T02:08:10.015814Z  DEBUG - Response.write: stream_window=0, conn_window=65535, available=0
2025-06-27T02:08:10.015815Z  DEBUG - Stream.send_chunks: Starting to send 100 bytes in chunks of 0
2025-06-27T02:08:10.015815Z  DEBUG - Stream.send_chunks: No window available, waiting...
2025-06-27T02:08:10.015823Z  DEBUG - Handling stream 133 with headers: [{":method", "GET"}, {":scheme", "http"}, {":path", "/"}, {":authority", "localhost:9080"}]
2025-06-27T02:08:10.015824Z  DEBUG - Created request for stream 133: GET /
2025-06-27T02:08:10.015824Z   INFO - Request: GET /
2025-06-27T02:08:10.015825Z  DEBUG - Response.send_headers called, end_stream=false, headers_sent=false
2025-06-27T02:08:10.015825Z  DEBUG - Response: Sending 2 headers
2025-06-27T02:08:10.015826Z  DEBUG - Stream 133: send_headers called with 2 headers, end_stream=false
2025-06-27T02:08:10.015827Z  DEBUG - Stream 133: Sending HEADERS frame with flags=END_HEADERS, header_block_size=2
2025-06-27T02:08:10.015831Z  DEBUG - Stream 133: send_headers completed, new state=HALF_CLOSED_REMOTE
2025-06-27T02:08:10.015831Z  DEBUG - Response.write: Sending 100 bytes of data
2025-06-27T02:08:10.015831Z  DEBUG - Response.write: stream_window=0, conn_window=65535, available=0
2025-06-27T02:08:10.015834Z  DEBUG - Stream.send_chunks: Starting to send 100 bytes in chunks of 0
2025-06-27T02:08:10.015834Z  DEBUG - Stream.send_chunks: No window available, waiting...
2025-06-27T02:08:10.015841Z  DEBUG - Handling stream 135 with headers: [{":method", "GET"}, {":scheme", "http"}, {":path", "/"}, {":authority", "localhost:9080"}]
2025-06-27T02:08:10.015842Z  DEBUG - Created request for stream 135: GET /
2025-06-27T02:08:10.015843Z   INFO - Request: GET /
2025-06-27T02:08:10.015844Z  DEBUG - Response.send_headers called, end_stream=false, headers_sent=false
2025-06-27T02:08:10.015845Z  DEBUG - Response: Sending 2 headers
2025-06-27T02:08:10.015845Z  DEBUG - Stream 135: send_headers called with 2 headers, end_stream=false
2025-06-27T02:08:10.015847Z  DEBUG - Stream 135: Sending HEADERS frame with flags=END_HEADERS, header_block_size=2
2025-06-27T02:08:10.015853Z  DEBUG - Stream 135: send_headers completed, new state=HALF_CLOSED_REMOTE
2025-06-27T02:08:10.015853Z  DEBUG - Response.write: Sending 100 bytes of data
2025-06-27T02:08:10.015853Z  DEBUG - Response.write: stream_window=0, conn_window=65535, available=0
2025-06-27T02:08:10.015855Z  DEBUG - Stream.send_chunks: Starting to send 100 bytes in chunks of 0
2025-06-27T02:08:10.015855Z  DEBUG - Stream.send_chunks: No window available, waiting...
2025-06-27T02:08:10.015872Z  DEBUG - Handling stream 137 with headers: [{":method", "GET"}, {":scheme", "http"}, {":path", "/"}, {":authority", "localhost:9080"}]
2025-06-27T02:08:10.015874Z  DEBUG - Created request for stream 137: GET /
2025-06-27T02:08:10.015874Z   INFO - Request: GET /
2025-06-27T02:08:10.015875Z  DEBUG - Response.send_headers called, end_stream=false, headers_sent=false
2025-06-27T02:08:10.015876Z  DEBUG - Response: Sending 2 headers
2025-06-27T02:08:10.015876Z  DEBUG - Stream 137: send_headers called with 2 headers, end_stream=false
2025-06-27T02:08:10.015878Z  DEBUG - Stream 137: Sending HEADERS frame with flags=END_HEADERS, header_block_size=2
2025-06-27T02:08:10.015883Z  DEBUG - Stream 137: send_headers completed, new state=HALF_CLOSED_REMOTE
2025-06-27T02:08:10.015883Z  DEBUG - Response.write: Sending 100 bytes of data
2025-06-27T02:08:10.015884Z  DEBUG - Response.write: stream_window=0, conn_window=65535, available=0
2025-06-27T02:08:10.015885Z  DEBUG - Stream.send_chunks: Starting to send 100 bytes in chunks of 0
2025-06-27T02:08:10.015885Z  DEBUG - Stream.send_chunks: No window available, waiting...
2025-06-27T02:08:10.015897Z  DEBUG - Handling stream 139 with headers: [{":method", "GET"}, {":scheme", "http"}, {":path", "/"}, {":authority", "localhost:9080"}]
2025-06-27T02:08:10.015898Z  DEBUG - Created request for stream 139: GET /
2025-06-27T02:08:10.015898Z   INFO - Request: GET /
2025-06-27T02:08:10.015899Z  DEBUG - Response.send_headers called, end_stream=false, headers_sent=false
2025-06-27T02:08:10.015899Z  DEBUG - Response: Sending 2 headers
2025-06-27T02:08:10.015900Z  DEBUG - Stream 139: send_headers called with 2 headers, end_stream=false
2025-06-27T02:08:10.015901Z  DEBUG - Stream 139: Sending HEADERS frame with flags=END_HEADERS, header_block_size=2
2025-06-27T02:08:10.015906Z  DEBUG - Stream 139: send_headers completed, new state=HALF_CLOSED_REMOTE
2025-06-27T02:08:10.015906Z  DEBUG - Response.write: Sending 100 bytes of data
2025-06-27T02:08:10.015907Z  DEBUG - Response.write: stream_window=0, conn_window=65535, available=0
2025-06-27T02:08:10.015908Z  DEBUG - Stream.send_chunks: Starting to send 100 bytes in chunks of 0
2025-06-27T02:08:10.015908Z  DEBUG - Stream.send_chunks: No window available, waiting...
2025-06-27T02:08:10.015914Z  DEBUG - Handling stream 141 with headers: [{":method", "GET"}, {":scheme", "http"}, {":path", "/"}, {":authority", "localhost:9080"}]
2025-06-27T02:08:10.015915Z  DEBUG - Created request for stream 141: GET /
2025-06-27T02:08:10.015916Z   INFO - Request: GET /
2025-06-27T02:08:10.015916Z  DEBUG - Response.send_headers called, end_stream=false, headers_sent=false
2025-06-27T02:08:10.015917Z  DEBUG - Response: Sending 2 headers
2025-06-27T02:08:10.015917Z  DEBUG - Stream 141: send_headers called with 2 headers, end_stream=false
2025-06-27T02:08:10.015920Z  DEBUG - Stream 141: Sending HEADERS frame with flags=END_HEADERS, header_block_size=2
2025-06-27T02:08:10.015926Z  DEBUG - Stream 141: send_headers completed, new state=HALF_CLOSED_REMOTE
2025-06-27T02:08:10.015926Z  DEBUG - Response.write: Sending 100 bytes of data
2025-06-27T02:08:10.015926Z  DEBUG - Response.write: stream_window=0, conn_window=65535, available=0
2025-06-27T02:08:10.015928Z  DEBUG - Stream.send_chunks: Starting to send 100 bytes in chunks of 0
2025-06-27T02:08:10.015928Z  DEBUG - Stream.send_chunks: No window available, waiting...
2025-06-27T02:08:10.015935Z  DEBUG - Handling stream 143 with headers: [{":method", "GET"}, {":scheme", "http"}, {":path", "/"}, {":authority", "localhost:9080"}]
2025-06-27T02:08:10.015936Z  DEBUG - Created request for stream 143: GET /
2025-06-27T02:08:10.015936Z   INFO - Request: GET /
2025-06-27T02:08:10.015937Z  DEBUG - Response.send_headers called, end_stream=false, headers_sent=false
2025-06-27T02:08:10.015938Z  DEBUG - Response: Sending 2 headers
2025-06-27T02:08:10.015938Z  DEBUG - Stream 143: send_headers called with 2 headers, end_stream=false
2025-06-27T02:08:10.015940Z  DEBUG - Stream 143: Sending HEADERS frame with flags=END_HEADERS, header_block_size=2
2025-06-27T02:08:10.015943Z  DEBUG - Stream 143: send_headers completed, new state=HALF_CLOSED_REMOTE
2025-06-27T02:08:10.015943Z  DEBUG - Response.write: Sending 100 bytes of data
2025-06-27T02:08:10.015944Z  DEBUG - Response.write: stream_window=0, conn_window=65535, available=0
2025-06-27T02:08:10.015945Z  DEBUG - Stream.send_chunks: Starting to send 100 bytes in chunks of 0
2025-06-27T02:08:10.015945Z  DEBUG - Stream.send_chunks: No window available, waiting...
2025-06-27T02:08:10.015955Z  DEBUG - Handling stream 145 with headers: [{":method", "GET"}, {":scheme", "http"}, {":path", "/"}, {":authority", "localhost:9080"}]
2025-06-27T02:08:10.015956Z  DEBUG - Created request for stream 145: GET /
2025-06-27T02:08:10.015956Z   INFO - Request: GET /
2025-06-27T02:08:10.015957Z  DEBUG - Response.send_headers called, end_stream=false, headers_sent=false
2025-06-27T02:08:10.015958Z  DEBUG - Response: Sending 2 headers
2025-06-27T02:08:10.015959Z  DEBUG - Stream 145: send_headers called with 2 headers, end_stream=false
2025-06-27T02:08:10.015960Z  DEBUG - Stream 145: Sending HEADERS frame with flags=END_HEADERS, header_block_size=2
2025-06-27T02:08:10.015964Z  DEBUG - Stream 145: send_headers completed, new state=HALF_CLOSED_REMOTE
2025-06-27T02:08:10.015964Z  DEBUG - Response.write: Sending 100 bytes of data
2025-06-27T02:08:10.015965Z  DEBUG - Response.write: stream_window=0, conn_window=65535, available=0
2025-06-27T02:08:10.015966Z  DEBUG - Stream.send_chunks: Starting to send 100 bytes in chunks of 0
2025-06-27T02:08:10.015966Z  DEBUG - Stream.send_chunks: No window available, waiting...
2025-06-27T02:08:10.015974Z  DEBUG - Handling stream 147 with headers: [{":method", "GET"}, {":scheme", "http"}, {":path", "/"}, {":authority", "localhost:9080"}]
2025-06-27T02:08:10.015975Z  DEBUG - Created request for stream 147: GET /
2025-06-27T02:08:10.015977Z   INFO - Request: GET /
2025-06-27T02:08:10.015978Z  DEBUG - Response.send_headers called, end_stream=false, headers_sent=false
2025-06-27T02:08:10.015979Z  DEBUG - Response: Sending 2 headers
2025-06-27T02:08:10.015980Z  DEBUG - Stream 147: send_headers called with 2 headers, end_stream=false
2025-06-27T02:08:10.015981Z  DEBUG - Stream 147: Sending HEADERS frame with flags=END_HEADERS, header_block_size=2
2025-06-27T02:08:10.015984Z  DEBUG - Stream 147: send_headers completed, new state=HALF_CLOSED_REMOTE
2025-06-27T02:08:10.015984Z  DEBUG - Response.write: Sending 100 bytes of data
2025-06-27T02:08:10.015984Z  DEBUG - Response.write: stream_window=0, conn_window=65535, available=0
2025-06-27T02:08:10.015985Z  DEBUG - Stream.send_chunks: Starting to send 100 bytes in chunks of 0
2025-06-27T02:08:10.015986Z  DEBUG - Stream.send_chunks: No window available, waiting...
2025-06-27T02:08:10.015992Z  DEBUG - Handling stream 149 with headers: [{":method", "GET"}, {":scheme", "http"}, {":path", "/"}, {":authority", "localhost:9080"}]
2025-06-27T02:08:10.015993Z  DEBUG - Created request for stream 149: GET /
2025-06-27T02:08:10.015993Z   INFO - Request: GET /
2025-06-27T02:08:10.015994Z  DEBUG - Response.send_headers called, end_stream=false, headers_sent=false
2025-06-27T02:08:10.015995Z  DEBUG - Response: Sending 2 headers
2025-06-27T02:08:10.015995Z  DEBUG - Stream 149: send_headers called with 2 headers, end_stream=false
2025-06-27T02:08:10.015996Z  DEBUG - Stream 149: Sending HEADERS frame with flags=END_HEADERS, header_block_size=2
2025-06-27T02:08:10.015999Z  DEBUG - Stream 149: send_headers completed, new state=HALF_CLOSED_REMOTE
2025-06-27T02:08:10.016000Z  DEBUG - Response.write: Sending 100 bytes of data
2025-06-27T02:08:10.016000Z  DEBUG - Response.write: stream_window=0, conn_window=65535, available=0
2025-06-27T02:08:10.016001Z  DEBUG - Stream.send_chunks: Starting to send 100 bytes in chunks of 0
2025-06-27T02:08:10.016001Z  DEBUG - Stream.send_chunks: No window available, waiting...
2025-06-27T02:08:10.016008Z  DEBUG - Handling stream 151 with headers: [{":method", "GET"}, {":scheme", "http"}, {":path", "/"}, {":authority", "localhost:9080"}]
2025-06-27T02:08:10.016009Z  DEBUG - Created request for stream 151: GET /
2025-06-27T02:08:10.016009Z   INFO - Request: GET /
2025-06-27T02:08:10.016010Z  DEBUG - Response.send_headers called, end_stream=false, headers_sent=false
2025-06-27T02:08:10.016011Z  DEBUG - Response: Sending 2 headers
2025-06-27T02:08:10.016011Z  DEBUG - Stream 151: send_headers called with 2 headers, end_stream=false
2025-06-27T02:08:10.016012Z  DEBUG - Stream 151: Sending HEADERS frame with flags=END_HEADERS, header_block_size=2
2025-06-27T02:08:10.016015Z  DEBUG - Stream 151: send_headers completed, new state=HALF_CLOSED_REMOTE
2025-06-27T02:08:10.016016Z  DEBUG - Response.write: Sending 100 bytes of data
2025-06-27T02:08:10.016016Z  DEBUG - Response.write: stream_window=0, conn_window=65535, available=0
2025-06-27T02:08:10.016019Z  DEBUG - Stream.send_chunks: Starting to send 100 bytes in chunks of 0
2025-06-27T02:08:10.016020Z  DEBUG - Stream.send_chunks: No window available, waiting...
2025-06-27T02:08:10.016027Z  DEBUG - Handling stream 153 with headers: [{":method", "GET"}, {":scheme", "http"}, {":path", "/"}, {":authority", "localhost:9080"}]
2025-06-27T02:08:10.016028Z  DEBUG - Created request for stream 153: GET /
2025-06-27T02:08:10.016028Z   INFO - Request: GET /
2025-06-27T02:08:10.016029Z  DEBUG - Response.send_headers called, end_stream=false, headers_sent=false
2025-06-27T02:08:10.016030Z  DEBUG - Response: Sending 2 headers
2025-06-27T02:08:10.016030Z  DEBUG - Stream 153: send_headers called with 2 headers, end_stream=false
2025-06-27T02:08:10.016032Z  DEBUG - Stream 153: Sending HEADERS frame with flags=END_HEADERS, header_block_size=2
2025-06-27T02:08:10.016035Z  DEBUG - Stream 153: send_headers completed, new state=HALF_CLOSED_REMOTE
2025-06-27T02:08:10.016036Z  DEBUG - Response.write: Sending 100 bytes of data
2025-06-27T02:08:10.016036Z  DEBUG - Response.write: stream_window=0, conn_window=65535, available=0
2025-06-27T02:08:10.016037Z  DEBUG - Stream.send_chunks: Starting to send 100 bytes in chunks of 0
2025-06-27T02:08:10.016038Z  DEBUG - Stream.send_chunks: No window available, waiting...
2025-06-27T02:08:10.016044Z  DEBUG - Handling stream 155 with headers: [{":method", "GET"}, {":scheme", "http"}, {":path", "/"}, {":authority", "localhost:9080"}]
2025-06-27T02:08:10.016045Z  DEBUG - Created request for stream 155: GET /
2025-06-27T02:08:10.016046Z   INFO - Request: GET /
2025-06-27T02:08:10.016047Z  DEBUG - Response.send_headers called, end_stream=false, headers_sent=false
2025-06-27T02:08:10.016047Z  DEBUG - Response: Sending 2 headers
2025-06-27T02:08:10.016048Z  DEBUG - Stream 155: send_headers called with 2 headers, end_stream=false
2025-06-27T02:08:10.016049Z  DEBUG - Stream 155: Sending HEADERS frame with flags=END_HEADERS, header_block_size=2
2025-06-27T02:08:10.016053Z  DEBUG - Stream 155: send_headers completed, new state=HALF_CLOSED_REMOTE
2025-06-27T02:08:10.016053Z  DEBUG - Response.write: Sending 100 bytes of data
2025-06-27T02:08:10.016054Z  DEBUG - Response.write: stream_window=0, conn_window=65535, available=0
2025-06-27T02:08:10.016055Z  DEBUG - Stream.send_chunks: Starting to send 100 bytes in chunks of 0
2025-06-27T02:08:10.016055Z  DEBUG - Stream.send_chunks: No window available, waiting...
2025-06-27T02:08:10.016063Z  DEBUG - Handling stream 157 with headers: [{":method", "GET"}, {":scheme", "http"}, {":path", "/"}, {":authority", "localhost:9080"}]
2025-06-27T02:08:10.016064Z  DEBUG - Created request for stream 157: GET /
2025-06-27T02:08:10.016064Z   INFO - Request: GET /
2025-06-27T02:08:10.016065Z  DEBUG - Response.send_headers called, end_stream=false, headers_sent=false
2025-06-27T02:08:10.016066Z  DEBUG - Response: Sending 2 headers
2025-06-27T02:08:10.016066Z  DEBUG - Stream 157: send_headers called with 2 headers, end_stream=false
2025-06-27T02:08:10.016068Z  DEBUG - Stream 157: Sending HEADERS frame with flags=END_HEADERS, header_block_size=2
2025-06-27T02:08:10.016071Z  DEBUG - Stream 157: send_headers completed, new state=HALF_CLOSED_REMOTE
2025-06-27T02:08:10.016072Z  DEBUG - Response.write: Sending 100 bytes of data
2025-06-27T02:08:10.016072Z  DEBUG - Response.write: stream_window=0, conn_window=65535, available=0
2025-06-27T02:08:10.016074Z  DEBUG - Stream.send_chunks: Starting to send 100 bytes in chunks of 0
2025-06-27T02:08:10.016074Z  DEBUG - Stream.send_chunks: No window available, waiting...
2025-06-27T02:08:10.016081Z  DEBUG - Handling stream 159 with headers: [{":method", "GET"}, {":scheme", "http"}, {":path", "/"}, {":authority", "localhost:9080"}]
2025-06-27T02:08:10.016082Z  DEBUG - Created request for stream 159: GET /
2025-06-27T02:08:10.016083Z   INFO - Request: GET /
2025-06-27T02:08:10.016084Z  DEBUG - Response.send_headers called, end_stream=false, headers_sent=false
2025-06-27T02:08:10.016084Z  DEBUG - Response: Sending 2 headers
2025-06-27T02:08:10.016085Z  DEBUG - Stream 159: send_headers called with 2 headers, end_stream=false
2025-06-27T02:08:10.016087Z  DEBUG - Stream 159: Sending HEADERS frame with flags=END_HEADERS, header_block_size=2
2025-06-27T02:08:10.016092Z  DEBUG - Stream 159: send_headers completed, new state=HALF_CLOSED_REMOTE
2025-06-27T02:08:10.016092Z  DEBUG - Response.write: Sending 100 bytes of data
2025-06-27T02:08:10.016093Z  DEBUG - Response.write: stream_window=0, conn_window=65535, available=0
2025-06-27T02:08:10.016094Z  DEBUG - Stream.send_chunks: Starting to send 100 bytes in chunks of 0
2025-06-27T02:08:10.016095Z  DEBUG - Stream.send_chunks: No window available, waiting...
2025-06-27T02:08:10.016102Z  DEBUG - Handling stream 161 with headers: [{":method", "GET"}, {":scheme", "http"}, {":path", "/"}, {":authority", "localhost:9080"}]
2025-06-27T02:08:10.016103Z  DEBUG - Created request for stream 161: GET /
2025-06-27T02:08:10.016103Z   INFO - Request: GET /
2025-06-27T02:08:10.016104Z  DEBUG - Response.send_headers called, end_stream=false, headers_sent=false
2025-06-27T02:08:10.016105Z  DEBUG - Response: Sending 2 headers
2025-06-27T02:08:10.016106Z  DEBUG - Stream 161: send_headers called with 2 headers, end_stream=false
2025-06-27T02:08:10.016107Z  DEBUG - Stream 161: Sending HEADERS frame with flags=END_HEADERS, header_block_size=2
2025-06-27T02:08:10.016110Z  DEBUG - Stream 161: send_headers completed, new state=HALF_CLOSED_REMOTE
2025-06-27T02:08:10.016110Z  DEBUG - Response.write: Sending 100 bytes of data
2025-06-27T02:08:10.016110Z  DEBUG - Response.write: stream_window=0, conn_window=65535, available=0
2025-06-27T02:08:10.016112Z  DEBUG - Stream.send_chunks: Starting to send 100 bytes in chunks of 0
2025-06-27T02:08:10.016112Z  DEBUG - Stream.send_chunks: No window available, waiting...
2025-06-27T02:08:10.016119Z  DEBUG - Handling stream 163 with headers: [{":method", "GET"}, {":scheme", "http"}, {":path", "/"}, {":authority", "localhost:9080"}]
2025-06-27T02:08:10.016119Z  DEBUG - Created request for stream 163: GET /
2025-06-27T02:08:10.016120Z   INFO - Request: GET /
2025-06-27T02:08:10.016120Z  DEBUG - Response.send_headers called, end_stream=false, headers_sent=false
2025-06-27T02:08:10.016121Z  DEBUG - Response: Sending 2 headers
2025-06-27T02:08:10.016122Z  DEBUG - Stream 163: send_headers called with 2 headers, end_stream=false
2025-06-27T02:08:10.016123Z  DEBUG - Stream 163: Sending HEADERS frame with flags=END_HEADERS, header_block_size=2
2025-06-27T02:08:10.016125Z  DEBUG - Stream 163: send_headers completed, new state=HALF_CLOSED_REMOTE
2025-06-27T02:08:10.016126Z  DEBUG - Response.write: Sending 100 bytes of data
2025-06-27T02:08:10.016126Z  DEBUG - Response.write: stream_window=0, conn_window=65535, available=0
2025-06-27T02:08:10.016127Z  DEBUG - Stream.send_chunks: Starting to send 100 bytes in chunks of 0
2025-06-27T02:08:10.016127Z  DEBUG - Stream.send_chunks: No window available, waiting...
2025-06-27T02:08:10.016134Z  DEBUG - Handling stream 165 with headers: [{":method", "GET"}, {":scheme", "http"}, {":path", "/"}, {":authority", "localhost:9080"}]
2025-06-27T02:08:10.016135Z  DEBUG - Created request for stream 165: GET /
2025-06-27T02:08:10.016135Z   INFO - Request: GET /
2025-06-27T02:08:10.016136Z  DEBUG - Response.send_headers called, end_stream=false, headers_sent=false
2025-06-27T02:08:10.016138Z  DEBUG - Response: Sending 2 headers
2025-06-27T02:08:10.016138Z  DEBUG - Stream 165: send_headers called with 2 headers, end_stream=false
2025-06-27T02:08:10.016140Z  DEBUG - Stream 165: Sending HEADERS frame with flags=END_HEADERS, header_block_size=2
2025-06-27T02:08:10.016143Z  DEBUG - Stream 165: send_headers completed, new state=HALF_CLOSED_REMOTE
2025-06-27T02:08:10.016143Z  DEBUG - Response.write: Sending 100 bytes of data
2025-06-27T02:08:10.016143Z  DEBUG - Response.write: stream_window=0, conn_window=65535, available=0
2025-06-27T02:08:10.016144Z  DEBUG - Stream.send_chunks: Starting to send 100 bytes in chunks of 0
2025-06-27T02:08:10.016145Z  DEBUG - Stream.send_chunks: No window available, waiting...
2025-06-27T02:08:10.016151Z  DEBUG - Handling stream 167 with headers: [{":method", "GET"}, {":scheme", "http"}, {":path", "/"}, {":authority", "localhost:9080"}]
2025-06-27T02:08:10.016152Z  DEBUG - Created request for stream 167: GET /
2025-06-27T02:08:10.016152Z   INFO - Request: GET /
2025-06-27T02:08:10.016153Z  DEBUG - Response.send_headers called, end_stream=false, headers_sent=false
2025-06-27T02:08:10.016154Z  DEBUG - Response: Sending 2 headers
2025-06-27T02:08:10.016154Z  DEBUG - Stream 167: send_headers called with 2 headers, end_stream=false
2025-06-27T02:08:10.016155Z  DEBUG - Stream 167: Sending HEADERS frame with flags=END_HEADERS, header_block_size=2
2025-06-27T02:08:10.016158Z  DEBUG - Stream 167: send_headers completed, new state=HALF_CLOSED_REMOTE
2025-06-27T02:08:10.016158Z  DEBUG - Response.write: Sending 100 bytes of data
2025-06-27T02:08:10.016159Z  DEBUG - Response.write: stream_window=0, conn_window=65535, available=0
2025-06-27T02:08:10.016160Z  DEBUG - Stream.send_chunks: Starting to send 100 bytes in chunks of 0
2025-06-27T02:08:10.016160Z  DEBUG - Stream.send_chunks: No window available, waiting...
2025-06-27T02:08:10.016168Z  DEBUG - Handling stream 169 with headers: [{":method", "GET"}, {":scheme", "http"}, {":path", "/"}, {":authority", "localhost:9080"}]
2025-06-27T02:08:10.016169Z  DEBUG - Created request for stream 169: GET /
2025-06-27T02:08:10.016169Z   INFO - Request: GET /
2025-06-27T02:08:10.016170Z  DEBUG - Response.send_headers called, end_stream=false, headers_sent=false
2025-06-27T02:08:10.016170Z  DEBUG - Response: Sending 2 headers
2025-06-27T02:08:10.016171Z  DEBUG - Stream 169: send_headers called with 2 headers, end_stream=false
2025-06-27T02:08:10.016172Z  DEBUG - Stream 169: Sending HEADERS frame with flags=END_HEADERS, header_block_size=2
2025-06-27T02:08:10.016175Z  DEBUG - Stream 169: send_headers completed, new state=HALF_CLOSED_REMOTE
2025-06-27T02:08:10.016175Z  DEBUG - Response.write: Sending 100 bytes of data
2025-06-27T02:08:10.016176Z  DEBUG - Response.write: stream_window=0, conn_window=65535, available=0
2025-06-27T02:08:10.016177Z  DEBUG - Stream.send_chunks: Starting to send 100 bytes in chunks of 0
2025-06-27T02:08:10.016177Z  DEBUG - Stream.send_chunks: No window available, waiting...
2025-06-27T02:08:10.016184Z  DEBUG - Handling stream 171 with headers: [{":method", "GET"}, {":scheme", "http"}, {":path", "/"}, {":authority", "localhost:9080"}]
2025-06-27T02:08:10.016184Z  DEBUG - Created request for stream 171: GET /
2025-06-27T02:08:10.016185Z   INFO - Request: GET /
2025-06-27T02:08:10.016186Z  DEBUG - Response.send_headers called, end_stream=false, headers_sent=false
2025-06-27T02:08:10.016186Z  DEBUG - Response: Sending 2 headers
2025-06-27T02:08:10.016187Z  DEBUG - Stream 171: send_headers called with 2 headers, end_stream=false
2025-06-27T02:08:10.016188Z  DEBUG - Stream 171: Sending HEADERS frame with flags=END_HEADERS, header_block_size=2
2025-06-27T02:08:10.016191Z  DEBUG - Stream 171: send_headers completed, new state=HALF_CLOSED_REMOTE
2025-06-27T02:08:10.016191Z  DEBUG - Response.write: Sending 100 bytes of data
2025-06-27T02:08:10.016192Z  DEBUG - Response.write: stream_window=0, conn_window=65535, available=0
2025-06-27T02:08:10.016193Z  DEBUG - Stream.send_chunks: Starting to send 100 bytes in chunks of 0
2025-06-27T02:08:10.016193Z  DEBUG - Stream.send_chunks: No window available, waiting...
2025-06-27T02:08:10.016200Z  DEBUG - Handling stream 173 with headers: [{":method", "GET"}, {":scheme", "http"}, {":path", "/"}, {":authority", "localhost:9080"}]
2025-06-27T02:08:10.016202Z  DEBUG - Created request for stream 173: GET /
2025-06-27T02:08:10.016202Z   INFO - Request: GET /
2025-06-27T02:08:10.016203Z  DEBUG - Response.send_headers called, end_stream=false, headers_sent=false
2025-06-27T02:08:10.016204Z  DEBUG - Response: Sending 2 headers
2025-06-27T02:08:10.016204Z  DEBUG - Stream 173: send_headers called with 2 headers, end_stream=false
2025-06-27T02:08:10.016205Z  DEBUG - Stream 173: Sending HEADERS frame with flags=END_HEADERS, header_block_size=2
2025-06-27T02:08:10.016209Z  DEBUG - Stream 173: send_headers completed, new state=HALF_CLOSED_REMOTE
2025-06-27T02:08:10.016209Z  DEBUG - Response.write: Sending 100 bytes of data
2025-06-27T02:08:10.016210Z  DEBUG - Response.write: stream_window=0, conn_window=65535, available=0
2025-06-27T02:08:10.016211Z  DEBUG - Stream.send_chunks: Starting to send 100 bytes in chunks of 0
2025-06-27T02:08:10.016211Z  DEBUG - Stream.send_chunks: No window available, waiting...
2025-06-27T02:08:10.016219Z  DEBUG - Handling stream 175 with headers: [{":method", "GET"}, {":scheme", "http"}, {":path", "/"}, {":authority", "localhost:9080"}]
2025-06-27T02:08:10.016220Z  DEBUG - Created request for stream 175: GET /
2025-06-27T02:08:10.016220Z   INFO - Request: GET /
2025-06-27T02:08:10.016221Z  DEBUG - Response.send_headers called, end_stream=false, headers_sent=false
2025-06-27T02:08:10.016222Z  DEBUG - Response: Sending 2 headers
2025-06-27T02:08:10.016222Z  DEBUG - Stream 175: send_headers called with 2 headers, end_stream=false
2025-06-27T02:08:10.016223Z  DEBUG - Stream 175: Sending HEADERS frame with flags=END_HEADERS, header_block_size=2
2025-06-27T02:08:10.016230Z  DEBUG - Stream 175: send_headers completed, new state=HALF_CLOSED_REMOTE
2025-06-27T02:08:10.016230Z  DEBUG - Response.write: Sending 100 bytes of data
2025-06-27T02:08:10.016231Z  DEBUG - Response.write: stream_window=0, conn_window=65535, available=0
2025-06-27T02:08:10.016232Z  DEBUG - Stream.send_chunks: Starting to send 100 bytes in chunks of 0
2025-06-27T02:08:10.016232Z  DEBUG - Stream.send_chunks: No window available, waiting...
2025-06-27T02:08:10.016241Z  DEBUG - Handling stream 177 with headers: [{":method", "GET"}, {":scheme", "http"}, {":path", "/"}, {":authority", "localhost:9080"}]
2025-06-27T02:08:10.016242Z  DEBUG - Created request for stream 177: GET /
2025-06-27T02:08:10.016242Z   INFO - Request: GET /
2025-06-27T02:08:10.016243Z  DEBUG - Response.send_headers called, end_stream=false, headers_sent=false
2025-06-27T02:08:10.016244Z  DEBUG - Response: Sending 2 headers
2025-06-27T02:08:10.016245Z  DEBUG - Stream 177: send_headers called with 2 headers, end_stream=false
2025-06-27T02:08:10.016246Z  DEBUG - Stream 177: Sending HEADERS frame with flags=END_HEADERS, header_block_size=2
2025-06-27T02:08:10.016250Z  DEBUG - Stream 177: send_headers completed, new state=HALF_CLOSED_REMOTE
2025-06-27T02:08:10.016250Z  DEBUG - Response.write: Sending 100 bytes of data
2025-06-27T02:08:10.016251Z  DEBUG - Response.write: stream_window=0, conn_window=65535, available=0
2025-06-27T02:08:10.016252Z  DEBUG - Stream.send_chunks: Starting to send 100 bytes in chunks of 0
2025-06-27T02:08:10.016252Z  DEBUG - Stream.send_chunks: No window available, waiting...
2025-06-27T02:08:10.016260Z  DEBUG - Handling stream 179 with headers: [{":method", "GET"}, {":scheme", "http"}, {":path", "/"}, {":authority", "localhost:9080"}]
2025-06-27T02:08:10.016261Z  DEBUG - Created request for stream 179: GET /
2025-06-27T02:08:10.016261Z   INFO - Request: GET /
2025-06-27T02:08:10.016262Z  DEBUG - Response.send_headers called, end_stream=false, headers_sent=false
2025-06-27T02:08:10.016263Z  DEBUG - Response: Sending 2 headers
2025-06-27T02:08:10.016264Z  DEBUG - Stream 179: send_headers called with 2 headers, end_stream=false
2025-06-27T02:08:10.016265Z  DEBUG - Stream 179: Sending HEADERS frame with flags=END_HEADERS, header_block_size=2
2025-06-27T02:08:10.016268Z  DEBUG - Stream 179: send_headers completed, new state=HALF_CLOSED_REMOTE
2025-06-27T02:08:10.016269Z  DEBUG - Response.write: Sending 100 bytes of data
2025-06-27T02:08:10.016269Z  DEBUG - Response.write: stream_window=0, conn_window=65535, available=0
2025-06-27T02:08:10.016271Z  DEBUG - Stream.send_chunks: Starting to send 100 bytes in chunks of 0
2025-06-27T02:08:10.016271Z  DEBUG - Stream.send_chunks: No window available, waiting...
2025-06-27T02:08:10.016278Z  DEBUG - Handling stream 181 with headers: [{":method", "GET"}, {":scheme", "http"}, {":path", "/"}, {":authority", "localhost:9080"}]
2025-06-27T02:08:10.016279Z  DEBUG - Created request for stream 181: GET /
2025-06-27T02:08:10.016280Z   INFO - Request: GET /
2025-06-27T02:08:10.016280Z  DEBUG - Response.send_headers called, end_stream=false, headers_sent=false
2025-06-27T02:08:10.016281Z  DEBUG - Response: Sending 2 headers
2025-06-27T02:08:10.016282Z  DEBUG - Stream 181: send_headers called with 2 headers, end_stream=false
2025-06-27T02:08:10.016283Z  DEBUG - Stream 181: Sending HEADERS frame with flags=END_HEADERS, header_block_size=2
2025-06-27T02:08:10.016286Z  DEBUG - Stream 181: send_headers completed, new state=HALF_CLOSED_REMOTE
2025-06-27T02:08:10.016286Z  DEBUG - Response.write: Sending 100 bytes of data
2025-06-27T02:08:10.016286Z  DEBUG - Response.write: stream_window=0, conn_window=65535, available=0
2025-06-27T02:08:10.016288Z  DEBUG - Stream.send_chunks: Starting to send 100 bytes in chunks of 0
2025-06-27T02:08:10.016288Z  DEBUG - Stream.send_chunks: No window available, waiting...
2025-06-27T02:08:10.016294Z  DEBUG - Handling stream 183 with headers: [{":method", "GET"}, {":scheme", "http"}, {":path", "/"}, {":authority", "localhost:9080"}]
2025-06-27T02:08:10.016295Z  DEBUG - Created request for stream 183: GET /
2025-06-27T02:08:10.016297Z   INFO - Request: GET /
2025-06-27T02:08:10.016298Z  DEBUG - Response.send_headers called, end_stream=false, headers_sent=false
2025-06-27T02:08:10.016298Z  DEBUG - Response: Sending 2 headers
2025-06-27T02:08:10.016299Z  DEBUG - Stream 183: send_headers called with 2 headers, end_stream=false
2025-06-27T02:08:10.016301Z  DEBUG - Stream 183: Sending HEADERS frame with flags=END_HEADERS, header_block_size=2
2025-06-27T02:08:10.016304Z  DEBUG - Stream 183: send_headers completed, new state=HALF_CLOSED_REMOTE
2025-06-27T02:08:10.016304Z  DEBUG - Response.write: Sending 100 bytes of data
2025-06-27T02:08:10.016305Z  DEBUG - Response.write: stream_window=0, conn_window=65535, available=0
2025-06-27T02:08:10.016306Z  DEBUG - Stream.send_chunks: Starting to send 100 bytes in chunks of 0
2025-06-27T02:08:10.016306Z  DEBUG - Stream.send_chunks: No window available, waiting...
2025-06-27T02:08:10.016315Z  DEBUG - Handling stream 185 with headers: [{":method", "GET"}, {":scheme", "http"}, {":path", "/"}, {":authority", "localhost:9080"}]
2025-06-27T02:08:10.016316Z  DEBUG - Created request for stream 185: GET /
2025-06-27T02:08:10.016317Z   INFO - Request: GET /
2025-06-27T02:08:10.016318Z  DEBUG - Response.send_headers called, end_stream=false, headers_sent=false
2025-06-27T02:08:10.016319Z  DEBUG - Response: Sending 2 headers
2025-06-27T02:08:10.016319Z  DEBUG - Stream 185: send_headers called with 2 headers, end_stream=false
2025-06-27T02:08:10.016321Z  DEBUG - Stream 185: Sending HEADERS frame with flags=END_HEADERS, header_block_size=2
2025-06-27T02:08:10.016324Z  DEBUG - Stream 185: send_headers completed, new state=HALF_CLOSED_REMOTE
2025-06-27T02:08:10.016324Z  DEBUG - Response.write: Sending 100 bytes of data
2025-06-27T02:08:10.016325Z  DEBUG - Response.write: stream_window=0, conn_window=65535, available=0
2025-06-27T02:08:10.016326Z  DEBUG - Stream.send_chunks: Starting to send 100 bytes in chunks of 0
2025-06-27T02:08:10.016326Z  DEBUG - Stream.send_chunks: No window available, waiting...
2025-06-27T02:08:10.016334Z  DEBUG - Handling stream 187 with headers: [{":method", "GET"}, {":scheme", "http"}, {":path", "/"}, {":authority", "localhost:9080"}]
2025-06-27T02:08:10.016335Z  DEBUG - Created request for stream 187: GET /
2025-06-27T02:08:10.016336Z   INFO - Request: GET /
2025-06-27T02:08:10.016336Z  DEBUG - Response.send_headers called, end_stream=false, headers_sent=false
2025-06-27T02:08:10.016337Z  DEBUG - Response: Sending 2 headers
2025-06-27T02:08:10.016337Z  DEBUG - Stream 187: send_headers called with 2 headers, end_stream=false
2025-06-27T02:08:10.016339Z  DEBUG - Stream 187: Sending HEADERS frame with flags=END_HEADERS, header_block_size=2
2025-06-27T02:08:10.016342Z  DEBUG - Stream 187: send_headers completed, new state=HALF_CLOSED_REMOTE
2025-06-27T02:08:10.016342Z  DEBUG - Response.write: Sending 100 bytes of data
2025-06-27T02:08:10.016342Z  DEBUG - Response.write: stream_window=0, conn_window=65535, available=0
2025-06-27T02:08:10.016344Z  DEBUG - Stream.send_chunks: Starting to send 100 bytes in chunks of 0
2025-06-27T02:08:10.016344Z  DEBUG - Stream.send_chunks: No window available, waiting...
2025-06-27T02:08:10.016350Z  DEBUG - Handling stream 189 with headers: [{":method", "GET"}, {":scheme", "http"}, {":path", "/"}, {":authority", "localhost:9080"}]
2025-06-27T02:08:10.016351Z  DEBUG - Created request for stream 189: GET /
2025-06-27T02:08:10.016351Z   INFO - Request: GET /
2025-06-27T02:08:10.016352Z  DEBUG - Response.send_headers called, end_stream=false, headers_sent=false
2025-06-27T02:08:10.016353Z  DEBUG - Response: Sending 2 headers
2025-06-27T02:08:10.016353Z  DEBUG - Stream 189: send_headers called with 2 headers, end_stream=false
2025-06-27T02:08:10.016356Z  DEBUG - Stream 189: Sending HEADERS frame with flags=END_HEADERS, header_block_size=2
2025-06-27T02:08:10.016359Z  DEBUG - Stream 189: send_headers completed, new state=HALF_CLOSED_REMOTE
2025-06-27T02:08:10.016359Z  DEBUG - Response.write: Sending 100 bytes of data
2025-06-27T02:08:10.016360Z  DEBUG - Response.write: stream_window=0, conn_window=65535, available=0
2025-06-27T02:08:10.016361Z  DEBUG - Stream.send_chunks: Starting to send 100 bytes in chunks of 0
2025-06-27T02:08:10.016361Z  DEBUG - Stream.send_chunks: No window available, waiting...
2025-06-27T02:08:10.016367Z  DEBUG - Handling stream 191 with headers: [{":method", "GET"}, {":scheme", "http"}, {":path", "/"}, {":authority", "localhost:9080"}]
2025-06-27T02:08:10.016368Z  DEBUG - Created request for stream 191: GET /
2025-06-27T02:08:10.016369Z   INFO - Request: GET /
2025-06-27T02:08:10.016369Z  DEBUG - Response.send_headers called, end_stream=false, headers_sent=false
2025-06-27T02:08:10.016370Z  DEBUG - Response: Sending 2 headers
2025-06-27T02:08:10.016370Z  DEBUG - Stream 191: send_headers called with 2 headers, end_stream=false
2025-06-27T02:08:10.016372Z  DEBUG - Stream 191: Sending HEADERS frame with flags=END_HEADERS, header_block_size=2
2025-06-27T02:08:10.016376Z  DEBUG - Stream 191: send_headers completed, new state=HALF_CLOSED_REMOTE
2025-06-27T02:08:10.016376Z  DEBUG - Response.write: Sending 100 bytes of data
2025-06-27T02:08:10.016377Z  DEBUG - Response.write: stream_window=0, conn_window=65535, available=0
2025-06-27T02:08:10.016378Z  DEBUG - Stream.send_chunks: Starting to send 100 bytes in chunks of 0
2025-06-27T02:08:10.016378Z  DEBUG - Stream.send_chunks: No window available, waiting...
2025-06-27T02:08:10.016386Z  DEBUG - Handling stream 193 with headers: [{":method", "GET"}, {":scheme", "http"}, {":path", "/"}, {":authority", "localhost:9080"}]
2025-06-27T02:08:10.016387Z  DEBUG - Created request for stream 193: GET /
2025-06-27T02:08:10.016387Z   INFO - Request: GET /
2025-06-27T02:08:10.016388Z  DEBUG - Response.send_headers called, end_stream=false, headers_sent=false
2025-06-27T02:08:10.016389Z  DEBUG - Response: Sending 2 headers
2025-06-27T02:08:10.016389Z  DEBUG - Stream 193: send_headers called with 2 headers, end_stream=false
2025-06-27T02:08:10.016391Z  DEBUG - Stream 193: Sending HEADERS frame with flags=END_HEADERS, header_block_size=2
2025-06-27T02:08:10.016393Z  DEBUG - Stream 193: send_headers completed, new state=HALF_CLOSED_REMOTE
2025-06-27T02:08:10.016393Z  DEBUG - Response.write: Sending 100 bytes of data
2025-06-27T02:08:10.016394Z  DEBUG - Response.write: stream_window=0, conn_window=65535, available=0
2025-06-27T02:08:10.016395Z  DEBUG - Stream.send_chunks: Starting to send 100 bytes in chunks of 0
2025-06-27T02:08:10.016395Z  DEBUG - Stream.send_chunks: No window available, waiting...
2025-06-27T02:08:10.016405Z  DEBUG - Handling stream 195 with headers: [{":method", "GET"}, {":scheme", "http"}, {":path", "/"}, {":authority", "localhost:9080"}]
2025-06-27T02:08:10.016406Z  DEBUG - Created request for stream 195: GET /
2025-06-27T02:08:10.016406Z   INFO - Request: GET /
2025-06-27T02:08:10.016407Z  DEBUG - Response.send_headers called, end_stream=false, headers_sent=false
2025-06-27T02:08:10.016407Z  DEBUG - Response: Sending 2 headers
2025-06-27T02:08:10.016408Z  DEBUG - Stream 195: send_headers called with 2 headers, end_stream=false
2025-06-27T02:08:10.016409Z  DEBUG - Stream 195: Sending HEADERS frame with flags=END_HEADERS, header_block_size=2
2025-06-27T02:08:10.016412Z  DEBUG - Stream 195: send_headers completed, new state=HALF_CLOSED_REMOTE
2025-06-27T02:08:10.016412Z  DEBUG - Response.write: Sending 100 bytes of data
2025-06-27T02:08:10.016412Z  DEBUG - Response.write: stream_window=0, conn_window=65535, available=0
2025-06-27T02:08:10.016414Z  DEBUG - Stream.send_chunks: Starting to send 100 bytes in chunks of 0
2025-06-27T02:08:10.016414Z  DEBUG - Stream.send_chunks: No window available, waiting...
2025-06-27T02:08:10.048311Z  DEBUG - Read loop exiting, closing connection
2025-06-27T02:08:10.049189Z  DEBUG - Read loop exiting, closing connection
2025-06-27T02:08:10.049669Z  DEBUG - Read loop exiting, closing connection
2025-06-27T02:08:10.050127Z  DEBUG - Read loop exiting, closing connection
2025-06-27T02:08:10.050596Z  DEBUG - Read loop exiting, closing connection
2025-06-27T02:08:10.096965Z  DEBUG - Read loop exiting, closing connection
2025-06-27T02:08:10.096987Z  DEBUG - Read loop exiting, closing connection
2025-06-27T02:08:10.097000Z  DEBUG - Read loop exiting, closing connection
2025-06-27T02:08:10.097012Z  DEBUG - Read loop exiting, closing connection
2025-06-27T02:08:10.097955Z  DEBUG - Read loop exiting, closing connection
2025-06-27T02:08:10.098675Z  DEBUG - Read loop exiting, closing connection
2025-06-27T02:08:10.100296Z  DEBUG - Read loop exiting, closing connection
2025-06-27T02:08:10.101204Z  DEBUG - Read loop exiting, closing connection
2025-06-27T02:08:10.101606Z  DEBUG - Read loop exiting, closing connection
2025-06-27T02:08:10.102215Z  DEBUG - Read loop exiting, closing connection
2025-06-27T02:08:10.110799Z  DEBUG - Read loop exiting, closing connection
2025-06-27T02:08:10.111616Z  DEBUG - Connection.start called, is_server=true
2025-06-27T02:08:10.111616Z  DEBUG - Reading client preface...
2025-06-27T02:08:10.111617Z  DEBUG - Attempting to read 24 bytes for preface
2025-06-27T02:08:10.111622Z  DEBUG - Read preface bytes: 505249202a20485454502f322e300d0a0d0a534d0d0a0d0a
2025-06-27T02:08:10.111623Z  DEBUG - Client preface read successfully
2025-06-27T02:08:10.111623Z  DEBUG - Starting without preface...
2025-06-27T02:08:10.111627Z  DEBUG - Connection started successfully
2025-06-27T02:08:10.111668Z  DEBUG - Read loop started for connection 127.0.0.1
2025-06-27T02:08:10.111668Z  DEBUG - Reading frame header...
2025-06-27T02:08:10.111673Z  DEBUG - Applying remote setting: INITIAL_WINDOW_SIZE = 65535
2025-06-27T02:08:10.111675Z  DEBUG - Updating stream windows: old=65535, new=65535, diff=0
2025-06-27T02:08:10.111675Z  DEBUG - Sending SETTINGS ACK
2025-06-27T02:08:10.111684Z  DEBUG - SETTINGS ACK sent
2025-06-27T02:08:10.111685Z  DEBUG - Successfully handled frame: HT2::SettingsFrame on stream 0
2025-06-27T02:08:10.111686Z  DEBUG - Reading frame header...
2025-06-27T02:08:10.111690Z  DEBUG - Successfully handled frame: HT2::SettingsFrame on stream 0
2025-06-27T02:08:10.111690Z  DEBUG - Reading frame header...
2025-06-27T02:08:10.111747Z  DEBUG - Successfully handled frame: HT2::SettingsFrame on stream 0
2025-06-27T02:08:10.111748Z  DEBUG - Reading frame header...
2025-06-27T02:08:10.111764Z  DEBUG - HEADERS frame parsing: payload_size=20, offset=5, padding=0, header_block_size=15
2025-06-27T02:08:10.111765Z  DEBUG - Header block hex: 828684418aa0e41d139d09b8f81e07
2025-06-27T02:08:10.111773Z  DEBUG - HEADERS frame: stream_id=1, flags=END_STREAM | END_HEADERS | PRIORITY, padding=0, priority=HT2::PriorityData(@stream_dependency=1, @weight=255, @exclusive=false), header_block_size=15
2025-06-27T02:08:10.111773Z  DEBUG - Full header block hex: 828684418aa0e41d139d09b8f81e07
2025-06-27T02:08:10.111794Z  DEBUG - Read loop stream error: 1 - PROTOCOL_ERROR - Stream cannot depend on itself
2025-06-27T02:08:10.111805Z  DEBUG - Reading frame header...
2025-06-27T02:08:10.111895Z  DEBUG - Failed to read frame header: End of file reached
2025-06-27T02:08:10.111902Z  DEBUG - Read loop IO error: IO::EOFError - End of file reached
2025-06-27T02:08:10.111903Z  DEBUG - Socket closed: false
2025-06-27T02:08:10.111903Z  DEBUG - Read loop exiting, closing connection
2025-06-27T02:08:10.112369Z  DEBUG - Connection.start called, is_server=true
2025-06-27T02:08:10.112370Z  DEBUG - Reading client preface...
2025-06-27T02:08:10.112370Z  DEBUG - Attempting to read 24 bytes for preface
2025-06-27T02:08:10.112396Z  DEBUG - Read preface bytes: 505249202a20485454502f322e300d0a0d0a534d0d0a0d0a
2025-06-27T02:08:10.112397Z  DEBUG - Client preface read successfully
2025-06-27T02:08:10.112397Z  DEBUG - Starting without preface...
2025-06-27T02:08:10.112401Z  DEBUG - Connection started successfully
2025-06-27T02:08:10.112423Z  DEBUG - Read loop started for connection 127.0.0.1
2025-06-27T02:08:10.112424Z  DEBUG - Reading frame header...
2025-06-27T02:08:10.112427Z  DEBUG - Applying remote setting: INITIAL_WINDOW_SIZE = 65535
2025-06-27T02:08:10.112428Z  DEBUG - Updating stream windows: old=65535, new=65535, diff=0
2025-06-27T02:08:10.112429Z  DEBUG - Sending SETTINGS ACK
2025-06-27T02:08:10.112432Z  DEBUG - SETTINGS ACK sent
2025-06-27T02:08:10.112432Z  DEBUG - Successfully handled frame: HT2::SettingsFrame on stream 0
2025-06-27T02:08:10.112433Z  DEBUG - Reading frame header...
2025-06-27T02:08:10.112440Z  DEBUG - Successfully handled frame: HT2::SettingsFrame on stream 0
2025-06-27T02:08:10.112441Z  DEBUG - Reading frame header...
2025-06-27T02:08:10.112495Z  DEBUG - Successfully handled frame: HT2::SettingsFrame on stream 0
2025-06-27T02:08:10.112496Z  DEBUG - Reading frame header...
2025-06-27T02:08:10.112520Z  DEBUG - Read loop stream error: 1 - PROTOCOL_ERROR - Stream cannot depend on itself
2025-06-27T02:08:10.112528Z  DEBUG - Reading frame header...
2025-06-27T02:08:10.112614Z  DEBUG - Failed to read frame header: End of file reached
2025-06-27T02:08:10.112621Z  DEBUG - Read loop IO error: IO::EOFError - End of file reached
2025-06-27T02:08:10.112621Z  DEBUG - Socket closed: false
2025-06-27T02:08:10.112622Z  DEBUG - Read loop exiting, closing connection
2025-06-27T02:08:10.113105Z  DEBUG - Connection.start called, is_server=true
2025-06-27T02:08:10.113105Z  DEBUG - Reading client preface...
2025-06-27T02:08:10.113106Z  DEBUG - Attempting to read 24 bytes for preface
2025-06-27T02:08:10.113112Z  DEBUG - Read preface bytes: 505249202a20485454502f322e300d0a0d0a534d0d0a0d0a
2025-06-27T02:08:10.113113Z  DEBUG - Client preface read successfully
2025-06-27T02:08:10.113113Z  DEBUG - Starting without preface...
2025-06-27T02:08:10.113118Z  DEBUG - Connection started successfully
2025-06-27T02:08:10.113160Z  DEBUG - Read loop started for connection 127.0.0.1
2025-06-27T02:08:10.113161Z  DEBUG - Reading frame header...
2025-06-27T02:08:10.113165Z  DEBUG - Applying remote setting: INITIAL_WINDOW_SIZE = 65535
2025-06-27T02:08:10.113166Z  DEBUG - Updating stream windows: old=65535, new=65535, diff=0
2025-06-27T02:08:10.113167Z  DEBUG - Sending SETTINGS ACK
2025-06-27T02:08:10.113171Z  DEBUG - SETTINGS ACK sent
2025-06-27T02:08:10.113171Z  DEBUG - Successfully handled frame: HT2::SettingsFrame on stream 0
2025-06-27T02:08:10.113172Z  DEBUG - Reading frame header...
2025-06-27T02:08:10.113177Z  DEBUG - Successfully handled frame: HT2::SettingsFrame on stream 0
2025-06-27T02:08:10.113178Z  DEBUG - Reading frame header...
2025-06-27T02:08:10.113180Z  DEBUG - Successfully handled frame: HT2::SettingsFrame on stream 0
2025-06-27T02:08:10.113180Z  DEBUG - Reading frame header...
2025-06-27T02:08:10.113260Z  DEBUG - Read loop connection error: PROTOCOL_ERROR - PING frame with non-zero stream ID
2025-06-27T02:08:10.213915Z  DEBUG - Read loop exiting, closing connection
2025-06-27T02:08:10.216503Z  DEBUG - Connection.start called, is_server=true
2025-06-27T02:08:10.216505Z  DEBUG - Reading client preface...
2025-06-27T02:08:10.216510Z  DEBUG - Attempting to read 24 bytes for preface
2025-06-27T02:08:10.216580Z  DEBUG - Read preface bytes: 505249202a20485454502f322e300d0a0d0a534d0d0a0d0a
2025-06-27T02:08:10.216588Z  DEBUG - Client preface read successfully
2025-06-27T02:08:10.216589Z  DEBUG - Starting without preface...
2025-06-27T02:08:10.216638Z  DEBUG - Connection started successfully
2025-06-27T02:08:10.216966Z  DEBUG - Read loop started for connection 127.0.0.1
2025-06-27T02:08:10.216970Z  DEBUG - Reading frame header...
2025-06-27T02:08:10.216996Z  DEBUG - Applying remote setting: INITIAL_WINDOW_SIZE = 65535
2025-06-27T02:08:10.217001Z  DEBUG - Updating stream windows: old=65535, new=65535, diff=0
2025-06-27T02:08:10.217002Z  DEBUG - Sending SETTINGS ACK
2025-06-27T02:08:10.217062Z  DEBUG - SETTINGS ACK sent
2025-06-27T02:08:10.217067Z  DEBUG - Successfully handled frame: HT2::SettingsFrame on stream 0
2025-06-27T02:08:10.217071Z  DEBUG - Reading frame header...
2025-06-27T02:08:10.217104Z  DEBUG - Successfully handled frame: HT2::SettingsFrame on stream 0
2025-06-27T02:08:10.217106Z  DEBUG - Reading frame header...
2025-06-27T02:08:10.217116Z  DEBUG - Successfully handled frame: HT2::SettingsFrame on stream 0
2025-06-27T02:08:10.217118Z  DEBUG - Reading frame header...
2025-06-27T02:08:10.217690Z  DEBUG - Successfully handled frame: HT2::UnknownFrame on stream 0
2025-06-27T02:08:10.217697Z  DEBUG - Reading frame header...
2025-06-27T02:08:10.217784Z  DEBUG - Successfully handled frame: HT2::PingFrame on stream 0
2025-06-27T02:08:10.217788Z  DEBUG - Reading frame header...
2025-06-27T02:08:10.218125Z  DEBUG - Failed to read frame header: End of file reached
2025-06-27T02:08:10.218140Z  DEBUG - Read loop IO error: IO::EOFError - End of file reached
2025-06-27T02:08:10.218143Z  DEBUG - Socket closed: false
2025-06-27T02:08:10.218144Z  DEBUG - Read loop exiting, closing connection
2025-06-27T02:08:10.219643Z  DEBUG - Connection.start called, is_server=true
2025-06-27T02:08:10.219644Z  DEBUG - Reading client preface...
2025-06-27T02:08:10.219647Z  DEBUG - Attempting to read 24 bytes for preface
2025-06-27T02:08:10.219695Z  DEBUG - Read preface bytes: 505249202a20485454502f322e300d0a0d0a534d0d0a0d0a
2025-06-27T02:08:10.219699Z  DEBUG - Client preface read successfully
2025-06-27T02:08:10.219700Z  DEBUG - Starting without preface...
2025-06-27T02:08:10.219723Z  DEBUG - Connection started successfully
2025-06-27T02:08:10.219998Z  DEBUG - Read loop started for connection 127.0.0.1
2025-06-27T02:08:10.220000Z  DEBUG - Reading frame header...
2025-06-27T02:08:10.220017Z  DEBUG - Applying remote setting: INITIAL_WINDOW_SIZE = 65535
2025-06-27T02:08:10.220021Z  DEBUG - Updating stream windows: old=65535, new=65535, diff=0
2025-06-27T02:08:10.220022Z  DEBUG - Sending SETTINGS ACK
2025-06-27T02:08:10.220083Z  DEBUG - SETTINGS ACK sent
2025-06-27T02:08:10.220086Z  DEBUG - Successfully handled frame: HT2::SettingsFrame on stream 0
2025-06-27T02:08:10.220089Z  DEBUG - Reading frame header...
2025-06-27T02:08:10.220111Z  DEBUG - Successfully handled frame: HT2::SettingsFrame on stream 0
2025-06-27T02:08:10.220113Z  DEBUG - Reading frame header...
2025-06-27T02:08:10.220118Z  DEBUG - Successfully handled frame: HT2::SettingsFrame on stream 0
2025-06-27T02:08:10.220120Z  DEBUG - Reading frame header...
2025-06-27T02:08:10.220552Z  DEBUG - HEADERS frame parsing: payload_size=15, offset=0, padding=0, header_block_size=15
2025-06-27T02:08:10.220555Z  DEBUG - Header block hex: 828684418aa0e41d139d09b8f81e07
2025-06-27T02:08:10.220587Z  DEBUG - HEADERS frame: stream_id=1, flags=END_STREAM, padding=0, priority=nil, header_block_size=15
2025-06-27T02:08:10.220589Z  DEBUG - Full header block hex: 828684418aa0e41d139d09b8f81e07
2025-06-27T02:08:10.220590Z  DEBUG - HEADERS without END_HEADERS received, expecting CONTINUATION frames for stream 1
2025-06-27T02:08:10.220593Z  DEBUG - Saved 15 bytes, end_stream=true
2025-06-27T02:08:10.220597Z  DEBUG - Successfully handled frame: HT2::HeadersFrame on stream 1
2025-06-27T02:08:10.220600Z  DEBUG - Reading frame header...
2025-06-27T02:08:10.220647Z  DEBUG - Read loop connection error: PROTOCOL_ERROR - HT2::UnknownFrame received while expecting CONTINUATION
2025-06-27T02:08:10.222805Z  DEBUG - Connection.start called, is_server=true
2025-06-27T02:08:10.222807Z  DEBUG - Reading client preface...
2025-06-27T02:08:10.222810Z  DEBUG - Attempting to read 24 bytes for preface
2025-06-27T02:08:10.222877Z  DEBUG - Read preface bytes: 505249202a20485454502f322e300d0a0d0a534d0d0a0d0a
2025-06-27T02:08:10.222880Z  DEBUG - Client preface read successfully
2025-06-27T02:08:10.222880Z  DEBUG - Starting without preface...
2025-06-27T02:08:10.222925Z  DEBUG - Connection started successfully
2025-06-27T02:08:10.223214Z  DEBUG - Read loop started for connection 127.0.0.1
2025-06-27T02:08:10.223216Z  DEBUG - Reading frame header...
2025-06-27T02:08:10.223228Z  DEBUG - Applying remote setting: INITIAL_WINDOW_SIZE = 65535
2025-06-27T02:08:10.223232Z  DEBUG - Updating stream windows: old=65535, new=65535, diff=0
2025-06-27T02:08:10.223233Z  DEBUG - Sending SETTINGS ACK
2025-06-27T02:08:10.223289Z  DEBUG - SETTINGS ACK sent
2025-06-27T02:08:10.223291Z  DEBUG - Successfully handled frame: HT2::SettingsFrame on stream 0
2025-06-27T02:08:10.223293Z  DEBUG - Reading frame header...
2025-06-27T02:08:10.223316Z  DEBUG - Successfully handled frame: HT2::SettingsFrame on stream 0
2025-06-27T02:08:10.223318Z  DEBUG - Reading frame header...
2025-06-27T02:08:10.223325Z  DEBUG - Successfully handled frame: HT2::SettingsFrame on stream 0
2025-06-27T02:08:10.223326Z  DEBUG - Reading frame header...
2025-06-27T02:08:10.223939Z  DEBUG - Read loop connection error: PROTOCOL_ERROR - DATA frame with stream ID 0
2025-06-27T02:08:10.225815Z  DEBUG - Connection.start called, is_server=true
2025-06-27T02:08:10.225817Z  DEBUG - Reading client preface...
2025-06-27T02:08:10.225819Z  DEBUG - Attempting to read 24 bytes for preface
2025-06-27T02:08:10.225836Z  DEBUG - Read preface bytes: 505249202a20485454502f322e300d0a0d0a534d0d0a0d0a
2025-06-27T02:08:10.225839Z  DEBUG - Client preface read successfully
2025-06-27T02:08:10.225839Z  DEBUG - Starting without preface...
2025-06-27T02:08:10.225851Z  DEBUG - Connection started successfully
2025-06-27T02:08:10.225950Z  DEBUG - Read loop started for connection 127.0.0.1
2025-06-27T02:08:10.225952Z  DEBUG - Reading frame header...
2025-06-27T02:08:10.225964Z  DEBUG - Applying remote setting: INITIAL_WINDOW_SIZE = 65535
2025-06-27T02:08:10.225967Z  DEBUG - Updating stream windows: old=65535, new=65535, diff=0
2025-06-27T02:08:10.225967Z  DEBUG - Sending SETTINGS ACK
2025-06-27T02:08:10.225978Z  DEBUG - SETTINGS ACK sent
2025-06-27T02:08:10.225980Z  DEBUG - Successfully handled frame: HT2::SettingsFrame on stream 0
2025-06-27T02:08:10.225982Z  DEBUG - Reading frame header...
2025-06-27T02:08:10.225988Z  DEBUG - Successfully handled frame: HT2::SettingsFrame on stream 0
2025-06-27T02:08:10.225989Z  DEBUG - Reading frame header...
2025-06-27T02:08:10.225993Z  DEBUG - Successfully handled frame: HT2::SettingsFrame on stream 0
2025-06-27T02:08:10.225994Z  DEBUG - Reading frame header...
2025-06-27T02:08:10.226122Z  DEBUG - HEADERS frame parsing: payload_size=15, offset=0, padding=0, header_block_size=15
2025-06-27T02:08:10.226124Z  DEBUG - Header block hex: 838684418aa0e41d139d09b8f81e07
2025-06-27T02:08:10.226139Z  DEBUG - HEADERS frame: stream_id=1, flags=END_STREAM | END_HEADERS, padding=0, priority=nil, header_block_size=15
2025-06-27T02:08:10.226140Z  DEBUG - Full header block hex: 838684418aa0e41d139d09b8f81e07
2025-06-27T02:08:10.226141Z  DEBUG - Decoding HEADERS frame with block size: 15
2025-06-27T02:08:10.226142Z  DEBUG - First 20 bytes of header block: less than 20 bytes
2025-06-27T02:08:10.226150Z  DEBUG - HPACK: Decoding Huffman string, length=10, data=a0e41d139d09b8f81e07
2025-06-27T02:08:10.226264Z  DEBUG - Huffman decode: data.size=10, hex=a0e41d139d09b8f81e07
2025-06-27T02:08:10.226264Z  DEBUG - Huffman decode: Checking for potential EOS pattern in data
2025-06-27T02:08:10.226270Z  DEBUG - Huffman padding check: last_symbol_bit=76, total_bits=80, padding_bits=3
2025-06-27T02:08:10.226274Z  DEBUG - HPACK: Huffman decoded to: "localhost:9080"
2025-06-27T02:08:10.226293Z  DEBUG - Decoded headers before validation: [{":method", "POST"}, {":scheme", "http"}, {":path", "/"}, {":authority", "localhost:9080"}]
2025-06-27T02:08:10.226324Z  DEBUG - Validated headers: [{":method", "POST"}, {":scheme", "http"}, {":path", "/"}, {":authority", "localhost:9080"}]
2025-06-27T02:08:10.226334Z  DEBUG - Server received headers for stream 1, end_stream: true, headers_count: 4
2025-06-27T02:08:10.226343Z  DEBUG - Headers: [{":method", "POST"}, {":scheme", "http"}, {":path", "/"}, {":authority", "localhost:9080"}]
2025-06-27T02:08:10.226346Z  DEBUG - is_trailers=false, end_stream=true, stream.end_stream_received=true
2025-06-27T02:08:10.226346Z  DEBUG - Processing request immediately (headers with END_STREAM)
2025-06-27T02:08:10.226354Z  DEBUG - Successfully handled frame: HT2::HeadersFrame on stream 1
2025-06-27T02:08:10.226356Z  DEBUG - Reading frame header...
2025-06-27T02:08:10.226399Z  DEBUG - Read loop stream error: 1 - STREAM_CLOSED - Cannot receive data on closed stream
2025-06-27T02:08:10.226419Z  DEBUG - Reading frame header...
2025-06-27T02:08:10.226624Z  DEBUG - Failed to read frame header: End of file reached
2025-06-27T02:08:10.226635Z  DEBUG - Read loop IO error: IO::EOFError - End of file reached
2025-06-27T02:08:10.226636Z  DEBUG - Socket closed: false
2025-06-27T02:08:10.226637Z  DEBUG - Read loop exiting, closing connection
2025-06-27T02:08:10.227192Z  DEBUG - Connection.start called, is_server=true
2025-06-27T02:08:10.227193Z  DEBUG - Reading client preface...
2025-06-27T02:08:10.227194Z  DEBUG - Attempting to read 24 bytes for preface
2025-06-27T02:08:10.227203Z  DEBUG - Read preface bytes: 505249202a20485454502f322e300d0a0d0a534d0d0a0d0a
2025-06-27T02:08:10.227205Z  DEBUG - Client preface read successfully
2025-06-27T02:08:10.227206Z  DEBUG - Starting without preface...
2025-06-27T02:08:10.227224Z  DEBUG - Connection started successfully
2025-06-27T02:08:10.227296Z  DEBUG - Read loop started for connection 127.0.0.1
2025-06-27T02:08:10.227297Z  DEBUG - Reading frame header...
2025-06-27T02:08:10.227303Z  DEBUG - Applying remote setting: INITIAL_WINDOW_SIZE = 65535
2025-06-27T02:08:10.227305Z  DEBUG - Updating stream windows: old=65535, new=65535, diff=0
2025-06-27T02:08:10.227306Z  DEBUG - Sending SETTINGS ACK
2025-06-27T02:08:10.227317Z  DEBUG - SETTINGS ACK sent
2025-06-27T02:08:10.227318Z  DEBUG - Successfully handled frame: HT2::SettingsFrame on stream 0
2025-06-27T02:08:10.227319Z  DEBUG - Reading frame header...
2025-06-27T02:08:10.227326Z  DEBUG - Successfully handled frame: HT2::SettingsFrame on stream 0
2025-06-27T02:08:10.227327Z  DEBUG - Reading frame header...
2025-06-27T02:08:10.227340Z  DEBUG - Successfully handled frame: HT2::SettingsFrame on stream 0
2025-06-27T02:08:10.227342Z  DEBUG - Reading frame header...
2025-06-27T02:08:10.227468Z  DEBUG - HEADERS frame parsing: payload_size=18, offset=0, padding=0, header_block_size=18
2025-06-27T02:08:10.227469Z  DEBUG - Header block hex: 838684418aa0e41d139d09b8f81e075c0134
2025-06-27T02:08:10.227477Z  DEBUG - HEADERS frame: stream_id=1, flags=END_HEADERS, padding=0, priority=nil, header_block_size=18
2025-06-27T02:08:10.227479Z  DEBUG - Full header block hex: 838684418aa0e41d139d09b8f81e075c0134
2025-06-27T02:08:10.227479Z  DEBUG - Decoding HEADERS frame with block size: 18
2025-06-27T02:08:10.227480Z  DEBUG - First 20 bytes of header block: less than 20 bytes
2025-06-27T02:08:10.227483Z  DEBUG - HPACK: Decoding Huffman string, length=10, data=a0e41d139d09b8f81e07
2025-06-27T02:08:10.227585Z  DEBUG - Huffman decode: data.size=10, hex=a0e41d139d09b8f81e07
2025-06-27T02:08:10.227585Z  DEBUG - Huffman decode: Checking for potential EOS pattern in data
2025-06-27T02:08:10.227589Z  DEBUG - Huffman padding check: last_symbol_bit=76, total_bits=80, padding_bits=3
2025-06-27T02:08:10.227592Z  DEBUG - HPACK: Huffman decoded to: "localhost:9080"
2025-06-27T02:08:10.227609Z  DEBUG - Decoded headers before validation: [{":method", "POST"}, {":scheme", "http"}, {":path", "/"}, {":authority", "localhost:9080"}, {"content-length", "4"}]
2025-06-27T02:08:10.227635Z  DEBUG - Validated headers: [{":method", "POST"}, {":scheme", "http"}, {":path", "/"}, {":authority", "localhost:9080"}, {"content-length", "4"}]
2025-06-27T02:08:10.227834Z  DEBUG - Server received headers for stream 1, end_stream: false, headers_count: 5
2025-06-27T02:08:10.227846Z  DEBUG - Headers: [{":method", "POST"}, {":scheme", "http"}, {":path", "/"}, {":authority", "localhost:9080"}, {"content-length", "4"}]
2025-06-27T02:08:10.227847Z  DEBUG - is_trailers=false, end_stream=false, stream.end_stream_received=false
2025-06-27T02:08:10.227848Z  DEBUG - Received headers without END_STREAM, waiting for more frames
2025-06-27T02:08:10.227849Z  DEBUG - Successfully handled frame: HT2::HeadersFrame on stream 1
2025-06-27T02:08:10.227851Z  DEBUG - Reading frame header...
2025-06-27T02:08:10.227877Z  DEBUG - Read loop connection error: PROTOCOL_ERROR - Invalid frame format
2025-06-27T02:08:10.228561Z  DEBUG - Connection.start called, is_server=true
2025-06-27T02:08:10.228561Z  DEBUG - Reading client preface...
2025-06-27T02:08:10.228562Z  DEBUG - Attempting to read 24 bytes for preface
2025-06-27T02:08:10.228573Z  DEBUG - Read preface bytes: 505249202a20485454502f322e300d0a0d0a534d0d0a0d0a
2025-06-27T02:08:10.228575Z  DEBUG - Client preface read successfully
2025-06-27T02:08:10.228576Z  DEBUG - Starting without preface...
2025-06-27T02:08:10.228591Z  DEBUG - Connection started successfully
2025-06-27T02:08:10.228659Z  DEBUG - Read loop started for connection 127.0.0.1
2025-06-27T02:08:10.228660Z  DEBUG - Reading frame header...
2025-06-27T02:08:10.228666Z  DEBUG - Applying remote setting: INITIAL_WINDOW_SIZE = 65535
2025-06-27T02:08:10.228668Z  DEBUG - Updating stream windows: old=65535, new=65535, diff=0
2025-06-27T02:08:10.228669Z  DEBUG - Sending SETTINGS ACK
2025-06-27T02:08:10.228680Z  DEBUG - SETTINGS ACK sent
2025-06-27T02:08:10.228681Z  DEBUG - Successfully handled frame: HT2::SettingsFrame on stream 0
2025-06-27T02:08:10.228682Z  DEBUG - Reading frame header...
2025-06-27T02:08:10.228690Z  DEBUG - Successfully handled frame: HT2::SettingsFrame on stream 0
2025-06-27T02:08:10.228691Z  DEBUG - Reading frame header...
2025-06-27T02:08:10.228695Z  DEBUG - Successfully handled frame: HT2::SettingsFrame on stream 0
2025-06-27T02:08:10.228696Z  DEBUG - Reading frame header...
2025-06-27T02:08:10.228812Z  DEBUG - HEADERS frame parsing: payload_size=15, offset=0, padding=0, header_block_size=15
2025-06-27T02:08:10.228813Z  DEBUG - Header block hex: 828684418aa0e41d139d09b8f81e07
2025-06-27T02:08:10.228821Z  DEBUG - HEADERS frame: stream_id=1, flags=None, padding=0, priority=nil, header_block_size=15
2025-06-27T02:08:10.228822Z  DEBUG - Full header block hex: 828684418aa0e41d139d09b8f81e07
2025-06-27T02:08:10.228823Z  DEBUG - HEADERS without END_HEADERS received, expecting CONTINUATION frames for stream 1
2025-06-27T02:08:10.228826Z  DEBUG - Saved 15 bytes, end_stream=false
2025-06-27T02:08:10.228827Z  DEBUG - Successfully handled frame: HT2::HeadersFrame on stream 1
2025-06-27T02:08:10.228828Z  DEBUG - Reading frame header...
2025-06-27T02:08:10.228863Z  DEBUG - Read loop connection error: PROTOCOL_ERROR - HT2::PriorityFrame received while expecting CONTINUATION
2025-06-27T02:08:10.229592Z  DEBUG - Connection.start called, is_server=true
2025-06-27T02:08:10.229592Z  DEBUG - Reading client preface...
2025-06-27T02:08:10.229593Z  DEBUG - Attempting to read 24 bytes for preface
2025-06-27T02:08:10.229601Z  DEBUG - Read preface bytes: 505249202a20485454502f322e300d0a0d0a534d0d0a0d0a
2025-06-27T02:08:10.229602Z  DEBUG - Client preface read successfully
2025-06-27T02:08:10.229603Z  DEBUG - Starting without preface...
2025-06-27T02:08:10.229622Z  DEBUG - Connection started successfully
2025-06-27T02:08:10.229678Z  DEBUG - Read loop started for connection 127.0.0.1
2025-06-27T02:08:10.229679Z  DEBUG - Reading frame header...
2025-06-27T02:08:10.229684Z  DEBUG - Applying remote setting: INITIAL_WINDOW_SIZE = 65535
2025-06-27T02:08:10.229685Z  DEBUG - Updating stream windows: old=65535, new=65535, diff=0
2025-06-27T02:08:10.229686Z  DEBUG - Sending SETTINGS ACK
2025-06-27T02:08:10.229698Z  DEBUG - SETTINGS ACK sent
2025-06-27T02:08:10.229699Z  DEBUG - Successfully handled frame: HT2::SettingsFrame on stream 0
2025-06-27T02:08:10.229700Z  DEBUG - Reading frame header...
2025-06-27T02:08:10.229707Z  DEBUG - Successfully handled frame: HT2::SettingsFrame on stream 0
2025-06-27T02:08:10.229708Z  DEBUG - Reading frame header...
2025-06-27T02:08:10.229711Z  DEBUG - Successfully handled frame: HT2::SettingsFrame on stream 0
2025-06-27T02:08:10.229712Z  DEBUG - Reading frame header...
2025-06-27T02:08:10.229807Z  DEBUG - HEADERS frame parsing: payload_size=15, offset=0, padding=0, header_block_size=15
2025-06-27T02:08:10.229808Z  DEBUG - Header block hex: 828684418aa0e41d139d09b8f81e07
2025-06-27T02:08:10.229819Z  DEBUG - HEADERS frame: stream_id=1, flags=None, padding=0, priority=nil, header_block_size=15
2025-06-27T02:08:10.229820Z  DEBUG - Full header block hex: 828684418aa0e41d139d09b8f81e07
2025-06-27T02:08:10.229821Z  DEBUG - HEADERS without END_HEADERS received, expecting CONTINUATION frames for stream 1
2025-06-27T02:08:10.229822Z  DEBUG - Saved 15 bytes, end_stream=false
2025-06-27T02:08:10.229823Z  DEBUG - Successfully handled frame: HT2::HeadersFrame on stream 1
2025-06-27T02:08:10.229825Z  DEBUG - Reading frame header...
2025-06-27T02:08:10.229827Z  DEBUG - HEADERS frame parsing: payload_size=4, offset=0, padding=0, header_block_size=4
2025-06-27T02:08:10.229828Z  DEBUG - Header block hex: 828684be
2025-06-27T02:08:10.229848Z  DEBUG - Read loop connection error: PROTOCOL_ERROR - HT2::HeadersFrame received while expecting CONTINUATION
2025-06-27T02:08:10.230454Z  DEBUG - Connection.start called, is_server=true
2025-06-27T02:08:10.230455Z  DEBUG - Reading client preface...
2025-06-27T02:08:10.230456Z  DEBUG - Attempting to read 24 bytes for preface
2025-06-27T02:08:10.230470Z  DEBUG - Read preface bytes: 505249202a20485454502f322e300d0a0d0a534d0d0a0d0a
2025-06-27T02:08:10.230472Z  DEBUG - Client preface read successfully
2025-06-27T02:08:10.230472Z  DEBUG - Starting without preface...
2025-06-27T02:08:10.230481Z  DEBUG - Connection started successfully
2025-06-27T02:08:10.230545Z  DEBUG - Read loop started for connection 127.0.0.1
2025-06-27T02:08:10.230547Z  DEBUG - Reading frame header...
2025-06-27T02:08:10.230553Z  DEBUG - Applying remote setting: INITIAL_WINDOW_SIZE = 65535
2025-06-27T02:08:10.230555Z  DEBUG - Updating stream windows: old=65535, new=65535, diff=0
2025-06-27T02:08:10.230555Z  DEBUG - Sending SETTINGS ACK
2025-06-27T02:08:10.230565Z  DEBUG - SETTINGS ACK sent
2025-06-27T02:08:10.230566Z  DEBUG - Successfully handled frame: HT2::SettingsFrame on stream 0
2025-06-27T02:08:10.230567Z  DEBUG - Reading frame header...
2025-06-27T02:08:10.230571Z  DEBUG - Successfully handled frame: HT2::SettingsFrame on stream 0
2025-06-27T02:08:10.230572Z  DEBUG - Reading frame header...
2025-06-27T02:08:10.230575Z  DEBUG - Successfully handled frame: HT2::SettingsFrame on stream 0
2025-06-27T02:08:10.230576Z  DEBUG - Reading frame header...
2025-06-27T02:08:10.230695Z  DEBUG - Read loop connection error: PROTOCOL_ERROR - HEADERS frame with stream ID 0
2025-06-27T02:08:10.231417Z  DEBUG - Connection.start called, is_server=true
2025-06-27T02:08:10.231418Z  DEBUG - Reading client preface...
2025-06-27T02:08:10.231419Z  DEBUG - Attempting to read 24 bytes for preface
2025-06-27T02:08:10.231427Z  DEBUG - Read preface bytes: 505249202a20485454502f322e300d0a0d0a534d0d0a0d0a
2025-06-27T02:08:10.231428Z  DEBUG - Client preface read successfully
2025-06-27T02:08:10.231428Z  DEBUG - Starting without preface...
2025-06-27T02:08:10.231439Z  DEBUG - Connection started successfully
2025-06-27T02:08:10.231498Z  DEBUG - Read loop started for connection 127.0.0.1
2025-06-27T02:08:10.231499Z  DEBUG - Reading frame header...
2025-06-27T02:08:10.231505Z  DEBUG - Applying remote setting: INITIAL_WINDOW_SIZE = 65535
2025-06-27T02:08:10.231507Z  DEBUG - Updating stream windows: old=65535, new=65535, diff=0
2025-06-27T02:08:10.231507Z  DEBUG - Sending SETTINGS ACK
2025-06-27T02:08:10.231513Z  DEBUG - SETTINGS ACK sent
2025-06-27T02:08:10.231514Z  DEBUG - Successfully handled frame: HT2::SettingsFrame on stream 0
2025-06-27T02:08:10.231515Z  DEBUG - Reading frame header...
2025-06-27T02:08:10.231520Z  DEBUG - Successfully handled frame: HT2::SettingsFrame on stream 0
2025-06-27T02:08:10.231522Z  DEBUG - Reading frame header...
2025-06-27T02:08:10.231527Z  DEBUG - Successfully handled frame: HT2::SettingsFrame on stream 0
2025-06-27T02:08:10.231528Z  DEBUG - Reading frame header...
2025-06-27T02:08:10.231643Z  DEBUG - Read loop connection error: PROTOCOL_ERROR - Padding length >= remaining frame size
2025-06-27T02:08:10.232189Z  DEBUG - Connection.start called, is_server=true
2025-06-27T02:08:10.232189Z  DEBUG - Reading client preface...
2025-06-27T02:08:10.232190Z  DEBUG - Attempting to read 24 bytes for preface
2025-06-27T02:08:10.232198Z  DEBUG - Read preface bytes: 505249202a20485454502f322e300d0a0d0a534d0d0a0d0a
2025-06-27T02:08:10.232199Z  DEBUG - Client preface read successfully
2025-06-27T02:08:10.232199Z  DEBUG - Starting without preface...
2025-06-27T02:08:10.232214Z  DEBUG - Connection started successfully
2025-06-27T02:08:10.232275Z  DEBUG - Read loop started for connection 127.0.0.1
2025-06-27T02:08:10.232276Z  DEBUG - Reading frame header...
2025-06-27T02:08:10.232281Z  DEBUG - Applying remote setting: INITIAL_WINDOW_SIZE = 65535
2025-06-27T02:08:10.232283Z  DEBUG - Updating stream windows: old=65535, new=65535, diff=0
2025-06-27T02:08:10.232284Z  DEBUG - Sending SETTINGS ACK
2025-06-27T02:08:10.232296Z  DEBUG - SETTINGS ACK sent
2025-06-27T02:08:10.232297Z  DEBUG - Successfully handled frame: HT2::SettingsFrame on stream 0
2025-06-27T02:08:10.232298Z  DEBUG - Reading frame header...
2025-06-27T02:08:10.232303Z  DEBUG - Successfully handled frame: HT2::SettingsFrame on stream 0
2025-06-27T02:08:10.232304Z  DEBUG - Reading frame header...
2025-06-27T02:08:10.232307Z  DEBUG - Successfully handled frame: HT2::SettingsFrame on stream 0
2025-06-27T02:08:10.232308Z  DEBUG - Reading frame header...
2025-06-27T02:08:10.232437Z  DEBUG - Read loop connection error: PROTOCOL_ERROR - PRIORITY frame with stream ID 0
2025-06-27T02:08:10.233128Z  DEBUG - Connection.start called, is_server=true
2025-06-27T02:08:10.233129Z  DEBUG - Reading client preface...
2025-06-27T02:08:10.233135Z  DEBUG - Attempting to read 24 bytes for preface
2025-06-27T02:08:10.233143Z  DEBUG - Read preface bytes: 505249202a20485454502f322e300d0a0d0a534d0d0a0d0a
2025-06-27T02:08:10.233145Z  DEBUG - Client preface read successfully
2025-06-27T02:08:10.233145Z  DEBUG - Starting without preface...
2025-06-27T02:08:10.233162Z  DEBUG - Connection started successfully
2025-06-27T02:08:10.233235Z  DEBUG - Read loop started for connection 127.0.0.1
2025-06-27T02:08:10.233236Z  DEBUG - Reading frame header...
2025-06-27T02:08:10.233244Z  DEBUG - Applying remote setting: INITIAL_WINDOW_SIZE = 65535
2025-06-27T02:08:10.233246Z  DEBUG - Updating stream windows: old=65535, new=65535, diff=0
2025-06-27T02:08:10.233246Z  DEBUG - Sending SETTINGS ACK
2025-06-27T02:08:10.233259Z  DEBUG - SETTINGS ACK sent
2025-06-27T02:08:10.233260Z  DEBUG - Successfully handled frame: HT2::SettingsFrame on stream 0
2025-06-27T02:08:10.233262Z  DEBUG - Reading frame header...
2025-06-27T02:08:10.233268Z  DEBUG - Successfully handled frame: HT2::SettingsFrame on stream 0
2025-06-27T02:08:10.233270Z  DEBUG - Reading frame header...
2025-06-27T02:08:10.233273Z  DEBUG - Successfully handled frame: HT2::SettingsFrame on stream 0
2025-06-27T02:08:10.233274Z  DEBUG - Reading frame header...
2025-06-27T02:08:10.233378Z  DEBUG - HEADERS frame parsing: payload_size=15, offset=0, padding=0, header_block_size=15
2025-06-27T02:08:10.233379Z  DEBUG - Header block hex: 828684418aa0e41d139d09b8f81e07
2025-06-27T02:08:10.233390Z  DEBUG - HEADERS frame: stream_id=1, flags=END_STREAM | END_HEADERS, padding=0, priority=nil, header_block_size=15
2025-06-27T02:08:10.233391Z  DEBUG - Full header block hex: 828684418aa0e41d139d09b8f81e07
2025-06-27T02:08:10.233392Z  DEBUG - Decoding HEADERS frame with block size: 15
2025-06-27T02:08:10.233393Z  DEBUG - First 20 bytes of header block: less than 20 bytes
2025-06-27T02:08:10.233396Z  DEBUG - HPACK: Decoding Huffman string, length=10, data=a0e41d139d09b8f81e07
2025-06-27T02:08:10.233498Z  DEBUG - Huffman decode: data.size=10, hex=a0e41d139d09b8f81e07
2025-06-27T02:08:10.233498Z  DEBUG - Huffman decode: Checking for potential EOS pattern in data
2025-06-27T02:08:10.233503Z  DEBUG - Huffman padding check: last_symbol_bit=76, total_bits=80, padding_bits=3
2025-06-27T02:08:10.233506Z  DEBUG - HPACK: Huffman decoded to: "localhost:9080"
2025-06-27T02:08:10.233517Z  DEBUG - Decoded headers before validation: [{":method", "GET"}, {":scheme", "http"}, {":path", "/"}, {":authority", "localhost:9080"}]
2025-06-27T02:08:10.233534Z  DEBUG - Validated headers: [{":method", "GET"}, {":scheme", "http"}, {":path", "/"}, {":authority", "localhost:9080"}]
2025-06-27T02:08:10.233539Z  DEBUG - Server received headers for stream 1, end_stream: true, headers_count: 4
2025-06-27T02:08:10.233547Z  DEBUG - Headers: [{":method", "GET"}, {":scheme", "http"}, {":path", "/"}, {":authority", "localhost:9080"}]
2025-06-27T02:08:10.233548Z  DEBUG - is_trailers=false, end_stream=true, stream.end_stream_received=true
2025-06-27T02:08:10.233548Z  DEBUG - Processing request immediately (headers with END_STREAM)
2025-06-27T02:08:10.233553Z  DEBUG - Successfully handled frame: HT2::HeadersFrame on stream 1
2025-06-27T02:08:10.233555Z  DEBUG - Reading frame header...
2025-06-27T02:08:10.233582Z  DEBUG - Read loop connection error: FRAME_SIZE_ERROR - PRIORITY payload must be 5 bytes
2025-06-27T02:08:10.234316Z  DEBUG - Connection.start called, is_server=true
2025-06-27T02:08:10.234317Z  DEBUG - Reading client preface...
2025-06-27T02:08:10.234318Z  DEBUG - Attempting to read 24 bytes for preface
2025-06-27T02:08:10.234330Z  DEBUG - Read preface bytes: 505249202a20485454502f322e300d0a0d0a534d0d0a0d0a
2025-06-27T02:08:10.234331Z  DEBUG - Client preface read successfully
2025-06-27T02:08:10.234331Z  DEBUG - Starting without preface...
2025-06-27T02:08:10.234350Z  DEBUG - Connection started successfully
2025-06-27T02:08:10.234407Z  DEBUG - Read loop started for connection 127.0.0.1
2025-06-27T02:08:10.234409Z  DEBUG - Reading frame header...
2025-06-27T02:08:10.234414Z  DEBUG - Applying remote setting: INITIAL_WINDOW_SIZE = 65535
2025-06-27T02:08:10.234416Z  DEBUG - Updating stream windows: old=65535, new=65535, diff=0
2025-06-27T02:08:10.234416Z  DEBUG - Sending SETTINGS ACK
2025-06-27T02:08:10.234427Z  DEBUG - SETTINGS ACK sent
2025-06-27T02:08:10.234428Z  DEBUG - Successfully handled frame: HT2::SettingsFrame on stream 0
2025-06-27T02:08:10.234429Z  DEBUG - Reading frame header...
2025-06-27T02:08:10.234435Z  DEBUG - Successfully handled frame: HT2::SettingsFrame on stream 0
2025-06-27T02:08:10.234436Z  DEBUG - Reading frame header...
2025-06-27T02:08:10.234439Z  DEBUG - Successfully handled frame: HT2::SettingsFrame on stream 0
2025-06-27T02:08:10.234440Z  DEBUG - Reading frame header...
2025-06-27T02:08:10.234563Z  DEBUG - Read loop connection error: PROTOCOL_ERROR - RST_STREAM frame with stream ID 0
2025-06-27T02:08:10.235301Z  DEBUG - Connection.start called, is_server=true
2025-06-27T02:08:10.235301Z  DEBUG - Reading client preface...
2025-06-27T02:08:10.235302Z  DEBUG - Attempting to read 24 bytes for preface
2025-06-27T02:08:10.235309Z  DEBUG - Read preface bytes: 505249202a20485454502f322e300d0a0d0a534d0d0a0d0a
2025-06-27T02:08:10.235310Z  DEBUG - Client preface read successfully
2025-06-27T02:08:10.235310Z  DEBUG - Starting without preface...
2025-06-27T02:08:10.235318Z  DEBUG - Connection started successfully
2025-06-27T02:08:10.235377Z  DEBUG - Read loop started for connection 127.0.0.1
2025-06-27T02:08:10.235378Z  DEBUG - Reading frame header...
2025-06-27T02:08:10.235383Z  DEBUG - Applying remote setting: INITIAL_WINDOW_SIZE = 65535
2025-06-27T02:08:10.235385Z  DEBUG - Updating stream windows: old=65535, new=65535, diff=0
2025-06-27T02:08:10.235386Z  DEBUG - Sending SETTINGS ACK
2025-06-27T02:08:10.235396Z  DEBUG - SETTINGS ACK sent
2025-06-27T02:08:10.235397Z  DEBUG - Successfully handled frame: HT2::SettingsFrame on stream 0
2025-06-27T02:08:10.235399Z  DEBUG - Reading frame header...
2025-06-27T02:08:10.235404Z  DEBUG - Successfully handled frame: HT2::SettingsFrame on stream 0
2025-06-27T02:08:10.235405Z  DEBUG - Reading frame header...
2025-06-27T02:08:10.235409Z  DEBUG - Successfully handled frame: HT2::SettingsFrame on stream 0
2025-06-27T02:08:10.235410Z  DEBUG - Reading frame header...
2025-06-27T02:08:10.235542Z  DEBUG - Read loop connection error: PROTOCOL_ERROR - RST_STREAM on idle stream
2025-06-27T02:08:10.236457Z  DEBUG - Connection.start called, is_server=true
2025-06-27T02:08:10.236458Z  DEBUG - Reading client preface...
2025-06-27T02:08:10.236458Z  DEBUG - Attempting to read 24 bytes for preface
2025-06-27T02:08:10.236464Z  DEBUG - Read preface bytes: 505249202a20485454502f322e300d0a0d0a534d0d0a0d0a
2025-06-27T02:08:10.236466Z  DEBUG - Client preface read successfully
2025-06-27T02:08:10.236466Z  DEBUG - Starting without preface...
2025-06-27T02:08:10.236473Z  DEBUG - Connection started successfully
2025-06-27T02:08:10.236539Z  DEBUG - Read loop started for connection 127.0.0.1
2025-06-27T02:08:10.236540Z  DEBUG - Reading frame header...
2025-06-27T02:08:10.236544Z  DEBUG - Applying remote setting: INITIAL_WINDOW_SIZE = 65535
2025-06-27T02:08:10.236546Z  DEBUG - Updating stream windows: old=65535, new=65535, diff=0
2025-06-27T02:08:10.236550Z  DEBUG - Sending SETTINGS ACK
2025-06-27T02:08:10.236560Z  DEBUG - SETTINGS ACK sent
2025-06-27T02:08:10.236562Z  DEBUG - Successfully handled frame: HT2::SettingsFrame on stream 0
2025-06-27T02:08:10.236563Z  DEBUG - Reading frame header...
2025-06-27T02:08:10.236568Z  DEBUG - Successfully handled frame: HT2::SettingsFrame on stream 0
2025-06-27T02:08:10.236569Z  DEBUG - Reading frame header...
2025-06-27T02:08:10.236573Z  DEBUG - Successfully handled frame: HT2::SettingsFrame on stream 0
2025-06-27T02:08:10.236574Z  DEBUG - Reading frame header...
2025-06-27T02:08:10.236690Z  DEBUG - HEADERS frame parsing: payload_size=15, offset=0, padding=0, header_block_size=15
2025-06-27T02:08:10.236691Z  DEBUG - Header block hex: 828684418aa0e41d139d09b8f81e07
2025-06-27T02:08:10.236698Z  DEBUG - HEADERS frame: stream_id=1, flags=END_STREAM | END_HEADERS, padding=0, priority=nil, header_block_size=15
2025-06-27T02:08:10.236699Z  DEBUG - Full header block hex: 828684418aa0e41d139d09b8f81e07
2025-06-27T02:08:10.236699Z  DEBUG - Decoding HEADERS frame with block size: 15
2025-06-27T02:08:10.236700Z  DEBUG - First 20 bytes of header block: less than 20 bytes
2025-06-27T02:08:10.236702Z  DEBUG - HPACK: Decoding Huffman string, length=10, data=a0e41d139d09b8f81e07
2025-06-27T02:08:10.236786Z  DEBUG - Huffman decode: data.size=10, hex=a0e41d139d09b8f81e07
2025-06-27T02:08:10.236786Z  DEBUG - Huffman decode: Checking for potential EOS pattern in data
2025-06-27T02:08:10.236789Z  DEBUG - Huffman padding check: last_symbol_bit=76, total_bits=80, padding_bits=3
2025-06-27T02:08:10.236791Z  DEBUG - HPACK: Huffman decoded to: "localhost:9080"
2025-06-27T02:08:10.236800Z  DEBUG - Decoded headers before validation: [{":method", "GET"}, {":scheme", "http"}, {":path", "/"}, {":authority", "localhost:9080"}]
2025-06-27T02:08:10.236814Z  DEBUG - Validated headers: [{":method", "GET"}, {":scheme", "http"}, {":path", "/"}, {":authority", "localhost:9080"}]
2025-06-27T02:08:10.236817Z  DEBUG - Server received headers for stream 1, end_stream: true, headers_count: 4
2025-06-27T02:08:10.236824Z  DEBUG - Headers: [{":method", "GET"}, {":scheme", "http"}, {":path", "/"}, {":authority", "localhost:9080"}]
2025-06-27T02:08:10.236824Z  DEBUG - is_trailers=false, end_stream=true, stream.end_stream_received=true
2025-06-27T02:08:10.236825Z  DEBUG - Processing request immediately (headers with END_STREAM)
2025-06-27T02:08:10.236827Z  DEBUG - Successfully handled frame: HT2::HeadersFrame on stream 1
2025-06-27T02:08:10.236829Z  DEBUG - Reading frame header...
2025-06-27T02:08:10.236850Z  DEBUG - Read loop connection error: FRAME_SIZE_ERROR - RST_STREAM payload must be 4 bytes
2025-06-27T02:08:10.237847Z  DEBUG - Connection.start called, is_server=true
2025-06-27T02:08:10.237847Z  DEBUG - Reading client preface...
2025-06-27T02:08:10.237848Z  DEBUG - Attempting to read 24 bytes for preface
2025-06-27T02:08:10.237855Z  DEBUG - Read preface bytes: 505249202a20485454502f322e300d0a0d0a534d0d0a0d0a
2025-06-27T02:08:10.237857Z  DEBUG - Client preface read successfully
2025-06-27T02:08:10.237857Z  DEBUG - Starting without preface...
2025-06-27T02:08:10.237864Z  DEBUG - Connection started successfully
2025-06-27T02:08:10.237920Z  DEBUG - Read loop started for connection 127.0.0.1
2025-06-27T02:08:10.237921Z  DEBUG - Reading frame header...
2025-06-27T02:08:10.237927Z  DEBUG - Applying remote setting: INITIAL_WINDOW_SIZE = 65535
2025-06-27T02:08:10.237928Z  DEBUG - Updating stream windows: old=65535, new=65535, diff=0
2025-06-27T02:08:10.237929Z  DEBUG - Sending SETTINGS ACK
2025-06-27T02:08:10.237940Z  DEBUG - SETTINGS ACK sent
2025-06-27T02:08:10.237940Z  DEBUG - Successfully handled frame: HT2::SettingsFrame on stream 0
2025-06-27T02:08:10.237942Z  DEBUG - Reading frame header...
2025-06-27T02:08:10.237948Z  DEBUG - Successfully handled frame: HT2::SettingsFrame on stream 0
2025-06-27T02:08:10.237949Z  DEBUG - Reading frame header...
2025-06-27T02:08:10.237952Z  DEBUG - Successfully handled frame: HT2::SettingsFrame on stream 0
2025-06-27T02:08:10.237953Z  DEBUG - Reading frame header...
2025-06-27T02:08:10.238072Z  DEBUG - Read loop connection error: FRAME_SIZE_ERROR - SETTINGS ACK with non-empty payload
2025-06-27T02:08:10.239535Z  DEBUG - Connection.start called, is_server=true
2025-06-27T02:08:10.239535Z  DEBUG - Reading client preface...
2025-06-27T02:08:10.239536Z  DEBUG - Attempting to read 24 bytes for preface
2025-06-27T02:08:10.239544Z  DEBUG - Read preface bytes: 505249202a20485454502f322e300d0a0d0a534d0d0a0d0a
2025-06-27T02:08:10.239545Z  DEBUG - Client preface read successfully
2025-06-27T02:08:10.239545Z  DEBUG - Starting without preface...
2025-06-27T02:08:10.239552Z  DEBUG - Connection started successfully
2025-06-27T02:08:10.239608Z  DEBUG - Read loop started for connection 127.0.0.1
2025-06-27T02:08:10.239609Z  DEBUG - Reading frame header...
2025-06-27T02:08:10.239614Z  DEBUG - Applying remote setting: INITIAL_WINDOW_SIZE = 65535
2025-06-27T02:08:10.239615Z  DEBUG - Updating stream windows: old=65535, new=65535, diff=0
2025-06-27T02:08:10.239616Z  DEBUG - Sending SETTINGS ACK
2025-06-27T02:08:10.239624Z  DEBUG - SETTINGS ACK sent
2025-06-27T02:08:10.239625Z  DEBUG - Successfully handled frame: HT2::SettingsFrame on stream 0
2025-06-27T02:08:10.239627Z  DEBUG - Reading frame header...
2025-06-27T02:08:10.239630Z  DEBUG - Successfully handled frame: HT2::SettingsFrame on stream 0
2025-06-27T02:08:10.239631Z  DEBUG - Reading frame header...
2025-06-27T02:08:10.239636Z  DEBUG - Successfully handled frame: HT2::SettingsFrame on stream 0
2025-06-27T02:08:10.239637Z  DEBUG - Reading frame header...
2025-06-27T02:08:10.239762Z  DEBUG - Read loop connection error: PROTOCOL_ERROR - SETTINGS frame with non-zero stream ID
2025-06-27T02:08:10.240675Z  DEBUG - Connection.start called, is_server=true
2025-06-27T02:08:10.240675Z  DEBUG - Reading client preface...
2025-06-27T02:08:10.240676Z  DEBUG - Attempting to read 24 bytes for preface
2025-06-27T02:08:10.240681Z  DEBUG - Read preface bytes: 505249202a20485454502f322e300d0a0d0a534d0d0a0d0a
2025-06-27T02:08:10.240682Z  DEBUG - Client preface read successfully
2025-06-27T02:08:10.240683Z  DEBUG - Starting without preface...
2025-06-27T02:08:10.240689Z  DEBUG - Connection started successfully
2025-06-27T02:08:10.240742Z  DEBUG - Read loop started for connection 127.0.0.1
2025-06-27T02:08:10.240743Z  DEBUG - Reading frame header...
2025-06-27T02:08:10.240747Z  DEBUG - Applying remote setting: INITIAL_WINDOW_SIZE = 65535
2025-06-27T02:08:10.240748Z  DEBUG - Updating stream windows: old=65535, new=65535, diff=0
2025-06-27T02:08:10.240749Z  DEBUG - Sending SETTINGS ACK
2025-06-27T02:08:10.240759Z  DEBUG - SETTINGS ACK sent
2025-06-27T02:08:10.240759Z  DEBUG - Successfully handled frame: HT2::SettingsFrame on stream 0
2025-06-27T02:08:10.240760Z  DEBUG - Reading frame header...
2025-06-27T02:08:10.240765Z  DEBUG - Successfully handled frame: HT2::SettingsFrame on stream 0
2025-06-27T02:08:10.240765Z  DEBUG - Reading frame header...
2025-06-27T02:08:10.240768Z  DEBUG - Successfully handled frame: HT2::SettingsFrame on stream 0
2025-06-27T02:08:10.240769Z  DEBUG - Reading frame header...
2025-06-27T02:08:10.240895Z  DEBUG - Read loop connection error: FRAME_SIZE_ERROR - SETTINGS payload size not multiple of 6
2025-06-27T02:08:10.241597Z  DEBUG - Connection.start called, is_server=true
2025-06-27T02:08:10.241598Z  DEBUG - Reading client preface...
2025-06-27T02:08:10.241598Z  DEBUG - Attempting to read 24 bytes for preface
2025-06-27T02:08:10.241608Z  DEBUG - Read preface bytes: 505249202a20485454502f322e300d0a0d0a534d0d0a0d0a
2025-06-27T02:08:10.241609Z  DEBUG - Client preface read successfully
2025-06-27T02:08:10.241609Z  DEBUG - Starting without preface...
2025-06-27T02:08:10.241616Z  DEBUG - Connection started successfully
2025-06-27T02:08:10.241672Z  DEBUG - Read loop started for connection 127.0.0.1
2025-06-27T02:08:10.241673Z  DEBUG - Reading frame header...
2025-06-27T02:08:10.241677Z  DEBUG - Applying remote setting: INITIAL_WINDOW_SIZE = 65535
2025-06-27T02:08:10.241678Z  DEBUG - Updating stream windows: old=65535, new=65535, diff=0
2025-06-27T02:08:10.241679Z  DEBUG - Sending SETTINGS ACK
2025-06-27T02:08:10.241688Z  DEBUG - SETTINGS ACK sent
2025-06-27T02:08:10.241689Z  DEBUG - Successfully handled frame: HT2::SettingsFrame on stream 0
2025-06-27T02:08:10.241690Z  DEBUG - Reading frame header...
2025-06-27T02:08:10.241694Z  DEBUG - Successfully handled frame: HT2::SettingsFrame on stream 0
2025-06-27T02:08:10.241695Z  DEBUG - Reading frame header...
2025-06-27T02:08:10.241697Z  DEBUG - Successfully handled frame: HT2::SettingsFrame on stream 0
2025-06-27T02:08:10.241698Z  DEBUG - Reading frame header...
2025-06-27T02:08:10.241825Z  DEBUG - Read loop connection error: PROTOCOL_ERROR - ENABLE_PUSH must be 0 or 1
2025-06-27T02:08:10.242453Z  DEBUG - Connection.start called, is_server=true
2025-06-27T02:08:10.242454Z  DEBUG - Reading client preface...
2025-06-27T02:08:10.242454Z  DEBUG - Attempting to read 24 bytes for preface
2025-06-27T02:08:10.245144Z  DEBUG - Read preface bytes: 505249202a20485454502f322e300d0a0d0a534d0d0a0d0a
2025-06-27T02:08:10.245146Z  DEBUG - Client preface read successfully
2025-06-27T02:08:10.245146Z  DEBUG - Starting without preface...
2025-06-27T02:08:10.245157Z  DEBUG - Connection started successfully
2025-06-27T02:08:10.245216Z  DEBUG - Read loop started for connection 127.0.0.1
2025-06-27T02:08:10.245217Z  DEBUG - Reading frame header...
2025-06-27T02:08:10.245222Z  DEBUG - Applying remote setting: INITIAL_WINDOW_SIZE = 65535
2025-06-27T02:08:10.245223Z  DEBUG - Updating stream windows: old=65535, new=65535, diff=0
2025-06-27T02:08:10.245224Z  DEBUG - Sending SETTINGS ACK
2025-06-27T02:08:10.245229Z  DEBUG - SETTINGS ACK sent
2025-06-27T02:08:10.245230Z  DEBUG - Successfully handled frame: HT2::SettingsFrame on stream 0
2025-06-27T02:08:10.245231Z  DEBUG - Reading frame header...
2025-06-27T02:08:10.245236Z  DEBUG - Successfully handled frame: HT2::SettingsFrame on stream 0
2025-06-27T02:08:10.245237Z  DEBUG - Reading frame header...
2025-06-27T02:08:10.245324Z  DEBUG - Successfully handled frame: HT2::SettingsFrame on stream 0
2025-06-27T02:08:10.245325Z  DEBUG - Reading frame header...
2025-06-27T02:08:10.245357Z  DEBUG - Read loop connection error: FLOW_CONTROL_ERROR - INITIAL_WINDOW_SIZE too large
2025-06-27T02:08:10.246092Z  DEBUG - Connection.start called, is_server=true
2025-06-27T02:08:10.246092Z  DEBUG - Reading client preface...
2025-06-27T02:08:10.246093Z  DEBUG - Attempting to read 24 bytes for preface
2025-06-27T02:08:10.246118Z  DEBUG - Read preface bytes: 505249202a20485454502f322e300d0a0d0a534d0d0a0d0a
2025-06-27T02:08:10.246120Z  DEBUG - Client preface read successfully
2025-06-27T02:08:10.246120Z  DEBUG - Starting without preface...
2025-06-27T02:08:10.246128Z  DEBUG - Connection started successfully
2025-06-27T02:08:10.246171Z  DEBUG - Read loop started for connection 127.0.0.1
2025-06-27T02:08:10.246172Z  DEBUG - Reading frame header...
2025-06-27T02:08:10.246175Z  DEBUG - Applying remote setting: INITIAL_WINDOW_SIZE = 65535
2025-06-27T02:08:10.246177Z  DEBUG - Updating stream windows: old=65535, new=65535, diff=0
2025-06-27T02:08:10.246177Z  DEBUG - Sending SETTINGS ACK
2025-06-27T02:08:10.246182Z  DEBUG - SETTINGS ACK sent
2025-06-27T02:08:10.246183Z  DEBUG - Successfully handled frame: HT2::SettingsFrame on stream 0
2025-06-27T02:08:10.246184Z  DEBUG - Reading frame header...
2025-06-27T02:08:10.246188Z  DEBUG - Successfully handled frame: HT2::SettingsFrame on stream 0
2025-06-27T02:08:10.246188Z  DEBUG - Reading frame header...
2025-06-27T02:08:10.246255Z  DEBUG - Successfully handled frame: HT2::SettingsFrame on stream 0
2025-06-27T02:08:10.246256Z  DEBUG - Reading frame header...
2025-06-27T02:08:10.246285Z  DEBUG - Read loop connection error: PROTOCOL_ERROR - MAX_FRAME_SIZE out of range
2025-06-27T02:08:10.246906Z  DEBUG - Connection.start called, is_server=true
2025-06-27T02:08:10.246906Z  DEBUG - Reading client preface...
2025-06-27T02:08:10.246907Z  DEBUG - Attempting to read 24 bytes for preface
2025-06-27T02:08:10.246912Z  DEBUG - Read preface bytes: 505249202a20485454502f322e300d0a0d0a534d0d0a0d0a
2025-06-27T02:08:10.246914Z  DEBUG - Client preface read successfully
2025-06-27T02:08:10.246914Z  DEBUG - Starting without preface...
2025-06-27T02:08:10.246931Z  DEBUG - Connection started successfully
2025-06-27T02:08:10.246977Z  DEBUG - Read loop started for connection 127.0.0.1
2025-06-27T02:08:10.246978Z  DEBUG - Reading frame header...
2025-06-27T02:08:10.246981Z  DEBUG - Applying remote setting: INITIAL_WINDOW_SIZE = 65535
2025-06-27T02:08:10.246983Z  DEBUG - Updating stream windows: old=65535, new=65535, diff=0
2025-06-27T02:08:10.246983Z  DEBUG - Sending SETTINGS ACK
2025-06-27T02:08:10.246992Z  DEBUG - SETTINGS ACK sent
2025-06-27T02:08:10.246992Z  DEBUG - Successfully handled frame: HT2::SettingsFrame on stream 0
2025-06-27T02:08:10.246993Z  DEBUG - Reading frame header...
2025-06-27T02:08:10.246997Z  DEBUG - Successfully handled frame: HT2::SettingsFrame on stream 0
2025-06-27T02:08:10.246998Z  DEBUG - Reading frame header...
2025-06-27T02:08:10.247001Z  DEBUG - Successfully handled frame: HT2::SettingsFrame on stream 0
2025-06-27T02:08:10.247001Z  DEBUG - Reading frame header...
2025-06-27T02:08:10.247109Z  DEBUG - Read loop connection error: PROTOCOL_ERROR - MAX_FRAME_SIZE out of range
2025-06-27T02:08:10.247715Z  DEBUG - Connection.start called, is_server=true
2025-06-27T02:08:10.247715Z  DEBUG - Reading client preface...
2025-06-27T02:08:10.247716Z  DEBUG - Attempting to read 24 bytes for preface
2025-06-27T02:08:10.247721Z  DEBUG - Read preface bytes: 505249202a20485454502f322e300d0a0d0a534d0d0a0d0a
2025-06-27T02:08:10.247722Z  DEBUG - Client preface read successfully
2025-06-27T02:08:10.247722Z  DEBUG - Starting without preface...
2025-06-27T02:08:10.247745Z  DEBUG - Connection started successfully
2025-06-27T02:08:10.247788Z  DEBUG - Read loop started for connection 127.0.0.1
2025-06-27T02:08:10.247789Z  DEBUG - Reading frame header...
2025-06-27T02:08:10.247792Z  DEBUG - Applying remote setting: INITIAL_WINDOW_SIZE = 65535
2025-06-27T02:08:10.247793Z  DEBUG - Updating stream windows: old=65535, new=65535, diff=0
2025-06-27T02:08:10.247793Z  DEBUG - Sending SETTINGS ACK
2025-06-27T02:08:10.247801Z  DEBUG - SETTINGS ACK sent
2025-06-27T02:08:10.247801Z  DEBUG - Successfully handled frame: HT2::SettingsFrame on stream 0
2025-06-27T02:08:10.247802Z  DEBUG - Reading frame header...
2025-06-27T02:08:10.247810Z  DEBUG - Successfully handled frame: HT2::SettingsFrame on stream 0
2025-06-27T02:08:10.247811Z  DEBUG - Reading frame header...
2025-06-27T02:08:10.247814Z  DEBUG - Successfully handled frame: HT2::SettingsFrame on stream 0
2025-06-27T02:08:10.247814Z  DEBUG - Reading frame header...
2025-06-27T02:08:10.247891Z  DEBUG - Applying remote setting: 255 = 1
2025-06-27T02:08:10.247892Z  DEBUG - Sending SETTINGS ACK
2025-06-27T02:08:10.247902Z  DEBUG - SETTINGS ACK sent
2025-06-27T02:08:10.247903Z  DEBUG - Successfully handled frame: HT2::SettingsFrame on stream 0
2025-06-27T02:08:10.247904Z  DEBUG - Reading frame header...
2025-06-27T02:08:10.247911Z  DEBUG - Successfully handled frame: HT2::PingFrame on stream 0
2025-06-27T02:08:10.247912Z  DEBUG - Reading frame header...
2025-06-27T02:08:10.248013Z  DEBUG - Failed to read frame header: End of file reached
2025-06-27T02:08:10.248021Z  DEBUG - Read loop IO error: IO::EOFError - End of file reached
2025-06-27T02:08:10.248022Z  DEBUG - Socket closed: false
2025-06-27T02:08:10.248022Z  DEBUG - Read loop exiting, closing connection
2025-06-27T02:08:10.248502Z  DEBUG - Connection.start called, is_server=true
2025-06-27T02:08:10.248503Z  DEBUG - Reading client preface...
2025-06-27T02:08:10.248504Z  DEBUG - Attempting to read 24 bytes for preface
2025-06-27T02:08:10.248987Z  DEBUG - Connection.start called, is_server=true
2025-06-27T02:08:10.248987Z  DEBUG - Reading client preface...
2025-06-27T02:08:10.248988Z  DEBUG - Attempting to read 24 bytes for preface
2025-06-27T02:08:10.249018Z  DEBUG - Read preface bytes: 505249202a20485454502f322e300d0a0d0a534d0d0a0d0a
2025-06-27T02:08:10.249019Z  DEBUG - Client preface read successfully
2025-06-27T02:08:10.249019Z  DEBUG - Starting without preface...
2025-06-27T02:08:10.249039Z  DEBUG - Connection started successfully
2025-06-27T02:08:10.249084Z  DEBUG - Read loop started for connection 127.0.0.1
2025-06-27T02:08:10.249085Z  DEBUG - Reading frame header...
2025-06-27T02:08:10.249089Z  DEBUG - Applying remote setting: INITIAL_WINDOW_SIZE = 65535
2025-06-27T02:08:10.249090Z  DEBUG - Updating stream windows: old=65535, new=65535, diff=0
2025-06-27T02:08:10.249091Z  DEBUG - Sending SETTINGS ACK
2025-06-27T02:08:10.249101Z  DEBUG - SETTINGS ACK sent
2025-06-27T02:08:10.249102Z  DEBUG - Successfully handled frame: HT2::SettingsFrame on stream 0
2025-06-27T02:08:10.249103Z  DEBUG - Reading frame header...
2025-06-27T02:08:10.249107Z  DEBUG - Successfully handled frame: HT2::SettingsFrame on stream 0
2025-06-27T02:08:10.249108Z  DEBUG - Reading frame header...
2025-06-27T02:08:10.249111Z  DEBUG - Successfully handled frame: HT2::SettingsFrame on stream 0
2025-06-27T02:08:10.249112Z  DEBUG - Reading frame header...
2025-06-27T02:08:10.249183Z  DEBUG - HEADERS frame parsing: payload_size=15, offset=0, padding=0, header_block_size=15
2025-06-27T02:08:10.249183Z  DEBUG - Header block hex: 828684418aa0e41d139d09b8f81e07
2025-06-27T02:08:10.249192Z  DEBUG - HEADERS frame: stream_id=1, flags=END_STREAM | END_HEADERS, padding=0, priority=nil, header_block_size=15
2025-06-27T02:08:10.249192Z  DEBUG - Full header block hex: 828684418aa0e41d139d09b8f81e07
2025-06-27T02:08:10.249193Z  DEBUG - Decoding HEADERS frame with block size: 15
2025-06-27T02:08:10.249193Z  DEBUG - First 20 bytes of header block: less than 20 bytes
2025-06-27T02:08:10.249196Z  DEBUG - HPACK: Decoding Huffman string, length=10, data=a0e41d139d09b8f81e07
2025-06-27T02:08:10.249257Z  DEBUG - Huffman decode: data.size=10, hex=a0e41d139d09b8f81e07
2025-06-27T02:08:10.249257Z  DEBUG - Huffman decode: Checking for potential EOS pattern in data
2025-06-27T02:08:10.249259Z  DEBUG - Huffman padding check: last_symbol_bit=76, total_bits=80, padding_bits=3
2025-06-27T02:08:10.249261Z  DEBUG - HPACK: Huffman decoded to: "localhost:9080"
2025-06-27T02:08:10.249269Z  DEBUG - Decoded headers before validation: [{":method", "GET"}, {":scheme", "http"}, {":path", "/"}, {":authority", "localhost:9080"}]
2025-06-27T02:08:10.249280Z  DEBUG - Validated headers: [{":method", "GET"}, {":scheme", "http"}, {":path", "/"}, {":authority", "localhost:9080"}]
2025-06-27T02:08:10.249283Z  DEBUG - Server received headers for stream 1, end_stream: true, headers_count: 4
2025-06-27T02:08:10.249289Z  DEBUG - Headers: [{":method", "GET"}, {":scheme", "http"}, {":path", "/"}, {":authority", "localhost:9080"}]
2025-06-27T02:08:10.249289Z  DEBUG - is_trailers=false, end_stream=true, stream.end_stream_received=true
2025-06-27T02:08:10.249290Z  DEBUG - Processing request immediately (headers with END_STREAM)
2025-06-27T02:08:10.249293Z  DEBUG - Successfully handled frame: HT2::HeadersFrame on stream 1
2025-06-27T02:08:10.249294Z  DEBUG - Reading frame header...
2025-06-27T02:08:10.320801Z  DEBUG - Read loop exiting, closing connection
2025-06-27T02:08:10.324166Z  DEBUG - Read loop exiting, closing connection
2025-06-27T02:08:10.328006Z  DEBUG - Read loop exiting, closing connection
2025-06-27T02:08:10.328932Z  DEBUG - Read loop exiting, closing connection
2025-06-27T02:08:10.329903Z  DEBUG - Read loop exiting, closing connection
2025-06-27T02:08:10.330748Z  DEBUG - Read loop exiting, closing connection
2025-06-27T02:08:10.331694Z  DEBUG - Read loop exiting, closing connection
2025-06-27T02:08:10.332501Z  DEBUG - Read loop exiting, closing connection
2025-06-27T02:08:10.333680Z  DEBUG - Read loop exiting, closing connection
2025-06-27T02:08:10.334603Z  DEBUG - Read loop exiting, closing connection
2025-06-27T02:08:10.335582Z  DEBUG - Read loop exiting, closing connection
2025-06-27T02:08:10.336921Z  DEBUG - Read loop exiting, closing connection
2025-06-27T02:08:10.338148Z  DEBUG - Read loop exiting, closing connection
2025-06-27T02:08:10.339962Z  DEBUG - Read loop exiting, closing connection
2025-06-27T02:08:10.340949Z  DEBUG - Read loop exiting, closing connection
2025-06-27T02:08:10.341877Z  DEBUG - Read loop exiting, closing connection
2025-06-27T02:08:10.346036Z  DEBUG - Read loop exiting, closing connection
2025-06-27T02:08:10.346351Z  DEBUG - Read loop exiting, closing connection
2025-06-27T02:08:10.347143Z  DEBUG - Read loop exiting, closing connection
Worker pool task error: Closed stream
Worker pool task error: Closed stream
Worker pool task error: Closed stream
Worker pool task error: Closed stream
Worker pool task error: Closed stream
Worker pool task error: Closed stream
2025-06-27T02:08:10.972170Z  ERROR - Error writing response: Timed out waiting for flow control window
2025-06-27T02:08:10.972178Z  DEBUG - Response.close: Sending empty DATA frame with END_STREAM
2025-06-27T02:08:10.972194Z  DEBUG - Stream.send_data: size=0, send_window=0, conn_window=65534
2025-06-27T02:08:10.976618Z  ERROR - Error handling request: Closed stream
/opt/homebrew/Cellar/crystal/1.16.3/share/crystal/src/io.cr:121:5 in 'check_open'
/opt/homebrew/Cellar/crystal/1.16.3/share/crystal/src/io/buffered.cr:142:15 in 'write'
src/ht2/zero_copy.cr:65:7 in 'forward_data_frame'
src/ht2/frames/data_frame.cr:50:9 in 'write_to'
src/ht2/connection.cr:343:11 in 'send_frame_zero_copy'
src/ht2/connection.cr:261:9 in 'send_frame'
src/ht2/stream.cr:107:7 in 'send_data'
src/ht2/response.cr:73:9 in 'close'
spec/h2spec_test_server.cr:28:7 in '->'
src/ht2/server.cr:529:16 in 'handle_stream'
src/ht2/server.cr:500:19 in '->'
src/ht2/worker_pool.cr:139:18 in '->'
/opt/homebrew/Cellar/crystal/1.16.3/share/crystal/src/fiber.cr:170:11 in 'run'
/opt/homebrew/Cellar/crystal/1.16.3/share/crystal/src/fiber.cr:105:3 in '->'
2025-06-27T02:08:10.977022Z  DEBUG - Handling stream 197 with headers: [{":method", "GET"}, {":scheme", "http"}, {":path", "/"}, {":authority", "localhost:9080"}]
2025-06-27T02:08:10.977040Z  DEBUG - Created request for stream 197: GET /
2025-06-27T02:08:10.977044Z   INFO - Request: GET /
2025-06-27T02:08:10.977054Z  DEBUG - Response.send_headers called, end_stream=false, headers_sent=false
2025-06-27T02:08:10.977066Z  DEBUG - Response: Sending 2 headers
2025-06-27T02:08:10.977070Z  DEBUG - Stream 197: send_headers called with 2 headers, end_stream=false
2025-06-27T02:08:10.977090Z  DEBUG - Stream 197: Sending HEADERS frame with flags=END_HEADERS, header_block_size=2
2025-06-27T02:08:10.977199Z  ERROR - Error writing response: Closed stream
2025-06-27T02:08:10.977200Z  DEBUG - Response.close: Sending empty DATA frame with END_STREAM
2025-06-27T02:08:10.977208Z  DEBUG - Stream.send_data: size=0, send_window=0, conn_window=65535
2025-06-27T02:08:10.979875Z  ERROR - Error handling request: Closed stream
/opt/homebrew/Cellar/crystal/1.16.3/share/crystal/src/io.cr:121:5 in 'check_open'
/opt/homebrew/Cellar/crystal/1.16.3/share/crystal/src/io/buffered.cr:142:15 in 'write'
src/ht2/zero_copy.cr:65:7 in 'forward_data_frame'
src/ht2/frames/data_frame.cr:50:9 in 'write_to'
src/ht2/connection.cr:343:11 in 'send_frame_zero_copy'
src/ht2/connection.cr:261:9 in 'send_frame'
src/ht2/stream.cr:107:7 in 'send_data'
src/ht2/response.cr:73:9 in 'close'
spec/h2spec_test_server.cr:28:7 in '->'
src/ht2/server.cr:529:16 in 'handle_stream'
src/ht2/server.cr:500:19 in '->'
src/ht2/worker_pool.cr:139:18 in '->'
/opt/homebrew/Cellar/crystal/1.16.3/share/crystal/src/fiber.cr:170:11 in 'run'
/opt/homebrew/Cellar/crystal/1.16.3/share/crystal/src/fiber.cr:105:3 in '->'
2025-06-27T02:08:10.980077Z  DEBUG - Handling stream 199 with headers: [{":method", "GET"}, {":scheme", "http"}, {":path", "/"}, {":authority", "localhost:9080"}]
2025-06-27T02:08:10.980086Z  DEBUG - Created request for stream 199: GET /
2025-06-27T02:08:10.980090Z   INFO - Request: GET /
2025-06-27T02:08:10.980097Z  DEBUG - Response.send_headers called, end_stream=false, headers_sent=false
2025-06-27T02:08:10.980104Z  DEBUG - Response: Sending 2 headers
2025-06-27T02:08:10.980107Z  DEBUG - Stream 199: send_headers called with 2 headers, end_stream=false
2025-06-27T02:08:10.980118Z  DEBUG - Stream 199: Sending HEADERS frame with flags=END_HEADERS, header_block_size=2
2025-06-27T02:08:10.980213Z  ERROR - Error writing response: Closed stream
2025-06-27T02:08:10.980214Z  DEBUG - Response.close: Sending empty DATA frame with END_STREAM
2025-06-27T02:08:10.980219Z  DEBUG - Stream.send_data: size=0, send_window=0, conn_window=65535
2025-06-27T02:08:10.982553Z  ERROR - Error handling request: Closed stream
/opt/homebrew/Cellar/crystal/1.16.3/share/crystal/src/io.cr:121:5 in 'check_open'
/opt/homebrew/Cellar/crystal/1.16.3/share/crystal/src/io/buffered.cr:142:15 in 'write'
src/ht2/zero_copy.cr:65:7 in 'forward_data_frame'
src/ht2/frames/data_frame.cr:50:9 in 'write_to'
src/ht2/connection.cr:343:11 in 'send_frame_zero_copy'
src/ht2/connection.cr:261:9 in 'send_frame'
src/ht2/stream.cr:107:7 in 'send_data'
src/ht2/response.cr:73:9 in 'close'
spec/h2spec_test_server.cr:28:7 in '->'
src/ht2/server.cr:529:16 in 'handle_stream'
src/ht2/server.cr:500:19 in '->'
src/ht2/worker_pool.cr:139:18 in '->'
/opt/homebrew/Cellar/crystal/1.16.3/share/crystal/src/fiber.cr:170:11 in 'run'
/opt/homebrew/Cellar/crystal/1.16.3/share/crystal/src/fiber.cr:105:3 in '->'
2025-06-27T02:08:10.982749Z  DEBUG - Handling stream 1 with headers: [{":method", "POST"}, {":scheme", "http"}, {":path", "/"}, {":authority", "localhost:9080"}]
2025-06-27T02:08:10.982757Z  DEBUG - Created request for stream 1: POST /
2025-06-27T02:08:10.982759Z   INFO - Request: POST /
2025-06-27T02:08:10.982764Z  DEBUG - Response.send_headers called, end_stream=false, headers_sent=false
2025-06-27T02:08:10.982770Z  DEBUG - Response: Sending 2 headers
2025-06-27T02:08:10.982772Z  DEBUG - Stream 1: send_headers called with 2 headers, end_stream=false
2025-06-27T02:08:10.982806Z  ERROR - Error writing response: Cannot send headers on closed stream
2025-06-27T02:08:10.982807Z  DEBUG - Response.close: Sending empty DATA frame with END_STREAM
2025-06-27T02:08:10.982861Z  DEBUG - Handling stream 1 with headers: [{":method", "GET"}, {":scheme", "http"}, {":path", "/"}, {":authority", "localhost:9080"}]
2025-06-27T02:08:10.982865Z  DEBUG - Created request for stream 1: GET /
2025-06-27T02:08:10.982867Z   INFO - Request: GET /
2025-06-27T02:08:10.982870Z  DEBUG - Response.send_headers called, end_stream=false, headers_sent=false
2025-06-27T02:08:10.982875Z  DEBUG - Response: Sending 2 headers
2025-06-27T02:08:10.982877Z  DEBUG - Stream 1: send_headers called with 2 headers, end_stream=false
2025-06-27T02:08:10.982899Z  DEBUG - Stream 1: Sending HEADERS frame with flags=END_HEADERS, header_block_size=13
2025-06-27T02:08:10.982973Z  ERROR - Error writing response: Closed stream
2025-06-27T02:08:10.982974Z  DEBUG - Response.close: Sending empty DATA frame with END_STREAM
2025-06-27T02:08:10.982980Z  DEBUG - Stream.send_data: size=0, send_window=65535, conn_window=65535
2025-06-27T02:08:10.984573Z  ERROR - Error handling request: Closed stream
/opt/homebrew/Cellar/crystal/1.16.3/share/crystal/src/io.cr:121:5 in 'check_open'
/opt/homebrew/Cellar/crystal/1.16.3/share/crystal/src/io/buffered.cr:142:15 in 'write'
src/ht2/zero_copy.cr:65:7 in 'forward_data_frame'
src/ht2/frames/data_frame.cr:50:9 in 'write_to'
src/ht2/connection.cr:343:11 in 'send_frame_zero_copy'
src/ht2/connection.cr:261:9 in 'send_frame'
src/ht2/stream.cr:107:7 in 'send_data'
src/ht2/response.cr:73:9 in 'close'
spec/h2spec_test_server.cr:28:7 in '->'
src/ht2/server.cr:529:16 in 'handle_stream'
src/ht2/server.cr:500:19 in '->'
src/ht2/worker_pool.cr:139:18 in '->'
/opt/homebrew/Cellar/crystal/1.16.3/share/crystal/src/fiber.cr:170:11 in 'run'
/opt/homebrew/Cellar/crystal/1.16.3/share/crystal/src/fiber.cr:105:3 in '->'
2025-06-27T02:08:10.984734Z  DEBUG - Handling stream 1 with headers: [{":method", "GET"}, {":scheme", "http"}, {":path", "/"}, {":authority", "localhost:9080"}]
2025-06-27T02:08:10.984740Z  DEBUG - Created request for stream 1: GET /
2025-06-27T02:08:10.984743Z   INFO - Request: GET /
2025-06-27T02:08:10.984747Z  DEBUG - Response.send_headers called, end_stream=false, headers_sent=false
2025-06-27T02:08:10.984751Z  DEBUG - Response: Sending 2 headers
2025-06-27T02:08:10.984753Z  DEBUG - Stream 1: send_headers called with 2 headers, end_stream=false
2025-06-27T02:08:10.984768Z  DEBUG - Stream 1: Sending HEADERS frame with flags=END_HEADERS, header_block_size=13
2025-06-27T02:08:10.984839Z  ERROR - Error writing response: Closed stream
2025-06-27T02:08:10.984840Z  DEBUG - Response.close: Sending empty DATA frame with END_STREAM
2025-06-27T02:08:10.984844Z  DEBUG - Stream.send_data: size=0, send_window=65535, conn_window=65535
2025-06-27T02:08:10.986971Z  ERROR - Error handling request: Closed stream
/opt/homebrew/Cellar/crystal/1.16.3/share/crystal/src/io.cr:121:5 in 'check_open'
/opt/homebrew/Cellar/crystal/1.16.3/share/crystal/src/io/buffered.cr:142:15 in 'write'
src/ht2/zero_copy.cr:65:7 in 'forward_data_frame'
src/ht2/frames/data_frame.cr:50:9 in 'write_to'
src/ht2/connection.cr:343:11 in 'send_frame_zero_copy'
src/ht2/connection.cr:261:9 in 'send_frame'
src/ht2/stream.cr:107:7 in 'send_data'
src/ht2/response.cr:73:9 in 'close'
spec/h2spec_test_server.cr:28:7 in '->'
src/ht2/server.cr:529:16 in 'handle_stream'
src/ht2/server.cr:500:19 in '->'
src/ht2/worker_pool.cr:139:18 in '->'
/opt/homebrew/Cellar/crystal/1.16.3/share/crystal/src/fiber.cr:170:11 in 'run'
/opt/homebrew/Cellar/crystal/1.16.3/share/crystal/src/fiber.cr:105:3 in '->'
2025-06-27T02:08:10.987138Z  DEBUG - Handling stream 1 with headers: [{":method", "GET"}, {":scheme", "http"}, {":path", "/"}, {":authority", "localhost:9080"}]
2025-06-27T02:08:10.987144Z  DEBUG - Created request for stream 1: GET /
2025-06-27T02:08:10.987145Z   INFO - Request: GET /
2025-06-27T02:08:10.987150Z  DEBUG - Response.send_headers called, end_stream=false, headers_sent=false
2025-06-27T02:08:10.987155Z  DEBUG - Response: Sending 2 headers
2025-06-27T02:08:10.987156Z  DEBUG - Stream 1: send_headers called with 2 headers, end_stream=false
2025-06-27T02:08:10.987173Z  DEBUG - Stream 1: Sending HEADERS frame with flags=END_HEADERS, header_block_size=13
2025-06-27T02:08:10.987280Z  DEBUG - Stream 1: send_headers completed, new state=HALF_CLOSED_REMOTE
2025-06-27T02:08:10.987282Z  DEBUG - Response.write: Sending 100 bytes of data
2025-06-27T02:08:10.987286Z  DEBUG - Response.write: stream_window=65535, conn_window=65535, available=65535
2025-06-27T02:08:10.987293Z  DEBUG - Stream.send_chunks: Starting to send 100 bytes in chunks of 16384
2025-06-27T02:08:10.987297Z  DEBUG - Stream.send_chunk: Sending chunk from 0 to 100 (100 bytes), last_chunk=true
2025-06-27T02:08:10.987300Z  DEBUG - Stream.send_data: size=100, send_window=65535, conn_window=65535
2025-06-27T02:08:10.987332Z  DEBUG - Stream.send_chunks: Finished sending all chunks
2025-06-27T02:08:10.987333Z  DEBUG - Response.close: Sending empty DATA frame with END_STREAM
2025-06-27T02:08:10.987336Z  DEBUG - Stream.send_data: size=0, send_window=65435, conn_window=65435
2025-06-27T02:08:10.987400Z  DEBUG - Completed handling stream 1
2025-06-27T02:08:10.987480Z  ERROR - Error writing response: Timed out waiting for flow control window
2025-06-27T02:08:10.987481Z  DEBUG - Response.close: Sending empty DATA frame with END_STREAM
2025-06-27T02:08:10.987485Z  DEBUG - Stream.send_data: size=0, send_window=0, conn_window=65534
2025-06-27T02:08:10.989438Z  ERROR - Error handling request: Closed stream
/opt/homebrew/Cellar/crystal/1.16.3/share/crystal/src/io.cr:121:5 in 'check_open'
/opt/homebrew/Cellar/crystal/1.16.3/share/crystal/src/io/buffered.cr:142:15 in 'write'
src/ht2/zero_copy.cr:65:7 in 'forward_data_frame'
src/ht2/frames/data_frame.cr:50:9 in 'write_to'
src/ht2/connection.cr:343:11 in 'send_frame_zero_copy'
src/ht2/connection.cr:261:9 in 'send_frame'
src/ht2/stream.cr:107:7 in 'send_data'
src/ht2/response.cr:73:9 in 'close'
spec/h2spec_test_server.cr:28:7 in '->'
src/ht2/server.cr:529:16 in 'handle_stream'
src/ht2/server.cr:500:19 in '->'
src/ht2/worker_pool.cr:139:18 in '->'
/opt/homebrew/Cellar/crystal/1.16.3/share/crystal/src/fiber.cr:170:11 in 'run'
/opt/homebrew/Cellar/crystal/1.16.3/share/crystal/src/fiber.cr:105:3 in '->'
2025-06-27T02:08:10.991089Z  DEBUG - Read preface bytes: 505249202a20485454502f322e300d0a0d0a534d0d0a0d0a
2025-06-27T02:08:10.991096Z  DEBUG - Client preface read successfully
2025-06-27T02:08:10.991097Z  DEBUG - Starting without preface...
2025-06-27T02:08:10.991169Z  DEBUG - Connection started successfully
2025-06-27T02:08:10.991310Z  DEBUG - Read loop started for connection 127.0.0.1
2025-06-27T02:08:10.991313Z  DEBUG - Reading frame header...
2025-06-27T02:08:10.991338Z  DEBUG - Applying remote setting: INITIAL_WINDOW_SIZE = 65535
2025-06-27T02:08:10.991343Z  DEBUG - Updating stream windows: old=65535, new=65535, diff=0
2025-06-27T02:08:10.991344Z  DEBUG - Sending SETTINGS ACK
2025-06-27T02:08:10.991396Z  DEBUG - SETTINGS ACK sent
2025-06-27T02:08:10.991399Z  DEBUG - Successfully handled frame: HT2::SettingsFrame on stream 0
2025-06-27T02:08:10.991403Z  DEBUG - Reading frame header...
2025-06-27T02:08:10.991418Z  DEBUG - Successfully handled frame: HT2::SettingsFrame on stream 0
2025-06-27T02:08:10.991420Z  DEBUG - Reading frame header...
2025-06-27T02:08:10.991444Z  DEBUG - Successfully handled frame: HT2::SettingsFrame on stream 0
2025-06-27T02:08:10.991446Z  DEBUG - Reading frame header...
2025-06-27T02:08:10.991802Z  DEBUG - Applying remote setting: INITIAL_WINDOW_SIZE = 100
2025-06-27T02:08:10.991807Z  DEBUG - Updating stream windows: old=65535, new=100, diff=-65435
2025-06-27T02:08:10.991808Z  DEBUG - Applying remote setting: INITIAL_WINDOW_SIZE = 1
2025-06-27T02:08:10.991811Z  DEBUG - Updating stream windows: old=100, new=1, diff=-99
2025-06-27T02:08:10.991811Z  DEBUG - Sending SETTINGS ACK
2025-06-27T02:08:10.991858Z  DEBUG - SETTINGS ACK sent
2025-06-27T02:08:10.991860Z  DEBUG - Successfully handled frame: HT2::SettingsFrame on stream 0
2025-06-27T02:08:10.991863Z  DEBUG - Reading frame header...
2025-06-27T02:08:10.992145Z  DEBUG - HEADERS frame parsing: payload_size=15, offset=0, padding=0, header_block_size=15
2025-06-27T02:08:10.992147Z  DEBUG - Header block hex: 828684418aa0e41d139d09b8f81e07
2025-06-27T02:08:10.992178Z  DEBUG - HEADERS frame: stream_id=1, flags=END_STREAM | END_HEADERS, padding=0, priority=nil, header_block_size=15
2025-06-27T02:08:10.992180Z  DEBUG - Full header block hex: 828684418aa0e41d139d09b8f81e07
2025-06-27T02:08:10.992181Z  DEBUG - Decoding HEADERS frame with block size: 15
2025-06-27T02:08:10.992182Z  DEBUG - First 20 bytes of header block: less than 20 bytes
2025-06-27T02:08:10.992190Z  DEBUG - HPACK: Decoding Huffman string, length=10, data=a0e41d139d09b8f81e07
2025-06-27T02:08:10.992301Z  DEBUG - Huffman decode: data.size=10, hex=a0e41d139d09b8f81e07
2025-06-27T02:08:10.992302Z  DEBUG - Huffman decode: Checking for potential EOS pattern in data
2025-06-27T02:08:10.992310Z  DEBUG - Huffman padding check: last_symbol_bit=76, total_bits=80, padding_bits=3
2025-06-27T02:08:10.992315Z  DEBUG - HPACK: Huffman decoded to: "localhost:9080"
2025-06-27T02:08:10.992333Z  DEBUG - Decoded headers before validation: [{":method", "GET"}, {":scheme", "http"}, {":path", "/"}, {":authority", "localhost:9080"}]
2025-06-27T02:08:10.992362Z  DEBUG - Validated headers: [{":method", "GET"}, {":scheme", "http"}, {":path", "/"}, {":authority", "localhost:9080"}]
2025-06-27T02:08:10.992375Z  DEBUG - Server received headers for stream 1, end_stream: true, headers_count: 4
2025-06-27T02:08:10.992387Z  DEBUG - Headers: [{":method", "GET"}, {":scheme", "http"}, {":path", "/"}, {":authority", "localhost:9080"}]
2025-06-27T02:08:10.992389Z  DEBUG - is_trailers=false, end_stream=true, stream.end_stream_received=true
2025-06-27T02:08:10.992391Z  DEBUG - Processing request immediately (headers with END_STREAM)
2025-06-27T02:08:10.992400Z  DEBUG - Successfully handled frame: HT2::HeadersFrame on stream 1
2025-06-27T02:08:10.992403Z  DEBUG - Reading frame header...
2025-06-27T02:08:10.992843Z  DEBUG - Handling stream 1 with headers: [{":method", "GET"}, {":scheme", "http"}, {":path", "/"}, {":authority", "localhost:9080"}]
2025-06-27T02:08:10.992848Z  DEBUG - Created request for stream 1: GET /
2025-06-27T02:08:10.992849Z   INFO - Request: GET /
2025-06-27T02:08:10.992852Z  DEBUG - Response.send_headers called, end_stream=false, headers_sent=false
2025-06-27T02:08:10.992855Z  DEBUG - Response: Sending 2 headers
2025-06-27T02:08:10.992857Z  DEBUG - Stream 1: send_headers called with 2 headers, end_stream=false
2025-06-27T02:08:10.992868Z  DEBUG - Stream 1: Sending HEADERS frame with flags=END_HEADERS, header_block_size=13
2025-06-27T02:08:10.992943Z  DEBUG - Stream 1: send_headers completed, new state=HALF_CLOSED_REMOTE
2025-06-27T02:08:10.992944Z  DEBUG - Response.write: Sending 100 bytes of data
2025-06-27T02:08:10.992946Z  DEBUG - Response.write: stream_window=1, conn_window=65535, available=1
2025-06-27T02:08:10.992949Z  DEBUG - Stream.send_chunks: Starting to send 100 bytes in chunks of 1
2025-06-27T02:08:10.992952Z  DEBUG - Stream.send_chunk: Sending chunk from 0 to 1 (1 bytes), last_chunk=false
2025-06-27T02:08:10.992954Z  DEBUG - Stream.send_data: size=1, send_window=1, conn_window=65535
2025-06-27T02:08:10.992978Z  DEBUG - Stream.send_chunks: No window available, waiting...
2025-06-27T02:08:10.993779Z  DEBUG - Failed to read frame header: End of file reached
2025-06-27T02:08:10.993792Z  DEBUG - Read loop IO error: IO::EOFError - End of file reached
2025-06-27T02:08:10.993795Z  DEBUG - Socket closed: false
2025-06-27T02:08:10.993796Z  DEBUG - Read loop exiting, closing connection
2025-06-27T02:08:10.995428Z  DEBUG - Connection.start called, is_server=true
2025-06-27T02:08:10.995429Z  DEBUG - Reading client preface...
2025-06-27T02:08:10.995432Z  DEBUG - Attempting to read 24 bytes for preface
2025-06-27T02:08:10.995491Z  DEBUG - Read preface bytes: 505249202a20485454502f322e300d0a0d0a534d0d0a0d0a
2025-06-27T02:08:10.995494Z  DEBUG - Client preface read successfully
2025-06-27T02:08:10.995495Z  DEBUG - Starting without preface...
2025-06-27T02:08:10.995516Z  DEBUG - Connection started successfully
2025-06-27T02:08:10.995710Z  DEBUG - Read loop started for connection 127.0.0.1
2025-06-27T02:08:10.995712Z  DEBUG - Reading frame header...
2025-06-27T02:08:10.995726Z  DEBUG - Applying remote setting: INITIAL_WINDOW_SIZE = 65535
2025-06-27T02:08:10.995730Z  DEBUG - Updating stream windows: old=65535, new=65535, diff=0
2025-06-27T02:08:10.995731Z  DEBUG - Sending SETTINGS ACK
2025-06-27T02:08:10.995767Z  DEBUG - SETTINGS ACK sent
2025-06-27T02:08:10.995769Z  DEBUG - Successfully handled frame: HT2::SettingsFrame on stream 0
2025-06-27T02:08:10.995771Z  DEBUG - Reading frame header...
2025-06-27T02:08:10.995787Z  DEBUG - Successfully handled frame: HT2::SettingsFrame on stream 0
2025-06-27T02:08:10.995789Z  DEBUG - Reading frame header...
2025-06-27T02:08:10.995794Z  DEBUG - Successfully handled frame: HT2::SettingsFrame on stream 0
2025-06-27T02:08:10.995796Z  DEBUG - Reading frame header...
2025-06-27T02:08:10.996070Z  DEBUG - Applying remote setting: ENABLE_PUSH = 0
2025-06-27T02:08:10.996072Z  DEBUG - Sending SETTINGS ACK
2025-06-27T02:08:10.996103Z  DEBUG - SETTINGS ACK sent
2025-06-27T02:08:10.996104Z  DEBUG - Successfully handled frame: HT2::SettingsFrame on stream 0
2025-06-27T02:08:10.996107Z  DEBUG - Reading frame header...
2025-06-27T02:08:10.996375Z  DEBUG - Failed to read frame header: End of file reached
2025-06-27T02:08:10.996387Z  DEBUG - Read loop IO error: IO::EOFError - End of file reached
2025-06-27T02:08:10.996388Z  DEBUG - Socket closed: false
2025-06-27T02:08:10.996389Z  DEBUG - Read loop exiting, closing connection
2025-06-27T02:08:10.997592Z  DEBUG - Connection.start called, is_server=true
2025-06-27T02:08:10.997594Z  DEBUG - Reading client preface...
2025-06-27T02:08:10.997599Z  DEBUG - Attempting to read 24 bytes for preface
2025-06-27T02:08:10.997638Z  DEBUG - Read preface bytes: 505249202a20485454502f322e300d0a0d0a534d0d0a0d0a
2025-06-27T02:08:10.997641Z  DEBUG - Client preface read successfully
2025-06-27T02:08:10.997642Z  DEBUG - Starting without preface...
2025-06-27T02:08:10.997657Z  DEBUG - Connection started successfully
2025-06-27T02:08:10.997808Z  DEBUG - Read loop started for connection 127.0.0.1
2025-06-27T02:08:10.997809Z  DEBUG - Reading frame header...
2025-06-27T02:08:10.997826Z  DEBUG - Applying remote setting: INITIAL_WINDOW_SIZE = 65535
2025-06-27T02:08:10.997829Z  DEBUG - Updating stream windows: old=65535, new=65535, diff=0
2025-06-27T02:08:10.997830Z  DEBUG - Sending SETTINGS ACK
2025-06-27T02:08:10.997847Z  DEBUG - SETTINGS ACK sent
2025-06-27T02:08:10.997850Z  DEBUG - Successfully handled frame: HT2::SettingsFrame on stream 0
2025-06-27T02:08:10.997851Z  DEBUG - Reading frame header...
2025-06-27T02:08:10.997861Z  DEBUG - Successfully handled frame: HT2::SettingsFrame on stream 0
2025-06-27T02:08:10.997862Z  DEBUG - Reading frame header...
2025-06-27T02:08:10.997867Z  DEBUG - Successfully handled frame: HT2::SettingsFrame on stream 0
2025-06-27T02:08:10.997868Z  DEBUG - Reading frame header...
2025-06-27T02:08:10.998024Z  DEBUG - Successfully handled frame: HT2::PingFrame on stream 0
2025-06-27T02:08:10.998026Z  DEBUG - Reading frame header...
2025-06-27T02:08:10.998222Z  DEBUG - Failed to read frame header: End of file reached
2025-06-27T02:08:10.998235Z  DEBUG - Read loop IO error: IO::EOFError - End of file reached
2025-06-27T02:08:10.998236Z  DEBUG - Socket closed: false
2025-06-27T02:08:10.998237Z  DEBUG - Read loop exiting, closing connection
2025-06-27T02:08:10.999138Z  DEBUG - Connection.start called, is_server=true
2025-06-27T02:08:10.999139Z  DEBUG - Reading client preface...
2025-06-27T02:08:10.999140Z  DEBUG - Attempting to read 24 bytes for preface
2025-06-27T02:08:10.999156Z  DEBUG - Read preface bytes: 505249202a20485454502f322e300d0a0d0a534d0d0a0d0a
2025-06-27T02:08:10.999158Z  DEBUG - Client preface read successfully
2025-06-27T02:08:10.999158Z  DEBUG - Starting without preface...
2025-06-27T02:08:10.999167Z  DEBUG - Connection started successfully
2025-06-27T02:08:10.999238Z  DEBUG - Read loop started for connection 127.0.0.1
2025-06-27T02:08:10.999240Z  DEBUG - Reading frame header...
2025-06-27T02:08:10.999248Z  DEBUG - Applying remote setting: INITIAL_WINDOW_SIZE = 65535
2025-06-27T02:08:10.999251Z  DEBUG - Updating stream windows: old=65535, new=65535, diff=0
2025-06-27T02:08:10.999252Z  DEBUG - Sending SETTINGS ACK
2025-06-27T02:08:10.999262Z  DEBUG - SETTINGS ACK sent
2025-06-27T02:08:10.999263Z  DEBUG - Successfully handled frame: HT2::SettingsFrame on stream 0
2025-06-27T02:08:10.999265Z  DEBUG - Reading frame header...
2025-06-27T02:08:10.999270Z  DEBUG - Successfully handled frame: HT2::SettingsFrame on stream 0
2025-06-27T02:08:10.999271Z  DEBUG - Reading frame header...
2025-06-27T02:08:10.999276Z  DEBUG - Successfully handled frame: HT2::SettingsFrame on stream 0
2025-06-27T02:08:10.999277Z  DEBUG - Reading frame header...
2025-06-27T02:08:10.999401Z  DEBUG - Successfully handled frame: HT2::PingFrame on stream 0
2025-06-27T02:08:10.999402Z  DEBUG - Reading frame header...
2025-06-27T02:08:10.999418Z  DEBUG - Successfully handled frame: HT2::PingFrame on stream 0
2025-06-27T02:08:10.999419Z  DEBUG - Reading frame header...
2025-06-27T02:08:10.999574Z  DEBUG - Failed to read frame header: End of file reached
2025-06-27T02:08:10.999589Z  DEBUG - Read loop IO error: IO::EOFError - End of file reached
2025-06-27T02:08:10.999590Z  DEBUG - Socket closed: false
2025-06-27T02:08:10.999591Z  DEBUG - Read loop exiting, closing connection
2025-06-27T02:08:11.000170Z  DEBUG - Connection.start called, is_server=true
2025-06-27T02:08:11.000171Z  DEBUG - Reading client preface...
2025-06-27T02:08:11.000173Z  DEBUG - Attempting to read 24 bytes for preface
2025-06-27T02:08:11.000187Z  DEBUG - Read preface bytes: 505249202a20485454502f322e300d0a0d0a534d0d0a0d0a
2025-06-27T02:08:11.000190Z  DEBUG - Client preface read successfully
2025-06-27T02:08:11.000190Z  DEBUG - Starting without preface...
2025-06-27T02:08:11.000209Z  DEBUG - Connection started successfully
2025-06-27T02:08:11.000306Z  DEBUG - Read loop started for connection 127.0.0.1
2025-06-27T02:08:11.000308Z  DEBUG - Reading frame header...
2025-06-27T02:08:11.000319Z  DEBUG - Applying remote setting: INITIAL_WINDOW_SIZE = 65535
2025-06-27T02:08:11.000322Z  DEBUG - Updating stream windows: old=65535, new=65535, diff=0
2025-06-27T02:08:11.000323Z  DEBUG - Sending SETTINGS ACK
2025-06-27T02:08:11.000336Z  DEBUG - SETTINGS ACK sent
2025-06-27T02:08:11.000338Z  DEBUG - Successfully handled frame: HT2::SettingsFrame on stream 0
2025-06-27T02:08:11.000340Z  DEBUG - Reading frame header...
2025-06-27T02:08:11.000348Z  DEBUG - Successfully handled frame: HT2::SettingsFrame on stream 0
2025-06-27T02:08:11.000350Z  DEBUG - Reading frame header...
2025-06-27T02:08:11.000354Z  DEBUG - Successfully handled frame: HT2::SettingsFrame on stream 0
2025-06-27T02:08:11.000355Z  DEBUG - Reading frame header...
2025-06-27T02:08:11.000516Z  DEBUG - Read loop connection error: PROTOCOL_ERROR - PING frame with non-zero stream ID
2025-06-27T02:08:11.001242Z  DEBUG - Connection.start called, is_server=true
2025-06-27T02:08:11.001242Z  DEBUG - Reading client preface...
2025-06-27T02:08:11.001243Z  DEBUG - Attempting to read 24 bytes for preface
2025-06-27T02:08:11.001252Z  DEBUG - Read preface bytes: 505249202a20485454502f322e300d0a0d0a534d0d0a0d0a
2025-06-27T02:08:11.001253Z  DEBUG - Client preface read successfully
2025-06-27T02:08:11.001253Z  DEBUG - Starting without preface...
2025-06-27T02:08:11.001262Z  DEBUG - Connection started successfully
2025-06-27T02:08:11.001323Z  DEBUG - Read loop started for connection 127.0.0.1
2025-06-27T02:08:11.001324Z  DEBUG - Reading frame header...
2025-06-27T02:08:11.001331Z  DEBUG - Applying remote setting: INITIAL_WINDOW_SIZE = 65535
2025-06-27T02:08:11.001333Z  DEBUG - Updating stream windows: old=65535, new=65535, diff=0
2025-06-27T02:08:11.001333Z  DEBUG - Sending SETTINGS ACK
2025-06-27T02:08:11.001342Z  DEBUG - SETTINGS ACK sent
2025-06-27T02:08:11.001343Z  DEBUG - Successfully handled frame: HT2::SettingsFrame on stream 0
2025-06-27T02:08:11.001344Z  DEBUG - Reading frame header...
2025-06-27T02:08:11.001348Z  DEBUG - Successfully handled frame: HT2::SettingsFrame on stream 0
2025-06-27T02:08:11.001349Z  DEBUG - Reading frame header...
2025-06-27T02:08:11.001352Z  DEBUG - Successfully handled frame: HT2::SettingsFrame on stream 0
2025-06-27T02:08:11.001353Z  DEBUG - Reading frame header...
2025-06-27T02:08:11.001477Z  DEBUG - Read loop connection error: FRAME_SIZE_ERROR - PING payload must be 8 bytes
2025-06-27T02:08:11.002142Z  DEBUG - Connection.start called, is_server=true
2025-06-27T02:08:11.002143Z  DEBUG - Reading client preface...
2025-06-27T02:08:11.002144Z  DEBUG - Attempting to read 24 bytes for preface
2025-06-27T02:08:11.002159Z  DEBUG - Read preface bytes: 505249202a20485454502f322e300d0a0d0a534d0d0a0d0a
2025-06-27T02:08:11.002161Z  DEBUG - Client preface read successfully
2025-06-27T02:08:11.002161Z  DEBUG - Starting without preface...
2025-06-27T02:08:11.002170Z  DEBUG - Connection started successfully
2025-06-27T02:08:11.002238Z  DEBUG - Read loop started for connection 127.0.0.1
2025-06-27T02:08:11.002239Z  DEBUG - Reading frame header...
2025-06-27T02:08:11.002249Z  DEBUG - Applying remote setting: INITIAL_WINDOW_SIZE = 65535
2025-06-27T02:08:11.002251Z  DEBUG - Updating stream windows: old=65535, new=65535, diff=0
2025-06-27T02:08:11.002252Z  DEBUG - Sending SETTINGS ACK
2025-06-27T02:08:11.002262Z  DEBUG - SETTINGS ACK sent
2025-06-27T02:08:11.002263Z  DEBUG - Successfully handled frame: HT2::SettingsFrame on stream 0
2025-06-27T02:08:11.002265Z  DEBUG - Reading frame header...
2025-06-27T02:08:11.002270Z  DEBUG - Successfully handled frame: HT2::SettingsFrame on stream 0
2025-06-27T02:08:11.002271Z  DEBUG - Reading frame header...
2025-06-27T02:08:11.002274Z  DEBUG - Successfully handled frame: HT2::SettingsFrame on stream 0
2025-06-27T02:08:11.002275Z  DEBUG - Reading frame header...
2025-06-27T02:08:11.002405Z  DEBUG - Read loop connection error: PROTOCOL_ERROR - GOAWAY frame with non-zero stream ID
2025-06-27T02:08:11.003101Z  DEBUG - Connection.start called, is_server=true
2025-06-27T02:08:11.003102Z  DEBUG - Reading client preface...
2025-06-27T02:08:11.003105Z  DEBUG - Attempting to read 24 bytes for preface
2025-06-27T02:08:11.003122Z  DEBUG - Read preface bytes: 505249202a20485454502f322e300d0a0d0a534d0d0a0d0a
2025-06-27T02:08:11.003125Z  DEBUG - Client preface read successfully
2025-06-27T02:08:11.003125Z  DEBUG - Starting without preface...
2025-06-27T02:08:11.003145Z  DEBUG - Connection started successfully
2025-06-27T02:08:11.003230Z  DEBUG - Read loop started for connection 127.0.0.1
2025-06-27T02:08:11.003232Z  DEBUG - Reading frame header...
2025-06-27T02:08:11.003241Z  DEBUG - Applying remote setting: INITIAL_WINDOW_SIZE = 65535
2025-06-27T02:08:11.003244Z  DEBUG - Updating stream windows: old=65535, new=65535, diff=0
2025-06-27T02:08:11.003244Z  DEBUG - Sending SETTINGS ACK
2025-06-27T02:08:11.003259Z  DEBUG - SETTINGS ACK sent
2025-06-27T02:08:11.003261Z  DEBUG - Successfully handled frame: HT2::SettingsFrame on stream 0
2025-06-27T02:08:11.003262Z  DEBUG - Reading frame header...
2025-06-27T02:08:11.003270Z  DEBUG - Successfully handled frame: HT2::SettingsFrame on stream 0
2025-06-27T02:08:11.003271Z  DEBUG - Reading frame header...
2025-06-27T02:08:11.003274Z  DEBUG - Successfully handled frame: HT2::SettingsFrame on stream 0
2025-06-27T02:08:11.003275Z  DEBUG - Reading frame header...
2025-06-27T02:08:11.003445Z  DEBUG - Read loop connection error: PROTOCOL_ERROR - WINDOW_UPDATE increment of 0 on connection
2025-06-27T02:08:11.004148Z  DEBUG - Connection.start called, is_server=true
2025-06-27T02:08:11.004149Z  DEBUG - Reading client preface...
2025-06-27T02:08:11.004150Z  DEBUG - Attempting to read 24 bytes for preface
2025-06-27T02:08:11.004158Z  DEBUG - Read preface bytes: 505249202a20485454502f322e300d0a0d0a534d0d0a0d0a
2025-06-27T02:08:11.004160Z  DEBUG - Client preface read successfully
2025-06-27T02:08:11.004160Z  DEBUG - Starting without preface...
2025-06-27T02:08:11.004168Z  DEBUG - Connection started successfully
2025-06-27T02:08:11.004230Z  DEBUG - Read loop started for connection 127.0.0.1
2025-06-27T02:08:11.004231Z  DEBUG - Reading frame header...
2025-06-27T02:08:11.004239Z  DEBUG - Applying remote setting: INITIAL_WINDOW_SIZE = 65535
2025-06-27T02:08:11.004241Z  DEBUG - Updating stream windows: old=65535, new=65535, diff=0
2025-06-27T02:08:11.004242Z  DEBUG - Sending SETTINGS ACK
2025-06-27T02:08:11.004255Z  DEBUG - SETTINGS ACK sent
2025-06-27T02:08:11.004256Z  DEBUG - Successfully handled frame: HT2::SettingsFrame on stream 0
2025-06-27T02:08:11.004258Z  DEBUG - Reading frame header...
2025-06-27T02:08:11.004263Z  DEBUG - Successfully handled frame: HT2::SettingsFrame on stream 0
2025-06-27T02:08:11.004264Z  DEBUG - Reading frame header...
2025-06-27T02:08:11.004267Z  DEBUG - Successfully handled frame: HT2::SettingsFrame on stream 0
2025-06-27T02:08:11.004268Z  DEBUG - Reading frame header...
2025-06-27T02:08:11.004376Z  DEBUG - HEADERS frame parsing: payload_size=15, offset=0, padding=0, header_block_size=15
2025-06-27T02:08:11.004377Z  DEBUG - Header block hex: 828684418aa0e41d139d09b8f81e07
2025-06-27T02:08:11.004394Z  DEBUG - HEADERS frame: stream_id=1, flags=END_HEADERS, padding=0, priority=nil, header_block_size=15
2025-06-27T02:08:11.004395Z  DEBUG - Full header block hex: 828684418aa0e41d139d09b8f81e07
2025-06-27T02:08:11.004397Z  DEBUG - Decoding HEADERS frame with block size: 15
2025-06-27T02:08:11.004398Z  DEBUG - First 20 bytes of header block: less than 20 bytes
2025-06-27T02:08:11.004404Z  DEBUG - HPACK: Decoding Huffman string, length=10, data=a0e41d139d09b8f81e07
2025-06-27T02:08:11.004507Z  DEBUG - Huffman decode: data.size=10, hex=a0e41d139d09b8f81e07
2025-06-27T02:08:11.004507Z  DEBUG - Huffman decode: Checking for potential EOS pattern in data
2025-06-27T02:08:11.004512Z  DEBUG - Huffman padding check: last_symbol_bit=76, total_bits=80, padding_bits=3
2025-06-27T02:08:11.004515Z  DEBUG - HPACK: Huffman decoded to: "localhost:9080"
2025-06-27T02:08:11.004530Z  DEBUG - Decoded headers before validation: [{":method", "GET"}, {":scheme", "http"}, {":path", "/"}, {":authority", "localhost:9080"}]
2025-06-27T02:08:11.004551Z  DEBUG - Validated headers: [{":method", "GET"}, {":scheme", "http"}, {":path", "/"}, {":authority", "localhost:9080"}]
2025-06-27T02:08:11.004561Z  DEBUG - Server received headers for stream 1, end_stream: false, headers_count: 4
2025-06-27T02:08:11.004568Z  DEBUG - Headers: [{":method", "GET"}, {":scheme", "http"}, {":path", "/"}, {":authority", "localhost:9080"}]
2025-06-27T02:08:11.004570Z  DEBUG - is_trailers=false, end_stream=false, stream.end_stream_received=false
2025-06-27T02:08:11.004570Z  DEBUG - Received headers without END_STREAM, waiting for more frames
2025-06-27T02:08:11.004572Z  DEBUG - Successfully handled frame: HT2::HeadersFrame on stream 1
2025-06-27T02:08:11.004573Z  DEBUG - Reading frame header...
2025-06-27T02:08:11.004599Z  DEBUG - Read loop stream error: 1 - PROTOCOL_ERROR - WINDOW_UPDATE increment of 0
2025-06-27T02:08:11.004624Z  DEBUG - Reading frame header...
2025-06-27T02:08:11.004796Z  DEBUG - Failed to read frame header: End of file reached
2025-06-27T02:08:11.004806Z  DEBUG - Read loop IO error: IO::EOFError - End of file reached
2025-06-27T02:08:11.004807Z  DEBUG - Socket closed: false
2025-06-27T02:08:11.004807Z  DEBUG - Read loop exiting, closing connection
2025-06-27T02:08:11.005298Z  DEBUG - Connection.start called, is_server=true
2025-06-27T02:08:11.005298Z  DEBUG - Reading client preface...
2025-06-27T02:08:11.005299Z  DEBUG - Attempting to read 24 bytes for preface
2025-06-27T02:08:11.005314Z  DEBUG - Read preface bytes: 505249202a20485454502f322e300d0a0d0a534d0d0a0d0a
2025-06-27T02:08:11.005315Z  DEBUG - Client preface read successfully
2025-06-27T02:08:11.005315Z  DEBUG - Starting without preface...
2025-06-27T02:08:11.005326Z  DEBUG - Connection started successfully
2025-06-27T02:08:11.005384Z  DEBUG - Read loop started for connection 127.0.0.1
2025-06-27T02:08:11.005385Z  DEBUG - Reading frame header...
2025-06-27T02:08:11.005394Z  DEBUG - Applying remote setting: INITIAL_WINDOW_SIZE = 65535
2025-06-27T02:08:11.005395Z  DEBUG - Updating stream windows: old=65535, new=65535, diff=0
2025-06-27T02:08:11.005396Z  DEBUG - Sending SETTINGS ACK
2025-06-27T02:08:11.005405Z  DEBUG - SETTINGS ACK sent
2025-06-27T02:08:11.005406Z  DEBUG - Successfully handled frame: HT2::SettingsFrame on stream 0
2025-06-27T02:08:11.005407Z  DEBUG - Reading frame header...
2025-06-27T02:08:11.005411Z  DEBUG - Successfully handled frame: HT2::SettingsFrame on stream 0
2025-06-27T02:08:11.005412Z  DEBUG - Reading frame header...
2025-06-27T02:08:11.005415Z  DEBUG - Successfully handled frame: HT2::SettingsFrame on stream 0
2025-06-27T02:08:11.005416Z  DEBUG - Reading frame header...
2025-06-27T02:08:11.005538Z  DEBUG - Read loop connection error: FRAME_SIZE_ERROR - WINDOW_UPDATE payload must be 4 bytes
2025-06-27T02:08:11.006207Z  DEBUG - Connection.start called, is_server=true
2025-06-27T02:08:11.006208Z  DEBUG - Reading client preface...
2025-06-27T02:08:11.006208Z  DEBUG - Attempting to read 24 bytes for preface
2025-06-27T02:08:11.006811Z  DEBUG - Connection.start called, is_server=true
2025-06-27T02:08:11.006811Z  DEBUG - Reading client preface...
2025-06-27T02:08:11.006812Z  DEBUG - Attempting to read 24 bytes for preface
2025-06-27T02:08:11.006827Z  DEBUG - Read preface bytes: 505249202a20485454502f322e300d0a0d0a534d0d0a0d0a
2025-06-27T02:08:11.006828Z  DEBUG - Client preface read successfully
2025-06-27T02:08:11.006829Z  DEBUG - Starting without preface...
2025-06-27T02:08:11.006839Z  DEBUG - Connection started successfully
2025-06-27T02:08:11.006897Z  DEBUG - Read loop started for connection 127.0.0.1
2025-06-27T02:08:11.006897Z  DEBUG - Reading frame header...
2025-06-27T02:08:11.006906Z  DEBUG - Applying remote setting: INITIAL_WINDOW_SIZE = 65535
2025-06-27T02:08:11.006908Z  DEBUG - Updating stream windows: old=65535, new=65535, diff=0
2025-06-27T02:08:11.006908Z  DEBUG - Sending SETTINGS ACK
2025-06-27T02:08:11.006922Z  DEBUG - SETTINGS ACK sent
2025-06-27T02:08:11.006923Z  DEBUG - Successfully handled frame: HT2::SettingsFrame on stream 0
2025-06-27T02:08:11.006925Z  DEBUG - Reading frame header...
2025-06-27T02:08:11.006928Z  DEBUG - Successfully handled frame: HT2::SettingsFrame on stream 0
2025-06-27T02:08:11.006929Z  DEBUG - Reading frame header...
2025-06-27T02:08:11.006933Z  DEBUG - Successfully handled frame: HT2::SettingsFrame on stream 0
2025-06-27T02:08:11.006934Z  DEBUG - Reading frame header...
2025-06-27T02:08:11.007030Z  DEBUG - HEADERS frame parsing: payload_size=15, offset=0, padding=0, header_block_size=15
2025-06-27T02:08:11.007031Z  DEBUG - Header block hex: 828684418aa0e41d139d09b8f81e07
2025-06-27T02:08:11.007039Z  DEBUG - HEADERS frame: stream_id=1, flags=END_STREAM | END_HEADERS, padding=0, priority=nil, header_block_size=15
2025-06-27T02:08:11.007039Z  DEBUG - Full header block hex: 828684418aa0e41d139d09b8f81e07
2025-06-27T02:08:11.007040Z  DEBUG - Decoding HEADERS frame with block size: 15
2025-06-27T02:08:11.007041Z  DEBUG - First 20 bytes of header block: less than 20 bytes
2025-06-27T02:08:11.007043Z  DEBUG - HPACK: Decoding Huffman string, length=10, data=a0e41d139d09b8f81e07
2025-06-27T02:08:11.007143Z  DEBUG - Huffman decode: data.size=10, hex=a0e41d139d09b8f81e07
2025-06-27T02:08:11.007144Z  DEBUG - Huffman decode: Checking for potential EOS pattern in data
2025-06-27T02:08:11.007148Z  DEBUG - Huffman padding check: last_symbol_bit=76, total_bits=80, padding_bits=3
2025-06-27T02:08:11.007150Z  DEBUG - HPACK: Huffman decoded to: "localhost:9080"
2025-06-27T02:08:11.007160Z  DEBUG - Decoded headers before validation: [{":method", "GET"}, {":scheme", "http"}, {":path", "/"}, {":authority", "localhost:9080"}]
2025-06-27T02:08:11.007175Z  DEBUG - Validated headers: [{":method", "GET"}, {":scheme", "http"}, {":path", "/"}, {":authority", "localhost:9080"}]
2025-06-27T02:08:11.007179Z  DEBUG - Server received headers for stream 1, end_stream: true, headers_count: 4
2025-06-27T02:08:11.007186Z  DEBUG - Headers: [{":method", "GET"}, {":scheme", "http"}, {":path", "/"}, {":authority", "localhost:9080"}]
2025-06-27T02:08:11.007187Z  DEBUG - is_trailers=false, end_stream=true, stream.end_stream_received=true
2025-06-27T02:08:11.007187Z  DEBUG - Processing request immediately (headers with END_STREAM)
2025-06-27T02:08:11.007194Z  DEBUG - Successfully handled frame: HT2::HeadersFrame on stream 1
2025-06-27T02:08:11.007196Z  DEBUG - Reading frame header...
2025-06-27T02:08:11.007338Z  DEBUG - Handling stream 1 with headers: [{":method", "GET"}, {":scheme", "http"}, {":path", "/"}, {":authority", "localhost:9080"}]
2025-06-27T02:08:11.007344Z  DEBUG - Created request for stream 1: GET /
2025-06-27T02:08:11.007346Z   INFO - Request: GET /
2025-06-27T02:08:11.007349Z  DEBUG - Response.send_headers called, end_stream=false, headers_sent=false
2025-06-27T02:08:11.007353Z  DEBUG - Response: Sending 2 headers
2025-06-27T02:08:11.007355Z  DEBUG - Stream 1: send_headers called with 2 headers, end_stream=false
2025-06-27T02:08:11.007365Z  DEBUG - Stream 1: Sending HEADERS frame with flags=END_HEADERS, header_block_size=13
2025-06-27T02:08:11.007387Z  DEBUG - Stream 1: send_headers completed, new state=HALF_CLOSED_REMOTE
2025-06-27T02:08:11.007388Z  DEBUG - Response.write: Sending 100 bytes of data
2025-06-27T02:08:11.007391Z  DEBUG - Response.write: stream_window=65535, conn_window=65535, available=65535
2025-06-27T02:08:11.007394Z  DEBUG - Stream.send_chunks: Starting to send 100 bytes in chunks of 16384
2025-06-27T02:08:11.007397Z  DEBUG - Stream.send_chunk: Sending chunk from 0 to 100 (100 bytes), last_chunk=true
2025-06-27T02:08:11.007399Z  DEBUG - Stream.send_data: size=100, send_window=65535, conn_window=65535
2025-06-27T02:08:11.007408Z  DEBUG - Stream.send_chunks: Finished sending all chunks
2025-06-27T02:08:11.007408Z  DEBUG - Response.close: Sending empty DATA frame with END_STREAM
2025-06-27T02:08:11.007410Z  DEBUG - Stream.send_data: size=0, send_window=65435, conn_window=65435
2025-06-27T02:08:11.007416Z  DEBUG - Completed handling stream 1
2025-06-27T02:08:11.007549Z  DEBUG - Read preface bytes: 505249202a20485454502f322e300d0a0d0a534d0d0a0d0a
2025-06-27T02:08:11.007550Z  DEBUG - Client preface read successfully
2025-06-27T02:08:11.007551Z  DEBUG - Starting without preface...
2025-06-27T02:08:11.007566Z  DEBUG - Connection started successfully
2025-06-27T02:08:11.007598Z  DEBUG - Read loop started for connection 127.0.0.1
2025-06-27T02:08:11.007599Z  DEBUG - Reading frame header...
2025-06-27T02:08:11.007604Z  DEBUG - Applying remote setting: INITIAL_WINDOW_SIZE = 65535
2025-06-27T02:08:11.007606Z  DEBUG - Updating stream windows: old=65535, new=65535, diff=0
2025-06-27T02:08:11.007607Z  DEBUG - Sending SETTINGS ACK
2025-06-27T02:08:11.007618Z  DEBUG - SETTINGS ACK sent
2025-06-27T02:08:11.007619Z  DEBUG - Successfully handled frame: HT2::SettingsFrame on stream 0
2025-06-27T02:08:11.007620Z  DEBUG - Reading frame header...
2025-06-27T02:08:11.007625Z  DEBUG - Successfully handled frame: HT2::SettingsFrame on stream 0
2025-06-27T02:08:11.007626Z  DEBUG - Reading frame header...
2025-06-27T02:08:11.007708Z  DEBUG - Successfully handled frame: HT2::SettingsFrame on stream 0
2025-06-27T02:08:11.007710Z  DEBUG - Reading frame header...
2025-06-27T02:08:11.007715Z  DEBUG - Applying remote setting: INITIAL_WINDOW_SIZE = 1
2025-06-27T02:08:11.007717Z  DEBUG - Updating stream windows: old=65535, new=1, diff=-65534
2025-06-27T02:08:11.007717Z  DEBUG - Sending SETTINGS ACK
2025-06-27T02:08:11.007727Z  DEBUG - SETTINGS ACK sent
2025-06-27T02:08:11.007727Z  DEBUG - Successfully handled frame: HT2::SettingsFrame on stream 0
2025-06-27T02:08:11.007729Z  DEBUG - Reading frame header...
2025-06-27T02:08:11.007841Z  DEBUG - HEADERS frame parsing: payload_size=15, offset=0, padding=0, header_block_size=15
2025-06-27T02:08:11.007842Z  DEBUG - Header block hex: 828684418aa0e41d139d09b8f81e07
2025-06-27T02:08:11.007849Z  DEBUG - HEADERS frame: stream_id=1, flags=END_STREAM | END_HEADERS, padding=0, priority=nil, header_block_size=15
2025-06-27T02:08:11.007850Z  DEBUG - Full header block hex: 828684418aa0e41d139d09b8f81e07
2025-06-27T02:08:11.007851Z  DEBUG - Decoding HEADERS frame with block size: 15
2025-06-27T02:08:11.007852Z  DEBUG - First 20 bytes of header block: less than 20 bytes
2025-06-27T02:08:11.007854Z  DEBUG - HPACK: Decoding Huffman string, length=10, data=a0e41d139d09b8f81e07
2025-06-27T02:08:11.007948Z  DEBUG - Huffman decode: data.size=10, hex=a0e41d139d09b8f81e07
2025-06-27T02:08:11.007948Z  DEBUG - Huffman decode: Checking for potential EOS pattern in data
2025-06-27T02:08:11.007951Z  DEBUG - Huffman padding check: last_symbol_bit=76, total_bits=80, padding_bits=3
2025-06-27T02:08:11.007954Z  DEBUG - HPACK: Huffman decoded to: "localhost:9080"
2025-06-27T02:08:11.007964Z  DEBUG - Decoded headers before validation: [{":method", "GET"}, {":scheme", "http"}, {":path", "/"}, {":authority", "localhost:9080"}]
2025-06-27T02:08:11.007979Z  DEBUG - Validated headers: [{":method", "GET"}, {":scheme", "http"}, {":path", "/"}, {":authority", "localhost:9080"}]
2025-06-27T02:08:11.007982Z  DEBUG - Server received headers for stream 1, end_stream: true, headers_count: 4
2025-06-27T02:08:11.007989Z  DEBUG - Headers: [{":method", "GET"}, {":scheme", "http"}, {":path", "/"}, {":authority", "localhost:9080"}]
2025-06-27T02:08:11.007990Z  DEBUG - is_trailers=false, end_stream=true, stream.end_stream_received=true
2025-06-27T02:08:11.007990Z  DEBUG - Processing request immediately (headers with END_STREAM)
2025-06-27T02:08:11.007992Z  DEBUG - Successfully handled frame: HT2::HeadersFrame on stream 1
2025-06-27T02:08:11.007994Z  DEBUG - Reading frame header...
2025-06-27T02:08:11.008134Z  DEBUG - Handling stream 1 with headers: [{":method", "GET"}, {":scheme", "http"}, {":path", "/"}, {":authority", "localhost:9080"}]
2025-06-27T02:08:11.008137Z  DEBUG - Created request for stream 1: GET /
2025-06-27T02:08:11.008137Z   INFO - Request: GET /
2025-06-27T02:08:11.008140Z  DEBUG - Response.send_headers called, end_stream=false, headers_sent=false
2025-06-27T02:08:11.008142Z  DEBUG - Response: Sending 2 headers
2025-06-27T02:08:11.008143Z  DEBUG - Stream 1: send_headers called with 2 headers, end_stream=false
2025-06-27T02:08:11.008150Z  DEBUG - Stream 1: Sending HEADERS frame with flags=END_HEADERS, header_block_size=13
2025-06-27T02:08:11.008165Z  DEBUG - Stream 1: send_headers completed, new state=HALF_CLOSED_REMOTE
2025-06-27T02:08:11.008166Z  DEBUG - Response.write: Sending 100 bytes of data
2025-06-27T02:08:11.008167Z  DEBUG - Response.write: stream_window=1, conn_window=65535, available=1
2025-06-27T02:08:11.008169Z  DEBUG - Stream.send_chunks: Starting to send 100 bytes in chunks of 1
2025-06-27T02:08:11.008170Z  DEBUG - Stream.send_chunk: Sending chunk from 0 to 1 (1 bytes), last_chunk=false
2025-06-27T02:08:11.008172Z  DEBUG - Stream.send_data: size=1, send_window=1, conn_window=65535
2025-06-27T02:08:11.008178Z  DEBUG - Stream.send_chunks: No window available, waiting...
2025-06-27T02:08:11.008303Z  DEBUG - Failed to read frame header: End of file reached
2025-06-27T02:08:11.008313Z  DEBUG - Read loop IO error: IO::EOFError - End of file reached
2025-06-27T02:08:11.008313Z  DEBUG - Socket closed: false
2025-06-27T02:08:11.008314Z  DEBUG - Read loop exiting, closing connection
2025-06-27T02:08:11.008989Z  DEBUG - Connection.start called, is_server=true
2025-06-27T02:08:11.008989Z  DEBUG - Reading client preface...
2025-06-27T02:08:11.008990Z  DEBUG - Attempting to read 24 bytes for preface
2025-06-27T02:08:11.008997Z  DEBUG - Read preface bytes: 505249202a20485454502f322e300d0a0d0a534d0d0a0d0a
2025-06-27T02:08:11.008998Z  DEBUG - Client preface read successfully
2025-06-27T02:08:11.008999Z  DEBUG - Starting without preface...
2025-06-27T02:08:11.009036Z  DEBUG - Connection started successfully
2025-06-27T02:08:11.009087Z  DEBUG - Read loop started for connection 127.0.0.1
2025-06-27T02:08:11.009087Z  DEBUG - Reading frame header...
2025-06-27T02:08:11.009092Z  DEBUG - Applying remote setting: INITIAL_WINDOW_SIZE = 65535
2025-06-27T02:08:11.009093Z  DEBUG - Updating stream windows: old=65535, new=65535, diff=0
2025-06-27T02:08:11.009094Z  DEBUG - Sending SETTINGS ACK
2025-06-27T02:08:11.009103Z  DEBUG - SETTINGS ACK sent
2025-06-27T02:08:11.009103Z  DEBUG - Successfully handled frame: HT2::SettingsFrame on stream 0
2025-06-27T02:08:11.009104Z  DEBUG - Reading frame header...
2025-06-27T02:08:11.009109Z  DEBUG - Successfully handled frame: HT2::SettingsFrame on stream 0
2025-06-27T02:08:11.009110Z  DEBUG - Reading frame header...
2025-06-27T02:08:11.009113Z  DEBUG - Successfully handled frame: HT2::SettingsFrame on stream 0
2025-06-27T02:08:11.009114Z  DEBUG - Reading frame header...
2025-06-27T02:08:11.009230Z  DEBUG - Received WINDOW_UPDATE: stream_id=0, increment=2147483647
2025-06-27T02:08:11.009251Z  DEBUG - Read loop connection error: FLOW_CONTROL_ERROR - Connection window overflow
2025-06-27T02:08:11.009989Z  DEBUG - Connection.start called, is_server=true
2025-06-27T02:08:11.009989Z  DEBUG - Reading client preface...
2025-06-27T02:08:11.009990Z  DEBUG - Attempting to read 24 bytes for preface
2025-06-27T02:08:11.009996Z  DEBUG - Read preface bytes: 505249202a20485454502f322e300d0a0d0a534d0d0a0d0a
2025-06-27T02:08:11.009999Z  DEBUG - Client preface read successfully
2025-06-27T02:08:11.009999Z  DEBUG - Starting without preface...
2025-06-27T02:08:11.010015Z  DEBUG - Connection started successfully
2025-06-27T02:08:11.010067Z  DEBUG - Read loop started for connection 127.0.0.1
2025-06-27T02:08:11.010068Z  DEBUG - Reading frame header...
2025-06-27T02:08:11.010071Z  DEBUG - Applying remote setting: INITIAL_WINDOW_SIZE = 65535
2025-06-27T02:08:11.010073Z  DEBUG - Updating stream windows: old=65535, new=65535, diff=0
2025-06-27T02:08:11.010073Z  DEBUG - Sending SETTINGS ACK
2025-06-27T02:08:11.010085Z  DEBUG - SETTINGS ACK sent
2025-06-27T02:08:11.010085Z  DEBUG - Successfully handled frame: HT2::SettingsFrame on stream 0
2025-06-27T02:08:11.010086Z  DEBUG - Reading frame header...
2025-06-27T02:08:11.010090Z  DEBUG - Successfully handled frame: HT2::SettingsFrame on stream 0
2025-06-27T02:08:11.010091Z  DEBUG - Reading frame header...
2025-06-27T02:08:11.010094Z  DEBUG - Successfully handled frame: HT2::SettingsFrame on stream 0
2025-06-27T02:08:11.010095Z  DEBUG - Reading frame header...
2025-06-27T02:08:11.010191Z  DEBUG - HEADERS frame parsing: payload_size=15, offset=0, padding=0, header_block_size=15
2025-06-27T02:08:11.010192Z  DEBUG - Header block hex: 828684418aa0e41d139d09b8f81e07
2025-06-27T02:08:11.010196Z  DEBUG - HEADERS frame: stream_id=1, flags=END_HEADERS, padding=0, priority=nil, header_block_size=15
2025-06-27T02:08:11.010197Z  DEBUG - Full header block hex: 828684418aa0e41d139d09b8f81e07
2025-06-27T02:08:11.010198Z  DEBUG - Decoding HEADERS frame with block size: 15
2025-06-27T02:08:11.010198Z  DEBUG - First 20 bytes of header block: less than 20 bytes
2025-06-27T02:08:11.010200Z  DEBUG - HPACK: Decoding Huffman string, length=10, data=a0e41d139d09b8f81e07
2025-06-27T02:08:11.010279Z  DEBUG - Huffman decode: data.size=10, hex=a0e41d139d09b8f81e07
2025-06-27T02:08:11.010280Z  DEBUG - Huffman decode: Checking for potential EOS pattern in data
2025-06-27T02:08:11.010282Z  DEBUG - Huffman padding check: last_symbol_bit=76, total_bits=80, padding_bits=3
2025-06-27T02:08:11.010284Z  DEBUG - HPACK: Huffman decoded to: "localhost:9080"
2025-06-27T02:08:11.010293Z  DEBUG - Decoded headers before validation: [{":method", "GET"}, {":scheme", "http"}, {":path", "/"}, {":authority", "localhost:9080"}]
2025-06-27T02:08:11.010305Z  DEBUG - Validated headers: [{":method", "GET"}, {":scheme", "http"}, {":path", "/"}, {":authority", "localhost:9080"}]
2025-06-27T02:08:11.010308Z  DEBUG - Server received headers for stream 1, end_stream: false, headers_count: 4
2025-06-27T02:08:11.010314Z  DEBUG - Headers: [{":method", "GET"}, {":scheme", "http"}, {":path", "/"}, {":authority", "localhost:9080"}]
2025-06-27T02:08:11.010315Z  DEBUG - is_trailers=false, end_stream=false, stream.end_stream_received=false
2025-06-27T02:08:11.010315Z  DEBUG - Received headers without END_STREAM, waiting for more frames
2025-06-27T02:08:11.010316Z  DEBUG - Successfully handled frame: HT2::HeadersFrame on stream 1
2025-06-27T02:08:11.010317Z  DEBUG - Reading frame header...
2025-06-27T02:08:11.010320Z  DEBUG - Received WINDOW_UPDATE: stream_id=1, increment=2147483647
2025-06-27T02:08:11.010339Z  DEBUG - Read loop stream error: 1 - FLOW_CONTROL_ERROR - Window size overflow
2025-06-27T02:08:11.010358Z  DEBUG - Reading frame header...
2025-06-27T02:08:11.010361Z  DEBUG - Received WINDOW_UPDATE: stream_id=1, increment=2147483647
2025-06-27T02:08:11.010377Z  DEBUG - Read loop stream error: 1 - FLOW_CONTROL_ERROR - Window size overflow
2025-06-27T02:08:11.010378Z  DEBUG - Reading frame header...
2025-06-27T02:08:11.010548Z  DEBUG - Failed to read frame header: End of file reached
2025-06-27T02:08:11.010556Z  DEBUG - Read loop IO error: IO::EOFError - End of file reached
2025-06-27T02:08:11.010557Z  DEBUG - Socket closed: false
2025-06-27T02:08:11.010557Z  DEBUG - Read loop exiting, closing connection
2025-06-27T02:08:11.010985Z  DEBUG - Connection.start called, is_server=true
2025-06-27T02:08:11.010985Z  DEBUG - Reading client preface...
2025-06-27T02:08:11.010986Z  DEBUG - Attempting to read 24 bytes for preface
2025-06-27T02:08:11.011534Z  DEBUG - Connection.start called, is_server=true
2025-06-27T02:08:11.011535Z  DEBUG - Reading client preface...
2025-06-27T02:08:11.011535Z  DEBUG - Attempting to read 24 bytes for preface
2025-06-27T02:08:11.011543Z  DEBUG - Read preface bytes: 505249202a20485454502f322e300d0a0d0a534d0d0a0d0a
2025-06-27T02:08:11.011544Z  DEBUG - Client preface read successfully
2025-06-27T02:08:11.011544Z  DEBUG - Starting without preface...
2025-06-27T02:08:11.011564Z  DEBUG - Connection started successfully
2025-06-27T02:08:11.011612Z  DEBUG - Read loop started for connection 127.0.0.1
2025-06-27T02:08:11.011613Z  DEBUG - Reading frame header...
2025-06-27T02:08:11.011617Z  DEBUG - Applying remote setting: INITIAL_WINDOW_SIZE = 65535
2025-06-27T02:08:11.011619Z  DEBUG - Updating stream windows: old=65535, new=65535, diff=0
2025-06-27T02:08:11.011620Z  DEBUG - Sending SETTINGS ACK
2025-06-27T02:08:11.011632Z  DEBUG - SETTINGS ACK sent
2025-06-27T02:08:11.011632Z  DEBUG - Successfully handled frame: HT2::SettingsFrame on stream 0
2025-06-27T02:08:11.011633Z  DEBUG - Reading frame header...
2025-06-27T02:08:11.011638Z  DEBUG - Successfully handled frame: HT2::SettingsFrame on stream 0
2025-06-27T02:08:11.011638Z  DEBUG - Reading frame header...
2025-06-27T02:08:11.011641Z  DEBUG - Successfully handled frame: HT2::SettingsFrame on stream 0
2025-06-27T02:08:11.011642Z  DEBUG - Reading frame header...
2025-06-27T02:08:11.011728Z  DEBUG - HEADERS frame parsing: payload_size=15, offset=0, padding=0, header_block_size=15
2025-06-27T02:08:11.011729Z  DEBUG - Header block hex: 828684418aa0e41d139d09b8f81e07
2025-06-27T02:08:11.011736Z  DEBUG - HEADERS frame: stream_id=1, flags=END_STREAM | END_HEADERS, padding=0, priority=nil, header_block_size=15
2025-06-27T02:08:11.011736Z  DEBUG - Full header block hex: 828684418aa0e41d139d09b8f81e07
2025-06-27T02:08:11.011737Z  DEBUG - Decoding HEADERS frame with block size: 15
2025-06-27T02:08:11.011738Z  DEBUG - First 20 bytes of header block: less than 20 bytes
2025-06-27T02:08:11.011740Z  DEBUG - HPACK: Decoding Huffman string, length=10, data=a0e41d139d09b8f81e07
2025-06-27T02:08:11.011895Z  DEBUG - Huffman decode: data.size=10, hex=a0e41d139d09b8f81e07
2025-06-27T02:08:11.011895Z  DEBUG - Huffman decode: Checking for potential EOS pattern in data
2025-06-27T02:08:11.011897Z  DEBUG - Huffman padding check: last_symbol_bit=76, total_bits=80, padding_bits=3
2025-06-27T02:08:11.011899Z  DEBUG - HPACK: Huffman decoded to: "localhost:9080"
2025-06-27T02:08:11.011906Z  DEBUG - Decoded headers before validation: [{":method", "GET"}, {":scheme", "http"}, {":path", "/"}, {":authority", "localhost:9080"}]
2025-06-27T02:08:11.011919Z  DEBUG - Validated headers: [{":method", "GET"}, {":scheme", "http"}, {":path", "/"}, {":authority", "localhost:9080"}]
2025-06-27T02:08:11.011921Z  DEBUG - Server received headers for stream 1, end_stream: true, headers_count: 4
2025-06-27T02:08:11.011927Z  DEBUG - Headers: [{":method", "GET"}, {":scheme", "http"}, {":path", "/"}, {":authority", "localhost:9080"}]
2025-06-27T02:08:11.011928Z  DEBUG - is_trailers=false, end_stream=true, stream.end_stream_received=true
2025-06-27T02:08:11.011928Z  DEBUG - Processing request immediately (headers with END_STREAM)
2025-06-27T02:08:11.011930Z  DEBUG - Successfully handled frame: HT2::HeadersFrame on stream 1
2025-06-27T02:08:11.011932Z  DEBUG - Reading frame header...
2025-06-27T02:08:11.100621Z  DEBUG - Read loop exiting, closing connection
2025-06-27T02:08:11.101550Z  DEBUG - Read loop exiting, closing connection
2025-06-27T02:08:11.102478Z  DEBUG - Read loop exiting, closing connection
2025-06-27T02:08:11.103531Z  DEBUG - Read loop exiting, closing connection
2025-06-27T02:08:11.105670Z  DEBUG - Read loop exiting, closing connection
2025-06-27T02:08:11.109434Z  DEBUG - Read loop exiting, closing connection
Error handling client: Failed to read client preface: read (#<TCPSocket:0x169092ea0>): Connection reset by peer
2025-06-27T02:08:13.012286Z  DEBUG - Failed to read preface: IO::Error - read (#<TCPSocket:0x169092ea0>): Connection reset by peer
2025-06-27T02:08:13.012406Z  DEBUG - Connection error: Failed to read client preface: read (#<TCPSocket:0x169092ea0>): Connection reset by peer
2025-06-27T02:08:13.014510Z  DEBUG - Connection.start called, is_server=true
2025-06-27T02:08:13.014513Z  DEBUG - Reading client preface...
2025-06-27T02:08:13.014520Z  DEBUG - Attempting to read 24 bytes for preface
2025-06-27T02:08:13.017796Z  DEBUG - Connection.start called, is_server=true
2025-06-27T02:08:13.017800Z  DEBUG - Reading client preface...
2025-06-27T02:08:13.017805Z  DEBUG - Attempting to read 24 bytes for preface
2025-06-27T02:08:13.017892Z  DEBUG - Read preface bytes: 505249202a20485454502f322e300d0a0d0a534d0d0a0d0a
2025-06-27T02:08:13.017901Z  DEBUG - Client preface read successfully
2025-06-27T02:08:13.017903Z  DEBUG - Starting without preface...
2025-06-27T02:08:13.018005Z  DEBUG - Connection started successfully
2025-06-27T02:08:13.018886Z  DEBUG - Read loop started for connection 127.0.0.1
2025-06-27T02:08:13.018892Z  DEBUG - Reading frame header...
2025-06-27T02:08:13.018928Z  DEBUG - Applying remote setting: INITIAL_WINDOW_SIZE = 65535
2025-06-27T02:08:13.018936Z  DEBUG - Updating stream windows: old=65535, new=65535, diff=0
2025-06-27T02:08:13.018938Z  DEBUG - Sending SETTINGS ACK
2025-06-27T02:08:13.019378Z  DEBUG - SETTINGS ACK sent
2025-06-27T02:08:13.019386Z  DEBUG - Successfully handled frame: HT2::SettingsFrame on stream 0
2025-06-27T02:08:13.019393Z  DEBUG - Reading frame header...
2025-06-27T02:08:13.019481Z  DEBUG - Successfully handled frame: HT2::SettingsFrame on stream 0
2025-06-27T02:08:13.019521Z  DEBUG - Reading frame header...
2025-06-27T02:08:13.020170Z  DEBUG - Successfully handled frame: HT2::SettingsFrame on stream 0
2025-06-27T02:08:13.020175Z  DEBUG - Reading frame header...
2025-06-27T02:08:13.020187Z  DEBUG - HEADERS frame parsing: payload_size=15, offset=0, padding=0, header_block_size=15
2025-06-27T02:08:13.020192Z  DEBUG - Header block hex: 828684418aa0e41d139d09b8f81e07
2025-06-27T02:08:13.020237Z  DEBUG - HEADERS frame: stream_id=1, flags=END_STREAM | END_HEADERS, padding=0, priority=nil, header_block_size=15
2025-06-27T02:08:13.020239Z  DEBUG - Full header block hex: 828684418aa0e41d139d09b8f81e07
2025-06-27T02:08:13.020241Z  DEBUG - Decoding HEADERS frame with block size: 15
2025-06-27T02:08:13.020244Z  DEBUG - First 20 bytes of header block: less than 20 bytes
2025-06-27T02:08:13.020256Z  DEBUG - HPACK: Decoding Huffman string, length=10, data=a0e41d139d09b8f81e07
2025-06-27T02:08:13.020474Z  DEBUG - Huffman decode: data.size=10, hex=a0e41d139d09b8f81e07
2025-06-27T02:08:13.020475Z  DEBUG - Huffman decode: Checking for potential EOS pattern in data
2025-06-27T02:08:13.020487Z  DEBUG - Huffman padding check: last_symbol_bit=76, total_bits=80, padding_bits=3
2025-06-27T02:08:13.020496Z  DEBUG - HPACK: Huffman decoded to: "localhost:9080"
2025-06-27T02:08:13.020530Z  DEBUG - Decoded headers before validation: [{":method", "GET"}, {":scheme", "http"}, {":path", "/"}, {":authority", "localhost:9080"}]
2025-06-27T02:08:13.020574Z  DEBUG - Validated headers: [{":method", "GET"}, {":scheme", "http"}, {":path", "/"}, {":authority", "localhost:9080"}]
2025-06-27T02:08:13.020595Z  DEBUG - Server received headers for stream 1, end_stream: true, headers_count: 4
2025-06-27T02:08:13.020612Z  DEBUG - Headers: [{":method", "GET"}, {":scheme", "http"}, {":path", "/"}, {":authority", "localhost:9080"}]
2025-06-27T02:08:13.020615Z  DEBUG - is_trailers=false, end_stream=true, stream.end_stream_received=true
2025-06-27T02:08:13.020616Z  DEBUG - Processing request immediately (headers with END_STREAM)
2025-06-27T02:08:13.020630Z  DEBUG - Successfully handled frame: HT2::HeadersFrame on stream 1
2025-06-27T02:08:13.020635Z  DEBUG - Reading frame header...
Error handling client: Failed to read client preface: read (#<TCPSocket:0x169092c60>): Connection reset by peer
2025-06-27T02:08:15.020816Z  DEBUG - Failed to read preface: IO::Error - read (#<TCPSocket:0x169092c60>): Connection reset by peer
2025-06-27T02:08:15.021095Z  DEBUG - Connection error: Failed to read client preface: read (#<TCPSocket:0x169092c60>): Connection reset by peer
Worker pool task error: Closed stream
Worker pool task error: Closed stream
Worker pool task error: Closed stream
Worker pool task error: Closed stream
Worker pool task error: Closed stream
Worker pool task error: Closed stream
Worker pool task error: Closed stream
Worker pool task error: Closed stream
Worker pool task error: Closed stream
Worker pool task error: Closed stream
Worker pool task error: Closed stream
Worker pool task error: Closed stream
Worker pool task error: Closed stream
Worker pool task error: Closed stream
Worker pool task error: Closed stream
Worker pool task error: Closed stream
Worker pool task error: Closed stream
Worker pool task error: Closed stream
Worker pool task error: Closed stream
Worker pool task error: Closed stream
Worker pool task error: Closed stream
Worker pool task error: Closed stream
Worker pool task error: Closed stream
Worker pool task error: Closed stream
Worker pool task error: Closed stream
Worker pool task error: Closed stream
Worker pool task error: Closed stream
Worker pool task error: Closed stream
Worker pool task error: Closed stream
Worker pool task error: Closed stream
Worker pool task error: Closed stream
Worker pool task error: Closed stream
Worker pool task error: Closed stream
Worker pool task error: Closed stream
Worker pool task error: Closed stream
Worker pool task error: Closed stream
Worker pool task error: Closed stream
Worker pool task error: Closed stream
Worker pool task error: Closed stream
Worker pool task error: Closed stream
Worker pool task error: Closed stream
Worker pool task error: Closed stream
Worker pool task error: Closed stream
Worker pool task error: Closed stream
Worker pool task error: Closed stream
Worker pool task error: Closed stream
Worker pool task error: Closed stream
Worker pool task error: Closed stream
Worker pool task error: Closed stream
Worker pool task error: Closed stream
Worker pool task error: Closed stream
Worker pool task error: Closed stream
Worker pool task error: Closed stream
Worker pool task error: Closed stream
Worker pool task error: Closed stream
Worker pool task error: Closed stream
Worker pool task error: Closed stream
Worker pool task error: Closed stream
Worker pool task error: Closed stream
Worker pool task error: Closed stream
Worker pool task error: Closed stream
Worker pool task error: Closed stream
Worker pool task error: Closed stream
Worker pool task error: Closed stream
Worker pool task error: Closed stream
Worker pool task error: Closed stream
Worker pool task error: Closed stream
Worker pool task error: Closed stream
Worker pool task error: Closed stream
Worker pool task error: Closed stream
Worker pool task error: Closed stream
Worker pool task error: Closed stream
Worker pool task error: Closed stream
Worker pool task error: Closed stream
Worker pool task error: Closed stream
Worker pool task error: Closed stream
Worker pool task error: Closed stream
Worker pool task error: Closed stream
Worker pool task error: Closed stream
Worker pool task error: Closed stream
Worker pool task error: Closed stream
Worker pool task error: Closed stream
Worker pool task error: Closed stream
Worker pool task error: Closed stream
Worker pool task error: Closed stream
Worker pool task error: Closed stream
Worker pool task error: Closed stream
Worker pool task error: Closed stream
Worker pool task error: Closed stream
Worker pool task error: Closed stream
Worker pool task error: Closed stream
Worker pool task error: Closed stream
Worker pool task error: Closed stream
Worker pool task error: Closed stream
Worker pool task error: Closed stream
Worker pool task error: Closed stream
Worker pool task error: Closed stream
Worker pool task error: Closed stream
2025-06-27T02:08:15.021912Z   WARN - Stream 1: Timed out waiting for window update
2025-06-27T02:08:15.022040Z  ERROR - Error writing response: Timed out waiting for flow control window
2025-06-27T02:08:15.022043Z  DEBUG - Response.close: Sending empty DATA frame with END_STREAM
2025-06-27T02:08:15.022056Z  DEBUG - Stream.send_data: size=0, send_window=0, conn_window=65535
2025-06-27T02:08:15.025816Z  ERROR - Error handling request: Closed stream
/opt/homebrew/Cellar/crystal/1.16.3/share/crystal/src/io.cr:121:5 in 'check_open'
/opt/homebrew/Cellar/crystal/1.16.3/share/crystal/src/io/buffered.cr:142:15 in 'write'
src/ht2/zero_copy.cr:65:7 in 'forward_data_frame'
src/ht2/frames/data_frame.cr:50:9 in 'write_to'
src/ht2/connection.cr:343:11 in 'send_frame_zero_copy'
src/ht2/connection.cr:261:9 in 'send_frame'
src/ht2/stream.cr:107:7 in 'send_data'
src/ht2/response.cr:73:9 in 'close'
spec/h2spec_test_server.cr:28:7 in '->'
src/ht2/server.cr:529:16 in 'handle_stream'
src/ht2/server.cr:500:19 in '->'
src/ht2/worker_pool.cr:139:18 in '->'
/opt/homebrew/Cellar/crystal/1.16.3/share/crystal/src/fiber.cr:170:11 in 'run'
/opt/homebrew/Cellar/crystal/1.16.3/share/crystal/src/fiber.cr:105:3 in '->'
2025-06-27T02:08:15.026231Z  DEBUG - Handling stream 1 with headers: [{":method", "GET"}, {":scheme", "http"}, {":path", "/"}, {":authority", "localhost:9080"}]
2025-06-27T02:08:15.026247Z  DEBUG - Created request for stream 1: GET /
2025-06-27T02:08:15.026250Z   INFO - Request: GET /
2025-06-27T02:08:15.026260Z  DEBUG - Response.send_headers called, end_stream=false, headers_sent=false
2025-06-27T02:08:15.026272Z  DEBUG - Response: Sending 2 headers
2025-06-27T02:08:15.026276Z  DEBUG - Stream 1: send_headers called with 2 headers, end_stream=false
2025-06-27T02:08:15.026315Z  DEBUG - Stream 1: Sending HEADERS frame with flags=END_HEADERS, header_block_size=13
2025-06-27T02:08:15.026443Z  DEBUG - Stream 1: send_headers completed, new state=HALF_CLOSED_REMOTE
2025-06-27T02:08:15.026446Z  DEBUG - Response.write: Sending 100 bytes of data
2025-06-27T02:08:15.026452Z  DEBUG - Response.write: stream_window=65535, conn_window=65535, available=65535
2025-06-27T02:08:15.026461Z  DEBUG - Stream.send_chunks: Starting to send 100 bytes in chunks of 16384
2025-06-27T02:08:15.026468Z  DEBUG - Stream.send_chunk: Sending chunk from 0 to 100 (100 bytes), last_chunk=true
2025-06-27T02:08:15.026474Z  DEBUG - Stream.send_data: size=100, send_window=65535, conn_window=65535
2025-06-27T02:08:15.026523Z  DEBUG - Stream.send_chunks: Finished sending all chunks
2025-06-27T02:08:15.026524Z  DEBUG - Response.close: Sending empty DATA frame with END_STREAM
2025-06-27T02:08:15.026532Z  DEBUG - Stream.send_data: size=0, send_window=65435, conn_window=65435
2025-06-27T02:08:15.026565Z  DEBUG - Completed handling stream 1
2025-06-27T02:08:15.026591Z  DEBUG - Handling stream 1 with headers: [{":method", "GET"}, {":scheme", "http"}, {":path", "/"}, {":authority", "localhost:9080"}]
2025-06-27T02:08:15.026599Z  DEBUG - Created request for stream 1: GET /
2025-06-27T02:08:15.026603Z   INFO - Request: GET /
2025-06-27T02:08:15.026609Z  DEBUG - Response.send_headers called, end_stream=false, headers_sent=false
2025-06-27T02:08:15.026616Z  DEBUG - Response: Sending 2 headers
2025-06-27T02:08:15.026618Z  DEBUG - Stream 1: send_headers called with 2 headers, end_stream=false
2025-06-27T02:08:15.026639Z  DEBUG - Stream 1: Sending HEADERS frame with flags=END_HEADERS, header_block_size=13
2025-06-27T02:08:15.026704Z  DEBUG - Stream 1: send_headers completed, new state=HALF_CLOSED_REMOTE
2025-06-27T02:08:15.026708Z  DEBUG - Response.write: Sending 100 bytes of data
2025-06-27T02:08:15.026713Z  DEBUG - Response.write: stream_window=65535, conn_window=65535, available=65535
2025-06-27T02:08:15.026718Z  DEBUG - Stream.send_chunks: Starting to send 100 bytes in chunks of 16384
2025-06-27T02:08:15.026723Z  DEBUG - Stream.send_chunk: Sending chunk from 0 to 100 (100 bytes), last_chunk=true
2025-06-27T02:08:15.026727Z  DEBUG - Stream.send_data: size=100, send_window=65535, conn_window=65535
2025-06-27T02:08:15.026771Z  DEBUG - Stream.send_chunks: Finished sending all chunks
2025-06-27T02:08:15.026772Z  DEBUG - Response.close: Sending empty DATA frame with END_STREAM
2025-06-27T02:08:15.026776Z  DEBUG - Stream.send_data: size=0, send_window=65435, conn_window=65435
2025-06-27T02:08:15.026799Z  DEBUG - Completed handling stream 1
2025-06-27T02:08:15.026808Z   WARN - Stream 3: Timed out waiting for window update
2025-06-27T02:08:15.026893Z  ERROR - Error writing response: Timed out waiting for flow control window
2025-06-27T02:08:15.026894Z  DEBUG - Response.close: Sending empty DATA frame with END_STREAM
2025-06-27T02:08:15.026898Z  DEBUG - Stream.send_data: size=0, send_window=0, conn_window=65535
2025-06-27T02:08:15.029681Z  ERROR - Error handling request: Closed stream
/opt/homebrew/Cellar/crystal/1.16.3/share/crystal/src/io.cr:121:5 in 'check_open'
/opt/homebrew/Cellar/crystal/1.16.3/share/crystal/src/io/buffered.cr:142:15 in 'write'
src/ht2/zero_copy.cr:65:7 in 'forward_data_frame'
src/ht2/frames/data_frame.cr:50:9 in 'write_to'
src/ht2/connection.cr:343:11 in 'send_frame_zero_copy'
src/ht2/connection.cr:261:9 in 'send_frame'
src/ht2/stream.cr:107:7 in 'send_data'
src/ht2/response.cr:73:9 in 'close'
spec/h2spec_test_server.cr:28:7 in '->'
src/ht2/server.cr:529:16 in 'handle_stream'
src/ht2/server.cr:500:19 in '->'
src/ht2/worker_pool.cr:139:18 in '->'
/opt/homebrew/Cellar/crystal/1.16.3/share/crystal/src/fiber.cr:170:11 in 'run'
/opt/homebrew/Cellar/crystal/1.16.3/share/crystal/src/fiber.cr:105:3 in '->'
2025-06-27T02:08:15.029874Z   WARN - Stream 5: Timed out waiting for window update
2025-06-27T02:08:15.029959Z  ERROR - Error writing response: Timed out waiting for flow control window
2025-06-27T02:08:15.029960Z  DEBUG - Response.close: Sending empty DATA frame with END_STREAM
2025-06-27T02:08:15.029966Z  DEBUG - Stream.send_data: size=0, send_window=0, conn_window=65535
2025-06-27T02:08:15.032179Z  ERROR - Error handling request: Closed stream
/opt/homebrew/Cellar/crystal/1.16.3/share/crystal/src/io.cr:121:5 in 'check_open'
/opt/homebrew/Cellar/crystal/1.16.3/share/crystal/src/io/buffered.cr:142:15 in 'write'
src/ht2/zero_copy.cr:65:7 in 'forward_data_frame'
src/ht2/frames/data_frame.cr:50:9 in 'write_to'
src/ht2/connection.cr:343:11 in 'send_frame_zero_copy'
src/ht2/connection.cr:261:9 in 'send_frame'
src/ht2/stream.cr:107:7 in 'send_data'
src/ht2/response.cr:73:9 in 'close'
spec/h2spec_test_server.cr:28:7 in '->'
src/ht2/server.cr:529:16 in 'handle_stream'
src/ht2/server.cr:500:19 in '->'
src/ht2/worker_pool.cr:139:18 in '->'
/opt/homebrew/Cellar/crystal/1.16.3/share/crystal/src/fiber.cr:170:11 in 'run'
/opt/homebrew/Cellar/crystal/1.16.3/share/crystal/src/fiber.cr:105:3 in '->'
2025-06-27T02:08:15.032327Z   WARN - Stream 7: Timed out waiting for window update
2025-06-27T02:08:15.032387Z  ERROR - Error writing response: Timed out waiting for flow control window
2025-06-27T02:08:15.032388Z  DEBUG - Response.close: Sending empty DATA frame with END_STREAM
2025-06-27T02:08:15.032392Z  DEBUG - Stream.send_data: size=0, send_window=0, conn_window=65535
2025-06-27T02:08:15.034452Z  ERROR - Error handling request: Closed stream
/opt/homebrew/Cellar/crystal/1.16.3/share/crystal/src/io.cr:121:5 in 'check_open'
/opt/homebrew/Cellar/crystal/1.16.3/share/crystal/src/io/buffered.cr:142:15 in 'write'
src/ht2/zero_copy.cr:65:7 in 'forward_data_frame'
src/ht2/frames/data_frame.cr:50:9 in 'write_to'
src/ht2/connection.cr:343:11 in 'send_frame_zero_copy'
src/ht2/connection.cr:261:9 in 'send_frame'
src/ht2/stream.cr:107:7 in 'send_data'
src/ht2/response.cr:73:9 in 'close'
spec/h2spec_test_server.cr:28:7 in '->'
src/ht2/server.cr:529:16 in 'handle_stream'
src/ht2/server.cr:500:19 in '->'
src/ht2/worker_pool.cr:139:18 in '->'
/opt/homebrew/Cellar/crystal/1.16.3/share/crystal/src/fiber.cr:170:11 in 'run'
/opt/homebrew/Cellar/crystal/1.16.3/share/crystal/src/fiber.cr:105:3 in '->'
2025-06-27T02:08:15.034576Z   WARN - Stream 9: Timed out waiting for window update
2025-06-27T02:08:15.034605Z  ERROR - Error writing response: Timed out waiting for flow control window
2025-06-27T02:08:15.034606Z  DEBUG - Response.close: Sending empty DATA frame with END_STREAM
2025-06-27T02:08:15.034610Z  DEBUG - Stream.send_data: size=0, send_window=0, conn_window=65535
2025-06-27T02:08:15.036388Z  ERROR - Error handling request: Closed stream
/opt/homebrew/Cellar/crystal/1.16.3/share/crystal/src/io.cr:121:5 in 'check_open'
/opt/homebrew/Cellar/crystal/1.16.3/share/crystal/src/io/buffered.cr:142:15 in 'write'
src/ht2/zero_copy.cr:65:7 in 'forward_data_frame'
src/ht2/frames/data_frame.cr:50:9 in 'write_to'
src/ht2/connection.cr:343:11 in 'send_frame_zero_copy'
src/ht2/connection.cr:261:9 in 'send_frame'
src/ht2/stream.cr:107:7 in 'send_data'
src/ht2/response.cr:73:9 in 'close'
spec/h2spec_test_server.cr:28:7 in '->'
src/ht2/server.cr:529:16 in 'handle_stream'
src/ht2/server.cr:500:19 in '->'
src/ht2/worker_pool.cr:139:18 in '->'
/opt/homebrew/Cellar/crystal/1.16.3/share/crystal/src/fiber.cr:170:11 in 'run'
/opt/homebrew/Cellar/crystal/1.16.3/share/crystal/src/fiber.cr:105:3 in '->'
2025-06-27T02:08:15.036520Z   WARN - Stream 11: Timed out waiting for window update
2025-06-27T02:08:15.036579Z  ERROR - Error writing response: Timed out waiting for flow control window
2025-06-27T02:08:15.036580Z  DEBUG - Response.close: Sending empty DATA frame with END_STREAM
2025-06-27T02:08:15.036584Z  DEBUG - Stream.send_data: size=0, send_window=0, conn_window=65535
2025-06-27T02:08:15.038415Z  ERROR - Error handling request: Closed stream
/opt/homebrew/Cellar/crystal/1.16.3/share/crystal/src/io.cr:121:5 in 'check_open'
/opt/homebrew/Cellar/crystal/1.16.3/share/crystal/src/io/buffered.cr:142:15 in 'write'
src/ht2/zero_copy.cr:65:7 in 'forward_data_frame'
src/ht2/frames/data_frame.cr:50:9 in 'write_to'
src/ht2/connection.cr:343:11 in 'send_frame_zero_copy'
src/ht2/connection.cr:261:9 in 'send_frame'
src/ht2/stream.cr:107:7 in 'send_data'
src/ht2/response.cr:73:9 in 'close'
spec/h2spec_test_server.cr:28:7 in '->'
src/ht2/server.cr:529:16 in 'handle_stream'
src/ht2/server.cr:500:19 in '->'
src/ht2/worker_pool.cr:139:18 in '->'
/opt/homebrew/Cellar/crystal/1.16.3/share/crystal/src/fiber.cr:170:11 in 'run'
/opt/homebrew/Cellar/crystal/1.16.3/share/crystal/src/fiber.cr:105:3 in '->'
2025-06-27T02:08:15.038573Z   WARN - Stream 13: Timed out waiting for window update
2025-06-27T02:08:15.038633Z  ERROR - Error writing response: Timed out waiting for flow control window
2025-06-27T02:08:15.038634Z  DEBUG - Response.close: Sending empty DATA frame with END_STREAM
2025-06-27T02:08:15.038637Z  DEBUG - Stream.send_data: size=0, send_window=0, conn_window=65535
2025-06-27T02:08:15.040226Z  ERROR - Error handling request: Closed stream
/opt/homebrew/Cellar/crystal/1.16.3/share/crystal/src/io.cr:121:5 in 'check_open'
/opt/homebrew/Cellar/crystal/1.16.3/share/crystal/src/io/buffered.cr:142:15 in 'write'
src/ht2/zero_copy.cr:65:7 in 'forward_data_frame'
src/ht2/frames/data_frame.cr:50:9 in 'write_to'
src/ht2/connection.cr:343:11 in 'send_frame_zero_copy'
src/ht2/connection.cr:261:9 in 'send_frame'
src/ht2/stream.cr:107:7 in 'send_data'
src/ht2/response.cr:73:9 in 'close'
spec/h2spec_test_server.cr:28:7 in '->'
src/ht2/server.cr:529:16 in 'handle_stream'
src/ht2/server.cr:500:19 in '->'
src/ht2/worker_pool.cr:139:18 in '->'
/opt/homebrew/Cellar/crystal/1.16.3/share/crystal/src/fiber.cr:170:11 in 'run'
/opt/homebrew/Cellar/crystal/1.16.3/share/crystal/src/fiber.cr:105:3 in '->'
2025-06-27T02:08:15.040352Z   WARN - Stream 15: Timed out waiting for window update
2025-06-27T02:08:15.040403Z  ERROR - Error writing response: Timed out waiting for flow control window
2025-06-27T02:08:15.040404Z  DEBUG - Response.close: Sending empty DATA frame with END_STREAM
2025-06-27T02:08:15.040408Z  DEBUG - Stream.send_data: size=0, send_window=0, conn_window=65535
2025-06-27T02:08:15.041985Z  ERROR - Error handling request: Closed stream
/opt/homebrew/Cellar/crystal/1.16.3/share/crystal/src/io.cr:121:5 in 'check_open'
/opt/homebrew/Cellar/crystal/1.16.3/share/crystal/src/io/buffered.cr:142:15 in 'write'
src/ht2/zero_copy.cr:65:7 in 'forward_data_frame'
src/ht2/frames/data_frame.cr:50:9 in 'write_to'
src/ht2/connection.cr:343:11 in 'send_frame_zero_copy'
src/ht2/connection.cr:261:9 in 'send_frame'
src/ht2/stream.cr:107:7 in 'send_data'
src/ht2/response.cr:73:9 in 'close'
spec/h2spec_test_server.cr:28:7 in '->'
src/ht2/server.cr:529:16 in 'handle_stream'
src/ht2/server.cr:500:19 in '->'
src/ht2/worker_pool.cr:139:18 in '->'
/opt/homebrew/Cellar/crystal/1.16.3/share/crystal/src/fiber.cr:170:11 in 'run'
/opt/homebrew/Cellar/crystal/1.16.3/share/crystal/src/fiber.cr:105:3 in '->'
2025-06-27T02:08:15.042105Z   WARN - Stream 17: Timed out waiting for window update
2025-06-27T02:08:15.042155Z  ERROR - Error writing response: Timed out waiting for flow control window
2025-06-27T02:08:15.042156Z  DEBUG - Response.close: Sending empty DATA frame with END_STREAM
2025-06-27T02:08:15.042159Z  DEBUG - Stream.send_data: size=0, send_window=0, conn_window=65535
2025-06-27T02:08:15.043581Z  ERROR - Error handling request: Closed stream
/opt/homebrew/Cellar/crystal/1.16.3/share/crystal/src/io.cr:121:5 in 'check_open'
/opt/homebrew/Cellar/crystal/1.16.3/share/crystal/src/io/buffered.cr:142:15 in 'write'
src/ht2/zero_copy.cr:65:7 in 'forward_data_frame'
src/ht2/frames/data_frame.cr:50:9 in 'write_to'
src/ht2/connection.cr:343:11 in 'send_frame_zero_copy'
src/ht2/connection.cr:261:9 in 'send_frame'
src/ht2/stream.cr:107:7 in 'send_data'
src/ht2/response.cr:73:9 in 'close'
spec/h2spec_test_server.cr:28:7 in '->'
src/ht2/server.cr:529:16 in 'handle_stream'
src/ht2/server.cr:500:19 in '->'
src/ht2/worker_pool.cr:139:18 in '->'
/opt/homebrew/Cellar/crystal/1.16.3/share/crystal/src/fiber.cr:170:11 in 'run'
/opt/homebrew/Cellar/crystal/1.16.3/share/crystal/src/fiber.cr:105:3 in '->'
2025-06-27T02:08:15.043745Z   WARN - Stream 19: Timed out waiting for window update
2025-06-27T02:08:15.043791Z  ERROR - Error writing response: Timed out waiting for flow control window
2025-06-27T02:08:15.043792Z  DEBUG - Response.close: Sending empty DATA frame with END_STREAM
2025-06-27T02:08:15.043797Z  DEBUG - Stream.send_data: size=0, send_window=0, conn_window=65535
2025-06-27T02:08:15.045111Z  ERROR - Error handling request: Closed stream
/opt/homebrew/Cellar/crystal/1.16.3/share/crystal/src/io.cr:121:5 in 'check_open'
/opt/homebrew/Cellar/crystal/1.16.3/share/crystal/src/io/buffered.cr:142:15 in 'write'
src/ht2/zero_copy.cr:65:7 in 'forward_data_frame'
src/ht2/frames/data_frame.cr:50:9 in 'write_to'
src/ht2/connection.cr:343:11 in 'send_frame_zero_copy'
src/ht2/connection.cr:261:9 in 'send_frame'
src/ht2/stream.cr:107:7 in 'send_data'
src/ht2/response.cr:73:9 in 'close'
spec/h2spec_test_server.cr:28:7 in '->'
src/ht2/server.cr:529:16 in 'handle_stream'
src/ht2/server.cr:500:19 in '->'
src/ht2/worker_pool.cr:139:18 in '->'
/opt/homebrew/Cellar/crystal/1.16.3/share/crystal/src/fiber.cr:170:11 in 'run'
/opt/homebrew/Cellar/crystal/1.16.3/share/crystal/src/fiber.cr:105:3 in '->'
2025-06-27T02:08:15.045181Z   WARN - Stream 21: Timed out waiting for window update
2025-06-27T02:08:15.045205Z  ERROR - Error writing response: Timed out waiting for flow control window
2025-06-27T02:08:15.045205Z  DEBUG - Response.close: Sending empty DATA frame with END_STREAM
2025-06-27T02:08:15.045207Z  DEBUG - Stream.send_data: size=0, send_window=0, conn_window=65535
2025-06-27T02:08:15.046451Z  ERROR - Error handling request: Closed stream
/opt/homebrew/Cellar/crystal/1.16.3/share/crystal/src/io.cr:121:5 in 'check_open'
/opt/homebrew/Cellar/crystal/1.16.3/share/crystal/src/io/buffered.cr:142:15 in 'write'
src/ht2/zero_copy.cr:65:7 in 'forward_data_frame'
src/ht2/frames/data_frame.cr:50:9 in 'write_to'
src/ht2/connection.cr:343:11 in 'send_frame_zero_copy'
src/ht2/connection.cr:261:9 in 'send_frame'
src/ht2/stream.cr:107:7 in 'send_data'
src/ht2/response.cr:73:9 in 'close'
spec/h2spec_test_server.cr:28:7 in '->'
src/ht2/server.cr:529:16 in 'handle_stream'
src/ht2/server.cr:500:19 in '->'
src/ht2/worker_pool.cr:139:18 in '->'
/opt/homebrew/Cellar/crystal/1.16.3/share/crystal/src/fiber.cr:170:11 in 'run'
/opt/homebrew/Cellar/crystal/1.16.3/share/crystal/src/fiber.cr:105:3 in '->'
2025-06-27T02:08:15.046515Z   WARN - Stream 23: Timed out waiting for window update
2025-06-27T02:08:15.046543Z  ERROR - Error writing response: Timed out waiting for flow control window
2025-06-27T02:08:15.046544Z  DEBUG - Response.close: Sending empty DATA frame with END_STREAM
2025-06-27T02:08:15.046546Z  DEBUG - Stream.send_data: size=0, send_window=0, conn_window=65535
2025-06-27T02:08:15.047820Z  ERROR - Error handling request: Closed stream
/opt/homebrew/Cellar/crystal/1.16.3/share/crystal/src/io.cr:121:5 in 'check_open'
/opt/homebrew/Cellar/crystal/1.16.3/share/crystal/src/io/buffered.cr:142:15 in 'write'
src/ht2/zero_copy.cr:65:7 in 'forward_data_frame'
src/ht2/frames/data_frame.cr:50:9 in 'write_to'
src/ht2/connection.cr:343:11 in 'send_frame_zero_copy'
src/ht2/connection.cr:261:9 in 'send_frame'
src/ht2/stream.cr:107:7 in 'send_data'
src/ht2/response.cr:73:9 in 'close'
spec/h2spec_test_server.cr:28:7 in '->'
src/ht2/server.cr:529:16 in 'handle_stream'
src/ht2/server.cr:500:19 in '->'
src/ht2/worker_pool.cr:139:18 in '->'
/opt/homebrew/Cellar/crystal/1.16.3/share/crystal/src/fiber.cr:170:11 in 'run'
/opt/homebrew/Cellar/crystal/1.16.3/share/crystal/src/fiber.cr:105:3 in '->'
2025-06-27T02:08:15.047885Z   WARN - Stream 25: Timed out waiting for window update
2025-06-27T02:08:15.047915Z  ERROR - Error writing response: Timed out waiting for flow control window
2025-06-27T02:08:15.047916Z  DEBUG - Response.close: Sending empty DATA frame with END_STREAM
2025-06-27T02:08:15.047917Z  DEBUG - Stream.send_data: size=0, send_window=0, conn_window=65535
2025-06-27T02:08:15.049152Z  ERROR - Error handling request: Closed stream
/opt/homebrew/Cellar/crystal/1.16.3/share/crystal/src/io.cr:121:5 in 'check_open'
/opt/homebrew/Cellar/crystal/1.16.3/share/crystal/src/io/buffered.cr:142:15 in 'write'
src/ht2/zero_copy.cr:65:7 in 'forward_data_frame'
src/ht2/frames/data_frame.cr:50:9 in 'write_to'
src/ht2/connection.cr:343:11 in 'send_frame_zero_copy'
src/ht2/connection.cr:261:9 in 'send_frame'
src/ht2/stream.cr:107:7 in 'send_data'
src/ht2/response.cr:73:9 in 'close'
spec/h2spec_test_server.cr:28:7 in '->'
src/ht2/server.cr:529:16 in 'handle_stream'
src/ht2/server.cr:500:19 in '->'
src/ht2/worker_pool.cr:139:18 in '->'
/opt/homebrew/Cellar/crystal/1.16.3/share/crystal/src/fiber.cr:170:11 in 'run'
/opt/homebrew/Cellar/crystal/1.16.3/share/crystal/src/fiber.cr:105:3 in '->'
2025-06-27T02:08:15.049212Z   WARN - Stream 27: Timed out waiting for window update
2025-06-27T02:08:15.049238Z  ERROR - Error writing response: Timed out waiting for flow control window
2025-06-27T02:08:15.049238Z  DEBUG - Response.close: Sending empty DATA frame with END_STREAM
2025-06-27T02:08:15.049240Z  DEBUG - Stream.send_data: size=0, send_window=0, conn_window=65535
2025-06-27T02:08:15.050482Z  ERROR - Error handling request: Closed stream
/opt/homebrew/Cellar/crystal/1.16.3/share/crystal/src/io.cr:121:5 in 'check_open'
/opt/homebrew/Cellar/crystal/1.16.3/share/crystal/src/io/buffered.cr:142:15 in 'write'
src/ht2/zero_copy.cr:65:7 in 'forward_data_frame'
src/ht2/frames/data_frame.cr:50:9 in 'write_to'
src/ht2/connection.cr:343:11 in 'send_frame_zero_copy'
src/ht2/connection.cr:261:9 in 'send_frame'
src/ht2/stream.cr:107:7 in 'send_data'
src/ht2/response.cr:73:9 in 'close'
spec/h2spec_test_server.cr:28:7 in '->'
src/ht2/server.cr:529:16 in 'handle_stream'
src/ht2/server.cr:500:19 in '->'
src/ht2/worker_pool.cr:139:18 in '->'
/opt/homebrew/Cellar/crystal/1.16.3/share/crystal/src/fiber.cr:170:11 in 'run'
/opt/homebrew/Cellar/crystal/1.16.3/share/crystal/src/fiber.cr:105:3 in '->'
2025-06-27T02:08:15.050536Z   WARN - Stream 29: Timed out waiting for window update
2025-06-27T02:08:15.050558Z  ERROR - Error writing response: Timed out waiting for flow control window
2025-06-27T02:08:15.050559Z  DEBUG - Response.close: Sending empty DATA frame with END_STREAM
2025-06-27T02:08:15.050560Z  DEBUG - Stream.send_data: size=0, send_window=0, conn_window=65535
2025-06-27T02:08:15.051610Z  ERROR - Error handling request: Closed stream
/opt/homebrew/Cellar/crystal/1.16.3/share/crystal/src/io.cr:121:5 in 'check_open'
/opt/homebrew/Cellar/crystal/1.16.3/share/crystal/src/io/buffered.cr:142:15 in 'write'
src/ht2/zero_copy.cr:65:7 in 'forward_data_frame'
src/ht2/frames/data_frame.cr:50:9 in 'write_to'
src/ht2/connection.cr:343:11 in 'send_frame_zero_copy'
src/ht2/connection.cr:261:9 in 'send_frame'
src/ht2/stream.cr:107:7 in 'send_data'
src/ht2/response.cr:73:9 in 'close'
spec/h2spec_test_server.cr:28:7 in '->'
src/ht2/server.cr:529:16 in 'handle_stream'
src/ht2/server.cr:500:19 in '->'
src/ht2/worker_pool.cr:139:18 in '->'
/opt/homebrew/Cellar/crystal/1.16.3/share/crystal/src/fiber.cr:170:11 in 'run'
/opt/homebrew/Cellar/crystal/1.16.3/share/crystal/src/fiber.cr:105:3 in '->'
2025-06-27T02:08:15.051663Z   WARN - Stream 31: Timed out waiting for window update
2025-06-27T02:08:15.051682Z  ERROR - Error writing response: Timed out waiting for flow control window
2025-06-27T02:08:15.051682Z  DEBUG - Response.close: Sending empty DATA frame with END_STREAM
2025-06-27T02:08:15.051683Z  DEBUG - Stream.send_data: size=0, send_window=0, conn_window=65535
2025-06-27T02:08:15.052746Z  ERROR - Error handling request: Closed stream
/opt/homebrew/Cellar/crystal/1.16.3/share/crystal/src/io.cr:121:5 in 'check_open'
/opt/homebrew/Cellar/crystal/1.16.3/share/crystal/src/io/buffered.cr:142:15 in 'write'
src/ht2/zero_copy.cr:65:7 in 'forward_data_frame'
src/ht2/frames/data_frame.cr:50:9 in 'write_to'
src/ht2/connection.cr:343:11 in 'send_frame_zero_copy'
src/ht2/connection.cr:261:9 in 'send_frame'
src/ht2/stream.cr:107:7 in 'send_data'
src/ht2/response.cr:73:9 in 'close'
spec/h2spec_test_server.cr:28:7 in '->'
src/ht2/server.cr:529:16 in 'handle_stream'
src/ht2/server.cr:500:19 in '->'
src/ht2/worker_pool.cr:139:18 in '->'
/opt/homebrew/Cellar/crystal/1.16.3/share/crystal/src/fiber.cr:170:11 in 'run'
/opt/homebrew/Cellar/crystal/1.16.3/share/crystal/src/fiber.cr:105:3 in '->'
2025-06-27T02:08:15.052799Z   WARN - Stream 33: Timed out waiting for window update
2025-06-27T02:08:15.052822Z  ERROR - Error writing response: Timed out waiting for flow control window
2025-06-27T02:08:15.052822Z  DEBUG - Response.close: Sending empty DATA frame with END_STREAM
2025-06-27T02:08:15.052824Z  DEBUG - Stream.send_data: size=0, send_window=0, conn_window=65535
2025-06-27T02:08:15.053872Z  ERROR - Error handling request: Closed stream
/opt/homebrew/Cellar/crystal/1.16.3/share/crystal/src/io.cr:121:5 in 'check_open'
/opt/homebrew/Cellar/crystal/1.16.3/share/crystal/src/io/buffered.cr:142:15 in 'write'
src/ht2/zero_copy.cr:65:7 in 'forward_data_frame'
src/ht2/frames/data_frame.cr:50:9 in 'write_to'
src/ht2/connection.cr:343:11 in 'send_frame_zero_copy'
src/ht2/connection.cr:261:9 in 'send_frame'
src/ht2/stream.cr:107:7 in 'send_data'
src/ht2/response.cr:73:9 in 'close'
spec/h2spec_test_server.cr:28:7 in '->'
src/ht2/server.cr:529:16 in 'handle_stream'
src/ht2/server.cr:500:19 in '->'
src/ht2/worker_pool.cr:139:18 in '->'
/opt/homebrew/Cellar/crystal/1.16.3/share/crystal/src/fiber.cr:170:11 in 'run'
/opt/homebrew/Cellar/crystal/1.16.3/share/crystal/src/fiber.cr:105:3 in '->'
2025-06-27T02:08:15.053922Z   WARN - Stream 35: Timed out waiting for window update
2025-06-27T02:08:15.053945Z  ERROR - Error writing response: Timed out waiting for flow control window
2025-06-27T02:08:15.053946Z  DEBUG - Response.close: Sending empty DATA frame with END_STREAM
2025-06-27T02:08:15.053947Z  DEBUG - Stream.send_data: size=0, send_window=0, conn_window=65535
2025-06-27T02:08:15.054992Z  ERROR - Error handling request: Closed stream
/opt/homebrew/Cellar/crystal/1.16.3/share/crystal/src/io.cr:121:5 in 'check_open'
/opt/homebrew/Cellar/crystal/1.16.3/share/crystal/src/io/buffered.cr:142:15 in 'write'
src/ht2/zero_copy.cr:65:7 in 'forward_data_frame'
src/ht2/frames/data_frame.cr:50:9 in 'write_to'
src/ht2/connection.cr:343:11 in 'send_frame_zero_copy'
src/ht2/connection.cr:261:9 in 'send_frame'
src/ht2/stream.cr:107:7 in 'send_data'
src/ht2/response.cr:73:9 in 'close'
spec/h2spec_test_server.cr:28:7 in '->'
src/ht2/server.cr:529:16 in 'handle_stream'
src/ht2/server.cr:500:19 in '->'
src/ht2/worker_pool.cr:139:18 in '->'
/opt/homebrew/Cellar/crystal/1.16.3/share/crystal/src/fiber.cr:170:11 in 'run'
/opt/homebrew/Cellar/crystal/1.16.3/share/crystal/src/fiber.cr:105:3 in '->'
2025-06-27T02:08:15.055044Z   WARN - Stream 37: Timed out waiting for window update
2025-06-27T02:08:15.055068Z  ERROR - Error writing response: Timed out waiting for flow control window
2025-06-27T02:08:15.055068Z  DEBUG - Response.close: Sending empty DATA frame with END_STREAM
2025-06-27T02:08:15.055069Z  DEBUG - Stream.send_data: size=0, send_window=0, conn_window=65535
2025-06-27T02:08:15.056131Z  ERROR - Error handling request: Closed stream
/opt/homebrew/Cellar/crystal/1.16.3/share/crystal/src/io.cr:121:5 in 'check_open'
/opt/homebrew/Cellar/crystal/1.16.3/share/crystal/src/io/buffered.cr:142:15 in 'write'
src/ht2/zero_copy.cr:65:7 in 'forward_data_frame'
src/ht2/frames/data_frame.cr:50:9 in 'write_to'
src/ht2/connection.cr:343:11 in 'send_frame_zero_copy'
src/ht2/connection.cr:261:9 in 'send_frame'
src/ht2/stream.cr:107:7 in 'send_data'
src/ht2/response.cr:73:9 in 'close'
spec/h2spec_test_server.cr:28:7 in '->'
src/ht2/server.cr:529:16 in 'handle_stream'
src/ht2/server.cr:500:19 in '->'
src/ht2/worker_pool.cr:139:18 in '->'
/opt/homebrew/Cellar/crystal/1.16.3/share/crystal/src/fiber.cr:170:11 in 'run'
/opt/homebrew/Cellar/crystal/1.16.3/share/crystal/src/fiber.cr:105:3 in '->'
2025-06-27T02:08:15.056186Z   WARN - Stream 39: Timed out waiting for window update
2025-06-27T02:08:15.056207Z  ERROR - Error writing response: Timed out waiting for flow control window
2025-06-27T02:08:15.056208Z  DEBUG - Response.close: Sending empty DATA frame with END_STREAM
2025-06-27T02:08:15.056209Z  DEBUG - Stream.send_data: size=0, send_window=0, conn_window=65535
2025-06-27T02:08:15.057260Z  ERROR - Error handling request: Closed stream
/opt/homebrew/Cellar/crystal/1.16.3/share/crystal/src/io.cr:121:5 in 'check_open'
/opt/homebrew/Cellar/crystal/1.16.3/share/crystal/src/io/buffered.cr:142:15 in 'write'
src/ht2/zero_copy.cr:65:7 in 'forward_data_frame'
src/ht2/frames/data_frame.cr:50:9 in 'write_to'
src/ht2/connection.cr:343:11 in 'send_frame_zero_copy'
src/ht2/connection.cr:261:9 in 'send_frame'
src/ht2/stream.cr:107:7 in 'send_data'
src/ht2/response.cr:73:9 in 'close'
spec/h2spec_test_server.cr:28:7 in '->'
src/ht2/server.cr:529:16 in 'handle_stream'
src/ht2/server.cr:500:19 in '->'
src/ht2/worker_pool.cr:139:18 in '->'
/opt/homebrew/Cellar/crystal/1.16.3/share/crystal/src/fiber.cr:170:11 in 'run'
/opt/homebrew/Cellar/crystal/1.16.3/share/crystal/src/fiber.cr:105:3 in '->'
2025-06-27T02:08:15.057312Z   WARN - Stream 41: Timed out waiting for window update
2025-06-27T02:08:15.057335Z  ERROR - Error writing response: Timed out waiting for flow control window
2025-06-27T02:08:15.057335Z  DEBUG - Response.close: Sending empty DATA frame with END_STREAM
2025-06-27T02:08:15.057336Z  DEBUG - Stream.send_data: size=0, send_window=0, conn_window=65535
2025-06-27T02:08:15.058374Z  ERROR - Error handling request: Closed stream
/opt/homebrew/Cellar/crystal/1.16.3/share/crystal/src/io.cr:121:5 in 'check_open'
/opt/homebrew/Cellar/crystal/1.16.3/share/crystal/src/io/buffered.cr:142:15 in 'write'
src/ht2/zero_copy.cr:65:7 in 'forward_data_frame'
src/ht2/frames/data_frame.cr:50:9 in 'write_to'
src/ht2/connection.cr:343:11 in 'send_frame_zero_copy'
src/ht2/connection.cr:261:9 in 'send_frame'
src/ht2/stream.cr:107:7 in 'send_data'
src/ht2/response.cr:73:9 in 'close'
spec/h2spec_test_server.cr:28:7 in '->'
src/ht2/server.cr:529:16 in 'handle_stream'
src/ht2/server.cr:500:19 in '->'
src/ht2/worker_pool.cr:139:18 in '->'
/opt/homebrew/Cellar/crystal/1.16.3/share/crystal/src/fiber.cr:170:11 in 'run'
/opt/homebrew/Cellar/crystal/1.16.3/share/crystal/src/fiber.cr:105:3 in '->'
2025-06-27T02:08:15.058423Z   WARN - Stream 43: Timed out waiting for window update
2025-06-27T02:08:15.058440Z  ERROR - Error writing response: Timed out waiting for flow control window
2025-06-27T02:08:15.058440Z  DEBUG - Response.close: Sending empty DATA frame with END_STREAM
2025-06-27T02:08:15.058442Z  DEBUG - Stream.send_data: size=0, send_window=0, conn_window=65535
2025-06-27T02:08:15.059339Z  ERROR - Error handling request: Closed stream
/opt/homebrew/Cellar/crystal/1.16.3/share/crystal/src/io.cr:121:5 in 'check_open'
/opt/homebrew/Cellar/crystal/1.16.3/share/crystal/src/io/buffered.cr:142:15 in 'write'
src/ht2/zero_copy.cr:65:7 in 'forward_data_frame'
src/ht2/frames/data_frame.cr:50:9 in 'write_to'
src/ht2/connection.cr:343:11 in 'send_frame_zero_copy'
src/ht2/connection.cr:261:9 in 'send_frame'
src/ht2/stream.cr:107:7 in 'send_data'
src/ht2/response.cr:73:9 in 'close'
spec/h2spec_test_server.cr:28:7 in '->'
src/ht2/server.cr:529:16 in 'handle_stream'
src/ht2/server.cr:500:19 in '->'
src/ht2/worker_pool.cr:139:18 in '->'
/opt/homebrew/Cellar/crystal/1.16.3/share/crystal/src/fiber.cr:170:11 in 'run'
/opt/homebrew/Cellar/crystal/1.16.3/share/crystal/src/fiber.cr:105:3 in '->'
2025-06-27T02:08:15.059382Z   WARN - Stream 45: Timed out waiting for window update
2025-06-27T02:08:15.059404Z  ERROR - Error writing response: Timed out waiting for flow control window
2025-06-27T02:08:15.059404Z  DEBUG - Response.close: Sending empty DATA frame with END_STREAM
2025-06-27T02:08:15.059405Z  DEBUG - Stream.send_data: size=0, send_window=0, conn_window=65535
2025-06-27T02:08:15.060301Z  ERROR - Error handling request: Closed stream
/opt/homebrew/Cellar/crystal/1.16.3/share/crystal/src/io.cr:121:5 in 'check_open'
/opt/homebrew/Cellar/crystal/1.16.3/share/crystal/src/io/buffered.cr:142:15 in 'write'
src/ht2/zero_copy.cr:65:7 in 'forward_data_frame'
src/ht2/frames/data_frame.cr:50:9 in 'write_to'
src/ht2/connection.cr:343:11 in 'send_frame_zero_copy'
src/ht2/connection.cr:261:9 in 'send_frame'
src/ht2/stream.cr:107:7 in 'send_data'
src/ht2/response.cr:73:9 in 'close'
spec/h2spec_test_server.cr:28:7 in '->'
src/ht2/server.cr:529:16 in 'handle_stream'
src/ht2/server.cr:500:19 in '->'
src/ht2/worker_pool.cr:139:18 in '->'
/opt/homebrew/Cellar/crystal/1.16.3/share/crystal/src/fiber.cr:170:11 in 'run'
/opt/homebrew/Cellar/crystal/1.16.3/share/crystal/src/fiber.cr:105:3 in '->'
2025-06-27T02:08:15.060343Z   WARN - Stream 47: Timed out waiting for window update
2025-06-27T02:08:15.060362Z  ERROR - Error writing response: Timed out waiting for flow control window
2025-06-27T02:08:15.060362Z  DEBUG - Response.close: Sending empty DATA frame with END_STREAM
2025-06-27T02:08:15.060364Z  DEBUG - Stream.send_data: size=0, send_window=0, conn_window=65535
2025-06-27T02:08:15.061265Z  ERROR - Error handling request: Closed stream
/opt/homebrew/Cellar/crystal/1.16.3/share/crystal/src/io.cr:121:5 in 'check_open'
/opt/homebrew/Cellar/crystal/1.16.3/share/crystal/src/io/buffered.cr:142:15 in 'write'
src/ht2/zero_copy.cr:65:7 in 'forward_data_frame'
src/ht2/frames/data_frame.cr:50:9 in 'write_to'
src/ht2/connection.cr:343:11 in 'send_frame_zero_copy'
src/ht2/connection.cr:261:9 in 'send_frame'
src/ht2/stream.cr:107:7 in 'send_data'
src/ht2/response.cr:73:9 in 'close'
spec/h2spec_test_server.cr:28:7 in '->'
src/ht2/server.cr:529:16 in 'handle_stream'
src/ht2/server.cr:500:19 in '->'
src/ht2/worker_pool.cr:139:18 in '->'
/opt/homebrew/Cellar/crystal/1.16.3/share/crystal/src/fiber.cr:170:11 in 'run'
/opt/homebrew/Cellar/crystal/1.16.3/share/crystal/src/fiber.cr:105:3 in '->'
2025-06-27T02:08:15.061312Z   WARN - Stream 49: Timed out waiting for window update
2025-06-27T02:08:15.061334Z  ERROR - Error writing response: Timed out waiting for flow control window
2025-06-27T02:08:15.061334Z  DEBUG - Response.close: Sending empty DATA frame with END_STREAM
2025-06-27T02:08:15.061335Z  DEBUG - Stream.send_data: size=0, send_window=0, conn_window=65535
2025-06-27T02:08:15.062237Z  ERROR - Error handling request: Closed stream
/opt/homebrew/Cellar/crystal/1.16.3/share/crystal/src/io.cr:121:5 in 'check_open'
/opt/homebrew/Cellar/crystal/1.16.3/share/crystal/src/io/buffered.cr:142:15 in 'write'
src/ht2/zero_copy.cr:65:7 in 'forward_data_frame'
src/ht2/frames/data_frame.cr:50:9 in 'write_to'
src/ht2/connection.cr:343:11 in 'send_frame_zero_copy'
src/ht2/connection.cr:261:9 in 'send_frame'
src/ht2/stream.cr:107:7 in 'send_data'
src/ht2/response.cr:73:9 in 'close'
spec/h2spec_test_server.cr:28:7 in '->'
src/ht2/server.cr:529:16 in 'handle_stream'
src/ht2/server.cr:500:19 in '->'
src/ht2/worker_pool.cr:139:18 in '->'
/opt/homebrew/Cellar/crystal/1.16.3/share/crystal/src/fiber.cr:170:11 in 'run'
/opt/homebrew/Cellar/crystal/1.16.3/share/crystal/src/fiber.cr:105:3 in '->'
2025-06-27T02:08:15.062279Z   WARN - Stream 51: Timed out waiting for window update
2025-06-27T02:08:15.062297Z  ERROR - Error writing response: Timed out waiting for flow control window
2025-06-27T02:08:15.062298Z  DEBUG - Response.close: Sending empty DATA frame with END_STREAM
2025-06-27T02:08:15.062299Z  DEBUG - Stream.send_data: size=0, send_window=0, conn_window=65535
2025-06-27T02:08:15.063117Z  ERROR - Error handling request: Closed stream
/opt/homebrew/Cellar/crystal/1.16.3/share/crystal/src/io.cr:121:5 in 'check_open'
/opt/homebrew/Cellar/crystal/1.16.3/share/crystal/src/io/buffered.cr:142:15 in 'write'
src/ht2/zero_copy.cr:65:7 in 'forward_data_frame'
src/ht2/frames/data_frame.cr:50:9 in 'write_to'
src/ht2/connection.cr:343:11 in 'send_frame_zero_copy'
src/ht2/connection.cr:261:9 in 'send_frame'
src/ht2/stream.cr:107:7 in 'send_data'
src/ht2/response.cr:73:9 in 'close'
spec/h2spec_test_server.cr:28:7 in '->'
src/ht2/server.cr:529:16 in 'handle_stream'
src/ht2/server.cr:500:19 in '->'
src/ht2/worker_pool.cr:139:18 in '->'
/opt/homebrew/Cellar/crystal/1.16.3/share/crystal/src/fiber.cr:170:11 in 'run'
/opt/homebrew/Cellar/crystal/1.16.3/share/crystal/src/fiber.cr:105:3 in '->'
2025-06-27T02:08:15.063159Z   WARN - Stream 53: Timed out waiting for window update
2025-06-27T02:08:15.063177Z  ERROR - Error writing response: Timed out waiting for flow control window
2025-06-27T02:08:15.063177Z  DEBUG - Response.close: Sending empty DATA frame with END_STREAM
2025-06-27T02:08:15.063178Z  DEBUG - Stream.send_data: size=0, send_window=0, conn_window=65535
2025-06-27T02:08:15.063978Z  ERROR - Error handling request: Closed stream
/opt/homebrew/Cellar/crystal/1.16.3/share/crystal/src/io.cr:121:5 in 'check_open'
/opt/homebrew/Cellar/crystal/1.16.3/share/crystal/src/io/buffered.cr:142:15 in 'write'
src/ht2/zero_copy.cr:65:7 in 'forward_data_frame'
src/ht2/frames/data_frame.cr:50:9 in 'write_to'
src/ht2/connection.cr:343:11 in 'send_frame_zero_copy'
src/ht2/connection.cr:261:9 in 'send_frame'
src/ht2/stream.cr:107:7 in 'send_data'
src/ht2/response.cr:73:9 in 'close'
spec/h2spec_test_server.cr:28:7 in '->'
src/ht2/server.cr:529:16 in 'handle_stream'
src/ht2/server.cr:500:19 in '->'
src/ht2/worker_pool.cr:139:18 in '->'
/opt/homebrew/Cellar/crystal/1.16.3/share/crystal/src/fiber.cr:170:11 in 'run'
/opt/homebrew/Cellar/crystal/1.16.3/share/crystal/src/fiber.cr:105:3 in '->'
2025-06-27T02:08:15.064017Z   WARN - Stream 55: Timed out waiting for window update
2025-06-27T02:08:15.064034Z  ERROR - Error writing response: Timed out waiting for flow control window
2025-06-27T02:08:15.064034Z  DEBUG - Response.close: Sending empty DATA frame with END_STREAM
2025-06-27T02:08:15.064035Z  DEBUG - Stream.send_data: size=0, send_window=0, conn_window=65535
2025-06-27T02:08:15.064844Z  ERROR - Error handling request: Closed stream
/opt/homebrew/Cellar/crystal/1.16.3/share/crystal/src/io.cr:121:5 in 'check_open'
/opt/homebrew/Cellar/crystal/1.16.3/share/crystal/src/io/buffered.cr:142:15 in 'write'
src/ht2/zero_copy.cr:65:7 in 'forward_data_frame'
src/ht2/frames/data_frame.cr:50:9 in 'write_to'
src/ht2/connection.cr:343:11 in 'send_frame_zero_copy'
src/ht2/connection.cr:261:9 in 'send_frame'
src/ht2/stream.cr:107:7 in 'send_data'
src/ht2/response.cr:73:9 in 'close'
spec/h2spec_test_server.cr:28:7 in '->'
src/ht2/server.cr:529:16 in 'handle_stream'
src/ht2/server.cr:500:19 in '->'
src/ht2/worker_pool.cr:139:18 in '->'
/opt/homebrew/Cellar/crystal/1.16.3/share/crystal/src/fiber.cr:170:11 in 'run'
/opt/homebrew/Cellar/crystal/1.16.3/share/crystal/src/fiber.cr:105:3 in '->'
2025-06-27T02:08:15.064884Z   WARN - Stream 57: Timed out waiting for window update
2025-06-27T02:08:15.064903Z  ERROR - Error writing response: Timed out waiting for flow control window
2025-06-27T02:08:15.064903Z  DEBUG - Response.close: Sending empty DATA frame with END_STREAM
2025-06-27T02:08:15.064904Z  DEBUG - Stream.send_data: size=0, send_window=0, conn_window=65535
2025-06-27T02:08:15.065707Z  ERROR - Error handling request: Closed stream
/opt/homebrew/Cellar/crystal/1.16.3/share/crystal/src/io.cr:121:5 in 'check_open'
/opt/homebrew/Cellar/crystal/1.16.3/share/crystal/src/io/buffered.cr:142:15 in 'write'
src/ht2/zero_copy.cr:65:7 in 'forward_data_frame'
src/ht2/frames/data_frame.cr:50:9 in 'write_to'
src/ht2/connection.cr:343:11 in 'send_frame_zero_copy'
src/ht2/connection.cr:261:9 in 'send_frame'
src/ht2/stream.cr:107:7 in 'send_data'
src/ht2/response.cr:73:9 in 'close'
spec/h2spec_test_server.cr:28:7 in '->'
src/ht2/server.cr:529:16 in 'handle_stream'
src/ht2/server.cr:500:19 in '->'
src/ht2/worker_pool.cr:139:18 in '->'
/opt/homebrew/Cellar/crystal/1.16.3/share/crystal/src/fiber.cr:170:11 in 'run'
/opt/homebrew/Cellar/crystal/1.16.3/share/crystal/src/fiber.cr:105:3 in '->'
2025-06-27T02:08:15.065748Z   WARN - Stream 59: Timed out waiting for window update
2025-06-27T02:08:15.065765Z  ERROR - Error writing response: Timed out waiting for flow control window
2025-06-27T02:08:15.065765Z  DEBUG - Response.close: Sending empty DATA frame with END_STREAM
2025-06-27T02:08:15.065766Z  DEBUG - Stream.send_data: size=0, send_window=0, conn_window=65535
2025-06-27T02:08:15.066563Z  ERROR - Error handling request: Closed stream
/opt/homebrew/Cellar/crystal/1.16.3/share/crystal/src/io.cr:121:5 in 'check_open'
/opt/homebrew/Cellar/crystal/1.16.3/share/crystal/src/io/buffered.cr:142:15 in 'write'
src/ht2/zero_copy.cr:65:7 in 'forward_data_frame'
src/ht2/frames/data_frame.cr:50:9 in 'write_to'
src/ht2/connection.cr:343:11 in 'send_frame_zero_copy'
src/ht2/connection.cr:261:9 in 'send_frame'
src/ht2/stream.cr:107:7 in 'send_data'
src/ht2/response.cr:73:9 in 'close'
spec/h2spec_test_server.cr:28:7 in '->'
src/ht2/server.cr:529:16 in 'handle_stream'
src/ht2/server.cr:500:19 in '->'
src/ht2/worker_pool.cr:139:18 in '->'
/opt/homebrew/Cellar/crystal/1.16.3/share/crystal/src/fiber.cr:170:11 in 'run'
/opt/homebrew/Cellar/crystal/1.16.3/share/crystal/src/fiber.cr:105:3 in '->'
2025-06-27T02:08:15.066604Z   WARN - Stream 61: Timed out waiting for window update
2025-06-27T02:08:15.066621Z  ERROR - Error writing response: Timed out waiting for flow control window
2025-06-27T02:08:15.066621Z  DEBUG - Response.close: Sending empty DATA frame with END_STREAM
2025-06-27T02:08:15.066622Z  DEBUG - Stream.send_data: size=0, send_window=0, conn_window=65535
2025-06-27T02:08:15.067425Z  ERROR - Error handling request: Closed stream
/opt/homebrew/Cellar/crystal/1.16.3/share/crystal/src/io.cr:121:5 in 'check_open'
/opt/homebrew/Cellar/crystal/1.16.3/share/crystal/src/io/buffered.cr:142:15 in 'write'
src/ht2/zero_copy.cr:65:7 in 'forward_data_frame'
src/ht2/frames/data_frame.cr:50:9 in 'write_to'
src/ht2/connection.cr:343:11 in 'send_frame_zero_copy'
src/ht2/connection.cr:261:9 in 'send_frame'
src/ht2/stream.cr:107:7 in 'send_data'
src/ht2/response.cr:73:9 in 'close'
spec/h2spec_test_server.cr:28:7 in '->'
src/ht2/server.cr:529:16 in 'handle_stream'
src/ht2/server.cr:500:19 in '->'
src/ht2/worker_pool.cr:139:18 in '->'
/opt/homebrew/Cellar/crystal/1.16.3/share/crystal/src/fiber.cr:170:11 in 'run'
/opt/homebrew/Cellar/crystal/1.16.3/share/crystal/src/fiber.cr:105:3 in '->'
2025-06-27T02:08:15.067463Z   WARN - Stream 63: Timed out waiting for window update
2025-06-27T02:08:15.067477Z  ERROR - Error writing response: Timed out waiting for flow control window
2025-06-27T02:08:15.067477Z  DEBUG - Response.close: Sending empty DATA frame with END_STREAM
2025-06-27T02:08:15.067478Z  DEBUG - Stream.send_data: size=0, send_window=0, conn_window=65535
2025-06-27T02:08:15.068274Z  ERROR - Error handling request: Closed stream
/opt/homebrew/Cellar/crystal/1.16.3/share/crystal/src/io.cr:121:5 in 'check_open'
/opt/homebrew/Cellar/crystal/1.16.3/share/crystal/src/io/buffered.cr:142:15 in 'write'
src/ht2/zero_copy.cr:65:7 in 'forward_data_frame'
src/ht2/frames/data_frame.cr:50:9 in 'write_to'
src/ht2/connection.cr:343:11 in 'send_frame_zero_copy'
src/ht2/connection.cr:261:9 in 'send_frame'
src/ht2/stream.cr:107:7 in 'send_data'
src/ht2/response.cr:73:9 in 'close'
spec/h2spec_test_server.cr:28:7 in '->'
src/ht2/server.cr:529:16 in 'handle_stream'
src/ht2/server.cr:500:19 in '->'
src/ht2/worker_pool.cr:139:18 in '->'
/opt/homebrew/Cellar/crystal/1.16.3/share/crystal/src/fiber.cr:170:11 in 'run'
/opt/homebrew/Cellar/crystal/1.16.3/share/crystal/src/fiber.cr:105:3 in '->'
2025-06-27T02:08:15.068316Z   WARN - Stream 65: Timed out waiting for window update
2025-06-27T02:08:15.068330Z  ERROR - Error writing response: Timed out waiting for flow control window
2025-06-27T02:08:15.068331Z  DEBUG - Response.close: Sending empty DATA frame with END_STREAM
2025-06-27T02:08:15.068332Z  DEBUG - Stream.send_data: size=0, send_window=0, conn_window=65535
2025-06-27T02:08:15.069131Z  ERROR - Error handling request: Closed stream
/opt/homebrew/Cellar/crystal/1.16.3/share/crystal/src/io.cr:121:5 in 'check_open'
/opt/homebrew/Cellar/crystal/1.16.3/share/crystal/src/io/buffered.cr:142:15 in 'write'
src/ht2/zero_copy.cr:65:7 in 'forward_data_frame'
src/ht2/frames/data_frame.cr:50:9 in 'write_to'
src/ht2/connection.cr:343:11 in 'send_frame_zero_copy'
src/ht2/connection.cr:261:9 in 'send_frame'
src/ht2/stream.cr:107:7 in 'send_data'
src/ht2/response.cr:73:9 in 'close'
spec/h2spec_test_server.cr:28:7 in '->'
src/ht2/server.cr:529:16 in 'handle_stream'
src/ht2/server.cr:500:19 in '->'
src/ht2/worker_pool.cr:139:18 in '->'
/opt/homebrew/Cellar/crystal/1.16.3/share/crystal/src/fiber.cr:170:11 in 'run'
/opt/homebrew/Cellar/crystal/1.16.3/share/crystal/src/fiber.cr:105:3 in '->'
2025-06-27T02:08:15.069171Z   WARN - Stream 67: Timed out waiting for window update
2025-06-27T02:08:15.069187Z  ERROR - Error writing response: Timed out waiting for flow control window
2025-06-27T02:08:15.069187Z  DEBUG - Response.close: Sending empty DATA frame with END_STREAM
2025-06-27T02:08:15.069188Z  DEBUG - Stream.send_data: size=0, send_window=0, conn_window=65535
2025-06-27T02:08:15.069982Z  ERROR - Error handling request: Closed stream
/opt/homebrew/Cellar/crystal/1.16.3/share/crystal/src/io.cr:121:5 in 'check_open'
/opt/homebrew/Cellar/crystal/1.16.3/share/crystal/src/io/buffered.cr:142:15 in 'write'
src/ht2/zero_copy.cr:65:7 in 'forward_data_frame'
src/ht2/frames/data_frame.cr:50:9 in 'write_to'
src/ht2/connection.cr:343:11 in 'send_frame_zero_copy'
src/ht2/connection.cr:261:9 in 'send_frame'
src/ht2/stream.cr:107:7 in 'send_data'
src/ht2/response.cr:73:9 in 'close'
spec/h2spec_test_server.cr:28:7 in '->'
src/ht2/server.cr:529:16 in 'handle_stream'
src/ht2/server.cr:500:19 in '->'
src/ht2/worker_pool.cr:139:18 in '->'
/opt/homebrew/Cellar/crystal/1.16.3/share/crystal/src/fiber.cr:170:11 in 'run'
/opt/homebrew/Cellar/crystal/1.16.3/share/crystal/src/fiber.cr:105:3 in '->'
2025-06-27T02:08:15.070019Z   WARN - Stream 69: Timed out waiting for window update
2025-06-27T02:08:15.070036Z  ERROR - Error writing response: Timed out waiting for flow control window
2025-06-27T02:08:15.070036Z  DEBUG - Response.close: Sending empty DATA frame with END_STREAM
2025-06-27T02:08:15.070037Z  DEBUG - Stream.send_data: size=0, send_window=0, conn_window=65535
2025-06-27T02:08:15.070785Z  ERROR - Error handling request: Closed stream
/opt/homebrew/Cellar/crystal/1.16.3/share/crystal/src/io.cr:121:5 in 'check_open'
/opt/homebrew/Cellar/crystal/1.16.3/share/crystal/src/io/buffered.cr:142:15 in 'write'
src/ht2/zero_copy.cr:65:7 in 'forward_data_frame'
src/ht2/frames/data_frame.cr:50:9 in 'write_to'
src/ht2/connection.cr:343:11 in 'send_frame_zero_copy'
src/ht2/connection.cr:261:9 in 'send_frame'
src/ht2/stream.cr:107:7 in 'send_data'
src/ht2/response.cr:73:9 in 'close'
spec/h2spec_test_server.cr:28:7 in '->'
src/ht2/server.cr:529:16 in 'handle_stream'
src/ht2/server.cr:500:19 in '->'
src/ht2/worker_pool.cr:139:18 in '->'
/opt/homebrew/Cellar/crystal/1.16.3/share/crystal/src/fiber.cr:170:11 in 'run'
/opt/homebrew/Cellar/crystal/1.16.3/share/crystal/src/fiber.cr:105:3 in '->'
2025-06-27T02:08:15.070818Z   WARN - Stream 71: Timed out waiting for window update
2025-06-27T02:08:15.070832Z  ERROR - Error writing response: Timed out waiting for flow control window
2025-06-27T02:08:15.070832Z  DEBUG - Response.close: Sending empty DATA frame with END_STREAM
2025-06-27T02:08:15.070833Z  DEBUG - Stream.send_data: size=0, send_window=0, conn_window=65535
2025-06-27T02:08:15.071550Z  ERROR - Error handling request: Closed stream
/opt/homebrew/Cellar/crystal/1.16.3/share/crystal/src/io.cr:121:5 in 'check_open'
/opt/homebrew/Cellar/crystal/1.16.3/share/crystal/src/io/buffered.cr:142:15 in 'write'
src/ht2/zero_copy.cr:65:7 in 'forward_data_frame'
src/ht2/frames/data_frame.cr:50:9 in 'write_to'
src/ht2/connection.cr:343:11 in 'send_frame_zero_copy'
src/ht2/connection.cr:261:9 in 'send_frame'
src/ht2/stream.cr:107:7 in 'send_data'
src/ht2/response.cr:73:9 in 'close'
spec/h2spec_test_server.cr:28:7 in '->'
src/ht2/server.cr:529:16 in 'handle_stream'
src/ht2/server.cr:500:19 in '->'
src/ht2/worker_pool.cr:139:18 in '->'
/opt/homebrew/Cellar/crystal/1.16.3/share/crystal/src/fiber.cr:170:11 in 'run'
/opt/homebrew/Cellar/crystal/1.16.3/share/crystal/src/fiber.cr:105:3 in '->'
2025-06-27T02:08:15.071584Z   WARN - Stream 73: Timed out waiting for window update
2025-06-27T02:08:15.071598Z  ERROR - Error writing response: Timed out waiting for flow control window
2025-06-27T02:08:15.071598Z  DEBUG - Response.close: Sending empty DATA frame with END_STREAM
2025-06-27T02:08:15.071599Z  DEBUG - Stream.send_data: size=0, send_window=0, conn_window=65535
2025-06-27T02:08:15.072310Z  ERROR - Error handling request: Closed stream
/opt/homebrew/Cellar/crystal/1.16.3/share/crystal/src/io.cr:121:5 in 'check_open'
/opt/homebrew/Cellar/crystal/1.16.3/share/crystal/src/io/buffered.cr:142:15 in 'write'
src/ht2/zero_copy.cr:65:7 in 'forward_data_frame'
src/ht2/frames/data_frame.cr:50:9 in 'write_to'
src/ht2/connection.cr:343:11 in 'send_frame_zero_copy'
src/ht2/connection.cr:261:9 in 'send_frame'
src/ht2/stream.cr:107:7 in 'send_data'
src/ht2/response.cr:73:9 in 'close'
spec/h2spec_test_server.cr:28:7 in '->'
src/ht2/server.cr:529:16 in 'handle_stream'
src/ht2/server.cr:500:19 in '->'
src/ht2/worker_pool.cr:139:18 in '->'
/opt/homebrew/Cellar/crystal/1.16.3/share/crystal/src/fiber.cr:170:11 in 'run'
/opt/homebrew/Cellar/crystal/1.16.3/share/crystal/src/fiber.cr:105:3 in '->'
2025-06-27T02:08:15.072343Z   WARN - Stream 75: Timed out waiting for window update
2025-06-27T02:08:15.072357Z  ERROR - Error writing response: Timed out waiting for flow control window
2025-06-27T02:08:15.072357Z  DEBUG - Response.close: Sending empty DATA frame with END_STREAM
2025-06-27T02:08:15.072358Z  DEBUG - Stream.send_data: size=0, send_window=0, conn_window=65535
2025-06-27T02:08:15.073074Z  ERROR - Error handling request: Closed stream
/opt/homebrew/Cellar/crystal/1.16.3/share/crystal/src/io.cr:121:5 in 'check_open'
/opt/homebrew/Cellar/crystal/1.16.3/share/crystal/src/io/buffered.cr:142:15 in 'write'
src/ht2/zero_copy.cr:65:7 in 'forward_data_frame'
src/ht2/frames/data_frame.cr:50:9 in 'write_to'
src/ht2/connection.cr:343:11 in 'send_frame_zero_copy'
src/ht2/connection.cr:261:9 in 'send_frame'
src/ht2/stream.cr:107:7 in 'send_data'
src/ht2/response.cr:73:9 in 'close'
spec/h2spec_test_server.cr:28:7 in '->'
src/ht2/server.cr:529:16 in 'handle_stream'
src/ht2/server.cr:500:19 in '->'
src/ht2/worker_pool.cr:139:18 in '->'
/opt/homebrew/Cellar/crystal/1.16.3/share/crystal/src/fiber.cr:170:11 in 'run'
/opt/homebrew/Cellar/crystal/1.16.3/share/crystal/src/fiber.cr:105:3 in '->'
2025-06-27T02:08:15.073108Z   WARN - Stream 77: Timed out waiting for window update
2025-06-27T02:08:15.073122Z  ERROR - Error writing response: Timed out waiting for flow control window
2025-06-27T02:08:15.073122Z  DEBUG - Response.close: Sending empty DATA frame with END_STREAM
2025-06-27T02:08:15.073123Z  DEBUG - Stream.send_data: size=0, send_window=0, conn_window=65535
2025-06-27T02:08:15.073836Z  ERROR - Error handling request: Closed stream
/opt/homebrew/Cellar/crystal/1.16.3/share/crystal/src/io.cr:121:5 in 'check_open'
/opt/homebrew/Cellar/crystal/1.16.3/share/crystal/src/io/buffered.cr:142:15 in 'write'
src/ht2/zero_copy.cr:65:7 in 'forward_data_frame'
src/ht2/frames/data_frame.cr:50:9 in 'write_to'
src/ht2/connection.cr:343:11 in 'send_frame_zero_copy'
src/ht2/connection.cr:261:9 in 'send_frame'
src/ht2/stream.cr:107:7 in 'send_data'
src/ht2/response.cr:73:9 in 'close'
spec/h2spec_test_server.cr:28:7 in '->'
src/ht2/server.cr:529:16 in 'handle_stream'
src/ht2/server.cr:500:19 in '->'
src/ht2/worker_pool.cr:139:18 in '->'
/opt/homebrew/Cellar/crystal/1.16.3/share/crystal/src/fiber.cr:170:11 in 'run'
/opt/homebrew/Cellar/crystal/1.16.3/share/crystal/src/fiber.cr:105:3 in '->'
2025-06-27T02:08:15.073870Z   WARN - Stream 79: Timed out waiting for window update
2025-06-27T02:08:15.073884Z  ERROR - Error writing response: Timed out waiting for flow control window
2025-06-27T02:08:15.073884Z  DEBUG - Response.close: Sending empty DATA frame with END_STREAM
2025-06-27T02:08:15.073885Z  DEBUG - Stream.send_data: size=0, send_window=0, conn_window=65535
2025-06-27T02:08:15.074595Z  ERROR - Error handling request: Closed stream
/opt/homebrew/Cellar/crystal/1.16.3/share/crystal/src/io.cr:121:5 in 'check_open'
/opt/homebrew/Cellar/crystal/1.16.3/share/crystal/src/io/buffered.cr:142:15 in 'write'
src/ht2/zero_copy.cr:65:7 in 'forward_data_frame'
src/ht2/frames/data_frame.cr:50:9 in 'write_to'
src/ht2/connection.cr:343:11 in 'send_frame_zero_copy'
src/ht2/connection.cr:261:9 in 'send_frame'
src/ht2/stream.cr:107:7 in 'send_data'
src/ht2/response.cr:73:9 in 'close'
spec/h2spec_test_server.cr:28:7 in '->'
src/ht2/server.cr:529:16 in 'handle_stream'
src/ht2/server.cr:500:19 in '->'
src/ht2/worker_pool.cr:139:18 in '->'
/opt/homebrew/Cellar/crystal/1.16.3/share/crystal/src/fiber.cr:170:11 in 'run'
/opt/homebrew/Cellar/crystal/1.16.3/share/crystal/src/fiber.cr:105:3 in '->'
2025-06-27T02:08:15.074628Z   WARN - Stream 81: Timed out waiting for window update
2025-06-27T02:08:15.074640Z  ERROR - Error writing response: Timed out waiting for flow control window
2025-06-27T02:08:15.074641Z  DEBUG - Response.close: Sending empty DATA frame with END_STREAM
2025-06-27T02:08:15.074642Z  DEBUG - Stream.send_data: size=0, send_window=0, conn_window=65535
2025-06-27T02:08:15.075352Z  ERROR - Error handling request: Closed stream
/opt/homebrew/Cellar/crystal/1.16.3/share/crystal/src/io.cr:121:5 in 'check_open'
/opt/homebrew/Cellar/crystal/1.16.3/share/crystal/src/io/buffered.cr:142:15 in 'write'
src/ht2/zero_copy.cr:65:7 in 'forward_data_frame'
src/ht2/frames/data_frame.cr:50:9 in 'write_to'
src/ht2/connection.cr:343:11 in 'send_frame_zero_copy'
src/ht2/connection.cr:261:9 in 'send_frame'
src/ht2/stream.cr:107:7 in 'send_data'
src/ht2/response.cr:73:9 in 'close'
spec/h2spec_test_server.cr:28:7 in '->'
src/ht2/server.cr:529:16 in 'handle_stream'
src/ht2/server.cr:500:19 in '->'
src/ht2/worker_pool.cr:139:18 in '->'
/opt/homebrew/Cellar/crystal/1.16.3/share/crystal/src/fiber.cr:170:11 in 'run'
/opt/homebrew/Cellar/crystal/1.16.3/share/crystal/src/fiber.cr:105:3 in '->'
2025-06-27T02:08:15.075385Z   WARN - Stream 83: Timed out waiting for window update
2025-06-27T02:08:15.075399Z  ERROR - Error writing response: Timed out waiting for flow control window
2025-06-27T02:08:15.075399Z  DEBUG - Response.close: Sending empty DATA frame with END_STREAM
2025-06-27T02:08:15.075400Z  DEBUG - Stream.send_data: size=0, send_window=0, conn_window=65535
2025-06-27T02:08:15.076111Z  ERROR - Error handling request: Closed stream
/opt/homebrew/Cellar/crystal/1.16.3/share/crystal/src/io.cr:121:5 in 'check_open'
/opt/homebrew/Cellar/crystal/1.16.3/share/crystal/src/io/buffered.cr:142:15 in 'write'
src/ht2/zero_copy.cr:65:7 in 'forward_data_frame'
src/ht2/frames/data_frame.cr:50:9 in 'write_to'
src/ht2/connection.cr:343:11 in 'send_frame_zero_copy'
src/ht2/connection.cr:261:9 in 'send_frame'
src/ht2/stream.cr:107:7 in 'send_data'
src/ht2/response.cr:73:9 in 'close'
spec/h2spec_test_server.cr:28:7 in '->'
src/ht2/server.cr:529:16 in 'handle_stream'
src/ht2/server.cr:500:19 in '->'
src/ht2/worker_pool.cr:139:18 in '->'
/opt/homebrew/Cellar/crystal/1.16.3/share/crystal/src/fiber.cr:170:11 in 'run'
/opt/homebrew/Cellar/crystal/1.16.3/share/crystal/src/fiber.cr:105:3 in '->'
2025-06-27T02:08:15.076144Z   WARN - Stream 85: Timed out waiting for window update
2025-06-27T02:08:15.076159Z  ERROR - Error writing response: Timed out waiting for flow control window
2025-06-27T02:08:15.076159Z  DEBUG - Response.close: Sending empty DATA frame with END_STREAM
2025-06-27T02:08:15.076160Z  DEBUG - Stream.send_data: size=0, send_window=0, conn_window=65535
2025-06-27T02:08:15.076877Z  ERROR - Error handling request: Closed stream
/opt/homebrew/Cellar/crystal/1.16.3/share/crystal/src/io.cr:121:5 in 'check_open'
/opt/homebrew/Cellar/crystal/1.16.3/share/crystal/src/io/buffered.cr:142:15 in 'write'
src/ht2/zero_copy.cr:65:7 in 'forward_data_frame'
src/ht2/frames/data_frame.cr:50:9 in 'write_to'
src/ht2/connection.cr:343:11 in 'send_frame_zero_copy'
src/ht2/connection.cr:261:9 in 'send_frame'
src/ht2/stream.cr:107:7 in 'send_data'
src/ht2/response.cr:73:9 in 'close'
spec/h2spec_test_server.cr:28:7 in '->'
src/ht2/server.cr:529:16 in 'handle_stream'
src/ht2/server.cr:500:19 in '->'
src/ht2/worker_pool.cr:139:18 in '->'
/opt/homebrew/Cellar/crystal/1.16.3/share/crystal/src/fiber.cr:170:11 in 'run'
/opt/homebrew/Cellar/crystal/1.16.3/share/crystal/src/fiber.cr:105:3 in '->'
2025-06-27T02:08:15.076910Z   WARN - Stream 87: Timed out waiting for window update
2025-06-27T02:08:15.076925Z  ERROR - Error writing response: Timed out waiting for flow control window
2025-06-27T02:08:15.076925Z  DEBUG - Response.close: Sending empty DATA frame with END_STREAM
2025-06-27T02:08:15.076926Z  DEBUG - Stream.send_data: size=0, send_window=0, conn_window=65535
2025-06-27T02:08:15.077640Z  ERROR - Error handling request: Closed stream
/opt/homebrew/Cellar/crystal/1.16.3/share/crystal/src/io.cr:121:5 in 'check_open'
/opt/homebrew/Cellar/crystal/1.16.3/share/crystal/src/io/buffered.cr:142:15 in 'write'
src/ht2/zero_copy.cr:65:7 in 'forward_data_frame'
src/ht2/frames/data_frame.cr:50:9 in 'write_to'
src/ht2/connection.cr:343:11 in 'send_frame_zero_copy'
src/ht2/connection.cr:261:9 in 'send_frame'
src/ht2/stream.cr:107:7 in 'send_data'
src/ht2/response.cr:73:9 in 'close'
spec/h2spec_test_server.cr:28:7 in '->'
src/ht2/server.cr:529:16 in 'handle_stream'
src/ht2/server.cr:500:19 in '->'
src/ht2/worker_pool.cr:139:18 in '->'
/opt/homebrew/Cellar/crystal/1.16.3/share/crystal/src/fiber.cr:170:11 in 'run'
/opt/homebrew/Cellar/crystal/1.16.3/share/crystal/src/fiber.cr:105:3 in '->'
2025-06-27T02:08:15.077674Z   WARN - Stream 89: Timed out waiting for window update
2025-06-27T02:08:15.077688Z  ERROR - Error writing response: Timed out waiting for flow control window
2025-06-27T02:08:15.077689Z  DEBUG - Response.close: Sending empty DATA frame with END_STREAM
2025-06-27T02:08:15.077690Z  DEBUG - Stream.send_data: size=0, send_window=0, conn_window=65535
2025-06-27T02:08:15.078394Z  ERROR - Error handling request: Closed stream
/opt/homebrew/Cellar/crystal/1.16.3/share/crystal/src/io.cr:121:5 in 'check_open'
/opt/homebrew/Cellar/crystal/1.16.3/share/crystal/src/io/buffered.cr:142:15 in 'write'
src/ht2/zero_copy.cr:65:7 in 'forward_data_frame'
src/ht2/frames/data_frame.cr:50:9 in 'write_to'
src/ht2/connection.cr:343:11 in 'send_frame_zero_copy'
src/ht2/connection.cr:261:9 in 'send_frame'
src/ht2/stream.cr:107:7 in 'send_data'
src/ht2/response.cr:73:9 in 'close'
spec/h2spec_test_server.cr:28:7 in '->'
src/ht2/server.cr:529:16 in 'handle_stream'
src/ht2/server.cr:500:19 in '->'
src/ht2/worker_pool.cr:139:18 in '->'
/opt/homebrew/Cellar/crystal/1.16.3/share/crystal/src/fiber.cr:170:11 in 'run'
/opt/homebrew/Cellar/crystal/1.16.3/share/crystal/src/fiber.cr:105:3 in '->'
2025-06-27T02:08:15.078424Z   WARN - Stream 91: Timed out waiting for window update
2025-06-27T02:08:15.078436Z  ERROR - Error writing response: Timed out waiting for flow control window
2025-06-27T02:08:15.078437Z  DEBUG - Response.close: Sending empty DATA frame with END_STREAM
2025-06-27T02:08:15.078438Z  DEBUG - Stream.send_data: size=0, send_window=0, conn_window=65535
2025-06-27T02:08:15.079086Z  ERROR - Error handling request: Closed stream
/opt/homebrew/Cellar/crystal/1.16.3/share/crystal/src/io.cr:121:5 in 'check_open'
/opt/homebrew/Cellar/crystal/1.16.3/share/crystal/src/io/buffered.cr:142:15 in 'write'
src/ht2/zero_copy.cr:65:7 in 'forward_data_frame'
src/ht2/frames/data_frame.cr:50:9 in 'write_to'
src/ht2/connection.cr:343:11 in 'send_frame_zero_copy'
src/ht2/connection.cr:261:9 in 'send_frame'
src/ht2/stream.cr:107:7 in 'send_data'
src/ht2/response.cr:73:9 in 'close'
spec/h2spec_test_server.cr:28:7 in '->'
src/ht2/server.cr:529:16 in 'handle_stream'
src/ht2/server.cr:500:19 in '->'
src/ht2/worker_pool.cr:139:18 in '->'
/opt/homebrew/Cellar/crystal/1.16.3/share/crystal/src/fiber.cr:170:11 in 'run'
/opt/homebrew/Cellar/crystal/1.16.3/share/crystal/src/fiber.cr:105:3 in '->'
2025-06-27T02:08:15.079116Z   WARN - Stream 93: Timed out waiting for window update
2025-06-27T02:08:15.079129Z  ERROR - Error writing response: Timed out waiting for flow control window
2025-06-27T02:08:15.079129Z  DEBUG - Response.close: Sending empty DATA frame with END_STREAM
2025-06-27T02:08:15.079130Z  DEBUG - Stream.send_data: size=0, send_window=0, conn_window=65535
2025-06-27T02:08:15.079781Z  ERROR - Error handling request: Closed stream
/opt/homebrew/Cellar/crystal/1.16.3/share/crystal/src/io.cr:121:5 in 'check_open'
/opt/homebrew/Cellar/crystal/1.16.3/share/crystal/src/io/buffered.cr:142:15 in 'write'
src/ht2/zero_copy.cr:65:7 in 'forward_data_frame'
src/ht2/frames/data_frame.cr:50:9 in 'write_to'
src/ht2/connection.cr:343:11 in 'send_frame_zero_copy'
src/ht2/connection.cr:261:9 in 'send_frame'
src/ht2/stream.cr:107:7 in 'send_data'
src/ht2/response.cr:73:9 in 'close'
spec/h2spec_test_server.cr:28:7 in '->'
src/ht2/server.cr:529:16 in 'handle_stream'
src/ht2/server.cr:500:19 in '->'
src/ht2/worker_pool.cr:139:18 in '->'
/opt/homebrew/Cellar/crystal/1.16.3/share/crystal/src/fiber.cr:170:11 in 'run'
/opt/homebrew/Cellar/crystal/1.16.3/share/crystal/src/fiber.cr:105:3 in '->'
2025-06-27T02:08:15.079814Z   WARN - Stream 95: Timed out waiting for window update
2025-06-27T02:08:15.079825Z  ERROR - Error writing response: Timed out waiting for flow control window
2025-06-27T02:08:15.079826Z  DEBUG - Response.close: Sending empty DATA frame with END_STREAM
2025-06-27T02:08:15.079826Z  DEBUG - Stream.send_data: size=0, send_window=0, conn_window=65535
2025-06-27T02:08:15.080482Z  ERROR - Error handling request: Closed stream
/opt/homebrew/Cellar/crystal/1.16.3/share/crystal/src/io.cr:121:5 in 'check_open'
/opt/homebrew/Cellar/crystal/1.16.3/share/crystal/src/io/buffered.cr:142:15 in 'write'
src/ht2/zero_copy.cr:65:7 in 'forward_data_frame'
src/ht2/frames/data_frame.cr:50:9 in 'write_to'
src/ht2/connection.cr:343:11 in 'send_frame_zero_copy'
src/ht2/connection.cr:261:9 in 'send_frame'
src/ht2/stream.cr:107:7 in 'send_data'
src/ht2/response.cr:73:9 in 'close'
spec/h2spec_test_server.cr:28:7 in '->'
src/ht2/server.cr:529:16 in 'handle_stream'
src/ht2/server.cr:500:19 in '->'
src/ht2/worker_pool.cr:139:18 in '->'
/opt/homebrew/Cellar/crystal/1.16.3/share/crystal/src/fiber.cr:170:11 in 'run'
/opt/homebrew/Cellar/crystal/1.16.3/share/crystal/src/fiber.cr:105:3 in '->'
2025-06-27T02:08:15.080513Z   WARN - Stream 97: Timed out waiting for window update
2025-06-27T02:08:15.080527Z  ERROR - Error writing response: Timed out waiting for flow control window
2025-06-27T02:08:15.080527Z  DEBUG - Response.close: Sending empty DATA frame with END_STREAM
2025-06-27T02:08:15.080528Z  DEBUG - Stream.send_data: size=0, send_window=0, conn_window=65535
2025-06-27T02:08:15.081177Z  ERROR - Error handling request: Closed stream
/opt/homebrew/Cellar/crystal/1.16.3/share/crystal/src/io.cr:121:5 in 'check_open'
/opt/homebrew/Cellar/crystal/1.16.3/share/crystal/src/io/buffered.cr:142:15 in 'write'
src/ht2/zero_copy.cr:65:7 in 'forward_data_frame'
src/ht2/frames/data_frame.cr:50:9 in 'write_to'
src/ht2/connection.cr:343:11 in 'send_frame_zero_copy'
src/ht2/connection.cr:261:9 in 'send_frame'
src/ht2/stream.cr:107:7 in 'send_data'
src/ht2/response.cr:73:9 in 'close'
spec/h2spec_test_server.cr:28:7 in '->'
src/ht2/server.cr:529:16 in 'handle_stream'
src/ht2/server.cr:500:19 in '->'
src/ht2/worker_pool.cr:139:18 in '->'
/opt/homebrew/Cellar/crystal/1.16.3/share/crystal/src/fiber.cr:170:11 in 'run'
/opt/homebrew/Cellar/crystal/1.16.3/share/crystal/src/fiber.cr:105:3 in '->'
2025-06-27T02:08:15.081207Z   WARN - Stream 99: Timed out waiting for window update
2025-06-27T02:08:15.081220Z  ERROR - Error writing response: Timed out waiting for flow control window
2025-06-27T02:08:15.081220Z  DEBUG - Response.close: Sending empty DATA frame with END_STREAM
2025-06-27T02:08:15.081221Z  DEBUG - Stream.send_data: size=0, send_window=0, conn_window=65535
2025-06-27T02:08:15.081869Z  ERROR - Error handling request: Closed stream
/opt/homebrew/Cellar/crystal/1.16.3/share/crystal/src/io.cr:121:5 in 'check_open'
/opt/homebrew/Cellar/crystal/1.16.3/share/crystal/src/io/buffered.cr:142:15 in 'write'
src/ht2/zero_copy.cr:65:7 in 'forward_data_frame'
src/ht2/frames/data_frame.cr:50:9 in 'write_to'
src/ht2/connection.cr:343:11 in 'send_frame_zero_copy'
src/ht2/connection.cr:261:9 in 'send_frame'
src/ht2/stream.cr:107:7 in 'send_data'
src/ht2/response.cr:73:9 in 'close'
spec/h2spec_test_server.cr:28:7 in '->'
src/ht2/server.cr:529:16 in 'handle_stream'
src/ht2/server.cr:500:19 in '->'
src/ht2/worker_pool.cr:139:18 in '->'
/opt/homebrew/Cellar/crystal/1.16.3/share/crystal/src/fiber.cr:170:11 in 'run'
/opt/homebrew/Cellar/crystal/1.16.3/share/crystal/src/fiber.cr:105:3 in '->'
2025-06-27T02:08:15.081899Z   WARN - Stream 101: Timed out waiting for window update
2025-06-27T02:08:15.081913Z  ERROR - Error writing response: Timed out waiting for flow control window
2025-06-27T02:08:15.081913Z  DEBUG - Response.close: Sending empty DATA frame with END_STREAM
2025-06-27T02:08:15.081914Z  DEBUG - Stream.send_data: size=0, send_window=0, conn_window=65535
2025-06-27T02:08:15.082546Z  ERROR - Error handling request: Closed stream
/opt/homebrew/Cellar/crystal/1.16.3/share/crystal/src/io.cr:121:5 in 'check_open'
/opt/homebrew/Cellar/crystal/1.16.3/share/crystal/src/io/buffered.cr:142:15 in 'write'
src/ht2/zero_copy.cr:65:7 in 'forward_data_frame'
src/ht2/frames/data_frame.cr:50:9 in 'write_to'
src/ht2/connection.cr:343:11 in 'send_frame_zero_copy'
src/ht2/connection.cr:261:9 in 'send_frame'
src/ht2/stream.cr:107:7 in 'send_data'
src/ht2/response.cr:73:9 in 'close'
spec/h2spec_test_server.cr:28:7 in '->'
src/ht2/server.cr:529:16 in 'handle_stream'
src/ht2/server.cr:500:19 in '->'
src/ht2/worker_pool.cr:139:18 in '->'
/opt/homebrew/Cellar/crystal/1.16.3/share/crystal/src/fiber.cr:170:11 in 'run'
/opt/homebrew/Cellar/crystal/1.16.3/share/crystal/src/fiber.cr:105:3 in '->'
2025-06-27T02:08:15.082574Z   WARN - Stream 103: Timed out waiting for window update
2025-06-27T02:08:15.082586Z  ERROR - Error writing response: Timed out waiting for flow control window
2025-06-27T02:08:15.082587Z  DEBUG - Response.close: Sending empty DATA frame with END_STREAM
2025-06-27T02:08:15.082587Z  DEBUG - Stream.send_data: size=0, send_window=0, conn_window=65535
2025-06-27T02:08:15.083190Z  ERROR - Error handling request: Closed stream
/opt/homebrew/Cellar/crystal/1.16.3/share/crystal/src/io.cr:121:5 in 'check_open'
/opt/homebrew/Cellar/crystal/1.16.3/share/crystal/src/io/buffered.cr:142:15 in 'write'
src/ht2/zero_copy.cr:65:7 in 'forward_data_frame'
src/ht2/frames/data_frame.cr:50:9 in 'write_to'
src/ht2/connection.cr:343:11 in 'send_frame_zero_copy'
src/ht2/connection.cr:261:9 in 'send_frame'
src/ht2/stream.cr:107:7 in 'send_data'
src/ht2/response.cr:73:9 in 'close'
spec/h2spec_test_server.cr:28:7 in '->'
src/ht2/server.cr:529:16 in 'handle_stream'
src/ht2/server.cr:500:19 in '->'
src/ht2/worker_pool.cr:139:18 in '->'
/opt/homebrew/Cellar/crystal/1.16.3/share/crystal/src/fiber.cr:170:11 in 'run'
/opt/homebrew/Cellar/crystal/1.16.3/share/crystal/src/fiber.cr:105:3 in '->'
2025-06-27T02:08:15.083220Z   WARN - Stream 105: Timed out waiting for window update
2025-06-27T02:08:15.083233Z  ERROR - Error writing response: Timed out waiting for flow control window
2025-06-27T02:08:15.083233Z  DEBUG - Response.close: Sending empty DATA frame with END_STREAM
2025-06-27T02:08:15.083234Z  DEBUG - Stream.send_data: size=0, send_window=0, conn_window=65535
2025-06-27T02:08:15.083848Z  ERROR - Error handling request: Closed stream
/opt/homebrew/Cellar/crystal/1.16.3/share/crystal/src/io.cr:121:5 in 'check_open'
/opt/homebrew/Cellar/crystal/1.16.3/share/crystal/src/io/buffered.cr:142:15 in 'write'
src/ht2/zero_copy.cr:65:7 in 'forward_data_frame'
src/ht2/frames/data_frame.cr:50:9 in 'write_to'
src/ht2/connection.cr:343:11 in 'send_frame_zero_copy'
src/ht2/connection.cr:261:9 in 'send_frame'
src/ht2/stream.cr:107:7 in 'send_data'
src/ht2/response.cr:73:9 in 'close'
spec/h2spec_test_server.cr:28:7 in '->'
src/ht2/server.cr:529:16 in 'handle_stream'
src/ht2/server.cr:500:19 in '->'
src/ht2/worker_pool.cr:139:18 in '->'
/opt/homebrew/Cellar/crystal/1.16.3/share/crystal/src/fiber.cr:170:11 in 'run'
/opt/homebrew/Cellar/crystal/1.16.3/share/crystal/src/fiber.cr:105:3 in '->'
2025-06-27T02:08:15.083876Z   WARN - Stream 107: Timed out waiting for window update
2025-06-27T02:08:15.083887Z  ERROR - Error writing response: Timed out waiting for flow control window
2025-06-27T02:08:15.083887Z  DEBUG - Response.close: Sending empty DATA frame with END_STREAM
2025-06-27T02:08:15.083888Z  DEBUG - Stream.send_data: size=0, send_window=0, conn_window=65535
2025-06-27T02:08:15.084489Z  ERROR - Error handling request: Closed stream
/opt/homebrew/Cellar/crystal/1.16.3/share/crystal/src/io.cr:121:5 in 'check_open'
/opt/homebrew/Cellar/crystal/1.16.3/share/crystal/src/io/buffered.cr:142:15 in 'write'
src/ht2/zero_copy.cr:65:7 in 'forward_data_frame'
src/ht2/frames/data_frame.cr:50:9 in 'write_to'
src/ht2/connection.cr:343:11 in 'send_frame_zero_copy'
src/ht2/connection.cr:261:9 in 'send_frame'
src/ht2/stream.cr:107:7 in 'send_data'
src/ht2/response.cr:73:9 in 'close'
spec/h2spec_test_server.cr:28:7 in '->'
src/ht2/server.cr:529:16 in 'handle_stream'
src/ht2/server.cr:500:19 in '->'
src/ht2/worker_pool.cr:139:18 in '->'
/opt/homebrew/Cellar/crystal/1.16.3/share/crystal/src/fiber.cr:170:11 in 'run'
/opt/homebrew/Cellar/crystal/1.16.3/share/crystal/src/fiber.cr:105:3 in '->'
2025-06-27T02:08:15.084517Z   WARN - Stream 109: Timed out waiting for window update
2025-06-27T02:08:15.084529Z  ERROR - Error writing response: Timed out waiting for flow control window
2025-06-27T02:08:15.084529Z  DEBUG - Response.close: Sending empty DATA frame with END_STREAM
2025-06-27T02:08:15.084530Z  DEBUG - Stream.send_data: size=0, send_window=0, conn_window=65535
2025-06-27T02:08:15.085131Z  ERROR - Error handling request: Closed stream
/opt/homebrew/Cellar/crystal/1.16.3/share/crystal/src/io.cr:121:5 in 'check_open'
/opt/homebrew/Cellar/crystal/1.16.3/share/crystal/src/io/buffered.cr:142:15 in 'write'
src/ht2/zero_copy.cr:65:7 in 'forward_data_frame'
src/ht2/frames/data_frame.cr:50:9 in 'write_to'
src/ht2/connection.cr:343:11 in 'send_frame_zero_copy'
src/ht2/connection.cr:261:9 in 'send_frame'
src/ht2/stream.cr:107:7 in 'send_data'
src/ht2/response.cr:73:9 in 'close'
spec/h2spec_test_server.cr:28:7 in '->'
src/ht2/server.cr:529:16 in 'handle_stream'
src/ht2/server.cr:500:19 in '->'
src/ht2/worker_pool.cr:139:18 in '->'
/opt/homebrew/Cellar/crystal/1.16.3/share/crystal/src/fiber.cr:170:11 in 'run'
/opt/homebrew/Cellar/crystal/1.16.3/share/crystal/src/fiber.cr:105:3 in '->'
2025-06-27T02:08:15.085159Z   WARN - Stream 111: Timed out waiting for window update
2025-06-27T02:08:15.085170Z  ERROR - Error writing response: Timed out waiting for flow control window
2025-06-27T02:08:15.085170Z  DEBUG - Response.close: Sending empty DATA frame with END_STREAM
2025-06-27T02:08:15.085171Z  DEBUG - Stream.send_data: size=0, send_window=0, conn_window=65535
2025-06-27T02:08:15.085790Z  ERROR - Error handling request: Closed stream
/opt/homebrew/Cellar/crystal/1.16.3/share/crystal/src/io.cr:121:5 in 'check_open'
/opt/homebrew/Cellar/crystal/1.16.3/share/crystal/src/io/buffered.cr:142:15 in 'write'
src/ht2/zero_copy.cr:65:7 in 'forward_data_frame'
src/ht2/frames/data_frame.cr:50:9 in 'write_to'
src/ht2/connection.cr:343:11 in 'send_frame_zero_copy'
src/ht2/connection.cr:261:9 in 'send_frame'
src/ht2/stream.cr:107:7 in 'send_data'
src/ht2/response.cr:73:9 in 'close'
spec/h2spec_test_server.cr:28:7 in '->'
src/ht2/server.cr:529:16 in 'handle_stream'
src/ht2/server.cr:500:19 in '->'
src/ht2/worker_pool.cr:139:18 in '->'
/opt/homebrew/Cellar/crystal/1.16.3/share/crystal/src/fiber.cr:170:11 in 'run'
/opt/homebrew/Cellar/crystal/1.16.3/share/crystal/src/fiber.cr:105:3 in '->'
2025-06-27T02:08:15.085819Z   WARN - Stream 113: Timed out waiting for window update
2025-06-27T02:08:15.085833Z  ERROR - Error writing response: Timed out waiting for flow control window
2025-06-27T02:08:15.085833Z  DEBUG - Response.close: Sending empty DATA frame with END_STREAM
2025-06-27T02:08:15.085834Z  DEBUG - Stream.send_data: size=0, send_window=0, conn_window=65535
2025-06-27T02:08:15.086441Z  ERROR - Error handling request: Closed stream
/opt/homebrew/Cellar/crystal/1.16.3/share/crystal/src/io.cr:121:5 in 'check_open'
/opt/homebrew/Cellar/crystal/1.16.3/share/crystal/src/io/buffered.cr:142:15 in 'write'
src/ht2/zero_copy.cr:65:7 in 'forward_data_frame'
src/ht2/frames/data_frame.cr:50:9 in 'write_to'
src/ht2/connection.cr:343:11 in 'send_frame_zero_copy'
src/ht2/connection.cr:261:9 in 'send_frame'
src/ht2/stream.cr:107:7 in 'send_data'
src/ht2/response.cr:73:9 in 'close'
spec/h2spec_test_server.cr:28:7 in '->'
src/ht2/server.cr:529:16 in 'handle_stream'
src/ht2/server.cr:500:19 in '->'
src/ht2/worker_pool.cr:139:18 in '->'
/opt/homebrew/Cellar/crystal/1.16.3/share/crystal/src/fiber.cr:170:11 in 'run'
/opt/homebrew/Cellar/crystal/1.16.3/share/crystal/src/fiber.cr:105:3 in '->'
2025-06-27T02:08:15.086469Z   WARN - Stream 115: Timed out waiting for window update
2025-06-27T02:08:15.086479Z  ERROR - Error writing response: Timed out waiting for flow control window
2025-06-27T02:08:15.086480Z  DEBUG - Response.close: Sending empty DATA frame with END_STREAM
2025-06-27T02:08:15.086480Z  DEBUG - Stream.send_data: size=0, send_window=0, conn_window=65535
2025-06-27T02:08:15.087111Z  ERROR - Error handling request: Closed stream
/opt/homebrew/Cellar/crystal/1.16.3/share/crystal/src/io.cr:121:5 in 'check_open'
/opt/homebrew/Cellar/crystal/1.16.3/share/crystal/src/io/buffered.cr:142:15 in 'write'
src/ht2/zero_copy.cr:65:7 in 'forward_data_frame'
src/ht2/frames/data_frame.cr:50:9 in 'write_to'
src/ht2/connection.cr:343:11 in 'send_frame_zero_copy'
src/ht2/connection.cr:261:9 in 'send_frame'
src/ht2/stream.cr:107:7 in 'send_data'
src/ht2/response.cr:73:9 in 'close'
spec/h2spec_test_server.cr:28:7 in '->'
src/ht2/server.cr:529:16 in 'handle_stream'
src/ht2/server.cr:500:19 in '->'
src/ht2/worker_pool.cr:139:18 in '->'
/opt/homebrew/Cellar/crystal/1.16.3/share/crystal/src/fiber.cr:170:11 in 'run'
/opt/homebrew/Cellar/crystal/1.16.3/share/crystal/src/fiber.cr:105:3 in '->'
2025-06-27T02:08:15.087142Z   WARN - Stream 117: Timed out waiting for window update
2025-06-27T02:08:15.087153Z  ERROR - Error writing response: Timed out waiting for flow control window
2025-06-27T02:08:15.087153Z  DEBUG - Response.close: Sending empty DATA frame with END_STREAM
2025-06-27T02:08:15.087154Z  DEBUG - Stream.send_data: size=0, send_window=0, conn_window=65535
2025-06-27T02:08:15.087756Z  ERROR - Error handling request: Closed stream
/opt/homebrew/Cellar/crystal/1.16.3/share/crystal/src/io.cr:121:5 in 'check_open'
/opt/homebrew/Cellar/crystal/1.16.3/share/crystal/src/io/buffered.cr:142:15 in 'write'
src/ht2/zero_copy.cr:65:7 in 'forward_data_frame'
src/ht2/frames/data_frame.cr:50:9 in 'write_to'
src/ht2/connection.cr:343:11 in 'send_frame_zero_copy'
src/ht2/connection.cr:261:9 in 'send_frame'
src/ht2/stream.cr:107:7 in 'send_data'
src/ht2/response.cr:73:9 in 'close'
spec/h2spec_test_server.cr:28:7 in '->'
src/ht2/server.cr:529:16 in 'handle_stream'
src/ht2/server.cr:500:19 in '->'
src/ht2/worker_pool.cr:139:18 in '->'
/opt/homebrew/Cellar/crystal/1.16.3/share/crystal/src/fiber.cr:170:11 in 'run'
/opt/homebrew/Cellar/crystal/1.16.3/share/crystal/src/fiber.cr:105:3 in '->'
2025-06-27T02:08:15.087785Z   WARN - Stream 119: Timed out waiting for window update
2025-06-27T02:08:15.087800Z  ERROR - Error writing response: Timed out waiting for flow control window
2025-06-27T02:08:15.087800Z  DEBUG - Response.close: Sending empty DATA frame with END_STREAM
2025-06-27T02:08:15.087801Z  DEBUG - Stream.send_data: size=0, send_window=0, conn_window=65535
2025-06-27T02:08:15.088411Z  ERROR - Error handling request: Closed stream
/opt/homebrew/Cellar/crystal/1.16.3/share/crystal/src/io.cr:121:5 in 'check_open'
/opt/homebrew/Cellar/crystal/1.16.3/share/crystal/src/io/buffered.cr:142:15 in 'write'
src/ht2/zero_copy.cr:65:7 in 'forward_data_frame'
src/ht2/frames/data_frame.cr:50:9 in 'write_to'
src/ht2/connection.cr:343:11 in 'send_frame_zero_copy'
src/ht2/connection.cr:261:9 in 'send_frame'
src/ht2/stream.cr:107:7 in 'send_data'
src/ht2/response.cr:73:9 in 'close'
spec/h2spec_test_server.cr:28:7 in '->'
src/ht2/server.cr:529:16 in 'handle_stream'
src/ht2/server.cr:500:19 in '->'
src/ht2/worker_pool.cr:139:18 in '->'
/opt/homebrew/Cellar/crystal/1.16.3/share/crystal/src/fiber.cr:170:11 in 'run'
/opt/homebrew/Cellar/crystal/1.16.3/share/crystal/src/fiber.cr:105:3 in '->'
2025-06-27T02:08:15.088439Z   WARN - Stream 121: Timed out waiting for window update
2025-06-27T02:08:15.088452Z  ERROR - Error writing response: Timed out waiting for flow control window
2025-06-27T02:08:15.088452Z  DEBUG - Response.close: Sending empty DATA frame with END_STREAM
2025-06-27T02:08:15.088453Z  DEBUG - Stream.send_data: size=0, send_window=0, conn_window=65535
2025-06-27T02:08:15.089054Z  ERROR - Error handling request: Closed stream
/opt/homebrew/Cellar/crystal/1.16.3/share/crystal/src/io.cr:121:5 in 'check_open'
/opt/homebrew/Cellar/crystal/1.16.3/share/crystal/src/io/buffered.cr:142:15 in 'write'
src/ht2/zero_copy.cr:65:7 in 'forward_data_frame'
src/ht2/frames/data_frame.cr:50:9 in 'write_to'
src/ht2/connection.cr:343:11 in 'send_frame_zero_copy'
src/ht2/connection.cr:261:9 in 'send_frame'
src/ht2/stream.cr:107:7 in 'send_data'
src/ht2/response.cr:73:9 in 'close'
spec/h2spec_test_server.cr:28:7 in '->'
src/ht2/server.cr:529:16 in 'handle_stream'
src/ht2/server.cr:500:19 in '->'
src/ht2/worker_pool.cr:139:18 in '->'
/opt/homebrew/Cellar/crystal/1.16.3/share/crystal/src/fiber.cr:170:11 in 'run'
/opt/homebrew/Cellar/crystal/1.16.3/share/crystal/src/fiber.cr:105:3 in '->'
2025-06-27T02:08:15.089082Z   WARN - Stream 123: Timed out waiting for window update
2025-06-27T02:08:15.089094Z  ERROR - Error writing response: Timed out waiting for flow control window
2025-06-27T02:08:15.089094Z  DEBUG - Response.close: Sending empty DATA frame with END_STREAM
2025-06-27T02:08:15.089095Z  DEBUG - Stream.send_data: size=0, send_window=0, conn_window=65535
2025-06-27T02:08:15.089699Z  ERROR - Error handling request: Closed stream
/opt/homebrew/Cellar/crystal/1.16.3/share/crystal/src/io.cr:121:5 in 'check_open'
/opt/homebrew/Cellar/crystal/1.16.3/share/crystal/src/io/buffered.cr:142:15 in 'write'
src/ht2/zero_copy.cr:65:7 in 'forward_data_frame'
src/ht2/frames/data_frame.cr:50:9 in 'write_to'
src/ht2/connection.cr:343:11 in 'send_frame_zero_copy'
src/ht2/connection.cr:261:9 in 'send_frame'
src/ht2/stream.cr:107:7 in 'send_data'
src/ht2/response.cr:73:9 in 'close'
spec/h2spec_test_server.cr:28:7 in '->'
src/ht2/server.cr:529:16 in 'handle_stream'
src/ht2/server.cr:500:19 in '->'
src/ht2/worker_pool.cr:139:18 in '->'
/opt/homebrew/Cellar/crystal/1.16.3/share/crystal/src/fiber.cr:170:11 in 'run'
/opt/homebrew/Cellar/crystal/1.16.3/share/crystal/src/fiber.cr:105:3 in '->'
2025-06-27T02:08:15.089730Z   WARN - Stream 125: Timed out waiting for window update
2025-06-27T02:08:15.089743Z  ERROR - Error writing response: Timed out waiting for flow control window
2025-06-27T02:08:15.089743Z  DEBUG - Response.close: Sending empty DATA frame with END_STREAM
2025-06-27T02:08:15.089744Z  DEBUG - Stream.send_data: size=0, send_window=0, conn_window=65535
2025-06-27T02:08:15.090343Z  ERROR - Error handling request: Closed stream
/opt/homebrew/Cellar/crystal/1.16.3/share/crystal/src/io.cr:121:5 in 'check_open'
/opt/homebrew/Cellar/crystal/1.16.3/share/crystal/src/io/buffered.cr:142:15 in 'write'
src/ht2/zero_copy.cr:65:7 in 'forward_data_frame'
src/ht2/frames/data_frame.cr:50:9 in 'write_to'
src/ht2/connection.cr:343:11 in 'send_frame_zero_copy'
src/ht2/connection.cr:261:9 in 'send_frame'
src/ht2/stream.cr:107:7 in 'send_data'
src/ht2/response.cr:73:9 in 'close'
spec/h2spec_test_server.cr:28:7 in '->'
src/ht2/server.cr:529:16 in 'handle_stream'
src/ht2/server.cr:500:19 in '->'
src/ht2/worker_pool.cr:139:18 in '->'
/opt/homebrew/Cellar/crystal/1.16.3/share/crystal/src/fiber.cr:170:11 in 'run'
/opt/homebrew/Cellar/crystal/1.16.3/share/crystal/src/fiber.cr:105:3 in '->'
2025-06-27T02:08:15.090372Z   WARN - Stream 127: Timed out waiting for window update
2025-06-27T02:08:15.090383Z  ERROR - Error writing response: Timed out waiting for flow control window
2025-06-27T02:08:15.090384Z  DEBUG - Response.close: Sending empty DATA frame with END_STREAM
2025-06-27T02:08:15.090385Z  DEBUG - Stream.send_data: size=0, send_window=0, conn_window=65535
2025-06-27T02:08:15.090950Z  ERROR - Error handling request: Closed stream
/opt/homebrew/Cellar/crystal/1.16.3/share/crystal/src/io.cr:121:5 in 'check_open'
/opt/homebrew/Cellar/crystal/1.16.3/share/crystal/src/io/buffered.cr:142:15 in 'write'
src/ht2/zero_copy.cr:65:7 in 'forward_data_frame'
src/ht2/frames/data_frame.cr:50:9 in 'write_to'
src/ht2/connection.cr:343:11 in 'send_frame_zero_copy'
src/ht2/connection.cr:261:9 in 'send_frame'
src/ht2/stream.cr:107:7 in 'send_data'
src/ht2/response.cr:73:9 in 'close'
spec/h2spec_test_server.cr:28:7 in '->'
src/ht2/server.cr:529:16 in 'handle_stream'
src/ht2/server.cr:500:19 in '->'
src/ht2/worker_pool.cr:139:18 in '->'
/opt/homebrew/Cellar/crystal/1.16.3/share/crystal/src/fiber.cr:170:11 in 'run'
/opt/homebrew/Cellar/crystal/1.16.3/share/crystal/src/fiber.cr:105:3 in '->'
2025-06-27T02:08:15.090976Z   WARN - Stream 129: Timed out waiting for window update
2025-06-27T02:08:15.090990Z  ERROR - Error writing response: Timed out waiting for flow control window
2025-06-27T02:08:15.090990Z  DEBUG - Response.close: Sending empty DATA frame with END_STREAM
2025-06-27T02:08:15.090991Z  DEBUG - Stream.send_data: size=0, send_window=0, conn_window=65535
2025-06-27T02:08:15.091558Z  ERROR - Error handling request: Closed stream
/opt/homebrew/Cellar/crystal/1.16.3/share/crystal/src/io.cr:121:5 in 'check_open'
/opt/homebrew/Cellar/crystal/1.16.3/share/crystal/src/io/buffered.cr:142:15 in 'write'
src/ht2/zero_copy.cr:65:7 in 'forward_data_frame'
src/ht2/frames/data_frame.cr:50:9 in 'write_to'
src/ht2/connection.cr:343:11 in 'send_frame_zero_copy'
src/ht2/connection.cr:261:9 in 'send_frame'
src/ht2/stream.cr:107:7 in 'send_data'
src/ht2/response.cr:73:9 in 'close'
spec/h2spec_test_server.cr:28:7 in '->'
src/ht2/server.cr:529:16 in 'handle_stream'
src/ht2/server.cr:500:19 in '->'
src/ht2/worker_pool.cr:139:18 in '->'
/opt/homebrew/Cellar/crystal/1.16.3/share/crystal/src/fiber.cr:170:11 in 'run'
/opt/homebrew/Cellar/crystal/1.16.3/share/crystal/src/fiber.cr:105:3 in '->'
2025-06-27T02:08:15.091587Z   WARN - Stream 131: Timed out waiting for window update
2025-06-27T02:08:15.091597Z  ERROR - Error writing response: Timed out waiting for flow control window
2025-06-27T02:08:15.091598Z  DEBUG - Response.close: Sending empty DATA frame with END_STREAM
2025-06-27T02:08:15.091598Z  DEBUG - Stream.send_data: size=0, send_window=0, conn_window=65535
2025-06-27T02:08:15.092164Z  ERROR - Error handling request: Closed stream
/opt/homebrew/Cellar/crystal/1.16.3/share/crystal/src/io.cr:121:5 in 'check_open'
/opt/homebrew/Cellar/crystal/1.16.3/share/crystal/src/io/buffered.cr:142:15 in 'write'
src/ht2/zero_copy.cr:65:7 in 'forward_data_frame'
src/ht2/frames/data_frame.cr:50:9 in 'write_to'
src/ht2/connection.cr:343:11 in 'send_frame_zero_copy'
src/ht2/connection.cr:261:9 in 'send_frame'
src/ht2/stream.cr:107:7 in 'send_data'
src/ht2/response.cr:73:9 in 'close'
spec/h2spec_test_server.cr:28:7 in '->'
src/ht2/server.cr:529:16 in 'handle_stream'
src/ht2/server.cr:500:19 in '->'
src/ht2/worker_pool.cr:139:18 in '->'
/opt/homebrew/Cellar/crystal/1.16.3/share/crystal/src/fiber.cr:170:11 in 'run'
/opt/homebrew/Cellar/crystal/1.16.3/share/crystal/src/fiber.cr:105:3 in '->'
2025-06-27T02:08:15.092190Z   WARN - Stream 133: Timed out waiting for window update
2025-06-27T02:08:15.092202Z  ERROR - Error writing response: Timed out waiting for flow control window
2025-06-27T02:08:15.092202Z  DEBUG - Response.close: Sending empty DATA frame with END_STREAM
2025-06-27T02:08:15.092203Z  DEBUG - Stream.send_data: size=0, send_window=0, conn_window=65535
2025-06-27T02:08:15.092769Z  ERROR - Error handling request: Closed stream
/opt/homebrew/Cellar/crystal/1.16.3/share/crystal/src/io.cr:121:5 in 'check_open'
/opt/homebrew/Cellar/crystal/1.16.3/share/crystal/src/io/buffered.cr:142:15 in 'write'
src/ht2/zero_copy.cr:65:7 in 'forward_data_frame'
src/ht2/frames/data_frame.cr:50:9 in 'write_to'
src/ht2/connection.cr:343:11 in 'send_frame_zero_copy'
src/ht2/connection.cr:261:9 in 'send_frame'
src/ht2/stream.cr:107:7 in 'send_data'
src/ht2/response.cr:73:9 in 'close'
spec/h2spec_test_server.cr:28:7 in '->'
src/ht2/server.cr:529:16 in 'handle_stream'
src/ht2/server.cr:500:19 in '->'
src/ht2/worker_pool.cr:139:18 in '->'
/opt/homebrew/Cellar/crystal/1.16.3/share/crystal/src/fiber.cr:170:11 in 'run'
/opt/homebrew/Cellar/crystal/1.16.3/share/crystal/src/fiber.cr:105:3 in '->'
2025-06-27T02:08:15.092799Z   WARN - Stream 135: Timed out waiting for window update
2025-06-27T02:08:15.092811Z  ERROR - Error writing response: Timed out waiting for flow control window
2025-06-27T02:08:15.092811Z  DEBUG - Response.close: Sending empty DATA frame with END_STREAM
2025-06-27T02:08:15.092812Z  DEBUG - Stream.send_data: size=0, send_window=0, conn_window=65535
2025-06-27T02:08:15.093374Z  ERROR - Error handling request: Closed stream
/opt/homebrew/Cellar/crystal/1.16.3/share/crystal/src/io.cr:121:5 in 'check_open'
/opt/homebrew/Cellar/crystal/1.16.3/share/crystal/src/io/buffered.cr:142:15 in 'write'
src/ht2/zero_copy.cr:65:7 in 'forward_data_frame'
src/ht2/frames/data_frame.cr:50:9 in 'write_to'
src/ht2/connection.cr:343:11 in 'send_frame_zero_copy'
src/ht2/connection.cr:261:9 in 'send_frame'
src/ht2/stream.cr:107:7 in 'send_data'
src/ht2/response.cr:73:9 in 'close'
spec/h2spec_test_server.cr:28:7 in '->'
src/ht2/server.cr:529:16 in 'handle_stream'
src/ht2/server.cr:500:19 in '->'
src/ht2/worker_pool.cr:139:18 in '->'
/opt/homebrew/Cellar/crystal/1.16.3/share/crystal/src/fiber.cr:170:11 in 'run'
/opt/homebrew/Cellar/crystal/1.16.3/share/crystal/src/fiber.cr:105:3 in '->'
2025-06-27T02:08:15.093400Z   WARN - Stream 137: Timed out waiting for window update
2025-06-27T02:08:15.093412Z  ERROR - Error writing response: Timed out waiting for flow control window
2025-06-27T02:08:15.093412Z  DEBUG - Response.close: Sending empty DATA frame with END_STREAM
2025-06-27T02:08:15.093413Z  DEBUG - Stream.send_data: size=0, send_window=0, conn_window=65535
2025-06-27T02:08:15.093974Z  ERROR - Error handling request: Closed stream
/opt/homebrew/Cellar/crystal/1.16.3/share/crystal/src/io.cr:121:5 in 'check_open'
/opt/homebrew/Cellar/crystal/1.16.3/share/crystal/src/io/buffered.cr:142:15 in 'write'
src/ht2/zero_copy.cr:65:7 in 'forward_data_frame'
src/ht2/frames/data_frame.cr:50:9 in 'write_to'
src/ht2/connection.cr:343:11 in 'send_frame_zero_copy'
src/ht2/connection.cr:261:9 in 'send_frame'
src/ht2/stream.cr:107:7 in 'send_data'
src/ht2/response.cr:73:9 in 'close'
spec/h2spec_test_server.cr:28:7 in '->'
src/ht2/server.cr:529:16 in 'handle_stream'
src/ht2/server.cr:500:19 in '->'
src/ht2/worker_pool.cr:139:18 in '->'
/opt/homebrew/Cellar/crystal/1.16.3/share/crystal/src/fiber.cr:170:11 in 'run'
/opt/homebrew/Cellar/crystal/1.16.3/share/crystal/src/fiber.cr:105:3 in '->'
2025-06-27T02:08:15.094001Z   WARN - Stream 139: Timed out waiting for window update
2025-06-27T02:08:15.094010Z  ERROR - Error writing response: Timed out waiting for flow control window
2025-06-27T02:08:15.094011Z  DEBUG - Response.close: Sending empty DATA frame with END_STREAM
2025-06-27T02:08:15.094011Z  DEBUG - Stream.send_data: size=0, send_window=0, conn_window=65535
2025-06-27T02:08:15.094559Z  ERROR - Error handling request: Closed stream
/opt/homebrew/Cellar/crystal/1.16.3/share/crystal/src/io.cr:121:5 in 'check_open'
/opt/homebrew/Cellar/crystal/1.16.3/share/crystal/src/io/buffered.cr:142:15 in 'write'
src/ht2/zero_copy.cr:65:7 in 'forward_data_frame'
src/ht2/frames/data_frame.cr:50:9 in 'write_to'
src/ht2/connection.cr:343:11 in 'send_frame_zero_copy'
src/ht2/connection.cr:261:9 in 'send_frame'
src/ht2/stream.cr:107:7 in 'send_data'
src/ht2/response.cr:73:9 in 'close'
spec/h2spec_test_server.cr:28:7 in '->'
src/ht2/server.cr:529:16 in 'handle_stream'
src/ht2/server.cr:500:19 in '->'
src/ht2/worker_pool.cr:139:18 in '->'
/opt/homebrew/Cellar/crystal/1.16.3/share/crystal/src/fiber.cr:170:11 in 'run'
/opt/homebrew/Cellar/crystal/1.16.3/share/crystal/src/fiber.cr:105:3 in '->'
2025-06-27T02:08:15.094588Z   WARN - Stream 141: Timed out waiting for window update
2025-06-27T02:08:15.094599Z  ERROR - Error writing response: Timed out waiting for flow control window
2025-06-27T02:08:15.094599Z  DEBUG - Response.close: Sending empty DATA frame with END_STREAM
2025-06-27T02:08:15.094599Z  DEBUG - Stream.send_data: size=0, send_window=0, conn_window=65535
2025-06-27T02:08:15.095136Z  ERROR - Error handling request: Closed stream
/opt/homebrew/Cellar/crystal/1.16.3/share/crystal/src/io.cr:121:5 in 'check_open'
/opt/homebrew/Cellar/crystal/1.16.3/share/crystal/src/io/buffered.cr:142:15 in 'write'
src/ht2/zero_copy.cr:65:7 in 'forward_data_frame'
src/ht2/frames/data_frame.cr:50:9 in 'write_to'
src/ht2/connection.cr:343:11 in 'send_frame_zero_copy'
src/ht2/connection.cr:261:9 in 'send_frame'
src/ht2/stream.cr:107:7 in 'send_data'
src/ht2/response.cr:73:9 in 'close'
spec/h2spec_test_server.cr:28:7 in '->'
src/ht2/server.cr:529:16 in 'handle_stream'
src/ht2/server.cr:500:19 in '->'
src/ht2/worker_pool.cr:139:18 in '->'
/opt/homebrew/Cellar/crystal/1.16.3/share/crystal/src/fiber.cr:170:11 in 'run'
/opt/homebrew/Cellar/crystal/1.16.3/share/crystal/src/fiber.cr:105:3 in '->'
2025-06-27T02:08:15.095162Z   WARN - Stream 143: Timed out waiting for window update
2025-06-27T02:08:15.095172Z  ERROR - Error writing response: Timed out waiting for flow control window
2025-06-27T02:08:15.095172Z  DEBUG - Response.close: Sending empty DATA frame with END_STREAM
2025-06-27T02:08:15.095173Z  DEBUG - Stream.send_data: size=0, send_window=0, conn_window=65535
2025-06-27T02:08:15.095709Z  ERROR - Error handling request: Closed stream
/opt/homebrew/Cellar/crystal/1.16.3/share/crystal/src/io.cr:121:5 in 'check_open'
/opt/homebrew/Cellar/crystal/1.16.3/share/crystal/src/io/buffered.cr:142:15 in 'write'
src/ht2/zero_copy.cr:65:7 in 'forward_data_frame'
src/ht2/frames/data_frame.cr:50:9 in 'write_to'
src/ht2/connection.cr:343:11 in 'send_frame_zero_copy'
src/ht2/connection.cr:261:9 in 'send_frame'
src/ht2/stream.cr:107:7 in 'send_data'
src/ht2/response.cr:73:9 in 'close'
spec/h2spec_test_server.cr:28:7 in '->'
src/ht2/server.cr:529:16 in 'handle_stream'
src/ht2/server.cr:500:19 in '->'
src/ht2/worker_pool.cr:139:18 in '->'
/opt/homebrew/Cellar/crystal/1.16.3/share/crystal/src/fiber.cr:170:11 in 'run'
/opt/homebrew/Cellar/crystal/1.16.3/share/crystal/src/fiber.cr:105:3 in '->'
2025-06-27T02:08:15.095734Z   WARN - Stream 145: Timed out waiting for window update
2025-06-27T02:08:15.095745Z  ERROR - Error writing response: Timed out waiting for flow control window
2025-06-27T02:08:15.095745Z  DEBUG - Response.close: Sending empty DATA frame with END_STREAM
2025-06-27T02:08:15.095746Z  DEBUG - Stream.send_data: size=0, send_window=0, conn_window=65535
2025-06-27T02:08:15.096287Z  ERROR - Error handling request: Closed stream
/opt/homebrew/Cellar/crystal/1.16.3/share/crystal/src/io.cr:121:5 in 'check_open'
/opt/homebrew/Cellar/crystal/1.16.3/share/crystal/src/io/buffered.cr:142:15 in 'write'
src/ht2/zero_copy.cr:65:7 in 'forward_data_frame'
src/ht2/frames/data_frame.cr:50:9 in 'write_to'
src/ht2/connection.cr:343:11 in 'send_frame_zero_copy'
src/ht2/connection.cr:261:9 in 'send_frame'
src/ht2/stream.cr:107:7 in 'send_data'
src/ht2/response.cr:73:9 in 'close'
spec/h2spec_test_server.cr:28:7 in '->'
src/ht2/server.cr:529:16 in 'handle_stream'
src/ht2/server.cr:500:19 in '->'
src/ht2/worker_pool.cr:139:18 in '->'
/opt/homebrew/Cellar/crystal/1.16.3/share/crystal/src/fiber.cr:170:11 in 'run'
/opt/homebrew/Cellar/crystal/1.16.3/share/crystal/src/fiber.cr:105:3 in '->'
2025-06-27T02:08:15.096312Z   WARN - Stream 147: Timed out waiting for window update
2025-06-27T02:08:15.096322Z  ERROR - Error writing response: Timed out waiting for flow control window
2025-06-27T02:08:15.096323Z  DEBUG - Response.close: Sending empty DATA frame with END_STREAM
2025-06-27T02:08:15.096323Z  DEBUG - Stream.send_data: size=0, send_window=0, conn_window=65535
2025-06-27T02:08:15.096861Z  ERROR - Error handling request: Closed stream
/opt/homebrew/Cellar/crystal/1.16.3/share/crystal/src/io.cr:121:5 in 'check_open'
/opt/homebrew/Cellar/crystal/1.16.3/share/crystal/src/io/buffered.cr:142:15 in 'write'
src/ht2/zero_copy.cr:65:7 in 'forward_data_frame'
src/ht2/frames/data_frame.cr:50:9 in 'write_to'
src/ht2/connection.cr:343:11 in 'send_frame_zero_copy'
src/ht2/connection.cr:261:9 in 'send_frame'
src/ht2/stream.cr:107:7 in 'send_data'
src/ht2/response.cr:73:9 in 'close'
spec/h2spec_test_server.cr:28:7 in '->'
src/ht2/server.cr:529:16 in 'handle_stream'
src/ht2/server.cr:500:19 in '->'
src/ht2/worker_pool.cr:139:18 in '->'
/opt/homebrew/Cellar/crystal/1.16.3/share/crystal/src/fiber.cr:170:11 in 'run'
/opt/homebrew/Cellar/crystal/1.16.3/share/crystal/src/fiber.cr:105:3 in '->'
2025-06-27T02:08:15.096886Z   WARN - Stream 149: Timed out waiting for window update
2025-06-27T02:08:15.096898Z  ERROR - Error writing response: Timed out waiting for flow control window
2025-06-27T02:08:15.096898Z  DEBUG - Response.close: Sending empty DATA frame with END_STREAM
2025-06-27T02:08:15.096898Z  DEBUG - Stream.send_data: size=0, send_window=0, conn_window=65535
2025-06-27T02:08:15.097446Z  ERROR - Error handling request: Closed stream
/opt/homebrew/Cellar/crystal/1.16.3/share/crystal/src/io.cr:121:5 in 'check_open'
/opt/homebrew/Cellar/crystal/1.16.3/share/crystal/src/io/buffered.cr:142:15 in 'write'
src/ht2/zero_copy.cr:65:7 in 'forward_data_frame'
src/ht2/frames/data_frame.cr:50:9 in 'write_to'
src/ht2/connection.cr:343:11 in 'send_frame_zero_copy'
src/ht2/connection.cr:261:9 in 'send_frame'
src/ht2/stream.cr:107:7 in 'send_data'
src/ht2/response.cr:73:9 in 'close'
spec/h2spec_test_server.cr:28:7 in '->'
src/ht2/server.cr:529:16 in 'handle_stream'
src/ht2/server.cr:500:19 in '->'
src/ht2/worker_pool.cr:139:18 in '->'
/opt/homebrew/Cellar/crystal/1.16.3/share/crystal/src/fiber.cr:170:11 in 'run'
/opt/homebrew/Cellar/crystal/1.16.3/share/crystal/src/fiber.cr:105:3 in '->'
2025-06-27T02:08:15.097472Z   WARN - Stream 151: Timed out waiting for window update
2025-06-27T02:08:15.097482Z  ERROR - Error writing response: Timed out waiting for flow control window
2025-06-27T02:08:15.097482Z  DEBUG - Response.close: Sending empty DATA frame with END_STREAM
2025-06-27T02:08:15.097483Z  DEBUG - Stream.send_data: size=0, send_window=0, conn_window=65535
2025-06-27T02:08:15.098022Z  ERROR - Error handling request: Closed stream
/opt/homebrew/Cellar/crystal/1.16.3/share/crystal/src/io.cr:121:5 in 'check_open'
/opt/homebrew/Cellar/crystal/1.16.3/share/crystal/src/io/buffered.cr:142:15 in 'write'
src/ht2/zero_copy.cr:65:7 in 'forward_data_frame'
src/ht2/frames/data_frame.cr:50:9 in 'write_to'
src/ht2/connection.cr:343:11 in 'send_frame_zero_copy'
src/ht2/connection.cr:261:9 in 'send_frame'
src/ht2/stream.cr:107:7 in 'send_data'
src/ht2/response.cr:73:9 in 'close'
spec/h2spec_test_server.cr:28:7 in '->'
src/ht2/server.cr:529:16 in 'handle_stream'
src/ht2/server.cr:500:19 in '->'
src/ht2/worker_pool.cr:139:18 in '->'
/opt/homebrew/Cellar/crystal/1.16.3/share/crystal/src/fiber.cr:170:11 in 'run'
/opt/homebrew/Cellar/crystal/1.16.3/share/crystal/src/fiber.cr:105:3 in '->'
2025-06-27T02:08:15.098049Z   WARN - Stream 153: Timed out waiting for window update
2025-06-27T02:08:15.098058Z  ERROR - Error writing response: Timed out waiting for flow control window
2025-06-27T02:08:15.098058Z  DEBUG - Response.close: Sending empty DATA frame with END_STREAM
2025-06-27T02:08:15.098059Z  DEBUG - Stream.send_data: size=0, send_window=0, conn_window=65535
2025-06-27T02:08:15.098579Z  ERROR - Error handling request: Closed stream
/opt/homebrew/Cellar/crystal/1.16.3/share/crystal/src/io.cr:121:5 in 'check_open'
/opt/homebrew/Cellar/crystal/1.16.3/share/crystal/src/io/buffered.cr:142:15 in 'write'
src/ht2/zero_copy.cr:65:7 in 'forward_data_frame'
src/ht2/frames/data_frame.cr:50:9 in 'write_to'
src/ht2/connection.cr:343:11 in 'send_frame_zero_copy'
src/ht2/connection.cr:261:9 in 'send_frame'
src/ht2/stream.cr:107:7 in 'send_data'
src/ht2/response.cr:73:9 in 'close'
spec/h2spec_test_server.cr:28:7 in '->'
src/ht2/server.cr:529:16 in 'handle_stream'
src/ht2/server.cr:500:19 in '->'
src/ht2/worker_pool.cr:139:18 in '->'
/opt/homebrew/Cellar/crystal/1.16.3/share/crystal/src/fiber.cr:170:11 in 'run'
/opt/homebrew/Cellar/crystal/1.16.3/share/crystal/src/fiber.cr:105:3 in '->'
2025-06-27T02:08:15.098603Z   WARN - Stream 155: Timed out waiting for window update
2025-06-27T02:08:15.098616Z  ERROR - Error writing response: Timed out waiting for flow control window
2025-06-27T02:08:15.098616Z  DEBUG - Response.close: Sending empty DATA frame with END_STREAM
2025-06-27T02:08:15.098617Z  DEBUG - Stream.send_data: size=0, send_window=0, conn_window=65535
2025-06-27T02:08:15.099130Z  ERROR - Error handling request: Closed stream
/opt/homebrew/Cellar/crystal/1.16.3/share/crystal/src/io.cr:121:5 in 'check_open'
/opt/homebrew/Cellar/crystal/1.16.3/share/crystal/src/io/buffered.cr:142:15 in 'write'
src/ht2/zero_copy.cr:65:7 in 'forward_data_frame'
src/ht2/frames/data_frame.cr:50:9 in 'write_to'
src/ht2/connection.cr:343:11 in 'send_frame_zero_copy'
src/ht2/connection.cr:261:9 in 'send_frame'
src/ht2/stream.cr:107:7 in 'send_data'
src/ht2/response.cr:73:9 in 'close'
spec/h2spec_test_server.cr:28:7 in '->'
src/ht2/server.cr:529:16 in 'handle_stream'
src/ht2/server.cr:500:19 in '->'
src/ht2/worker_pool.cr:139:18 in '->'
/opt/homebrew/Cellar/crystal/1.16.3/share/crystal/src/fiber.cr:170:11 in 'run'
/opt/homebrew/Cellar/crystal/1.16.3/share/crystal/src/fiber.cr:105:3 in '->'
2025-06-27T02:08:15.099153Z   WARN - Stream 157: Timed out waiting for window update
2025-06-27T02:08:15.099167Z  ERROR - Error writing response: Timed out waiting for flow control window
2025-06-27T02:08:15.099167Z  DEBUG - Response.close: Sending empty DATA frame with END_STREAM
2025-06-27T02:08:15.099168Z  DEBUG - Stream.send_data: size=0, send_window=0, conn_window=65535
2025-06-27T02:08:15.099683Z  ERROR - Error handling request: Closed stream
/opt/homebrew/Cellar/crystal/1.16.3/share/crystal/src/io.cr:121:5 in 'check_open'
/opt/homebrew/Cellar/crystal/1.16.3/share/crystal/src/io/buffered.cr:142:15 in 'write'
src/ht2/zero_copy.cr:65:7 in 'forward_data_frame'
src/ht2/frames/data_frame.cr:50:9 in 'write_to'
src/ht2/connection.cr:343:11 in 'send_frame_zero_copy'
src/ht2/connection.cr:261:9 in 'send_frame'
src/ht2/stream.cr:107:7 in 'send_data'
src/ht2/response.cr:73:9 in 'close'
spec/h2spec_test_server.cr:28:7 in '->'
src/ht2/server.cr:529:16 in 'handle_stream'
src/ht2/server.cr:500:19 in '->'
src/ht2/worker_pool.cr:139:18 in '->'
/opt/homebrew/Cellar/crystal/1.16.3/share/crystal/src/fiber.cr:170:11 in 'run'
/opt/homebrew/Cellar/crystal/1.16.3/share/crystal/src/fiber.cr:105:3 in '->'
2025-06-27T02:08:15.099707Z   WARN - Stream 159: Timed out waiting for window update
2025-06-27T02:08:15.099717Z  ERROR - Error writing response: Timed out waiting for flow control window
2025-06-27T02:08:15.099717Z  DEBUG - Response.close: Sending empty DATA frame with END_STREAM
2025-06-27T02:08:15.099718Z  DEBUG - Stream.send_data: size=0, send_window=0, conn_window=65535
2025-06-27T02:08:15.100235Z  ERROR - Error handling request: Closed stream
/opt/homebrew/Cellar/crystal/1.16.3/share/crystal/src/io.cr:121:5 in 'check_open'
/opt/homebrew/Cellar/crystal/1.16.3/share/crystal/src/io/buffered.cr:142:15 in 'write'
src/ht2/zero_copy.cr:65:7 in 'forward_data_frame'
src/ht2/frames/data_frame.cr:50:9 in 'write_to'
src/ht2/connection.cr:343:11 in 'send_frame_zero_copy'
src/ht2/connection.cr:261:9 in 'send_frame'
src/ht2/stream.cr:107:7 in 'send_data'
src/ht2/response.cr:73:9 in 'close'
spec/h2spec_test_server.cr:28:7 in '->'
src/ht2/server.cr:529:16 in 'handle_stream'
src/ht2/server.cr:500:19 in '->'
src/ht2/worker_pool.cr:139:18 in '->'
/opt/homebrew/Cellar/crystal/1.16.3/share/crystal/src/fiber.cr:170:11 in 'run'
/opt/homebrew/Cellar/crystal/1.16.3/share/crystal/src/fiber.cr:105:3 in '->'
2025-06-27T02:08:15.100259Z   WARN - Stream 161: Timed out waiting for window update
2025-06-27T02:08:15.100269Z  ERROR - Error writing response: Timed out waiting for flow control window
2025-06-27T02:08:15.100270Z  DEBUG - Response.close: Sending empty DATA frame with END_STREAM
2025-06-27T02:08:15.100270Z  DEBUG - Stream.send_data: size=0, send_window=0, conn_window=65535
2025-06-27T02:08:15.100782Z  ERROR - Error handling request: Closed stream
/opt/homebrew/Cellar/crystal/1.16.3/share/crystal/src/io.cr:121:5 in 'check_open'
/opt/homebrew/Cellar/crystal/1.16.3/share/crystal/src/io/buffered.cr:142:15 in 'write'
src/ht2/zero_copy.cr:65:7 in 'forward_data_frame'
src/ht2/frames/data_frame.cr:50:9 in 'write_to'
src/ht2/connection.cr:343:11 in 'send_frame_zero_copy'
src/ht2/connection.cr:261:9 in 'send_frame'
src/ht2/stream.cr:107:7 in 'send_data'
src/ht2/response.cr:73:9 in 'close'
spec/h2spec_test_server.cr:28:7 in '->'
src/ht2/server.cr:529:16 in 'handle_stream'
src/ht2/server.cr:500:19 in '->'
src/ht2/worker_pool.cr:139:18 in '->'
/opt/homebrew/Cellar/crystal/1.16.3/share/crystal/src/fiber.cr:170:11 in 'run'
/opt/homebrew/Cellar/crystal/1.16.3/share/crystal/src/fiber.cr:105:3 in '->'
2025-06-27T02:08:15.100806Z   WARN - Stream 163: Timed out waiting for window update
2025-06-27T02:08:15.100816Z  ERROR - Error writing response: Timed out waiting for flow control window
2025-06-27T02:08:15.100817Z  DEBUG - Response.close: Sending empty DATA frame with END_STREAM
2025-06-27T02:08:15.100817Z  DEBUG - Stream.send_data: size=0, send_window=0, conn_window=65535
2025-06-27T02:08:15.101330Z  ERROR - Error handling request: Closed stream
/opt/homebrew/Cellar/crystal/1.16.3/share/crystal/src/io.cr:121:5 in 'check_open'
/opt/homebrew/Cellar/crystal/1.16.3/share/crystal/src/io/buffered.cr:142:15 in 'write'
src/ht2/zero_copy.cr:65:7 in 'forward_data_frame'
src/ht2/frames/data_frame.cr:50:9 in 'write_to'
src/ht2/connection.cr:343:11 in 'send_frame_zero_copy'
src/ht2/connection.cr:261:9 in 'send_frame'
src/ht2/stream.cr:107:7 in 'send_data'
src/ht2/response.cr:73:9 in 'close'
spec/h2spec_test_server.cr:28:7 in '->'
src/ht2/server.cr:529:16 in 'handle_stream'
src/ht2/server.cr:500:19 in '->'
src/ht2/worker_pool.cr:139:18 in '->'
/opt/homebrew/Cellar/crystal/1.16.3/share/crystal/src/fiber.cr:170:11 in 'run'
/opt/homebrew/Cellar/crystal/1.16.3/share/crystal/src/fiber.cr:105:3 in '->'
2025-06-27T02:08:15.101353Z   WARN - Stream 165: Timed out waiting for window update
2025-06-27T02:08:15.101362Z  ERROR - Error writing response: Timed out waiting for flow control window
2025-06-27T02:08:15.101362Z  DEBUG - Response.close: Sending empty DATA frame with END_STREAM
2025-06-27T02:08:15.101363Z  DEBUG - Stream.send_data: size=0, send_window=0, conn_window=65535
2025-06-27T02:08:15.101876Z  ERROR - Error handling request: Closed stream
/opt/homebrew/Cellar/crystal/1.16.3/share/crystal/src/io.cr:121:5 in 'check_open'
/opt/homebrew/Cellar/crystal/1.16.3/share/crystal/src/io/buffered.cr:142:15 in 'write'
src/ht2/zero_copy.cr:65:7 in 'forward_data_frame'
src/ht2/frames/data_frame.cr:50:9 in 'write_to'
src/ht2/connection.cr:343:11 in 'send_frame_zero_copy'
src/ht2/connection.cr:261:9 in 'send_frame'
src/ht2/stream.cr:107:7 in 'send_data'
src/ht2/response.cr:73:9 in 'close'
spec/h2spec_test_server.cr:28:7 in '->'
src/ht2/server.cr:529:16 in 'handle_stream'
src/ht2/server.cr:500:19 in '->'
src/ht2/worker_pool.cr:139:18 in '->'
/opt/homebrew/Cellar/crystal/1.16.3/share/crystal/src/fiber.cr:170:11 in 'run'
/opt/homebrew/Cellar/crystal/1.16.3/share/crystal/src/fiber.cr:105:3 in '->'
2025-06-27T02:08:15.101900Z   WARN - Stream 167: Timed out waiting for window update
2025-06-27T02:08:15.101910Z  ERROR - Error writing response: Timed out waiting for flow control window
2025-06-27T02:08:15.101910Z  DEBUG - Response.close: Sending empty DATA frame with END_STREAM
2025-06-27T02:08:15.101911Z  DEBUG - Stream.send_data: size=0, send_window=0, conn_window=65535
2025-06-27T02:08:15.102411Z  ERROR - Error handling request: Closed stream
/opt/homebrew/Cellar/crystal/1.16.3/share/crystal/src/io.cr:121:5 in 'check_open'
/opt/homebrew/Cellar/crystal/1.16.3/share/crystal/src/io/buffered.cr:142:15 in 'write'
src/ht2/zero_copy.cr:65:7 in 'forward_data_frame'
src/ht2/frames/data_frame.cr:50:9 in 'write_to'
src/ht2/connection.cr:343:11 in 'send_frame_zero_copy'
src/ht2/connection.cr:261:9 in 'send_frame'
src/ht2/stream.cr:107:7 in 'send_data'
src/ht2/response.cr:73:9 in 'close'
spec/h2spec_test_server.cr:28:7 in '->'
src/ht2/server.cr:529:16 in 'handle_stream'
src/ht2/server.cr:500:19 in '->'
src/ht2/worker_pool.cr:139:18 in '->'
/opt/homebrew/Cellar/crystal/1.16.3/share/crystal/src/fiber.cr:170:11 in 'run'
/opt/homebrew/Cellar/crystal/1.16.3/share/crystal/src/fiber.cr:105:3 in '->'
2025-06-27T02:08:15.102434Z   WARN - Stream 169: Timed out waiting for window update
2025-06-27T02:08:15.102444Z  ERROR - Error writing response: Timed out waiting for flow control window
2025-06-27T02:08:15.102445Z  DEBUG - Response.close: Sending empty DATA frame with END_STREAM
2025-06-27T02:08:15.102446Z  DEBUG - Stream.send_data: size=0, send_window=0, conn_window=65535
2025-06-27T02:08:15.102931Z  ERROR - Error handling request: Closed stream
/opt/homebrew/Cellar/crystal/1.16.3/share/crystal/src/io.cr:121:5 in 'check_open'
/opt/homebrew/Cellar/crystal/1.16.3/share/crystal/src/io/buffered.cr:142:15 in 'write'
src/ht2/zero_copy.cr:65:7 in 'forward_data_frame'
src/ht2/frames/data_frame.cr:50:9 in 'write_to'
src/ht2/connection.cr:343:11 in 'send_frame_zero_copy'
src/ht2/connection.cr:261:9 in 'send_frame'
src/ht2/stream.cr:107:7 in 'send_data'
src/ht2/response.cr:73:9 in 'close'
spec/h2spec_test_server.cr:28:7 in '->'
src/ht2/server.cr:529:16 in 'handle_stream'
src/ht2/server.cr:500:19 in '->'
src/ht2/worker_pool.cr:139:18 in '->'
/opt/homebrew/Cellar/crystal/1.16.3/share/crystal/src/fiber.cr:170:11 in 'run'
/opt/homebrew/Cellar/crystal/1.16.3/share/crystal/src/fiber.cr:105:3 in '->'
2025-06-27T02:08:15.102953Z   WARN - Stream 171: Timed out waiting for window update
2025-06-27T02:08:15.102964Z  ERROR - Error writing response: Timed out waiting for flow control window
2025-06-27T02:08:15.102964Z  DEBUG - Response.close: Sending empty DATA frame with END_STREAM
2025-06-27T02:08:15.102965Z  DEBUG - Stream.send_data: size=0, send_window=0, conn_window=65535
2025-06-27T02:08:15.103449Z  ERROR - Error handling request: Closed stream
/opt/homebrew/Cellar/crystal/1.16.3/share/crystal/src/io.cr:121:5 in 'check_open'
/opt/homebrew/Cellar/crystal/1.16.3/share/crystal/src/io/buffered.cr:142:15 in 'write'
src/ht2/zero_copy.cr:65:7 in 'forward_data_frame'
src/ht2/frames/data_frame.cr:50:9 in 'write_to'
src/ht2/connection.cr:343:11 in 'send_frame_zero_copy'
src/ht2/connection.cr:261:9 in 'send_frame'
src/ht2/stream.cr:107:7 in 'send_data'
src/ht2/response.cr:73:9 in 'close'
spec/h2spec_test_server.cr:28:7 in '->'
src/ht2/server.cr:529:16 in 'handle_stream'
src/ht2/server.cr:500:19 in '->'
src/ht2/worker_pool.cr:139:18 in '->'
/opt/homebrew/Cellar/crystal/1.16.3/share/crystal/src/fiber.cr:170:11 in 'run'
/opt/homebrew/Cellar/crystal/1.16.3/share/crystal/src/fiber.cr:105:3 in '->'
2025-06-27T02:08:15.103472Z   WARN - Stream 173: Timed out waiting for window update
2025-06-27T02:08:15.103482Z  ERROR - Error writing response: Timed out waiting for flow control window
2025-06-27T02:08:15.103482Z  DEBUG - Response.close: Sending empty DATA frame with END_STREAM
2025-06-27T02:08:15.103483Z  DEBUG - Stream.send_data: size=0, send_window=0, conn_window=65535
2025-06-27T02:08:15.103967Z  ERROR - Error handling request: Closed stream
/opt/homebrew/Cellar/crystal/1.16.3/share/crystal/src/io.cr:121:5 in 'check_open'
/opt/homebrew/Cellar/crystal/1.16.3/share/crystal/src/io/buffered.cr:142:15 in 'write'
src/ht2/zero_copy.cr:65:7 in 'forward_data_frame'
src/ht2/frames/data_frame.cr:50:9 in 'write_to'
src/ht2/connection.cr:343:11 in 'send_frame_zero_copy'
src/ht2/connection.cr:261:9 in 'send_frame'
src/ht2/stream.cr:107:7 in 'send_data'
src/ht2/response.cr:73:9 in 'close'
spec/h2spec_test_server.cr:28:7 in '->'
src/ht2/server.cr:529:16 in 'handle_stream'
src/ht2/server.cr:500:19 in '->'
src/ht2/worker_pool.cr:139:18 in '->'
/opt/homebrew/Cellar/crystal/1.16.3/share/crystal/src/fiber.cr:170:11 in 'run'
/opt/homebrew/Cellar/crystal/1.16.3/share/crystal/src/fiber.cr:105:3 in '->'
2025-06-27T02:08:15.103989Z   WARN - Stream 175: Timed out waiting for window update
2025-06-27T02:08:15.103998Z  ERROR - Error writing response: Timed out waiting for flow control window
2025-06-27T02:08:15.103998Z  DEBUG - Response.close: Sending empty DATA frame with END_STREAM
2025-06-27T02:08:15.103999Z  DEBUG - Stream.send_data: size=0, send_window=0, conn_window=65535
2025-06-27T02:08:15.104486Z  ERROR - Error handling request: Closed stream
/opt/homebrew/Cellar/crystal/1.16.3/share/crystal/src/io.cr:121:5 in 'check_open'
/opt/homebrew/Cellar/crystal/1.16.3/share/crystal/src/io/buffered.cr:142:15 in 'write'
src/ht2/zero_copy.cr:65:7 in 'forward_data_frame'
src/ht2/frames/data_frame.cr:50:9 in 'write_to'
src/ht2/connection.cr:343:11 in 'send_frame_zero_copy'
src/ht2/connection.cr:261:9 in 'send_frame'
src/ht2/stream.cr:107:7 in 'send_data'
src/ht2/response.cr:73:9 in 'close'
spec/h2spec_test_server.cr:28:7 in '->'
src/ht2/server.cr:529:16 in 'handle_stream'
src/ht2/server.cr:500:19 in '->'
src/ht2/worker_pool.cr:139:18 in '->'
/opt/homebrew/Cellar/crystal/1.16.3/share/crystal/src/fiber.cr:170:11 in 'run'
/opt/homebrew/Cellar/crystal/1.16.3/share/crystal/src/fiber.cr:105:3 in '->'
2025-06-27T02:08:15.104509Z   WARN - Stream 177: Timed out waiting for window update
2025-06-27T02:08:15.104519Z  ERROR - Error writing response: Timed out waiting for flow control window
2025-06-27T02:08:15.104520Z  DEBUG - Response.close: Sending empty DATA frame with END_STREAM
2025-06-27T02:08:15.104520Z  DEBUG - Stream.send_data: size=0, send_window=0, conn_window=65535
2025-06-27T02:08:15.105005Z  ERROR - Error handling request: Closed stream
/opt/homebrew/Cellar/crystal/1.16.3/share/crystal/src/io.cr:121:5 in 'check_open'
/opt/homebrew/Cellar/crystal/1.16.3/share/crystal/src/io/buffered.cr:142:15 in 'write'
src/ht2/zero_copy.cr:65:7 in 'forward_data_frame'
src/ht2/frames/data_frame.cr:50:9 in 'write_to'
src/ht2/connection.cr:343:11 in 'send_frame_zero_copy'
src/ht2/connection.cr:261:9 in 'send_frame'
src/ht2/stream.cr:107:7 in 'send_data'
src/ht2/response.cr:73:9 in 'close'
spec/h2spec_test_server.cr:28:7 in '->'
src/ht2/server.cr:529:16 in 'handle_stream'
src/ht2/server.cr:500:19 in '->'
src/ht2/worker_pool.cr:139:18 in '->'
/opt/homebrew/Cellar/crystal/1.16.3/share/crystal/src/fiber.cr:170:11 in 'run'
/opt/homebrew/Cellar/crystal/1.16.3/share/crystal/src/fiber.cr:105:3 in '->'
2025-06-27T02:08:15.105029Z   WARN - Stream 179: Timed out waiting for window update
2025-06-27T02:08:15.105038Z  ERROR - Error writing response: Timed out waiting for flow control window
2025-06-27T02:08:15.105038Z  DEBUG - Response.close: Sending empty DATA frame with END_STREAM
2025-06-27T02:08:15.105039Z  DEBUG - Stream.send_data: size=0, send_window=0, conn_window=65535
2025-06-27T02:08:15.105528Z  ERROR - Error handling request: Closed stream
/opt/homebrew/Cellar/crystal/1.16.3/share/crystal/src/io.cr:121:5 in 'check_open'
/opt/homebrew/Cellar/crystal/1.16.3/share/crystal/src/io/buffered.cr:142:15 in 'write'
src/ht2/zero_copy.cr:65:7 in 'forward_data_frame'
src/ht2/frames/data_frame.cr:50:9 in 'write_to'
src/ht2/connection.cr:343:11 in 'send_frame_zero_copy'
src/ht2/connection.cr:261:9 in 'send_frame'
src/ht2/stream.cr:107:7 in 'send_data'
src/ht2/response.cr:73:9 in 'close'
spec/h2spec_test_server.cr:28:7 in '->'
src/ht2/server.cr:529:16 in 'handle_stream'
src/ht2/server.cr:500:19 in '->'
src/ht2/worker_pool.cr:139:18 in '->'
/opt/homebrew/Cellar/crystal/1.16.3/share/crystal/src/fiber.cr:170:11 in 'run'
/opt/homebrew/Cellar/crystal/1.16.3/share/crystal/src/fiber.cr:105:3 in '->'
2025-06-27T02:08:15.105551Z   WARN - Stream 181: Timed out waiting for window update
2025-06-27T02:08:15.105561Z  ERROR - Error writing response: Timed out waiting for flow control window
2025-06-27T02:08:15.105561Z  DEBUG - Response.close: Sending empty DATA frame with END_STREAM
2025-06-27T02:08:15.105562Z  DEBUG - Stream.send_data: size=0, send_window=0, conn_window=65535
2025-06-27T02:08:15.106048Z  ERROR - Error handling request: Closed stream
/opt/homebrew/Cellar/crystal/1.16.3/share/crystal/src/io.cr:121:5 in 'check_open'
/opt/homebrew/Cellar/crystal/1.16.3/share/crystal/src/io/buffered.cr:142:15 in 'write'
src/ht2/zero_copy.cr:65:7 in 'forward_data_frame'
src/ht2/frames/data_frame.cr:50:9 in 'write_to'
src/ht2/connection.cr:343:11 in 'send_frame_zero_copy'
src/ht2/connection.cr:261:9 in 'send_frame'
src/ht2/stream.cr:107:7 in 'send_data'
src/ht2/response.cr:73:9 in 'close'
spec/h2spec_test_server.cr:28:7 in '->'
src/ht2/server.cr:529:16 in 'handle_stream'
src/ht2/server.cr:500:19 in '->'
src/ht2/worker_pool.cr:139:18 in '->'
/opt/homebrew/Cellar/crystal/1.16.3/share/crystal/src/fiber.cr:170:11 in 'run'
/opt/homebrew/Cellar/crystal/1.16.3/share/crystal/src/fiber.cr:105:3 in '->'
2025-06-27T02:08:15.106070Z   WARN - Stream 183: Timed out waiting for window update
2025-06-27T02:08:15.106078Z  ERROR - Error writing response: Timed out waiting for flow control window
2025-06-27T02:08:15.106078Z  DEBUG - Response.close: Sending empty DATA frame with END_STREAM
2025-06-27T02:08:15.106079Z  DEBUG - Stream.send_data: size=0, send_window=0, conn_window=65535
2025-06-27T02:08:15.106542Z  ERROR - Error handling request: Closed stream
/opt/homebrew/Cellar/crystal/1.16.3/share/crystal/src/io.cr:121:5 in 'check_open'
/opt/homebrew/Cellar/crystal/1.16.3/share/crystal/src/io/buffered.cr:142:15 in 'write'
src/ht2/zero_copy.cr:65:7 in 'forward_data_frame'
src/ht2/frames/data_frame.cr:50:9 in 'write_to'
src/ht2/connection.cr:343:11 in 'send_frame_zero_copy'
src/ht2/connection.cr:261:9 in 'send_frame'
src/ht2/stream.cr:107:7 in 'send_data'
src/ht2/response.cr:73:9 in 'close'
spec/h2spec_test_server.cr:28:7 in '->'
src/ht2/server.cr:529:16 in 'handle_stream'
src/ht2/server.cr:500:19 in '->'
src/ht2/worker_pool.cr:139:18 in '->'
/opt/homebrew/Cellar/crystal/1.16.3/share/crystal/src/fiber.cr:170:11 in 'run'
/opt/homebrew/Cellar/crystal/1.16.3/share/crystal/src/fiber.cr:105:3 in '->'
2025-06-27T02:08:15.106563Z   WARN - Stream 185: Timed out waiting for window update
2025-06-27T02:08:15.106571Z  ERROR - Error writing response: Timed out waiting for flow control window
2025-06-27T02:08:15.106571Z  DEBUG - Response.close: Sending empty DATA frame with END_STREAM
2025-06-27T02:08:15.106572Z  DEBUG - Stream.send_data: size=0, send_window=0, conn_window=65535
2025-06-27T02:08:15.107039Z  ERROR - Error handling request: Closed stream
/opt/homebrew/Cellar/crystal/1.16.3/share/crystal/src/io.cr:121:5 in 'check_open'
/opt/homebrew/Cellar/crystal/1.16.3/share/crystal/src/io/buffered.cr:142:15 in 'write'
src/ht2/zero_copy.cr:65:7 in 'forward_data_frame'
src/ht2/frames/data_frame.cr:50:9 in 'write_to'
src/ht2/connection.cr:343:11 in 'send_frame_zero_copy'
src/ht2/connection.cr:261:9 in 'send_frame'
src/ht2/stream.cr:107:7 in 'send_data'
src/ht2/response.cr:73:9 in 'close'
spec/h2spec_test_server.cr:28:7 in '->'
src/ht2/server.cr:529:16 in 'handle_stream'
src/ht2/server.cr:500:19 in '->'
src/ht2/worker_pool.cr:139:18 in '->'
/opt/homebrew/Cellar/crystal/1.16.3/share/crystal/src/fiber.cr:170:11 in 'run'
/opt/homebrew/Cellar/crystal/1.16.3/share/crystal/src/fiber.cr:105:3 in '->'
2025-06-27T02:08:15.107064Z   WARN - Stream 187: Timed out waiting for window update
2025-06-27T02:08:15.107073Z  ERROR - Error writing response: Timed out waiting for flow control window
2025-06-27T02:08:15.107073Z  DEBUG - Response.close: Sending empty DATA frame with END_STREAM
2025-06-27T02:08:15.107074Z  DEBUG - Stream.send_data: size=0, send_window=0, conn_window=65535
2025-06-27T02:08:15.107544Z  ERROR - Error handling request: Closed stream
/opt/homebrew/Cellar/crystal/1.16.3/share/crystal/src/io.cr:121:5 in 'check_open'
/opt/homebrew/Cellar/crystal/1.16.3/share/crystal/src/io/buffered.cr:142:15 in 'write'
src/ht2/zero_copy.cr:65:7 in 'forward_data_frame'
src/ht2/frames/data_frame.cr:50:9 in 'write_to'
src/ht2/connection.cr:343:11 in 'send_frame_zero_copy'
src/ht2/connection.cr:261:9 in 'send_frame'
src/ht2/stream.cr:107:7 in 'send_data'
src/ht2/response.cr:73:9 in 'close'
spec/h2spec_test_server.cr:28:7 in '->'
src/ht2/server.cr:529:16 in 'handle_stream'
src/ht2/server.cr:500:19 in '->'
src/ht2/worker_pool.cr:139:18 in '->'
/opt/homebrew/Cellar/crystal/1.16.3/share/crystal/src/fiber.cr:170:11 in 'run'
/opt/homebrew/Cellar/crystal/1.16.3/share/crystal/src/fiber.cr:105:3 in '->'
2025-06-27T02:08:15.107567Z   WARN - Stream 189: Timed out waiting for window update
2025-06-27T02:08:15.107576Z  ERROR - Error writing response: Timed out waiting for flow control window
2025-06-27T02:08:15.107577Z  DEBUG - Response.close: Sending empty DATA frame with END_STREAM
2025-06-27T02:08:15.107577Z  DEBUG - Stream.send_data: size=0, send_window=0, conn_window=65535
2025-06-27T02:08:15.108048Z  ERROR - Error handling request: Closed stream
/opt/homebrew/Cellar/crystal/1.16.3/share/crystal/src/io.cr:121:5 in 'check_open'
/opt/homebrew/Cellar/crystal/1.16.3/share/crystal/src/io/buffered.cr:142:15 in 'write'
src/ht2/zero_copy.cr:65:7 in 'forward_data_frame'
src/ht2/frames/data_frame.cr:50:9 in 'write_to'
src/ht2/connection.cr:343:11 in 'send_frame_zero_copy'
src/ht2/connection.cr:261:9 in 'send_frame'
src/ht2/stream.cr:107:7 in 'send_data'
src/ht2/response.cr:73:9 in 'close'
spec/h2spec_test_server.cr:28:7 in '->'
src/ht2/server.cr:529:16 in 'handle_stream'
src/ht2/server.cr:500:19 in '->'
src/ht2/worker_pool.cr:139:18 in '->'
/opt/homebrew/Cellar/crystal/1.16.3/share/crystal/src/fiber.cr:170:11 in 'run'
/opt/homebrew/Cellar/crystal/1.16.3/share/crystal/src/fiber.cr:105:3 in '->'
2025-06-27T02:08:15.108072Z   WARN - Stream 191: Timed out waiting for window update
2025-06-27T02:08:15.108080Z  ERROR - Error writing response: Timed out waiting for flow control window
2025-06-27T02:08:15.108080Z  DEBUG - Response.close: Sending empty DATA frame with END_STREAM
2025-06-27T02:08:15.108081Z  DEBUG - Stream.send_data: size=0, send_window=0, conn_window=65535
2025-06-27T02:08:15.108545Z  ERROR - Error handling request: Closed stream
/opt/homebrew/Cellar/crystal/1.16.3/share/crystal/src/io.cr:121:5 in 'check_open'
/opt/homebrew/Cellar/crystal/1.16.3/share/crystal/src/io/buffered.cr:142:15 in 'write'
src/ht2/zero_copy.cr:65:7 in 'forward_data_frame'
src/ht2/frames/data_frame.cr:50:9 in 'write_to'
src/ht2/connection.cr:343:11 in 'send_frame_zero_copy'
src/ht2/connection.cr:261:9 in 'send_frame'
src/ht2/stream.cr:107:7 in 'send_data'
src/ht2/response.cr:73:9 in 'close'
spec/h2spec_test_server.cr:28:7 in '->'
src/ht2/server.cr:529:16 in 'handle_stream'
src/ht2/server.cr:500:19 in '->'
src/ht2/worker_pool.cr:139:18 in '->'
/opt/homebrew/Cellar/crystal/1.16.3/share/crystal/src/fiber.cr:170:11 in 'run'
/opt/homebrew/Cellar/crystal/1.16.3/share/crystal/src/fiber.cr:105:3 in '->'
2025-06-27T02:08:15.108567Z   WARN - Stream 193: Timed out waiting for window update
2025-06-27T02:08:15.108576Z  ERROR - Error writing response: Timed out waiting for flow control window
2025-06-27T02:08:15.108576Z  DEBUG - Response.close: Sending empty DATA frame with END_STREAM
2025-06-27T02:08:15.108577Z  DEBUG - Stream.send_data: size=0, send_window=0, conn_window=65535
2025-06-27T02:08:15.109036Z  ERROR - Error handling request: Closed stream
/opt/homebrew/Cellar/crystal/1.16.3/share/crystal/src/io.cr:121:5 in 'check_open'
/opt/homebrew/Cellar/crystal/1.16.3/share/crystal/src/io/buffered.cr:142:15 in 'write'
src/ht2/zero_copy.cr:65:7 in 'forward_data_frame'
src/ht2/frames/data_frame.cr:50:9 in 'write_to'
src/ht2/connection.cr:343:11 in 'send_frame_zero_copy'
src/ht2/connection.cr:261:9 in 'send_frame'
src/ht2/stream.cr:107:7 in 'send_data'
src/ht2/response.cr:73:9 in 'close'
spec/h2spec_test_server.cr:28:7 in '->'
src/ht2/server.cr:529:16 in 'handle_stream'
src/ht2/server.cr:500:19 in '->'
src/ht2/worker_pool.cr:139:18 in '->'
/opt/homebrew/Cellar/crystal/1.16.3/share/crystal/src/fiber.cr:170:11 in 'run'
/opt/homebrew/Cellar/crystal/1.16.3/share/crystal/src/fiber.cr:105:3 in '->'
2025-06-27T02:08:15.109057Z   WARN - Stream 195: Timed out waiting for window update
2025-06-27T02:08:15.109066Z  ERROR - Error writing response: Timed out waiting for flow control window
2025-06-27T02:08:15.109066Z  DEBUG - Response.close: Sending empty DATA frame with END_STREAM
2025-06-27T02:08:15.109067Z  DEBUG - Stream.send_data: size=0, send_window=0, conn_window=65535
2025-06-27T02:08:15.109531Z  ERROR - Error handling request: Closed stream
/opt/homebrew/Cellar/crystal/1.16.3/share/crystal/src/io.cr:121:5 in 'check_open'
/opt/homebrew/Cellar/crystal/1.16.3/share/crystal/src/io/buffered.cr:142:15 in 'write'
src/ht2/zero_copy.cr:65:7 in 'forward_data_frame'
src/ht2/frames/data_frame.cr:50:9 in 'write_to'
src/ht2/connection.cr:343:11 in 'send_frame_zero_copy'
src/ht2/connection.cr:261:9 in 'send_frame'
src/ht2/stream.cr:107:7 in 'send_data'
src/ht2/response.cr:73:9 in 'close'
spec/h2spec_test_server.cr:28:7 in '->'
src/ht2/server.cr:529:16 in 'handle_stream'
src/ht2/server.cr:500:19 in '->'
src/ht2/worker_pool.cr:139:18 in '->'
/opt/homebrew/Cellar/crystal/1.16.3/share/crystal/src/fiber.cr:170:11 in 'run'
/opt/homebrew/Cellar/crystal/1.16.3/share/crystal/src/fiber.cr:105:3 in '->'
2025-06-27T02:08:15.111418Z  DEBUG - Connection.start called, is_server=true
2025-06-27T02:08:15.111419Z  DEBUG - Reading client preface...
2025-06-27T02:08:15.111419Z  DEBUG - Attempting to read 24 bytes for preface
2025-06-27T02:08:15.111425Z  DEBUG - Read preface bytes: 505249202a20485454502f322e300d0a0d0a534d0d0a0d0a
2025-06-27T02:08:15.111427Z  DEBUG - Client preface read successfully
2025-06-27T02:08:15.111427Z  DEBUG - Starting without preface...
2025-06-27T02:08:15.111431Z  DEBUG - Connection started successfully
2025-06-27T02:08:15.111460Z  DEBUG - Read loop started for connection 127.0.0.1
2025-06-27T02:08:15.111461Z  DEBUG - Reading frame header...
2025-06-27T02:08:15.111467Z  DEBUG - Applying remote setting: INITIAL_WINDOW_SIZE = 65535
2025-06-27T02:08:15.111469Z  DEBUG - Updating stream windows: old=65535, new=65535, diff=0
2025-06-27T02:08:15.111469Z  DEBUG - Sending SETTINGS ACK
2025-06-27T02:08:15.111501Z  DEBUG - SETTINGS ACK sent
2025-06-27T02:08:15.111502Z  DEBUG - Successfully handled frame: HT2::SettingsFrame on stream 0
2025-06-27T02:08:15.111503Z  DEBUG - Reading frame header...
2025-06-27T02:08:15.111555Z  DEBUG - Successfully handled frame: HT2::SettingsFrame on stream 0
2025-06-27T02:08:15.111556Z  DEBUG - Reading frame header...
2025-06-27T02:08:15.111558Z  DEBUG - Successfully handled frame: HT2::SettingsFrame on stream 0
2025-06-27T02:08:15.111558Z  DEBUG - Reading frame header...
2025-06-27T02:08:15.111646Z  DEBUG - Read loop connection error: FLOW_CONTROL_ERROR - INITIAL_WINDOW_SIZE too large
2025-06-27T02:08:15.112550Z  DEBUG - Connection.start called, is_server=true
2025-06-27T02:08:15.112550Z  DEBUG - Reading client preface...
2025-06-27T02:08:15.112551Z  DEBUG - Attempting to read 24 bytes for preface
2025-06-27T02:08:15.112554Z  DEBUG - Read preface bytes: 505249202a20485454502f322e300d0a0d0a534d0d0a0d0a
2025-06-27T02:08:15.112555Z  DEBUG - Client preface read successfully
2025-06-27T02:08:15.112556Z  DEBUG - Starting without preface...
2025-06-27T02:08:15.112559Z  DEBUG - Connection started successfully
2025-06-27T02:08:15.112602Z  DEBUG - Read loop started for connection 127.0.0.1
2025-06-27T02:08:15.112603Z  DEBUG - Reading frame header...
2025-06-27T02:08:15.112606Z  DEBUG - Applying remote setting: INITIAL_WINDOW_SIZE = 65535
2025-06-27T02:08:15.112607Z  DEBUG - Updating stream windows: old=65535, new=65535, diff=0
2025-06-27T02:08:15.112608Z  DEBUG - Sending SETTINGS ACK
2025-06-27T02:08:15.112614Z  DEBUG - SETTINGS ACK sent
2025-06-27T02:08:15.112614Z  DEBUG - Successfully handled frame: HT2::SettingsFrame on stream 0
2025-06-27T02:08:15.112615Z  DEBUG - Reading frame header...
2025-06-27T02:08:15.112619Z  DEBUG - Successfully handled frame: HT2::SettingsFrame on stream 0
2025-06-27T02:08:15.112619Z  DEBUG - Reading frame header...
2025-06-27T02:08:15.112621Z  DEBUG - Successfully handled frame: HT2::SettingsFrame on stream 0
2025-06-27T02:08:15.112621Z  DEBUG - Reading frame header...
2025-06-27T02:08:15.112691Z  DEBUG - HEADERS frame parsing: payload_size=15, offset=0, padding=0, header_block_size=15
2025-06-27T02:08:15.112692Z  DEBUG - Header block hex: 828684418aa0e41d139d09b8f81e07
2025-06-27T02:08:15.112701Z  DEBUG - HEADERS frame: stream_id=1, flags=END_STREAM, padding=0, priority=nil, header_block_size=15
2025-06-27T02:08:15.112702Z  DEBUG - Full header block hex: 828684418aa0e41d139d09b8f81e07
2025-06-27T02:08:15.112702Z  DEBUG - HEADERS without END_HEADERS received, expecting CONTINUATION frames for stream 1
2025-06-27T02:08:15.112703Z  DEBUG - Saved 15 bytes, end_stream=true
2025-06-27T02:08:15.112704Z  DEBUG - Successfully handled frame: HT2::HeadersFrame on stream 1
2025-06-27T02:08:15.112704Z  DEBUG - Reading frame header...
2025-06-27T02:08:15.112742Z  DEBUG - CONTINUATION frame received: stream_id=1, end_headers=false, header_block_size=3512
2025-06-27T02:08:15.112743Z  DEBUG - CONTINUATION frame count: 1
2025-06-27T02:08:15.112744Z  DEBUG - CONTINUATION headers buffer size: 3527
2025-06-27T02:08:15.112745Z  DEBUG - CONTINUATION: Added 3512 bytes, total frames: 1
2025-06-27T02:08:15.112745Z  DEBUG - CONTINUATION: Waiting for more frames (no END_HEADERS yet)
2025-06-27T02:08:15.112745Z  DEBUG - CONTINUATION handler completed for stream 1
2025-06-27T02:08:15.112746Z  DEBUG - Successfully handled frame: HT2::ContinuationFrame on stream 1
2025-06-27T02:08:15.112747Z  DEBUG - Reading frame header...
2025-06-27T02:08:15.112749Z  DEBUG - CONTINUATION frame received: stream_id=1, end_headers=true, header_block_size=1
2025-06-27T02:08:15.112750Z  DEBUG - CONTINUATION frame count: 2
2025-06-27T02:08:15.112750Z  DEBUG - CONTINUATION headers buffer size: 3528
2025-06-27T02:08:15.112750Z  DEBUG - CONTINUATION: Added 1 bytes, total frames: 2
2025-06-27T02:08:15.112751Z  DEBUG - CONTINUATION: END_HEADERS received, processing complete header block
2025-06-27T02:08:15.112754Z  DEBUG - HPACK: Decoding Huffman string, length=10, data=a0e41d139d09b8f81e07
2025-06-27T02:08:15.112796Z  DEBUG - Huffman decode: data.size=10, hex=a0e41d139d09b8f81e07
2025-06-27T02:08:15.112796Z  DEBUG - Huffman decode: Checking for potential EOS pattern in data
2025-06-27T02:08:15.112799Z  DEBUG - Huffman padding check: last_symbol_bit=76, total_bits=80, padding_bits=3
2025-06-27T02:08:15.112800Z  DEBUG - HPACK: Huffman decoded to: "localhost:9080"
2025-06-27T02:08:15.112803Z  DEBUG - HPACK: Decoding Huffman string, length=7, data=f2b496d34fa07f
2025-06-27T02:08:15.112839Z  DEBUG - Huffman decode: data.size=7, hex=f2b496d34fa07f
2025-06-27T02:08:15.112839Z  DEBUG - Huffman decode: Checking for potential EOS pattern in data
2025-06-27T02:08:15.112840Z  DEBUG - Huffman padding check: last_symbol_bit=48, total_bits=56, padding_bits=7
2025-06-27T02:08:15.112841Z  DEBUG - HPACK: Huffman decoded to: "x-dummy0"
2025-06-27T02:08:15.112872Z  DEBUG - HPACK: Decoding Huffman string, length=3500, data=f3e7cf9f3e7cf9f3e7cf9f3e7cf9f3e7cf9f3e7cf9f3e7cf9f3e7cf9f3e7cf9f3e7cf9f3e7cf9f3e7cf9f3e7cf9f3e7cf9f3e7cf9f3e7cf9f3e7cf9f3e7cf9f3e7cf9f3e7cf9f3e7cf9f3e7cf9f3e7cf9f3e7cf9f3e7cf9f3e7cf9f3e7cf9f3e7cf9f3e7cf9f3e7cf9f3e7cf9f3e7cf9f3e7cf9f3e7cf9f3e7cf9f3e7cf9f3e7cf9f3e7cf9f3e7cf9f3e7cf9f3e7cf9f3e7cf9f3e7cf9f3e7cf9f3e7cf9f3e7cf9f3e7cf9f3e7cf9f3e7cf9f3e7cf9f3e7cf9f3e7cf9f3e7cf9f3e7cf9f3e7cf9f3e7cf9f3e7cf9f3e7cf9f3e7cf9f3e7cf9f3e7cf9f3e7cf9f3e7cf9f3e7cf9f3e7cf9f3e7cf9f3e7cf9f3e7cf9f3e7cf9f3e7cf9f3e7cf9f3e7cf9f3e7cf9f3e7cf9f3e7cf9f3e7cf9f3e7cf9f3e7cf9f3e7cf9f3e7cf9f3e7cf9f3e7cf9f3e7cf9f3e7cf9f3e7cf9f3e7cf9f3e7cf9f3e7cf9f3e7cf9f3e7cf9f3e7cf9f3e7cf9f3e7cf9f3e7cf9f3e7cf9f3e7cf9f3e7cf9f3e7cf9f3e7cf9f3e7cf9f3e7cf9f3e7cf9f3e7cf9f3e7cf9f3e7cf9f3e7cf9f3e7cf9f3e7cf9f3e7cf9f3e7cf9f3e7cf9f3e7cf9f3e7cf9f3e7cf9f3e7cf9f3e7cf9f3e7cf9f3e7cf9f3e7cf9f3e7cf9f3e7cf9f3e7cf9f3e7cf9f3e7cf9f3e7cf9f3e7cf9f3e7cf9f3e7cf9f3e7cf9f3e7cf9f3e7cf9f3e7cf9f3e7cf9f3e7cf9f3e7cf9f3e7cf9f3e7cf9f3e7cf9f3e7cf9f3e7cf9f3e7cf9f3e7cf9f3e7cf9f3e7cf9f3e7cf9f3e7cf9f3e7cf9f3e7cf9f3e7cf9f3e7cf9f3e7cf9f3e7cf9f3e7cf9f3e7cf9f3e7cf9f3e7cf9f3e7cf9f3e7cf9f3e7cf9f3e7cf9f3e7cf9f3e7cf9f3e7cf9f3e7cf9f3e7cf9f3e7cf9f3e7cf9f3e7cf9f3e7cf9f3e7cf9f3e7cf9f3e7cf9f3e7cf9f3e7cf9f3e7cf9f3e7cf9f3e7cf9f3e7cf9f3e7cf9f3e7cf9f3e7cf9f3e7cf9f3e7cf9f3e7cf9f3e7cf9f3e7cf9f3e7cf9f3e7cf9f3e7cf9f3e7cf9f3e7cf9f3e7cf9f3e7cf9f3e7cf9f3e7cf9f3e7cf9f3e7cf9f3e7cf9f3e7cf9f3e7cf9f3e7cf9f3e7cf9f3e7cf9f3e7cf9f3e7cf9f3e7cf9f3e7cf9f3e7cf9f3e7cf9f3e7cf9f3e7cf9f3e7cf9f3e7cf9f3e7cf9f3e7cf9f3e7cf9f3e7cf9f3e7cf9f3e7cf9f3e7cf9f3e7cf9f3e7cf9f3e7cf9f3e7cf9f3e7cf9f3e7cf9f3e7cf9f3e7cf9f3e7cf9f3e7cf9f3e7cf9f3e7cf9f3e7cf9f3e7cf9f3e7cf9f3e7cf9f3e7cf9f3e7cf9f3e7cf9f3e7cf9f3e7cf9f3e7cf9f3e7cf9f3e7cf9f3e7cf9f3e7cf9f3e7cf9f3e7cf9f3e7cf9f3e7cf9f3e7cf9f3e7cf9f3e7cf9f3e7cf9f3e7cf9f3e7cf9f3e7cf9f3e7cf9f3e7cf9f3e7cf9f3e7cf9f3e7cf9f3e7cf9f3e7cf9f3e7cf9f3e7cf9f3e7cf9f3e7cf9f3e7cf9f3e7cf9f3e7cf9f3e7cf9f3e7cf9f3e7cf9f3e7cf9f3e7cf9f3e7cf9f3e7cf9f3e7cf9f3e7cf9f3e7cf9f3e7cf9f3e7cf9f3e7cf9f3e7cf9f3e7cf9f3e7cf9f3e7cf9f3e7cf9f3e7cf9f3e7cf9f3e7cf9f3e7cf9f3e7cf9f3e7cf9f3e7cf9f3e7cf9f3e7cf9f3e7cf9f3e7cf9f3e7cf9f3e7cf9f3e7cf9f3e7cf9f3e7cf9f3e7cf9f3e7cf9f3e7cf9f3e7cf9f3e7cf9f3e7cf9f3e7cf9f3e7cf9f3e7cf9f3e7cf9f3e7cf9f3e7cf9f3e7cf9f3e7cf9f3e7cf9f3e7cf9f3e7cf9f3e7cf9f3e7cf9f3e7cf9f3e7cf9f3e7cf9f3e7cf9f3e7cf9f3e7cf9f3e7cf9f3e7cf9f3e7cf9f3e7cf9f3e7cf9f3e7cf9f3e7cf9f3e7cf9f3e7cf9f3e7cf9f3e7cf9f3e7cf9f3e7cf9f3e7cf9f3e7cf9f3e7cf9f3e7cf9f3e7cf9f3e7cf9f3e7cf9f3e7cf9f3e7cf9f3e7cf9f3e7cf9f3e7cf9f3e7cf9f3e7cf9f3e7cf9f3e7cf9f3e7cf9f3e7cf9f3e7cf9f3e7cf9f3e7cf9f3e7cf9f3e7cf9f3e7cf9f3e7cf9f3e7cf9f3e7cf9f3e7cf9f3e7cf9f3e7cf9f3e7cf9f3e7cf9f3e7cf9f3e7cf9f3e7cf9f3e7cf9f3e7cf9f3e7cf9f3e7cf9f3e7cf9f3e7cf9f3e7cf9f3e7cf9f3e7cf9f3e7cf9f3e7cf9f3e7cf9f3e7cf9f3e7cf9f3e7cf9f3e7cf9f3e7cf9f3e7cf9f3e7cf9f3e7cf9f3e7cf9f3e7cf9f3e7cf9f3e7cf9f3e7cf9f3e7cf9f3e7cf9f3e7cf9f3e7cf9f3e7cf9f3e7cf9f3e7cf9f3e7cf9f3e7cf9f3e7cf9f3e7cf9f3e7cf9f3e7cf9f3e7cf9f3e7cf9f3e7cf9f3e7cf9f3e7cf9f3e7cf9f3e7cf9f3e7cf9f3e7cf9f3e7cf9f3e7cf9f3e7cf9f3e7cf9f3e7cf9f3e7cf9f3e7cf9f3e7cf9f3e7cf9f3e7cf9f3e7cf9f3e7cf9f3e7cf9f3e7cf9f3e7cf9f3e7cf9f3e7cf9f3e7cf9f3e7cf9f3e7cf9f3e7cf9f3e7cf9f3e7cf9f3e7cf9f3e7cf9f3e7cf9f3e7cf9f3e7cf9f3e7cf9f3e7cf9f3e7cf9f3e7cf9f3e7cf9f3e7cf9f3e7cf9f3e7cf9f3e7cf9f3e7cf9f3e7cf9f3e7cf9f3e7cf9f3e7cf9f3e7cf9f3e7cf9f3e7cf9f3e7cf9f3e7cf9f3e7cf9f3e7cf9f3e7cf9f3e7cf9f3e7cf9f3e7cf9f3e7cf9f3e7cf9f3e7cf9f3e7cf9f3e7cf9f3e7cf9f3e7cf9f3e7cf9f3e7cf9f3e7cf9f3e7cf9f3e7cf9f3e7cf9f3e7cf9f3e7cf9f3e7cf9f3e7cf9f3e7cf9f3e7cf9f3e7cf9f3e7cf9f3e7cf9f3e7cf9f3e7cf9f3e7cf9f3e7cf9f3e7cf9f3e7cf9f3e7cf9f3e7cf9f3e7cf9f3e7cf9f3e7cf9f3e7cf9f3e7cf9f3e7cf9f3e7cf9f3e7cf9f3e7cf9f3e7cf9f3e7cf9f3e7cf9f3e7cf9f3e7cf9f3e7cf9f3e7cf9f3e7cf9f3e7cf9f3e7cf9f3e7cf9f3e7cf9f3e7cf9f3e7cf9f3e7cf9f3e7cf9f3e7cf9f3e7cf9f3e7cf9f3e7cf9f3e7cf9f3e7cf9f3e7cf9f3e7cf9f3e7cf9f3e7cf9f3e7cf9f3e7cf9f3e7cf9f3e7cf9f3e7cf9f3e7cf9f3e7cf9f3e7cf9f3e7cf9f3e7cf9f3e7cf9f3e7cf9f3e7cf9f3e7cf9f3e7cf9f3e7cf9f3e7cf9f3e7cf9f3e7cf9f3e7cf9f3e7cf9f3e7cf9f3e7cf9f3e7cf9f3e7cf9f3e7cf9f3e7cf9f3e7cf9f3e7cf9f3e7cf9f3e7cf9f3e7cf9f3e7cf9f3e7cf9f3e7cf9f3e7cf9f3e7cf9f3e7cf9f3e7cf9f3e7cf9f3e7cf9f3e7cf9f3e7cf9f3e7cf9f3e7cf9f3e7cf9f3e7cf9f3e7cf9f3e7cf9f3e7cf9f3e7cf9f3e7cf9f3e7cf9f3e7cf9f3e7cf9f3e7cf9f3e7cf9f3e7cf9f3e7cf9f3e7cf9f3e7cf9f3e7cf9f3e7cf9f3e7cf9f3e7cf9f3e7cf9f3e7cf9f3e7cf9f3e7cf9f3e7cf9f3e7cf9f3e7cf9f3e7cf9f3e7cf9f3e7cf9f3e7cf9f3e7cf9f3e7cf9f3e7cf9f3e7cf9f3e7cf9f3e7cf9f3e7cf9f3e7cf9f3e7cf9f3e7cf9f3e7cf9f3e7cf9f3e7cf9f3e7cf9f3e7cf9f3e7cf9f3e7cf9f3e7cf9f3e7cf9f3e7cf9f3e7cf9f3e7cf9f3e7cf9f3e7cf9f3e7cf9f3e7cf9f3e7cf9f3e7cf9f3e7cf9f3e7cf9f3e7cf9f3e7cf9f3e7cf9f3e7cf9f3e7cf9f3e7cf9f3e7cf9f3e7cf9f3e7cf9f3e7cf9f3e7cf9f3e7cf9f3e7cf9f3e7cf9f3e7cf9f3e7cf9f3e7cf9f3e7cf9f3e7cf9f3e7cf9f3e7cf9f3e7cf9f3e7cf9f3e7cf9f3e7cf9f3e7cf9f3e7cf9f3e7cf9f3e7cf9f3e7cf9f3e7cf9f3e7cf9f3e7cf9f3e7cf9f3e7cf9f3e7cf9f3e7cf9f3e7cf9f3e7cf9f3e7cf9f3e7cf9f3e7cf9f3e7cf9f3e7cf9f3e7cf9f3e7cf9f3e7cf9f3e7cf9f3e7cf9f3e7cf9f3e7cf9f3e7cf9f3e7cf9f3e7cf9f3e7cf9f3e7cf9f3e7cf9f3e7cf9f3e7cf9f3e7cf9f3e7cf9f3e7cf9f3e7cf9f3e7cf9f3e7cf9f3e7cf9f3e7cf9f3e7cf9f3e7cf9f3e7cf9f3e7cf9f3e7cf9f3e7cf9f3e7cf9f3e7cf9f3e7cf9f3e7cf9f3e7cf9f3e7cf9f3e7cf9f3e7cf9f3e7cf9f3e7cf9f3e7cf9f3e7cf9f3e7cf9f3e7cf9f3e7cf9f3e7cf9f3e7cf9f3e7cf9f3e7cf9f3e7cf9f3e7cf9f3e7cf9f3e7cf9f3e7cf9f3e7cf9f3e7cf9f3e7cf9f3e7cf9f3e7cf9f3e7cf9f3e7cf9f3e7cf9f3e7cf9f3e7cf9f3e7cf9f3e7cf9f3e7cf9f3e7cf9f3e7cf9f3e7cf9f3e7cf9f3e7cf9f3e7cf9f3e7cf9f3e7cf9f3e7cf9f3e7cf9f3e7cf9f3e7cf9f3e7cf9f3e7cf9f3e7cf9f3e7cf9f3e7cf9f3e7cf9f3e7cf9f3e7cf9f3e7cf9f3e7cf9f3e7cf9f3e7cf9f3e7cf9f3e7cf9f3e7cf9f3e7cf9f3e7cf9f3e7cf9f3e7cf9f3e7cf9f3e7cf9f3e7cf9f3e7cf9f3e7cf9f3e7cf9f3e7cf9f3e7cf9f3e7cf9f3e7cf9f3e7cf9f3e7cf9f3e7cf9f3e7cf9f3e7cf9f3e7cf9f3e7cf9f3e7cf9f3e7cf9f3e7cf9f3e7cf9f3e7cf9f3e7cf9f3e7cf9f3e7cf9f3e7cf9f3e7cf9f3e7cf9f3e7cf9f3e7cf9f3e7cf9f3e7cf9f3e7cf9f3e7cf9f3e7cf9f3e7cf9f3e7cf9f3e7cf9f3e7cf9f3e7cf9f3e7cf9f3e7cf9f3e7cf9f3e7cf9f3e7cf9f3e7cf9f3e7cf9f3e7cf9f3e7cf9f3e7cf9f3e7cf9f3e7cf9f3e7cf9f3e7cf9f3e7cf9f3e7cf9f3e7cf9f3e7cf9f3e7cf9f3e7cf9f3e7cf9f3e7cf9f3e7cf9f3e7cf9f3e7cf9f3e7cf9f3e7cf9f3e7cf9f3e7cf9f3e7cf9f3e7cf9f3e7cf9f3e7cf9f3e7cf9f3e7cf9f3e7cf9f3e7cf9f3e7cf9f3e7cf9f3e7cf9f3e7cf9f3e7cf9f3e7cf9f3e7cf9f3e7cf9f3e7cf9f3e7cf9f3e7cf9f3e7cf9f3e7cf9f3e7cf9f3e7cf9f3e7cf9f3e7cf9f3e7cf9f3e7cf9f3e7cf9f3e7cf9f3e7cf9f3e7cf9f3e7cf9f3e7cf9f3e7cf9f3e7cf9f3e7cf9f3e7cf9f3e7cf9f3e7cf9f3e7cf9f3e7cf9f3e7cf9f3e7cf9f3e7cf9f3e7cf9f3e7cf9f3e7cf9f3e7cf9f3e7cf9f3e7cf9f3e7cf9f3e7cf9f3e7cf9f3e7cf9f3e7cf9f3e7cf9f3e7cf9f3e7cf9f3e7cf9f3e7cf9f3e7cf9f3e7cf9f3e7cf9f3e7cf9f3e7cf9f3e7cf9f3e7cf9f3e7cf9f3e7cf9f3e7cf9f3e7cf9f3e7cf9f3e7cf9f3e7cf9f3e7cf9f3e7cf9f3e7cf9f3e7cf9f3e7cf9f3e7cf9f3e7cf9f3e7cf9f3e7cf9f3e7cf9f3e7cf9f3e7cf9f3e7cf9f3e7cf9f3e7cf9f3e7cf9f3e7cf9f3e7cf9f3e7cf9f3e7cf9f3e7cf9f3e7cf9f3e7cf9f3e7cf9f3e7cf9f3e7cf9f3e7cf9f3e7cf9f3e7cf9f3e7cf9f3e7cf9f3e7cf9f3e7cf9f3e7cf9f3e7cf9f3e7cf9f3e7cf9f3e7cf9f3e7cf9f3e7cf9f3e7cf9f3e7cf9f3e7cf9f3e7cf9f3e7cf9f3e7cf9f3e7cf9f3e7cf9f3e7cf9f3e7cf9f3e7cf9f3e7cf9f3e7cf9f3e7cf9f3e7cf9f3e7cf9f3e7cf9f3e7cf9f3e7cf9f3e7cf9f3e7cf9f3e7cf9f3e7cf9f3e7cf9f3e7cf9f3e7cf9f3e7cf9
2025-06-27T02:08:15.113233Z  DEBUG - Huffman decode: data.size=3500, hex=f3e7cf9f3e7cf9f3e7cf9f3e7cf9f3e7cf9f3e7cf9f3e7cf9f3e7cf9f3e7cf9f3e7cf9f3e7cf9f3e7cf9f3e7cf9f3e7cf9f3e7cf9f3e7cf9f3e7cf9f3e7cf9f3e7cf9f3e7cf9f3e7cf9f3e7cf9f3e7cf9f3e7cf9f3e7cf9f3e7cf9f3e7cf9f3e7cf9f3e7cf9f3e7cf9f3e7cf9f3e7cf9f3e7cf9f3e7cf9f3e7cf9f3e7cf9f3e7cf9f3e7cf9f3e7cf9f3e7cf9f3e7cf9f3e7cf9f3e7cf9f3e7cf9f3e7cf9f3e7cf9f3e7cf9f3e7cf9f3e7cf9f3e7cf9f3e7cf9f3e7cf9f3e7cf9f3e7cf9f3e7cf9f3e7cf9f3e7cf9f3e7cf9f3e7cf9f3e7cf9f3e7cf9f3e7cf9f3e7cf9f3e7cf9f3e7cf9f3e7cf9f3e7cf9f3e7cf9f3e7cf9f3e7cf9f3e7cf9f3e7cf9f3e7cf9f3e7cf9f3e7cf9f3e7cf9f3e7cf9f3e7cf9f3e7cf9f3e7cf9f3e7cf9f3e7cf9f3e7cf9f3e7cf9f3e7cf9f3e7cf9f3e7cf9f3e7cf9f3e7cf9f3e7cf9f3e7cf9f3e7cf9f3e7cf9f3e7cf9f3e7cf9f3e7cf9f3e7cf9f3e7cf9f3e7cf9f3e7cf9f3e7cf9f3e7cf9f3e7cf9f3e7cf9f3e7cf9f3e7cf9f3e7cf9f3e7cf9f3e7cf9f3e7cf9f3e7cf9f3e7cf9f3e7cf9f3e7cf9f3e7cf9f3e7cf9f3e7cf9f3e7cf9f3e7cf9f3e7cf9f3e7cf9f3e7cf9f3e7cf9f3e7cf9f3e7cf9f3e7cf9f3e7cf9f3e7cf9f3e7cf9f3e7cf9f3e7cf9f3e7cf9f3e7cf9f3e7cf9f3e7cf9f3e7cf9f3e7cf9f3e7cf9f3e7cf9f3e7cf9f3e7cf9f3e7cf9f3e7cf9f3e7cf9f3e7cf9f3e7cf9f3e7cf9f3e7cf9f3e7cf9f3e7cf9f3e7cf9f3e7cf9f3e7cf9f3e7cf9f3e7cf9f3e7cf9f3e7cf9f3e7cf9f3e7cf9f3e7cf9f3e7cf9f3e7cf9f3e7cf9f3e7cf9f3e7cf9f3e7cf9f3e7cf9f3e7cf9f3e7cf9f3e7cf9f3e7cf9f3e7cf9f3e7cf9f3e7cf9f3e7cf9f3e7cf9f3e7cf9f3e7cf9f3e7cf9f3e7cf9f3e7cf9f3e7cf9f3e7cf9f3e7cf9f3e7cf9f3e7cf9f3e7cf9f3e7cf9f3e7cf9f3e7cf9f3e7cf9f3e7cf9f3e7cf9f3e7cf9f3e7cf9f3e7cf9f3e7cf9f3e7cf9f3e7cf9f3e7cf9f3e7cf9f3e7cf9f3e7cf9f3e7cf9f3e7cf9f3e7cf9f3e7cf9f3e7cf9f3e7cf9f3e7cf9f3e7cf9f3e7cf9f3e7cf9f3e7cf9f3e7cf9f3e7cf9f3e7cf9f3e7cf9f3e7cf9f3e7cf9f3e7cf9f3e7cf9f3e7cf9f3e7cf9f3e7cf9f3e7cf9f3e7cf9f3e7cf9f3e7cf9f3e7cf9f3e7cf9f3e7cf9f3e7cf9f3e7cf9f3e7cf9f3e7cf9f3e7cf9f3e7cf9f3e7cf9f3e7cf9f3e7cf9f3e7cf9f3e7cf9f3e7cf9f3e7cf9f3e7cf9f3e7cf9f3e7cf9f3e7cf9f3e7cf9f3e7cf9f3e7cf9f3e7cf9f3e7cf9f3e7cf9f3e7cf9f3e7cf9f3e7cf9f3e7cf9f3e7cf9f3e7cf9f3e7cf9f3e7cf9f3e7cf9f3e7cf9f3e7cf9f3e7cf9f3e7cf9f3e7cf9f3e7cf9f3e7cf9f3e7cf9f3e7cf9f3e7cf9f3e7cf9f3e7cf9f3e7cf9f3e7cf9f3e7cf9f3e7cf9f3e7cf9f3e7cf9f3e7cf9f3e7cf9f3e7cf9f3e7cf9f3e7cf9f3e7cf9f3e7cf9f3e7cf9f3e7cf9f3e7cf9f3e7cf9f3e7cf9f3e7cf9f3e7cf9f3e7cf9f3e7cf9f3e7cf9f3e7cf9f3e7cf9f3e7cf9f3e7cf9f3e7cf9f3e7cf9f3e7cf9f3e7cf9f3e7cf9f3e7cf9f3e7cf9f3e7cf9f3e7cf9f3e7cf9f3e7cf9f3e7cf9f3e7cf9f3e7cf9f3e7cf9f3e7cf9f3e7cf9f3e7cf9f3e7cf9f3e7cf9f3e7cf9f3e7cf9f3e7cf9f3e7cf9f3e7cf9f3e7cf9f3e7cf9f3e7cf9f3e7cf9f3e7cf9f3e7cf9f3e7cf9f3e7cf9f3e7cf9f3e7cf9f3e7cf9f3e7cf9f3e7cf9f3e7cf9f3e7cf9f3e7cf9f3e7cf9f3e7cf9f3e7cf9f3e7cf9f3e7cf9f3e7cf9f3e7cf9f3e7cf9f3e7cf9f3e7cf9f3e7cf9f3e7cf9f3e7cf9f3e7cf9f3e7cf9f3e7cf9f3e7cf9f3e7cf9f3e7cf9f3e7cf9f3e7cf9f3e7cf9f3e7cf9f3e7cf9f3e7cf9f3e7cf9f3e7cf9f3e7cf9f3e7cf9f3e7cf9f3e7cf9f3e7cf9f3e7cf9f3e7cf9f3e7cf9f3e7cf9f3e7cf9f3e7cf9f3e7cf9f3e7cf9f3e7cf9f3e7cf9f3e7cf9f3e7cf9f3e7cf9f3e7cf9f3e7cf9f3e7cf9f3e7cf9f3e7cf9f3e7cf9f3e7cf9f3e7cf9f3e7cf9f3e7cf9f3e7cf9f3e7cf9f3e7cf9f3e7cf9f3e7cf9f3e7cf9f3e7cf9f3e7cf9f3e7cf9f3e7cf9f3e7cf9f3e7cf9f3e7cf9f3e7cf9f3e7cf9f3e7cf9f3e7cf9f3e7cf9f3e7cf9f3e7cf9f3e7cf9f3e7cf9f3e7cf9f3e7cf9f3e7cf9f3e7cf9f3e7cf9f3e7cf9f3e7cf9f3e7cf9f3e7cf9f3e7cf9f3e7cf9f3e7cf9f3e7cf9f3e7cf9f3e7cf9f3e7cf9f3e7cf9f3e7cf9f3e7cf9f3e7cf9f3e7cf9f3e7cf9f3e7cf9f3e7cf9f3e7cf9f3e7cf9f3e7cf9f3e7cf9f3e7cf9f3e7cf9f3e7cf9f3e7cf9f3e7cf9f3e7cf9f3e7cf9f3e7cf9f3e7cf9f3e7cf9f3e7cf9f3e7cf9f3e7cf9f3e7cf9f3e7cf9f3e7cf9f3e7cf9f3e7cf9f3e7cf9f3e7cf9f3e7cf9f3e7cf9f3e7cf9f3e7cf9f3e7cf9f3e7cf9f3e7cf9f3e7cf9f3e7cf9f3e7cf9f3e7cf9f3e7cf9f3e7cf9f3e7cf9f3e7cf9f3e7cf9f3e7cf9f3e7cf9f3e7cf9f3e7cf9f3e7cf9f3e7cf9f3e7cf9f3e7cf9f3e7cf9f3e7cf9f3e7cf9f3e7cf9f3e7cf9f3e7cf9f3e7cf9f3e7cf9f3e7cf9f3e7cf9f3e7cf9f3e7cf9f3e7cf9f3e7cf9f3e7cf9f3e7cf9f3e7cf9f3e7cf9f3e7cf9f3e7cf9f3e7cf9f3e7cf9f3e7cf9f3e7cf9f3e7cf9f3e7cf9f3e7cf9f3e7cf9f3e7cf9f3e7cf9f3e7cf9f3e7cf9f3e7cf9f3e7cf9f3e7cf9f3e7cf9f3e7cf9f3e7cf9f3e7cf9f3e7cf9f3e7cf9f3e7cf9f3e7cf9f3e7cf9f3e7cf9f3e7cf9f3e7cf9f3e7cf9f3e7cf9f3e7cf9f3e7cf9f3e7cf9f3e7cf9f3e7cf9f3e7cf9f3e7cf9f3e7cf9f3e7cf9f3e7cf9f3e7cf9f3e7cf9f3e7cf9f3e7cf9f3e7cf9f3e7cf9f3e7cf9f3e7cf9f3e7cf9f3e7cf9f3e7cf9f3e7cf9f3e7cf9f3e7cf9f3e7cf9f3e7cf9f3e7cf9f3e7cf9f3e7cf9f3e7cf9f3e7cf9f3e7cf9f3e7cf9f3e7cf9f3e7cf9f3e7cf9f3e7cf9f3e7cf9f3e7cf9f3e7cf9f3e7cf9f3e7cf9f3e7cf9f3e7cf9f3e7cf9f3e7cf9f3e7cf9f3e7cf9f3e7cf9f3e7cf9f3e7cf9f3e7cf9f3e7cf9f3e7cf9f3e7cf9f3e7cf9f3e7cf9f3e7cf9f3e7cf9f3e7cf9f3e7cf9f3e7cf9f3e7cf9f3e7cf9f3e7cf9f3e7cf9f3e7cf9f3e7cf9f3e7cf9f3e7cf9f3e7cf9f3e7cf9f3e7cf9f3e7cf9f3e7cf9f3e7cf9f3e7cf9f3e7cf9f3e7cf9f3e7cf9f3e7cf9f3e7cf9f3e7cf9f3e7cf9f3e7cf9f3e7cf9f3e7cf9f3e7cf9f3e7cf9f3e7cf9f3e7cf9f3e7cf9f3e7cf9f3e7cf9f3e7cf9f3e7cf9f3e7cf9f3e7cf9f3e7cf9f3e7cf9f3e7cf9f3e7cf9f3e7cf9f3e7cf9f3e7cf9f3e7cf9f3e7cf9f3e7cf9f3e7cf9f3e7cf9f3e7cf9f3e7cf9f3e7cf9f3e7cf9f3e7cf9f3e7cf9f3e7cf9f3e7cf9f3e7cf9f3e7cf9f3e7cf9f3e7cf9f3e7cf9f3e7cf9f3e7cf9f3e7cf9f3e7cf9f3e7cf9f3e7cf9f3e7cf9f3e7cf9f3e7cf9f3e7cf9f3e7cf9f3e7cf9f3e7cf9f3e7cf9f3e7cf9f3e7cf9f3e7cf9f3e7cf9f3e7cf9f3e7cf9f3e7cf9f3e7cf9f3e7cf9f3e7cf9f3e7cf9f3e7cf9f3e7cf9f3e7cf9f3e7cf9f3e7cf9f3e7cf9f3e7cf9f3e7cf9f3e7cf9f3e7cf9f3e7cf9f3e7cf9f3e7cf9f3e7cf9f3e7cf9f3e7cf9f3e7cf9f3e7cf9f3e7cf9f3e7cf9f3e7cf9f3e7cf9f3e7cf9f3e7cf9f3e7cf9f3e7cf9f3e7cf9f3e7cf9f3e7cf9f3e7cf9f3e7cf9f3e7cf9f3e7cf9f3e7cf9f3e7cf9f3e7cf9f3e7cf9f3e7cf9f3e7cf9f3e7cf9f3e7cf9f3e7cf9f3e7cf9f3e7cf9f3e7cf9f3e7cf9f3e7cf9f3e7cf9f3e7cf9f3e7cf9f3e7cf9f3e7cf9f3e7cf9f3e7cf9f3e7cf9f3e7cf9f3e7cf9f3e7cf9f3e7cf9f3e7cf9f3e7cf9f3e7cf9f3e7cf9f3e7cf9f3e7cf9f3e7cf9f3e7cf9f3e7cf9f3e7cf9f3e7cf9f3e7cf9f3e7cf9f3e7cf9f3e7cf9f3e7cf9f3e7cf9f3e7cf9f3e7cf9f3e7cf9f3e7cf9f3e7cf9f3e7cf9f3e7cf9f3e7cf9f3e7cf9f3e7cf9f3e7cf9f3e7cf9f3e7cf9f3e7cf9f3e7cf9f3e7cf9f3e7cf9f3e7cf9f3e7cf9f3e7cf9f3e7cf9f3e7cf9f3e7cf9f3e7cf9f3e7cf9f3e7cf9f3e7cf9f3e7cf9f3e7cf9f3e7cf9f3e7cf9f3e7cf9f3e7cf9f3e7cf9f3e7cf9f3e7cf9f3e7cf9f3e7cf9f3e7cf9f3e7cf9f3e7cf9f3e7cf9f3e7cf9f3e7cf9f3e7cf9f3e7cf9f3e7cf9f3e7cf9f3e7cf9f3e7cf9f3e7cf9f3e7cf9f3e7cf9f3e7cf9f3e7cf9f3e7cf9f3e7cf9f3e7cf9f3e7cf9f3e7cf9f3e7cf9f3e7cf9f3e7cf9f3e7cf9f3e7cf9f3e7cf9f3e7cf9f3e7cf9f3e7cf9f3e7cf9f3e7cf9f3e7cf9f3e7cf9f3e7cf9f3e7cf9f3e7cf9f3e7cf9f3e7cf9f3e7cf9f3e7cf9f3e7cf9f3e7cf9f3e7cf9f3e7cf9f3e7cf9f3e7cf9f3e7cf9f3e7cf9f3e7cf9f3e7cf9f3e7cf9f3e7cf9f3e7cf9f3e7cf9f3e7cf9f3e7cf9f3e7cf9f3e7cf9f3e7cf9f3e7cf9f3e7cf9f3e7cf9f3e7cf9f3e7cf9f3e7cf9f3e7cf9f3e7cf9f3e7cf9f3e7cf9f3e7cf9f3e7cf9f3e7cf9f3e7cf9f3e7cf9f3e7cf9f3e7cf9f3e7cf9f3e7cf9f3e7cf9f3e7cf9f3e7cf9f3e7cf9f3e7cf9f3e7cf9f3e7cf9f3e7cf9f3e7cf9f3e7cf9f3e7cf9f3e7cf9f3e7cf9f3e7cf9f3e7cf9f3e7cf9f3e7cf9f3e7cf9f3e7cf9f3e7cf9f3e7cf9f3e7cf9f3e7cf9f3e7cf9f3e7cf9f3e7cf9f3e7cf9f3e7cf9f3e7cf9f3e7cf9f3e7cf9f3e7cf9f3e7cf9f3e7cf9f3e7cf9f3e7cf9f3e7cf9f3e7cf9f3e7cf9f3e7cf9f3e7cf9f3e7cf9f3e7cf9f3e7cf9f3e7cf9f3e7cf9f3e7cf9f3e7cf9f3e7cf9f3e7cf9f3e7cf9f3e7cf9f3e7cf9f3e7cf9f3e7cf9f3e7cf9f3e7cf9f3e7cf9f3e7cf9f3e7cf9f3e7cf9f3e7cf9f3e7cf9f3e7cf9f3e7cf9f3e7cf9f3e7cf9f3e7cf9f3e7cf9f3e7cf9f3e7cf9f3e7cf9f3e7cf9f3e7cf9f3e7cf9f3e7cf9f3e7cf9f3e7cf9f3e7cf9f3e7cf9f3e7cf9f3e7cf9f3e7cf9f3e7cf9f3e7cf9f3e7cf9f3e7cf9f3e7cf9f3e7cf9f3e7cf9f3e7cf9f3e7cf9f3e7cf9f3e7cf9f3e7cf9f3e7cf9f3e7cf9f3e7cf9f3e7cf9f3e7cf9f3e7cf9f3e7cf9f3e7cf9f3e7cf9f3e7cf9f3e7cf9f3e7cf9f3e7cf9f3e7cf9f3e7cf9f3e7cf9f3e7cf9f3e7cf9f3e7cf9f3e7cf9f3e7cf9
2025-06-27T02:08:15.113233Z  DEBUG - Huffman decode: Checking for potential EOS pattern in data
2025-06-27T02:08:15.113568Z  DEBUG - HPACK: Huffman decoded to: "xxxxxxxxxxxxxxxxxxxxxxxxxxxxxxxxxxxxxxxxxxxxxxxxxxxxxxxxxxxxxxxxxxxxxxxxxxxxxxxxxxxxxxxxxxxxxxxxxxxxxxxxxxxxxxxxxxxxxxxxxxxxxxxxxxxxxxxxxxxxxxxxxxxxxxxxxxxxxxxxxxxxxxxxxxxxxxxxxxxxxxxxxxxxxxxxxxxxxxxxxxxxxxxxxxxxxxxxxxxxxxxxxxxxxxxxxxxxxxxxxxxxxxxxxxxxxxxxxxxxxxxxxxxxxxxxxxxxxxxxxxxxxxxxxxxxxxxxxxxxxxxxxxxxxxxxxxxxxxxxxxxxxxxxxxxxxxxxxxxxxxxxxxxxxxxxxxxxxxxxxxxxxxxxxxxxxxxxxxxxxxxxxxxxxxxxxxxxxxxxxxxxxxxxxxxxxxxxxxxxxxxxxxxxxxxxxxxxxxxxxxxxxxxxxxxxxxxxxxxxxxxxxxxxxxxxxxxxxxxxxxxxxxxxxxxxxxxxxxxxxxxxxxxxxxxxxxxxxxxxxxxxxxxxxxxxxxxxxxxxxxxxxxxxxxxxxxxxxxxxxxxxxxxxxxxxxxxxxxxxxxxxxxxxxxxxxxxxxxxxxxxxxxxxxxxxxxxxxxxxxxxxxxxxxxxxxxxxxxxxxxxxxxxxxxxxxxxxxxxxxxxxxxxxxxxxxxxxxxxxxxxxxxxxxxxxxxxxxxxxxxxxxxxxxxxxxxxxxxxxxxxxxxxxxxxxxxxxxxxxxxxxxxxxxxxxxxxxxxxxxxxxxxxxxxxxxxxxxxxxxxxxxxxxxxxxxxxxxxxxxxxxxxxxxxxxxxxxxxxxxxxxxxxxxxxxxxxxxxxxxxxxxxxxxxxxxxxxxxxxxxxxxxxxxxxxxxxxxxxxxxxxxxxxxxxxxxxxxxxxxxxxxxxxxxxxxxxxxxxxxxxxxxxxxxxxxxxxxxxxxxxxxxxxxxxxxxxxxxxxxxxxxxxxxxxxxxxxxxxxxxxxxxxxxxxxxxxxxxxxxxxxxxxxxxxxxxxxxxxxxxxxxxxxxxxxxxxxxxxxxxxxxxxxxxxxxxxxxxxxxxxxxxxxxxxxxxxxxxxxxxxxxxxxxxxxxxxxxxxxxxxxxxxxxxxxxxxxxxxxxxxxxxxxxxxxxxxxxxxxxxxxxxxxxxxxxxxxxxxxxxxxxxxxxxxxxxxxxxxxxxxxxxxxxxxxxxxxxxxxxxxxxxxxxxxxxxxxxxxxxxxxxxxxxxxxxxxxxxxxxxxxxxxxxxxxxxxxxxxxxxxxxxxxxxxxxxxxxxxxxxxxxxxxxxxxxxxxxxxxxxxxxxxxxxxxxxxxxxxxxxxxxxxxxxxxxxxxxxxxxxxxxxxxxxxxxxxxxxxxxxxxxxxxxxxxxxxxxxxxxxxxxxxxxxxxxxxxxxxxxxxxxxxxxxxxxxxxxxxxxxxxxxxxxxxxxxxxxxxxxxxxxxxxxxxxxxxxxxxxxxxxxxxxxxxxxxxxxxxxxxxxxxxxxxxxxxxxxxxxxxxxxxxxxxxxxxxxxxxxxxxxxxxxxxxxxxxxxxxxxxxxxxxxxxxxxxxxxxxxxxxxxxxxxxxxxxxxxxxxxxxxxxxxxxxxxxxxxxxxxxxxxxxxxxxxxxxxxxxxxxxxxxxxxxxxxxxxxxxxxxxxxxxxxxxxxxxxxxxxxxxxxxxxxxxxxxxxxxxxxxxxxxxxxxxxxxxxxxxxxxxxxxxxxxxxxxxxxxxxxxxxxxxxxxxxxxxxxxxxxxxxxxxxxxxxxxxxxxxxxxxxxxxxxxxxxxxxxxxxxxxxxxxxxxxxxxxxxxxxxxxxxxxxxxxxxxxxxxxxxxxxxxxxxxxxxxxxxxxxxxxxxxxxxxxxxxxxxxxxxxxxxxxxxxxxxxxxxxxxxxxxxxxxxxxxxxxxxxxxxxxxxxxxxxxxxxxxxxxxxxxxxxxxxxxxxxxxxxxxxxxxxxxxxxxxxxxxxxxxxxxxxxxxxxxxxxxxxxxxxxxxxxxxxxxxxxxxxxxxxxxxxxxxxxxxxxxxxxxxxxxxxxxxxxxxxxxxxxxxxxxxxxxxxxxxxxxxxxxxxxxxxxxxxxxxxxxxxxxxxxxxxxxxxxxxxxxxxxxxxxxxxxxxxxxxxxxxxxxxxxxxxxxxxxxxxxxxxxxxxxxxxxxxxxxxxxxxxxxxxxxxxxxxxxxxxxxxxxxxxxxxxxxxxxxxxxxxxxxxxxxxxxxxxxxxxxxxxxxxxxxxxxxxxxxxxxxxxxxxxxxxxxxxxxxxxxxxxxxxxxxxxxxxxxxxxxxxxxxxxxxxxxxxxxxxxxxxxxxxxxxxxxxxxxxxxxxxxxxxxxxxxxxxxxxxxxxxxxxxxxxxxxxxxxxxxxxxxxxxxxxxxxxxxxxxxxxxxxxxxxxxxxxxxxxxxxxxxxxxxxxxxxxxxxxxxxxxxxxxxxxxxxxxxxxxxxxxxxxxxxxxxxxxxxxxxxxxxxxxxxxxxxxxxxxxxxxxxxxxxxxxxxxxxxxxxxxxxxxxxxxxxxxxxxxxxxxxxxxxxxxxxxxxxxxxxxxxxxxxxxxxxxxxxxxxxxxxxxxxxxxxxxxxxxxxxxxxxxxxxxxxxxxxxxxxxxxxxxxxxxxxxxxxxxxxxxxxxxxxxxxxxxxxxxxxxxxxxxxxxxxxxxxxxxxxxxxxxxxxxxxxxxxxxxxxxxxxxxxxxxxxxxxxxxxxxxxxxxxxxxxxxxxxxxxxxxxxxxxxxxxxxxxxxxxxxxxxxxxxxxxxxxxxxxxxxxxxxxxxxxxxxxxxxxxxxxxxxxxxxxxxxxxxxxxxxxxxxxxxxxxxxxxxxxxxxxxxxxxxxxxxxxxxxxxxxxxxxxxxxxxxxxxxxxxxxxxxxxxxxxxxxxxxxxxxxxxxxxxxxxxxxxxxxxxxxxxxxxxxxxxxxxxxxxxxxxxxxxxxxxxxxxxxxxxxxxxxxxxxxxxxxxxxxxxxxxxxxxxxxxxxxxxxxxxxxxxxxxxxxxxxxxxxxxxxxxxxxxxxxxxxxxxxxxxxxxxxxxxxxxxxxxxxxxxxxxxxxxxxxxxxxxxxxxxxxxxxxxxxxxxxxxxxxxxxxxxxxxxxxxxxxxxxxxxxxxxxxxxxxxxxxxxxxxxxxxxxxxxxxxxxxxxxxxxxxxxxxxxxxxxxxxxxxxxxxxxxxxxxxxxxxxxxxxxxxxxxxxxxxxxxxxxxxxxxxxxxxxxxxxxxxxxxxxxxxxxxxxxxxxxxxxxxxxxxxxxxxxxxxxxxxxxxxxxxxxxxxxxxxxxxxxxxxxxxxxxxxxxxxxxxxxxxxxxxxxxxxxxxxxxxxxxxxxxxxxxxxxxxxxxxxxxxxxxxxxxxxxxxxxxxxxxxxxxxxxxxxxxxxxxxxxxxxxxxxxxxxxxxxxxxxxxxxxxxxxxxxxxxxxxxxxxxxxxxxxxxxxxxxxxxxxxxxxxxxxxxxxxxxxxxxxxxxxxxxxxxxxxxxxxxxxxxxxxxxxxxxxxxxxxxxxxxxxxxxxxxxxxxxxxxxxxxxxxxxxxxxxxxxxxxxxxxxxxxxxxxxxxxxxxxxxxxxxxxxxxxxxxxxxxxxxxxxxxxxxxxxxxxxxxxxxxxxxxxxxxxxxxxxxxxxxxxxxxxxxxxxxxxxxxxxxxxxxxxxxxxxxxxxxxxxxxxxxxxxxxxxxxxxxxxxxxxxxxxxxxxxxxxxxxxxxxxxxxxxxxxxxxxxxxxxxxxxxxxxxxxxxxxxxxxxxxxxxxxxxxxxxxxxxxxxxxxxxxxxxxxxxxxxxxxxxxxxxxxxxxxxxxxxxxxxxxxxxxxxxxxxxxxxxxxxxxxxxxxxxxxxxxxxxxxxxxxxxxxxxxxxxxxxxxxxxxxxxxxxxxxxxxxxxxxxxxxxxxxxxxxxxxxxxxxxxxxxxxxxxxxxxxxxxxxxxxxxxxxxxxxxxxxxxxxxxxxxxxxxxxxxxxxxxxxxxxxxxxxxxxxxxxxxxxxxxxxxxxxxxxxxxxxxxxxxxxxxxxxxxxxxxxx"
2025-06-27T02:08:15.113570Z  DEBUG - CONTINUATION: Decoded 6 headers
2025-06-27T02:08:15.113580Z  DEBUG - CONTINUATION: Invoking on_headers callback with 6 headers, end_stream=true
2025-06-27T02:08:15.113581Z  DEBUG - Server received headers for stream 1, end_stream: true, headers_count: 6
2025-06-27T02:08:15.113890Z  DEBUG - Headers: [{":method", "GET"}, {":scheme", "http"}, {":path", "/"}, {":authority", "localhost:9080"}, {"x-dummy0", "xxxxxxxxxxxxxxxxxxxxxxxxxxxxxxxxxxxxxxxxxxxxxxxxxxxxxxxxxxxxxxxxxxxxxxxxxxxxxxxxxxxxxxxxxxxxxxxxxxxxxxxxxxxxxxxxxxxxxxxxxxxxxxxxxxxxxxxxxxxxxxxxxxxxxxxxxxxxxxxxxxxxxxxxxxxxxxxxxxxxxxxxxxxxxxxxxxxxxxxxxxxxxxxxxxxxxxxxxxxxxxxxxxxxxxxxxxxxxxxxxxxxxxxxxxxxxxxxxxxxxxxxxxxxxxxxxxxxxxxxxxxxxxxxxxxxxxxxxxxxxxxxxxxxxxxxxxxxxxxxxxxxxxxxxxxxxxxxxxxxxxxxxxxxxxxxxxxxxxxxxxxxxxxxxxxxxxxxxxxxxxxxxxxxxxxxxxxxxxxxxxxxxxxxxxxxxxxxxxxxxxxxxxxxxxxxxxxxxxxxxxxxxxxxxxxxxxxxxxxxxxxxxxxxxxxxxxxxxxxxxxxxxxxxxxxxxxxxxxxxxxxxxxxxxxxxxxxxxxxxxxxxxxxxxxxxxxxxxxxxxxxxxxxxxxxxxxxxxxxxxxxxxxxxxxxxxxxxxxxxxxxxxxxxxxxxxxxxxxxxxxxxxxxxxxxxxxxxxxxxxxxxxxxxxxxxxxxxxxxxxxxxxxxxxxxxxxxxxxxxxxxxxxxxxxxxxxxxxxxxxxxxxxxxxxxxxxxxxxxxxxxxxxxxxxxxxxxxxxxxxxxxxxxxxxxxxxxxxxxxxxxxxxxxxxxxxxxxxxxxxxxxxxxxxxxxxxxxxxxxxxxxxxxxxxxxxxxxxxxxxxxxxxxxxxxxxxxxxxxxxxxxxxxxxxxxxxxxxxxxxxxxxxxxxxxxxxxxxxxxxxxxxxxxxxxxxxxxxxxxxxxxxxxxxxxxxxxxxxxxxxxxxxxxxxxxxxxxxxxxxxxxxxxxxxxxxxxxxxxxxxxxxxxxxxxxxxxxxxxxxxxxxxxxxxxxxxxxxxxxxxxxxxxxxxxxxxxxxxxxxxxxxxxxxxxxxxxxxxxxxxxxxxxxxxxxxxxxxxxxxxxxxxxxxxxxxxxxxxxxxxxxxxxxxxxxxxxxxxxxxxxxxxxxxxxxxxxxxxxxxxxxxxxxxxxxxxxxxxxxxxxxxxxxxxxxxxxxxxxxxxxxxxxxxxxxxxxxxxxxxxxxxxxxxxxxxxxxxxxxxxxxxxxxxxxxxxxxxxxxxxxxxxxxxxxxxxxxxxxxxxxxxxxxxxxxxxxxxxxxxxxxxxxxxxxxxxxxxxxxxxxxxxxxxxxxxxxxxxxxxxxxxxxxxxxxxxxxxxxxxxxxxxxxxxxxxxxxxxxxxxxxxxxxxxxxxxxxxxxxxxxxxxxxxxxxxxxxxxxxxxxxxxxxxxxxxxxxxxxxxxxxxxxxxxxxxxxxxxxxxxxxxxxxxxxxxxxxxxxxxxxxxxxxxxxxxxxxxxxxxxxxxxxxxxxxxxxxxxxxxxxxxxxxxxxxxxxxxxxxxxxxxxxxxxxxxxxxxxxxxxxxxxxxxxxxxxxxxxxxxxxxxxxxxxxxxxxxxxxxxxxxxxxxxxxxxxxxxxxxxxxxxxxxxxxxxxxxxxxxxxxxxxxxxxxxxxxxxxxxxxxxxxxxxxxxxxxxxxxxxxxxxxxxxxxxxxxxxxxxxxxxxxxxxxxxxxxxxxxxxxxxxxxxxxxxxxxxxxxxxxxxxxxxxxxxxxxxxxxxxxxxxxxxxxxxxxxxxxxxxxxxxxxxxxxxxxxxxxxxxxxxxxxxxxxxxxxxxxxxxxxxxxxxxxxxxxxxxxxxxxxxxxxxxxxxxxxxxxxxxxxxxxxxxxxxxxxxxxxxxxxxxxxxxxxxxxxxxxxxxxxxxxxxxxxxxxxxxxxxxxxxxxxxxxxxxxxxxxxxxxxxxxxxxxxxxxxxxxxxxxxxxxxxxxxxxxxxxxxxxxxxxxxxxxxxxxxxxxxxxxxxxxxxxxxxxxxxxxxxxxxxxxxxxxxxxxxxxxxxxxxxxxxxxxxxxxxxxxxxxxxxxxxxxxxxxxxxxxxxxxxxxxxxxxxxxxxxxxxxxxxxxxxxxxxxxxxxxxxxxxxxxxxxxxxxxxxxxxxxxxxxxxxxxxxxxxxxxxxxxxxxxxxxxxxxxxxxxxxxxxxxxxxxxxxxxxxxxxxxxxxxxxxxxxxxxxxxxxxxxxxxxxxxxxxxxxxxxxxxxxxxxxxxxxxxxxxxxxxxxxxxxxxxxxxxxxxxxxxxxxxxxxxxxxxxxxxxxxxxxxxxxxxxxxxxxxxxxxxxxxxxxxxxxxxxxxxxxxxxxxxxxxxxxxxxxxxxxxxxxxxxxxxxxxxxxxxxxxxxxxxxxxxxxxxxxxxxxxxxxxxxxxxxxxxxxxxxxxxxxxxxxxxxxxxxxxxxxxxxxxxxxxxxxxxxxxxxxxxxxxxxxxxxxxxxxxxxxxxxxxxxxxxxxxxxxxxxxxxxxxxxxxxxxxxxxxxxxxxxxxxxxxxxxxxxxxxxxxxxxxxxxxxxxxxxxxxxxxxxxxxxxxxxxxxxxxxxxxxxxxxxxxxxxxxxxxxxxxxxxxxxxxxxxxxxxxxxxxxxxxxxxxxxxxxxxxxxxxxxxxxxxxxxxxxxxxxxxxxxxxxxxxxxxxxxxxxxxxxxxxxxxxxxxxxxxxxxxxxxxxxxxxxxxxxxxxxxxxxxxxxxxxxxxxxxxxxxxxxxxxxxxxxxxxxxxxxxxxxxxxxxxxxxxxxxxxxxxxxxxxxxxxxxxxxxxxxxxxxxxxxxxxxxxxxxxxxxxxxxxxxxxxxxxxxxxxxxxxxxxxxxxxxxxxxxxxxxxxxxxxxxxxxxxxxxxxxxxxxxxxxxxxxxxxxxxxxxxxxxxxxxxxxxxxxxxxxxxxxxxxxxxxxxxxxxxxxxxxxxxxxxxxxxxxxxxxxxxxxxxxxxxxxxxxxxxxxxxxxxxxxxxxxxxxxxxxxxxxxxxxxxxxxxxxxxxxxxxxxxxxxxxxxxxxxxxxxxxxxxxxxxxxxxxxxxxxxxxxxxxxxxxxxxxxxxxxxxxxxxxxxxxxxxxxxxxxxxxxxxxxxxxxxxxxxxxxxxxxxxxxxxxxxxxxxxxxxxxxxxxxxxxxxxxxxxxxxxxxxxxxxxxxxxxxxxxxxxxxxxxxxxxxxxxxxxxxxxxxxxxxxxxxxxxxxxxxxxxxxxxxxxxxxxxxxxxxxxxxxxxxxxxxxxxxxxxxxxxxxxxxxxxxxxxxxxxxxxxxxxxxxxxxxxxxxxxxxxxxxxxxxxxxxxxxxxxxxxxxxxxxxxxxxxxxxxxxxxxxxxxxxxxxxxxxxxxxxxxxxxxxxxxxxxxxxxxxxxxxxxxxxxxxxxxxxxxxxxxxxxxxxxxxxxxxxxxxxxxxxxxxxxxxxxxxxxxxxxxxxxxxxxxxxxxxxxxxxxxxxxxxxxxxxxxxxxxxxxxxxxxxxxxxxxxxxxxxxxxxxxxxxxxxxxxxxxxxxxxxxxxxxxxxxxxxxxxxxxxxxxxxxxxxxxxxxxxxxxxxxxxxxxxxxxxxxxxxxxxxxxxxxxxxxxxxxxxxxxxxxxxxxxxxxxxxxxxxxxxxxxxxxxxxxxxxxxxxxxxxxxxxxxxxxxxxxxxxxxxxxxxxxxxxxxxxxxxxxxxxxxxxxxxxxxxxxxxxxxxxxxxxxxxxxxxxxxxxxxxxxxxxxxxxxxxxxxxxxxxxxxxxxxxxxxxxxxxxxxxxxxxxxxxxxxxxxxxxxxxxxxxxxxxxxxxxxxxxxxxxxxxxxxxxxxxxxxxxxxxxxxxxxxxxxxxxxxxxxxxxxxxxxxxxxxxxxxxxxxxxxxxxxxxxxxxxxxxxxxxxxxxxxxxxxxxxxxxxxxxxxxxxxxxxxxxxxxxxxxxxxxxxxxxxxxxxxxxxxxxxxxxxxxxxxxxxxxxxxxxxxxxxxxxxxxxxxxxxxxxxxxxxxxxxxxxxxxxxxxxxxxxxxxxxxxxxxxxxxxxxxxxxxxxxxxxxxxxxxxxxxxxxxxxxxxxxxxxxxxxxxx"}, {"x-dummy0", "xxxxxxxxxxxxxxxxxxxxxxxxxxxxxxxxxxxxxxxxxxxxxxxxxxxxxxxxxxxxxxxxxxxxxxxxxxxxxxxxxxxxxxxxxxxxxxxxxxxxxxxxxxxxxxxxxxxxxxxxxxxxxxxxxxxxxxxxxxxxxxxxxxxxxxxxxxxxxxxxxxxxxxxxxxxxxxxxxxxxxxxxxxxxxxxxxxxxxxxxxxxxxxxxxxxxxxxxxxxxxxxxxxxxxxxxxxxxxxxxxxxxxxxxxxxxxxxxxxxxxxxxxxxxxxxxxxxxxxxxxxxxxxxxxxxxxxxxxxxxxxxxxxxxxxxxxxxxxxxxxxxxxxxxxxxxxxxxxxxxxxxxxxxxxxxxxxxxxxxxxxxxxxxxxxxxxxxxxxxxxxxxxxxxxxxxxxxxxxxxxxxxxxxxxxxxxxxxxxxxxxxxxxxxxxxxxxxxxxxxxxxxxxxxxxxxxxxxxxxxxxxxxxxxxxxxxxxxxxxxxxxxxxxxxxxxxxxxxxxxxxxxxxxxxxxxxxxxxxxxxxxxxxxxxxxxxxxxxxxxxxxxxxxxxxxxxxxxxxxxxxxxxxxxxxxxxxxxxxxxxxxxxxxxxxxxxxxxxxxxxxxxxxxxxxxxxxxxxxxxxxxxxxxxxxxxxxxxxxxxxxxxxxxxxxxxxxxxxxxxxxxxxxxxxxxxxxxxxxxxxxxxxxxxxxxxxxxxxxxxxxxxxxxxxxxxxxxxxxxxxxxxxxxxxxxxxxxxxxxxxxxxxxxxxxxxxxxxxxxxxxxxxxxxxxxxxxxxxxxxxxxxxxxxxxxxxxxxxxxxxxxxxxxxxxxxxxxxxxxxxxxxxxxxxxxxxxxxxxxxxxxxxxxxxxxxxxxxxxxxxxxxxxxxxxxxxxxxxxxxxxxxxxxxxxxxxxxxxxxxxxxxxxxxxxxxxxxxxxxxxxxxxxxxxxxxxxxxxxxxxxxxxxxxxxxxxxxxxxxxxxxxxxxxxxxxxxxxxxxxxxxxxxxxxxxxxxxxxxxxxxxxxxxxxxxxxxxxxxxxxxxxxxxxxxxxxxxxxxxxxxxxxxxxxxxxxxxxxxxxxxxxxxxxxxxxxxxxxxxxxxxxxxxxxxxxxxxxxxxxxxxxxxxxxxxxxxxxxxxxxxxxxxxxxxxxxxxxxxxxxxxxxxxxxxxxxxxxxxxxxxxxxxxxxxxxxxxxxxxxxxxxxxxxxxxxxxxxxxxxxxxxxxxxxxxxxxxxxxxxxxxxxxxxxxxxxxxxxxxxxxxxxxxxxxxxxxxxxxxxxxxxxxxxxxxxxxxxxxxxxxxxxxxxxxxxxxxxxxxxxxxxxxxxxxxxxxxxxxxxxxxxxxxxxxxxxxxxxxxxxxxxxxxxxxxxxxxxxxxxxxxxxxxxxxxxxxxxxxxxxxxxxxxxxxxxxxxxxxxxxxxxxxxxxxxxxxxxxxxxxxxxxxxxxxxxxxxxxxxxxxxxxxxxxxxxxxxxxxxxxxxxxxxxxxxxxxxxxxxxxxxxxxxxxxxxxxxxxxxxxxxxxxxxxxxxxxxxxxxxxxxxxxxxxxxxxxxxxxxxxxxxxxxxxxxxxxxxxxxxxxxxxxxxxxxxxxxxxxxxxxxxxxxxxxxxxxxxxxxxxxxxxxxxxxxxxxxxxxxxxxxxxxxxxxxxxxxxxxxxxxxxxxxxxxxxxxxxxxxxxxxxxxxxxxxxxxxxxxxxxxxxxxxxxxxxxxxxxxxxxxxxxxxxxxxxxxxxxxxxxxxxxxxxxxxxxxxxxxxxxxxxxxxxxxxxxxxxxxxxxxxxxxxxxxxxxxxxxxxxxxxxxxxxxxxxxxxxxxxxxxxxxxxxxxxxxxxxxxxxxxxxxxxxxxxxxxxxxxxxxxxxxxxxxxxxxxxxxxxxxxxxxxxxxxxxxxxxxxxxxxxxxxxxxxxxxxxxxxxxxxxxxxxxxxxxxxxxxxxxxxxxxxxxxxxxxxxxxxxxxxxxxxxxxxxxxxxxxxxxxxxxxxxxxxxxxxxxxxxxxxxxxxxxxxxxxxxxxxxxxxxxxxxxxxxxxxxxxxxxxxxxxxxxxxxxxxxxxxxxxxxxxxxxxxxxxxxxxxxxxxxxxxxxxxxxxxxxxxxxxxxxxxxxxxxxxxxxxxxxxxxxxxxxxxxxxxxxxxxxxxxxxxxxxxxxxxxxxxxxxxxxxxxxxxxxxxxxxxxxxxxxxxxxxxxxxxxxxxxxxxxxxxxxxxxxxxxxxxxxxxxxxxxxxxxxxxxxxxxxxxxxxxxxxxxxxxxxxxxxxxxxxxxxxxxxxxxxxxxxxxxxxxxxxxxxxxxxxxxxxxxxxxxxxxxxxxxxxxxxxxxxxxxxxxxxxxxxxxxxxxxxxxxxxxxxxxxxxxxxxxxxxxxxxxxxxxxxxxxxxxxxxxxxxxxxxxxxxxxxxxxxxxxxxxxxxxxxxxxxxxxxxxxxxxxxxxxxxxxxxxxxxxxxxxxxxxxxxxxxxxxxxxxxxxxxxxxxxxxxxxxxxxxxxxxxxxxxxxxxxxxxxxxxxxxxxxxxxxxxxxxxxxxxxxxxxxxxxxxxxxxxxxxxxxxxxxxxxxxxxxxxxxxxxxxxxxxxxxxxxxxxxxxxxxxxxxxxxxxxxxxxxxxxxxxxxxxxxxxxxxxxxxxxxxxxxxxxxxxxxxxxxxxxxxxxxxxxxxxxxxxxxxxxxxxxxxxxxxxxxxxxxxxxxxxxxxxxxxxxxxxxxxxxxxxxxxxxxxxxxxxxxxxxxxxxxxxxxxxxxxxxxxxxxxxxxxxxxxxxxxxxxxxxxxxxxxxxxxxxxxxxxxxxxxxxxxxxxxxxxxxxxxxxxxxxxxxxxxxxxxxxxxxxxxxxxxxxxxxxxxxxxxxxxxxxxxxxxxxxxxxxxxxxxxxxxxxxxxxxxxxxxxxxxxxxxxxxxxxxxxxxxxxxxxxxxxxxxxxxxxxxxxxxxxxxxxxxxxxxxxxxxxxxxxxxxxxxxxxxxxxxxxxxxxxxxxxxxxxxxxxxxxxxxxxxxxxxxxxxxxxxxxxxxxxxxxxxxxxxxxxxxxxxxxxxxxxxxxxxxxxxxxxxxxxxxxxxxxxxxxxxxxxxxxxxxxxxxxxxxxxxxxxxxxxxxxxxxxxxxxxxxxxxxxxxxxxxxxxxxxxxxxxxxxxxxxxxxxxxxxxxxxxxxxxxxxxxxxxxxxxxxxxxxxxxxxxxxxxxxxxxxxxxxxxxxxxxxxxxxxxxxxxxxxxxxxxxxxxxxxxxxxxxxxxxxxxxxxxxxxxxxxxxxxxxxxxxxxxxxxxxxxxxxxxxxxxxxxxxxxxxxxxxxxxxxxxxxxxxxxxxxxxxxxxxxxxxxxxxxxxxxxxxxxxxxxxxxxxxxxxxxxxxxxxxxxxxxxxxxxxxxxxxxxxxxxxxxxxxxxxxxxxxxxxxxxxxxxxxxxxxxxxxxxxxxxxxxxxxxxxxxxxxxxxxxxxxxxxxxxxxxxxxxxxxxxxxxxxxxxxxxxxxxxxxxxxxxxxxxxxxxxxxxxxxxxxxxxxxxxxxxxxxxxxxxxxxxxxxxxxxxxxxxxxxxxxxxxxxxxxxxxxxxxxxxxxxxxxxxxxxxxxxxxxxxxxxxxxxxxxxxxxxxxxxxxxxxxxxxxxxxxxxxxxxxxxxxxxxxxxxxxxxxxxxxxxxxxxxxxxxxxxxxxxxxxxxxxxxxxxxxxxxxxxxxxxxxxxxxxxxxxxxxxxxxxxxxxxxxxxxxxxxxxxxxxxxxxxxxxxxxxxxxxxxxxxxxxxxxxxxxxxxxxxxxxxxxxxxxxxxxxxxxxxxxxxxxxxxxxxxxxxxxxxxxxxxxxxxxxxxxxxxxxxxxxxxxxxxxxxxxxxxxxxxxxxxxxxxxxxxxxxxxxxxxxxxxxxxxxxxxxxxxxxxxxxxxxxxxxxxxxxxxxxxxxxxxxxxxxxxxxxxxxxxxxxxxxxxxxxxxxxxxxxxxxxxxxxxxxxxxxxxxxxxxxxxxxxxxxxxxxxxxxxxxxxxxxxxxxxxxxxxxxxxxxxxxxxxxxxxxxxxxxxxxxxxxxxx"}]
2025-06-27T02:08:15.113891Z  DEBUG - is_trailers=false, end_stream=true, stream.end_stream_received=true
2025-06-27T02:08:15.113891Z  DEBUG - Processing request immediately (headers with END_STREAM)
2025-06-27T02:08:15.113893Z  DEBUG - CONTINUATION: Processing complete, state cleared
2025-06-27T02:08:15.113894Z  DEBUG - CONTINUATION handler completed for stream 1
2025-06-27T02:08:15.113894Z  DEBUG - Successfully handled frame: HT2::ContinuationFrame on stream 1
2025-06-27T02:08:15.113895Z  DEBUG - Reading frame header...
2025-06-27T02:08:15.114355Z  DEBUG - Handling stream 1 with headers: [{":method", "GET"}, {":scheme", "http"}, {":path", "/"}, {":authority", "localhost:9080"}, {"x-dummy0", "xxxxxxxxxxxxxxxxxxxxxxxxxxxxxxxxxxxxxxxxxxxxxxxxxxxxxxxxxxxxxxxxxxxxxxxxxxxxxxxxxxxxxxxxxxxxxxxxxxxxxxxxxxxxxxxxxxxxxxxxxxxxxxxxxxxxxxxxxxxxxxxxxxxxxxxxxxxxxxxxxxxxxxxxxxxxxxxxxxxxxxxxxxxxxxxxxxxxxxxxxxxxxxxxxxxxxxxxxxxxxxxxxxxxxxxxxxxxxxxxxxxxxxxxxxxxxxxxxxxxxxxxxxxxxxxxxxxxxxxxxxxxxxxxxxxxxxxxxxxxxxxxxxxxxxxxxxxxxxxxxxxxxxxxxxxxxxxxxxxxxxxxxxxxxxxxxxxxxxxxxxxxxxxxxxxxxxxxxxxxxxxxxxxxxxxxxxxxxxxxxxxxxxxxxxxxxxxxxxxxxxxxxxxxxxxxxxxxxxxxxxxxxxxxxxxxxxxxxxxxxxxxxxxxxxxxxxxxxxxxxxxxxxxxxxxxxxxxxxxxxxxxxxxxxxxxxxxxxxxxxxxxxxxxxxxxxxxxxxxxxxxxxxxxxxxxxxxxxxxxxxxxxxxxxxxxxxxxxxxxxxxxxxxxxxxxxxxxxxxxxxxxxxxxxxxxxxxxxxxxxxxxxxxxxxxxxxxxxxxxxxxxxxxxxxxxxxxxxxxxxxxxxxxxxxxxxxxxxxxxxxxxxxxxxxxxxxxxxxxxxxxxxxxxxxxxxxxxxxxxxxxxxxxxxxxxxxxxxxxxxxxxxxxxxxxxxxxxxxxxxxxxxxxxxxxxxxxxxxxxxxxxxxxxxxxxxxxxxxxxxxxxxxxxxxxxxxxxxxxxxxxxxxxxxxxxxxxxxxxxxxxxxxxxxxxxxxxxxxxxxxxxxxxxxxxxxxxxxxxxxxxxxxxxxxxxxxxxxxxxxxxxxxxxxxxxxxxxxxxxxxxxxxxxxxxxxxxxxxxxxxxxxxxxxxxxxxxxxxxxxxxxxxxxxxxxxxxxxxxxxxxxxxxxxxxxxxxxxxxxxxxxxxxxxxxxxxxxxxxxxxxxxxxxxxxxxxxxxxxxxxxxxxxxxxxxxxxxxxxxxxxxxxxxxxxxxxxxxxxxxxxxxxxxxxxxxxxxxxxxxxxxxxxxxxxxxxxxxxxxxxxxxxxxxxxxxxxxxxxxxxxxxxxxxxxxxxxxxxxxxxxxxxxxxxxxxxxxxxxxxxxxxxxxxxxxxxxxxxxxxxxxxxxxxxxxxxxxxxxxxxxxxxxxxxxxxxxxxxxxxxxxxxxxxxxxxxxxxxxxxxxxxxxxxxxxxxxxxxxxxxxxxxxxxxxxxxxxxxxxxxxxxxxxxxxxxxxxxxxxxxxxxxxxxxxxxxxxxxxxxxxxxxxxxxxxxxxxxxxxxxxxxxxxxxxxxxxxxxxxxxxxxxxxxxxxxxxxxxxxxxxxxxxxxxxxxxxxxxxxxxxxxxxxxxxxxxxxxxxxxxxxxxxxxxxxxxxxxxxxxxxxxxxxxxxxxxxxxxxxxxxxxxxxxxxxxxxxxxxxxxxxxxxxxxxxxxxxxxxxxxxxxxxxxxxxxxxxxxxxxxxxxxxxxxxxxxxxxxxxxxxxxxxxxxxxxxxxxxxxxxxxxxxxxxxxxxxxxxxxxxxxxxxxxxxxxxxxxxxxxxxxxxxxxxxxxxxxxxxxxxxxxxxxxxxxxxxxxxxxxxxxxxxxxxxxxxxxxxxxxxxxxxxxxxxxxxxxxxxxxxxxxxxxxxxxxxxxxxxxxxxxxxxxxxxxxxxxxxxxxxxxxxxxxxxxxxxxxxxxxxxxxxxxxxxxxxxxxxxxxxxxxxxxxxxxxxxxxxxxxxxxxxxxxxxxxxxxxxxxxxxxxxxxxxxxxxxxxxxxxxxxxxxxxxxxxxxxxxxxxxxxxxxxxxxxxxxxxxxxxxxxxxxxxxxxxxxxxxxxxxxxxxxxxxxxxxxxxxxxxxxxxxxxxxxxxxxxxxxxxxxxxxxxxxxxxxxxxxxxxxxxxxxxxxxxxxxxxxxxxxxxxxxxxxxxxxxxxxxxxxxxxxxxxxxxxxxxxxxxxxxxxxxxxxxxxxxxxxxxxxxxxxxxxxxxxxxxxxxxxxxxxxxxxxxxxxxxxxxxxxxxxxxxxxxxxxxxxxxxxxxxxxxxxxxxxxxxxxxxxxxxxxxxxxxxxxxxxxxxxxxxxxxxxxxxxxxxxxxxxxxxxxxxxxxxxxxxxxxxxxxxxxxxxxxxxxxxxxxxxxxxxxxxxxxxxxxxxxxxxxxxxxxxxxxxxxxxxxxxxxxxxxxxxxxxxxxxxxxxxxxxxxxxxxxxxxxxxxxxxxxxxxxxxxxxxxxxxxxxxxxxxxxxxxxxxxxxxxxxxxxxxxxxxxxxxxxxxxxxxxxxxxxxxxxxxxxxxxxxxxxxxxxxxxxxxxxxxxxxxxxxxxxxxxxxxxxxxxxxxxxxxxxxxxxxxxxxxxxxxxxxxxxxxxxxxxxxxxxxxxxxxxxxxxxxxxxxxxxxxxxxxxxxxxxxxxxxxxxxxxxxxxxxxxxxxxxxxxxxxxxxxxxxxxxxxxxxxxxxxxxxxxxxxxxxxxxxxxxxxxxxxxxxxxxxxxxxxxxxxxxxxxxxxxxxxxxxxxxxxxxxxxxxxxxxxxxxxxxxxxxxxxxxxxxxxxxxxxxxxxxxxxxxxxxxxxxxxxxxxxxxxxxxxxxxxxxxxxxxxxxxxxxxxxxxxxxxxxxxxxxxxxxxxxxxxxxxxxxxxxxxxxxxxxxxxxxxxxxxxxxxxxxxxxxxxxxxxxxxxxxxxxxxxxxxxxxxxxxxxxxxxxxxxxxxxxxxxxxxxxxxxxxxxxxxxxxxxxxxxxxxxxxxxxxxxxxxxxxxxxxxxxxxxxxxxxxxxxxxxxxxxxxxxxxxxxxxxxxxxxxxxxxxxxxxxxxxxxxxxxxxxxxxxxxxxxxxxxxxxxxxxxxxxxxxxxxxxxxxxxxxxxxxxxxxxxxxxxxxxxxxxxxxxxxxxxxxxxxxxxxxxxxxxxxxxxxxxxxxxxxxxxxxxxxxxxxxxxxxxxxxxxxxxxxxxxxxxxxxxxxxxxxxxxxxxxxxxxxxxxxxxxxxxxxxxxxxxxxxxxxxxxxxxxxxxxxxxxxxxxxxxxxxxxxxxxxxxxxxxxxxxxxxxxxxxxxxxxxxxxxxxxxxxxxxxxxxxxxxxxxxxxxxxxxxxxxxxxxxxxxxxxxxxxxxxxxxxxxxxxxxxxxxxxxxxxxxxxxxxxxxxxxxxxxxxxxxxxxxxxxxxxxxxxxxxxxxxxxxxxxxxxxxxxxxxxxxxxxxxxxxxxxxxxxxxxxxxxxxxxxxxxxxxxxxxxxxxxxxxxxxxxxxxxxxxxxxxxxxxxxxxxxxxxxxxxxxxxxxxxxxxxxxxxxxxxxxxxxxxxxxxxxxxxxxxxxxxxxxxxxxxxxxxxxxxxxxxxxxxxxxxxxxxxxxxxxxxxxxxxxxxxxxxxxxxxxxxxxxxxxxxxxxxxxxxxxxxxxxxxxxxxxxxxxxxxxxxxxxxxxxxxxxxxxxxxxxxxxxxxxxxxxxxxxxxxxxxxxxxxxxxxxxxxxxxxxxxxxxxxxxxxxxxxxxxxxxxxxxxxxxxxxxxxxxxxxxxxxxxxxxxxxxxxxxxxxxxxxxxxxxxxxxxxxxxxxxxxxxxxxxxxxxxxxxxxxxxxxxxxxxxxxxxxxxxxxxxxxxxxxxxxxxxxxxxxxxxxxxxxxxxxxxxxxxxxxxxxxxxxxxxxxxxxxxxxxxxxxxxxxxxxxxxxxxxxxxxxxxxxxxxxxxxxxxxxxxxxxxxxxxxxxxxxxxxxxxxxxxxxxxxxxxxxxxxxxxxxxxxxxxxxxxxxxxxxxxxxxxxxxxxxxxxxxxxxxxxxxxxxxxxxxxxxxxxxxxxxxxxxxxxxxxxxxxxxxxxxxxxxxxxxxxxxxxxxxxxxxxxxxxxxxxxxxxxxxxxxxxxxxxxxxxxxxxxxxxxxxxxxxxxxxxxxxxxxxxxxxxxxxxxxxxxxxxxxxxxxxxxxxxxxxxxxxxxxxxxxxx"}, {"x-dummy0", "xxxxxxxxxxxxxxxxxxxxxxxxxxxxxxxxxxxxxxxxxxxxxxxxxxxxxxxxxxxxxxxxxxxxxxxxxxxxxxxxxxxxxxxxxxxxxxxxxxxxxxxxxxxxxxxxxxxxxxxxxxxxxxxxxxxxxxxxxxxxxxxxxxxxxxxxxxxxxxxxxxxxxxxxxxxxxxxxxxxxxxxxxxxxxxxxxxxxxxxxxxxxxxxxxxxxxxxxxxxxxxxxxxxxxxxxxxxxxxxxxxxxxxxxxxxxxxxxxxxxxxxxxxxxxxxxxxxxxxxxxxxxxxxxxxxxxxxxxxxxxxxxxxxxxxxxxxxxxxxxxxxxxxxxxxxxxxxxxxxxxxxxxxxxxxxxxxxxxxxxxxxxxxxxxxxxxxxxxxxxxxxxxxxxxxxxxxxxxxxxxxxxxxxxxxxxxxxxxxxxxxxxxxxxxxxxxxxxxxxxxxxxxxxxxxxxxxxxxxxxxxxxxxxxxxxxxxxxxxxxxxxxxxxxxxxxxxxxxxxxxxxxxxxxxxxxxxxxxxxxxxxxxxxxxxxxxxxxxxxxxxxxxxxxxxxxxxxxxxxxxxxxxxxxxxxxxxxxxxxxxxxxxxxxxxxxxxxxxxxxxxxxxxxxxxxxxxxxxxxxxxxxxxxxxxxxxxxxxxxxxxxxxxxxxxxxxxxxxxxxxxxxxxxxxxxxxxxxxxxxxxxxxxxxxxxxxxxxxxxxxxxxxxxxxxxxxxxxxxxxxxxxxxxxxxxxxxxxxxxxxxxxxxxxxxxxxxxxxxxxxxxxxxxxxxxxxxxxxxxxxxxxxxxxxxxxxxxxxxxxxxxxxxxxxxxxxxxxxxxxxxxxxxxxxxxxxxxxxxxxxxxxxxxxxxxxxxxxxxxxxxxxxxxxxxxxxxxxxxxxxxxxxxxxxxxxxxxxxxxxxxxxxxxxxxxxxxxxxxxxxxxxxxxxxxxxxxxxxxxxxxxxxxxxxxxxxxxxxxxxxxxxxxxxxxxxxxxxxxxxxxxxxxxxxxxxxxxxxxxxxxxxxxxxxxxxxxxxxxxxxxxxxxxxxxxxxxxxxxxxxxxxxxxxxxxxxxxxxxxxxxxxxxxxxxxxxxxxxxxxxxxxxxxxxxxxxxxxxxxxxxxxxxxxxxxxxxxxxxxxxxxxxxxxxxxxxxxxxxxxxxxxxxxxxxxxxxxxxxxxxxxxxxxxxxxxxxxxxxxxxxxxxxxxxxxxxxxxxxxxxxxxxxxxxxxxxxxxxxxxxxxxxxxxxxxxxxxxxxxxxxxxxxxxxxxxxxxxxxxxxxxxxxxxxxxxxxxxxxxxxxxxxxxxxxxxxxxxxxxxxxxxxxxxxxxxxxxxxxxxxxxxxxxxxxxxxxxxxxxxxxxxxxxxxxxxxxxxxxxxxxxxxxxxxxxxxxxxxxxxxxxxxxxxxxxxxxxxxxxxxxxxxxxxxxxxxxxxxxxxxxxxxxxxxxxxxxxxxxxxxxxxxxxxxxxxxxxxxxxxxxxxxxxxxxxxxxxxxxxxxxxxxxxxxxxxxxxxxxxxxxxxxxxxxxxxxxxxxxxxxxxxxxxxxxxxxxxxxxxxxxxxxxxxxxxxxxxxxxxxxxxxxxxxxxxxxxxxxxxxxxxxxxxxxxxxxxxxxxxxxxxxxxxxxxxxxxxxxxxxxxxxxxxxxxxxxxxxxxxxxxxxxxxxxxxxxxxxxxxxxxxxxxxxxxxxxxxxxxxxxxxxxxxxxxxxxxxxxxxxxxxxxxxxxxxxxxxxxxxxxxxxxxxxxxxxxxxxxxxxxxxxxxxxxxxxxxxxxxxxxxxxxxxxxxxxxxxxxxxxxxxxxxxxxxxxxxxxxxxxxxxxxxxxxxxxxxxxxxxxxxxxxxxxxxxxxxxxxxxxxxxxxxxxxxxxxxxxxxxxxxxxxxxxxxxxxxxxxxxxxxxxxxxxxxxxxxxxxxxxxxxxxxxxxxxxxxxxxxxxxxxxxxxxxxxxxxxxxxxxxxxxxxxxxxxxxxxxxxxxxxxxxxxxxxxxxxxxxxxxxxxxxxxxxxxxxxxxxxxxxxxxxxxxxxxxxxxxxxxxxxxxxxxxxxxxxxxxxxxxxxxxxxxxxxxxxxxxxxxxxxxxxxxxxxxxxxxxxxxxxxxxxxxxxxxxxxxxxxxxxxxxxxxxxxxxxxxxxxxxxxxxxxxxxxxxxxxxxxxxxxxxxxxxxxxxxxxxxxxxxxxxxxxxxxxxxxxxxxxxxxxxxxxxxxxxxxxxxxxxxxxxxxxxxxxxxxxxxxxxxxxxxxxxxxxxxxxxxxxxxxxxxxxxxxxxxxxxxxxxxxxxxxxxxxxxxxxxxxxxxxxxxxxxxxxxxxxxxxxxxxxxxxxxxxxxxxxxxxxxxxxxxxxxxxxxxxxxxxxxxxxxxxxxxxxxxxxxxxxxxxxxxxxxxxxxxxxxxxxxxxxxxxxxxxxxxxxxxxxxxxxxxxxxxxxxxxxxxxxxxxxxxxxxxxxxxxxxxxxxxxxxxxxxxxxxxxxxxxxxxxxxxxxxxxxxxxxxxxxxxxxxxxxxxxxxxxxxxxxxxxxxxxxxxxxxxxxxxxxxxxxxxxxxxxxxxxxxxxxxxxxxxxxxxxxxxxxxxxxxxxxxxxxxxxxxxxxxxxxxxxxxxxxxxxxxxxxxxxxxxxxxxxxxxxxxxxxxxxxxxxxxxxxxxxxxxxxxxxxxxxxxxxxxxxxxxxxxxxxxxxxxxxxxxxxxxxxxxxxxxxxxxxxxxxxxxxxxxxxxxxxxxxxxxxxxxxxxxxxxxxxxxxxxxxxxxxxxxxxxxxxxxxxxxxxxxxxxxxxxxxxxxxxxxxxxxxxxxxxxxxxxxxxxxxxxxxxxxxxxxxxxxxxxxxxxxxxxxxxxxxxxxxxxxxxxxxxxxxxxxxxxxxxxxxxxxxxxxxxxxxxxxxxxxxxxxxxxxxxxxxxxxxxxxxxxxxxxxxxxxxxxxxxxxxxxxxxxxxxxxxxxxxxxxxxxxxxxxxxxxxxxxxxxxxxxxxxxxxxxxxxxxxxxxxxxxxxxxxxxxxxxxxxxxxxxxxxxxxxxxxxxxxxxxxxxxxxxxxxxxxxxxxxxxxxxxxxxxxxxxxxxxxxxxxxxxxxxxxxxxxxxxxxxxxxxxxxxxxxxxxxxxxxxxxxxxxxxxxxxxxxxxxxxxxxxxxxxxxxxxxxxxxxxxxxxxxxxxxxxxxxxxxxxxxxxxxxxxxxxxxxxxxxxxxxxxxxxxxxxxxxxxxxxxxxxxxxxxxxxxxxxxxxxxxxxxxxxxxxxxxxxxxxxxxxxxxxxxxxxxxxxxxxxxxxxxxxxxxxxxxxxxxxxxxxxxxxxxxxxxxxxxxxxxxxxxxxxxxxxxxxxxxxxxxxxxxxxxxxxxxxxxxxxxxxxxxxxxxxxxxxxxxxxxxxxxxxxxxxxxxxxxxxxxxxxxxxxxxxxxxxxxxxxxxxxxxxxxxxxxxxxxxxxxxxxxxxxxxxxxxxxxxxxxxxxxxxxxxxxxxxxxxxxxxxxxxxxxxxxxxxxxxxxxxxxxxxxxxxxxxxxxxxxxxxxxxxxxxxxxxxxxxxxxxxxxxxxxxxxxxxxxxxxxxxxxxxxxxxxxxxxxxxxxxxxxxxxxxxxxxxxxxxxxxxxxxxxxxxxxxxxxxxxxxxxxxxxxxxxxxxxxxxxxxxxxxxxxxxxxxxxxxxxxxxxxxxxxxxxxxxxxxxxxxxxxxxxxxxxxxxxxxxxxxxxxxxxxxxxxxxxxxxxxxxxxxxxxxxxxxxxxxxxxxxxxxxxxxxxxxxxxxxxxxxxxxxxxxxxxxxxxxxxxxxxxxxxxxxxxxxxxxxxxxxxxxxxxxxxxxxxxxxxxxxxxxxxxxxxxxxxxxxxxxxxxxxxxxxxxxxxxxxxxxxxxxxxxxxxxxxxxxxxxxxxxxxxxxxxxxxxxxxxxxxxxxxxxxxxxxxxxxxxxxxxxxxxxxxxxxxxxxxxxxxxxxxxxxxxxxxxxxxxxxxxxxxxxxxxxxxxxxxxxxxxxxxxxxxxxxxxxxxxxxxxxxxxxxxxxxxxxxxxxxxxxxxxxxxx"}]
2025-06-27T02:08:15.114389Z  DEBUG - Created request for stream 1: GET /
2025-06-27T02:08:15.114390Z   INFO - Request: GET /
2025-06-27T02:08:15.114392Z  DEBUG - Response.send_headers called, end_stream=false, headers_sent=false
2025-06-27T02:08:15.114393Z  DEBUG - Response: Sending 2 headers
2025-06-27T02:08:15.114394Z  DEBUG - Stream 1: send_headers called with 2 headers, end_stream=false
2025-06-27T02:08:15.114398Z  DEBUG - Stream 1: Sending HEADERS frame with flags=END_HEADERS, header_block_size=13
2025-06-27T02:08:15.114407Z  DEBUG - Stream 1: send_headers completed, new state=HALF_CLOSED_REMOTE
2025-06-27T02:08:15.114408Z  DEBUG - Response.write: Sending 100 bytes of data
2025-06-27T02:08:15.114409Z  DEBUG - Response.write: stream_window=65535, conn_window=65535, available=65535
2025-06-27T02:08:15.114410Z  DEBUG - Stream.send_chunks: Starting to send 100 bytes in chunks of 16384
2025-06-27T02:08:15.114411Z  DEBUG - Stream.send_chunk: Sending chunk from 0 to 100 (100 bytes), last_chunk=true
2025-06-27T02:08:15.114412Z  DEBUG - Stream.send_data: size=100, send_window=65535, conn_window=65535
2025-06-27T02:08:15.114415Z  DEBUG - Stream.send_chunks: Finished sending all chunks
2025-06-27T02:08:15.114416Z  DEBUG - Response.close: Sending empty DATA frame with END_STREAM
2025-06-27T02:08:15.114416Z  DEBUG - Stream.send_data: size=0, send_window=65435, conn_window=65435
2025-06-27T02:08:15.114419Z  DEBUG - Completed handling stream 1
2025-06-27T02:08:15.114529Z  DEBUG - Failed to read frame header: read (#<TCPSocket:0x169092900>): Connection reset by peer
2025-06-27T02:08:15.114534Z  DEBUG - Read loop IO error: IO::Error - read (#<TCPSocket:0x169092900>): Connection reset by peer
2025-06-27T02:08:15.114534Z  DEBUG - Socket closed: false
2025-06-27T02:08:15.114534Z  DEBUG - Read loop exiting, closing connection
2025-06-27T02:08:15.114582Z  DEBUG - Failed to send GOAWAY: write (#<TCPSocket:0x169092900>): Broken pipe
2025-06-27T02:08:15.115037Z  DEBUG - Connection.start called, is_server=true
2025-06-27T02:08:15.115038Z  DEBUG - Reading client preface...
2025-06-27T02:08:15.115038Z  DEBUG - Attempting to read 24 bytes for preface
2025-06-27T02:08:15.115067Z  DEBUG - Read preface bytes: 505249202a20485454502f322e300d0a0d0a534d0d0a0d0a
2025-06-27T02:08:15.115067Z  DEBUG - Client preface read successfully
2025-06-27T02:08:15.115068Z  DEBUG - Starting without preface...
2025-06-27T02:08:15.115071Z  DEBUG - Connection started successfully
2025-06-27T02:08:15.115088Z  DEBUG - Read loop started for connection 127.0.0.1
2025-06-27T02:08:15.115089Z  DEBUG - Reading frame header...
2025-06-27T02:08:15.115092Z  DEBUG - Applying remote setting: INITIAL_WINDOW_SIZE = 65535
2025-06-27T02:08:15.115093Z  DEBUG - Updating stream windows: old=65535, new=65535, diff=0
2025-06-27T02:08:15.115093Z  DEBUG - Sending SETTINGS ACK
2025-06-27T02:08:15.115097Z  DEBUG - SETTINGS ACK sent
2025-06-27T02:08:15.115098Z  DEBUG - Successfully handled frame: HT2::SettingsFrame on stream 0
2025-06-27T02:08:15.115099Z  DEBUG - Reading frame header...
2025-06-27T02:08:15.115105Z  DEBUG - Successfully handled frame: HT2::SettingsFrame on stream 0
2025-06-27T02:08:15.115105Z  DEBUG - Reading frame header...
2025-06-27T02:08:15.115110Z  DEBUG - Successfully handled frame: HT2::SettingsFrame on stream 0
2025-06-27T02:08:15.115111Z  DEBUG - Reading frame header...
2025-06-27T02:08:15.115163Z  DEBUG - HEADERS frame parsing: payload_size=15, offset=0, padding=0, header_block_size=15
2025-06-27T02:08:15.115164Z  DEBUG - Header block hex: 838684418aa0e41d139d09b8f81e07
2025-06-27T02:08:15.115167Z  DEBUG - HEADERS frame: stream_id=1, flags=None, padding=0, priority=nil, header_block_size=15
2025-06-27T02:08:15.115168Z  DEBUG - Full header block hex: 838684418aa0e41d139d09b8f81e07
2025-06-27T02:08:15.115168Z  DEBUG - HEADERS without END_HEADERS received, expecting CONTINUATION frames for stream 1
2025-06-27T02:08:15.115168Z  DEBUG - Saved 15 bytes, end_stream=false
2025-06-27T02:08:15.115169Z  DEBUG - Successfully handled frame: HT2::HeadersFrame on stream 1
2025-06-27T02:08:15.115169Z  DEBUG - Reading frame header...
2025-06-27T02:08:15.115210Z  DEBUG - CONTINUATION frame received: stream_id=1, end_headers=false, header_block_size=3512
2025-06-27T02:08:15.115210Z  DEBUG - CONTINUATION frame count: 1
2025-06-27T02:08:15.115211Z  DEBUG - CONTINUATION headers buffer size: 3527
2025-06-27T02:08:15.115211Z  DEBUG - CONTINUATION: Added 3512 bytes, total frames: 1
2025-06-27T02:08:15.115211Z  DEBUG - CONTINUATION: Waiting for more frames (no END_HEADERS yet)
2025-06-27T02:08:15.115212Z  DEBUG - CONTINUATION handler completed for stream 1
2025-06-27T02:08:15.115212Z  DEBUG - Successfully handled frame: HT2::ContinuationFrame on stream 1
2025-06-27T02:08:15.115212Z  DEBUG - Reading frame header...
2025-06-27T02:08:15.115227Z  DEBUG - Read loop connection error: PROTOCOL_ERROR - HT2::DataFrame received while expecting CONTINUATION
2025-06-27T02:08:15.115720Z  DEBUG - Connection.start called, is_server=true
2025-06-27T02:08:15.115720Z  DEBUG - Reading client preface...
2025-06-27T02:08:15.115721Z  DEBUG - Attempting to read 24 bytes for preface
2025-06-27T02:08:15.115743Z  DEBUG - Read preface bytes: 505249202a20485454502f322e300d0a0d0a534d0d0a0d0a
2025-06-27T02:08:15.115744Z  DEBUG - Client preface read successfully
2025-06-27T02:08:15.115744Z  DEBUG - Starting without preface...
2025-06-27T02:08:15.115748Z  DEBUG - Connection started successfully
2025-06-27T02:08:15.115765Z  DEBUG - Read loop started for connection 127.0.0.1
2025-06-27T02:08:15.115766Z  DEBUG - Reading frame header...
2025-06-27T02:08:15.115768Z  DEBUG - Applying remote setting: INITIAL_WINDOW_SIZE = 65535
2025-06-27T02:08:15.115769Z  DEBUG - Updating stream windows: old=65535, new=65535, diff=0
2025-06-27T02:08:15.115770Z  DEBUG - Sending SETTINGS ACK
2025-06-27T02:08:15.115776Z  DEBUG - SETTINGS ACK sent
2025-06-27T02:08:15.115776Z  DEBUG - Successfully handled frame: HT2::SettingsFrame on stream 0
2025-06-27T02:08:15.115777Z  DEBUG - Reading frame header...
2025-06-27T02:08:15.115781Z  DEBUG - Successfully handled frame: HT2::SettingsFrame on stream 0
2025-06-27T02:08:15.115781Z  DEBUG - Reading frame header...
2025-06-27T02:08:15.115826Z  DEBUG - Successfully handled frame: HT2::SettingsFrame on stream 0
2025-06-27T02:08:15.115827Z  DEBUG - Reading frame header...
2025-06-27T02:08:15.115857Z  DEBUG - HEADERS frame parsing: payload_size=15, offset=0, padding=0, header_block_size=15
2025-06-27T02:08:15.115859Z  DEBUG - Header block hex: 828684418aa0e41d139d09b8f81e07
2025-06-27T02:08:15.115867Z  DEBUG - HEADERS frame: stream_id=1, flags=END_STREAM, padding=0, priority=nil, header_block_size=15
2025-06-27T02:08:15.115868Z  DEBUG - Full header block hex: 828684418aa0e41d139d09b8f81e07
2025-06-27T02:08:15.115869Z  DEBUG - HEADERS without END_HEADERS received, expecting CONTINUATION frames for stream 1
2025-06-27T02:08:15.115871Z  DEBUG - Saved 15 bytes, end_stream=true
2025-06-27T02:08:15.115871Z  DEBUG - Successfully handled frame: HT2::HeadersFrame on stream 1
2025-06-27T02:08:15.115873Z  DEBUG - Reading frame header...
2025-06-27T02:08:15.115893Z  DEBUG - Read loop connection error: PROTOCOL_ERROR - CONTINUATION frame with stream ID 0
2025-06-27T02:08:15.116381Z  DEBUG - Connection.start called, is_server=true
2025-06-27T02:08:15.116381Z  DEBUG - Reading client preface...
2025-06-27T02:08:15.116382Z  DEBUG - Attempting to read 24 bytes for preface
2025-06-27T02:08:15.116389Z  DEBUG - Read preface bytes: 505249202a20485454502f322e300d0a0d0a534d0d0a0d0a
2025-06-27T02:08:15.116390Z  DEBUG - Client preface read successfully
2025-06-27T02:08:15.116390Z  DEBUG - Starting without preface...
2025-06-27T02:08:15.116396Z  DEBUG - Connection started successfully
2025-06-27T02:08:15.116428Z  DEBUG - Read loop started for connection 127.0.0.1
2025-06-27T02:08:15.116428Z  DEBUG - Reading frame header...
2025-06-27T02:08:15.116432Z  DEBUG - Applying remote setting: INITIAL_WINDOW_SIZE = 65535
2025-06-27T02:08:15.116433Z  DEBUG - Updating stream windows: old=65535, new=65535, diff=0
2025-06-27T02:08:15.116434Z  DEBUG - Sending SETTINGS ACK
2025-06-27T02:08:15.116442Z  DEBUG - SETTINGS ACK sent
2025-06-27T02:08:15.116443Z  DEBUG - Successfully handled frame: HT2::SettingsFrame on stream 0
2025-06-27T02:08:15.116443Z  DEBUG - Reading frame header...
2025-06-27T02:08:15.116445Z  DEBUG - Successfully handled frame: HT2::SettingsFrame on stream 0
2025-06-27T02:08:15.116446Z  DEBUG - Reading frame header...
2025-06-27T02:08:15.116448Z  DEBUG - Successfully handled frame: HT2::SettingsFrame on stream 0
2025-06-27T02:08:15.116449Z  DEBUG - Reading frame header...
2025-06-27T02:08:15.116504Z  DEBUG - HEADERS frame parsing: payload_size=15, offset=0, padding=0, header_block_size=15
2025-06-27T02:08:15.116505Z  DEBUG - Header block hex: 828684418aa0e41d139d09b8f81e07
2025-06-27T02:08:15.116509Z  DEBUG - HEADERS frame: stream_id=1, flags=END_STREAM | END_HEADERS, padding=0, priority=nil, header_block_size=15
2025-06-27T02:08:15.116509Z  DEBUG - Full header block hex: 828684418aa0e41d139d09b8f81e07
2025-06-27T02:08:15.116509Z  DEBUG - Decoding HEADERS frame with block size: 15
2025-06-27T02:08:15.116510Z  DEBUG - First 20 bytes of header block: less than 20 bytes
2025-06-27T02:08:15.116511Z  DEBUG - HPACK: Decoding Huffman string, length=10, data=a0e41d139d09b8f81e07
2025-06-27T02:08:15.116556Z  DEBUG - Huffman decode: data.size=10, hex=a0e41d139d09b8f81e07
2025-06-27T02:08:15.116556Z  DEBUG - Huffman decode: Checking for potential EOS pattern in data
2025-06-27T02:08:15.116558Z  DEBUG - Huffman padding check: last_symbol_bit=76, total_bits=80, padding_bits=3
2025-06-27T02:08:15.116559Z  DEBUG - HPACK: Huffman decoded to: "localhost:9080"
2025-06-27T02:08:15.116564Z  DEBUG - Decoded headers before validation: [{":method", "GET"}, {":scheme", "http"}, {":path", "/"}, {":authority", "localhost:9080"}]
2025-06-27T02:08:15.116570Z  DEBUG - Validated headers: [{":method", "GET"}, {":scheme", "http"}, {":path", "/"}, {":authority", "localhost:9080"}]
2025-06-27T02:08:15.116573Z  DEBUG - Server received headers for stream 1, end_stream: true, headers_count: 4
2025-06-27T02:08:15.116576Z  DEBUG - Headers: [{":method", "GET"}, {":scheme", "http"}, {":path", "/"}, {":authority", "localhost:9080"}]
2025-06-27T02:08:15.116576Z  DEBUG - is_trailers=false, end_stream=true, stream.end_stream_received=true
2025-06-27T02:08:15.116577Z  DEBUG - Processing request immediately (headers with END_STREAM)
2025-06-27T02:08:15.116578Z  DEBUG - Successfully handled frame: HT2::HeadersFrame on stream 1
2025-06-27T02:08:15.116581Z  DEBUG - Reading frame header...
2025-06-27T02:08:15.116585Z  DEBUG - CONTINUATION frame received: stream_id=1, end_headers=true, header_block_size=3512
2025-06-27T02:08:15.116595Z  DEBUG - Read loop connection error: PROTOCOL_ERROR - CONTINUATION without HEADERS
2025-06-27T02:08:15.116679Z  DEBUG - Handling stream 1 with headers: [{":method", "GET"}, {":scheme", "http"}, {":path", "/"}, {":authority", "localhost:9080"}]
2025-06-27T02:08:15.116681Z  DEBUG - Created request for stream 1: GET /
2025-06-27T02:08:15.116681Z   INFO - Request: GET /
2025-06-27T02:08:15.116682Z  DEBUG - Response.send_headers called, end_stream=false, headers_sent=false
2025-06-27T02:08:15.116684Z  DEBUG - Response: Sending 2 headers
2025-06-27T02:08:15.116685Z  DEBUG - Stream 1: send_headers called with 2 headers, end_stream=false
2025-06-27T02:08:15.116689Z  DEBUG - Stream 1: Sending HEADERS frame with flags=END_HEADERS, header_block_size=13
2025-06-27T02:08:15.116697Z  DEBUG - Stream 1: send_headers completed, new state=HALF_CLOSED_REMOTE
2025-06-27T02:08:15.116697Z  DEBUG - Response.write: Sending 100 bytes of data
2025-06-27T02:08:15.116698Z  DEBUG - Response.write: stream_window=65535, conn_window=65535, available=65535
2025-06-27T02:08:15.116699Z  DEBUG - Stream.send_chunks: Starting to send 100 bytes in chunks of 16384
2025-06-27T02:08:15.116700Z  DEBUG - Stream.send_chunk: Sending chunk from 0 to 100 (100 bytes), last_chunk=true
2025-06-27T02:08:15.116700Z  DEBUG - Stream.send_data: size=100, send_window=65535, conn_window=65535
2025-06-27T02:08:15.116703Z  DEBUG - Stream.send_chunks: Finished sending all chunks
2025-06-27T02:08:15.116703Z  DEBUG - Response.close: Sending empty DATA frame with END_STREAM
2025-06-27T02:08:15.116704Z  DEBUG - Stream.send_data: size=0, send_window=65435, conn_window=65435
2025-06-27T02:08:15.116706Z  DEBUG - Completed handling stream 1
2025-06-27T02:08:15.117084Z  DEBUG - Connection.start called, is_server=true
2025-06-27T02:08:15.117084Z  DEBUG - Reading client preface...
2025-06-27T02:08:15.117085Z  DEBUG - Attempting to read 24 bytes for preface
2025-06-27T02:08:15.117090Z  DEBUG - Read preface bytes: 505249202a20485454502f322e300d0a0d0a534d0d0a0d0a
2025-06-27T02:08:15.117091Z  DEBUG - Client preface read successfully
2025-06-27T02:08:15.117091Z  DEBUG - Starting without preface...
2025-06-27T02:08:15.117099Z  DEBUG - Connection started successfully
2025-06-27T02:08:15.117129Z  DEBUG - Read loop started for connection 127.0.0.1
2025-06-27T02:08:15.117130Z  DEBUG - Reading frame header...
2025-06-27T02:08:15.117134Z  DEBUG - Applying remote setting: INITIAL_WINDOW_SIZE = 65535
2025-06-27T02:08:15.117135Z  DEBUG - Updating stream windows: old=65535, new=65535, diff=0
2025-06-27T02:08:15.117135Z  DEBUG - Sending SETTINGS ACK
2025-06-27T02:08:15.117140Z  DEBUG - SETTINGS ACK sent
2025-06-27T02:08:15.117140Z  DEBUG - Successfully handled frame: HT2::SettingsFrame on stream 0
2025-06-27T02:08:15.117141Z  DEBUG - Reading frame header...
2025-06-27T02:08:15.117148Z  DEBUG - Successfully handled frame: HT2::SettingsFrame on stream 0
2025-06-27T02:08:15.117148Z  DEBUG - Reading frame header...
2025-06-27T02:08:15.117196Z  DEBUG - Successfully handled frame: HT2::SettingsFrame on stream 0
2025-06-27T02:08:15.117197Z  DEBUG - Reading frame header...
2025-06-27T02:08:15.117199Z  DEBUG - HEADERS frame parsing: payload_size=15, offset=0, padding=0, header_block_size=15
2025-06-27T02:08:15.117199Z  DEBUG - Header block hex: 828684418aa0e41d139d09b8f81e07
2025-06-27T02:08:15.117203Z  DEBUG - HEADERS frame: stream_id=1, flags=END_STREAM, padding=0, priority=nil, header_block_size=15
2025-06-27T02:08:15.117203Z  DEBUG - Full header block hex: 828684418aa0e41d139d09b8f81e07
2025-06-27T02:08:15.117204Z  DEBUG - HEADERS without END_HEADERS received, expecting CONTINUATION frames for stream 1
2025-06-27T02:08:15.117204Z  DEBUG - Saved 15 bytes, end_stream=true
2025-06-27T02:08:15.117205Z  DEBUG - Successfully handled frame: HT2::HeadersFrame on stream 1
2025-06-27T02:08:15.117206Z  DEBUG - Reading frame header...
2025-06-27T02:08:15.117244Z  DEBUG - CONTINUATION frame received: stream_id=1, end_headers=true, header_block_size=3512
2025-06-27T02:08:15.117245Z  DEBUG - CONTINUATION frame count: 1
2025-06-27T02:08:15.117246Z  DEBUG - CONTINUATION headers buffer size: 3527
2025-06-27T02:08:15.117247Z  DEBUG - CONTINUATION: Added 3512 bytes, total frames: 1
2025-06-27T02:08:15.117247Z  DEBUG - CONTINUATION: END_HEADERS received, processing complete header block
2025-06-27T02:08:15.117249Z  DEBUG - HPACK: Decoding Huffman string, length=10, data=a0e41d139d09b8f81e07
2025-06-27T02:08:15.117290Z  DEBUG - Huffman decode: data.size=10, hex=a0e41d139d09b8f81e07
2025-06-27T02:08:15.117290Z  DEBUG - Huffman decode: Checking for potential EOS pattern in data
2025-06-27T02:08:15.117292Z  DEBUG - Huffman padding check: last_symbol_bit=76, total_bits=80, padding_bits=3
2025-06-27T02:08:15.117293Z  DEBUG - HPACK: Huffman decoded to: "localhost:9080"
2025-06-27T02:08:15.117294Z  DEBUG - HPACK: Decoding Huffman string, length=7, data=f2b496d34fa07f
2025-06-27T02:08:15.117329Z  DEBUG - Huffman decode: data.size=7, hex=f2b496d34fa07f
2025-06-27T02:08:15.117329Z  DEBUG - Huffman decode: Checking for potential EOS pattern in data
2025-06-27T02:08:15.117330Z  DEBUG - Huffman padding check: last_symbol_bit=48, total_bits=56, padding_bits=7
2025-06-27T02:08:15.117331Z  DEBUG - HPACK: Huffman decoded to: "x-dummy0"
2025-06-27T02:08:15.117360Z  DEBUG - HPACK: Decoding Huffman string, length=3500, data=f3e7cf9f3e7cf9f3e7cf9f3e7cf9f3e7cf9f3e7cf9f3e7cf9f3e7cf9f3e7cf9f3e7cf9f3e7cf9f3e7cf9f3e7cf9f3e7cf9f3e7cf9f3e7cf9f3e7cf9f3e7cf9f3e7cf9f3e7cf9f3e7cf9f3e7cf9f3e7cf9f3e7cf9f3e7cf9f3e7cf9f3e7cf9f3e7cf9f3e7cf9f3e7cf9f3e7cf9f3e7cf9f3e7cf9f3e7cf9f3e7cf9f3e7cf9f3e7cf9f3e7cf9f3e7cf9f3e7cf9f3e7cf9f3e7cf9f3e7cf9f3e7cf9f3e7cf9f3e7cf9f3e7cf9f3e7cf9f3e7cf9f3e7cf9f3e7cf9f3e7cf9f3e7cf9f3e7cf9f3e7cf9f3e7cf9f3e7cf9f3e7cf9f3e7cf9f3e7cf9f3e7cf9f3e7cf9f3e7cf9f3e7cf9f3e7cf9f3e7cf9f3e7cf9f3e7cf9f3e7cf9f3e7cf9f3e7cf9f3e7cf9f3e7cf9f3e7cf9f3e7cf9f3e7cf9f3e7cf9f3e7cf9f3e7cf9f3e7cf9f3e7cf9f3e7cf9f3e7cf9f3e7cf9f3e7cf9f3e7cf9f3e7cf9f3e7cf9f3e7cf9f3e7cf9f3e7cf9f3e7cf9f3e7cf9f3e7cf9f3e7cf9f3e7cf9f3e7cf9f3e7cf9f3e7cf9f3e7cf9f3e7cf9f3e7cf9f3e7cf9f3e7cf9f3e7cf9f3e7cf9f3e7cf9f3e7cf9f3e7cf9f3e7cf9f3e7cf9f3e7cf9f3e7cf9f3e7cf9f3e7cf9f3e7cf9f3e7cf9f3e7cf9f3e7cf9f3e7cf9f3e7cf9f3e7cf9f3e7cf9f3e7cf9f3e7cf9f3e7cf9f3e7cf9f3e7cf9f3e7cf9f3e7cf9f3e7cf9f3e7cf9f3e7cf9f3e7cf9f3e7cf9f3e7cf9f3e7cf9f3e7cf9f3e7cf9f3e7cf9f3e7cf9f3e7cf9f3e7cf9f3e7cf9f3e7cf9f3e7cf9f3e7cf9f3e7cf9f3e7cf9f3e7cf9f3e7cf9f3e7cf9f3e7cf9f3e7cf9f3e7cf9f3e7cf9f3e7cf9f3e7cf9f3e7cf9f3e7cf9f3e7cf9f3e7cf9f3e7cf9f3e7cf9f3e7cf9f3e7cf9f3e7cf9f3e7cf9f3e7cf9f3e7cf9f3e7cf9f3e7cf9f3e7cf9f3e7cf9f3e7cf9f3e7cf9f3e7cf9f3e7cf9f3e7cf9f3e7cf9f3e7cf9f3e7cf9f3e7cf9f3e7cf9f3e7cf9f3e7cf9f3e7cf9f3e7cf9f3e7cf9f3e7cf9f3e7cf9f3e7cf9f3e7cf9f3e7cf9f3e7cf9f3e7cf9f3e7cf9f3e7cf9f3e7cf9f3e7cf9f3e7cf9f3e7cf9f3e7cf9f3e7cf9f3e7cf9f3e7cf9f3e7cf9f3e7cf9f3e7cf9f3e7cf9f3e7cf9f3e7cf9f3e7cf9f3e7cf9f3e7cf9f3e7cf9f3e7cf9f3e7cf9f3e7cf9f3e7cf9f3e7cf9f3e7cf9f3e7cf9f3e7cf9f3e7cf9f3e7cf9f3e7cf9f3e7cf9f3e7cf9f3e7cf9f3e7cf9f3e7cf9f3e7cf9f3e7cf9f3e7cf9f3e7cf9f3e7cf9f3e7cf9f3e7cf9f3e7cf9f3e7cf9f3e7cf9f3e7cf9f3e7cf9f3e7cf9f3e7cf9f3e7cf9f3e7cf9f3e7cf9f3e7cf9f3e7cf9f3e7cf9f3e7cf9f3e7cf9f3e7cf9f3e7cf9f3e7cf9f3e7cf9f3e7cf9f3e7cf9f3e7cf9f3e7cf9f3e7cf9f3e7cf9f3e7cf9f3e7cf9f3e7cf9f3e7cf9f3e7cf9f3e7cf9f3e7cf9f3e7cf9f3e7cf9f3e7cf9f3e7cf9f3e7cf9f3e7cf9f3e7cf9f3e7cf9f3e7cf9f3e7cf9f3e7cf9f3e7cf9f3e7cf9f3e7cf9f3e7cf9f3e7cf9f3e7cf9f3e7cf9f3e7cf9f3e7cf9f3e7cf9f3e7cf9f3e7cf9f3e7cf9f3e7cf9f3e7cf9f3e7cf9f3e7cf9f3e7cf9f3e7cf9f3e7cf9f3e7cf9f3e7cf9f3e7cf9f3e7cf9f3e7cf9f3e7cf9f3e7cf9f3e7cf9f3e7cf9f3e7cf9f3e7cf9f3e7cf9f3e7cf9f3e7cf9f3e7cf9f3e7cf9f3e7cf9f3e7cf9f3e7cf9f3e7cf9f3e7cf9f3e7cf9f3e7cf9f3e7cf9f3e7cf9f3e7cf9f3e7cf9f3e7cf9f3e7cf9f3e7cf9f3e7cf9f3e7cf9f3e7cf9f3e7cf9f3e7cf9f3e7cf9f3e7cf9f3e7cf9f3e7cf9f3e7cf9f3e7cf9f3e7cf9f3e7cf9f3e7cf9f3e7cf9f3e7cf9f3e7cf9f3e7cf9f3e7cf9f3e7cf9f3e7cf9f3e7cf9f3e7cf9f3e7cf9f3e7cf9f3e7cf9f3e7cf9f3e7cf9f3e7cf9f3e7cf9f3e7cf9f3e7cf9f3e7cf9f3e7cf9f3e7cf9f3e7cf9f3e7cf9f3e7cf9f3e7cf9f3e7cf9f3e7cf9f3e7cf9f3e7cf9f3e7cf9f3e7cf9f3e7cf9f3e7cf9f3e7cf9f3e7cf9f3e7cf9f3e7cf9f3e7cf9f3e7cf9f3e7cf9f3e7cf9f3e7cf9f3e7cf9f3e7cf9f3e7cf9f3e7cf9f3e7cf9f3e7cf9f3e7cf9f3e7cf9f3e7cf9f3e7cf9f3e7cf9f3e7cf9f3e7cf9f3e7cf9f3e7cf9f3e7cf9f3e7cf9f3e7cf9f3e7cf9f3e7cf9f3e7cf9f3e7cf9f3e7cf9f3e7cf9f3e7cf9f3e7cf9f3e7cf9f3e7cf9f3e7cf9f3e7cf9f3e7cf9f3e7cf9f3e7cf9f3e7cf9f3e7cf9f3e7cf9f3e7cf9f3e7cf9f3e7cf9f3e7cf9f3e7cf9f3e7cf9f3e7cf9f3e7cf9f3e7cf9f3e7cf9f3e7cf9f3e7cf9f3e7cf9f3e7cf9f3e7cf9f3e7cf9f3e7cf9f3e7cf9f3e7cf9f3e7cf9f3e7cf9f3e7cf9f3e7cf9f3e7cf9f3e7cf9f3e7cf9f3e7cf9f3e7cf9f3e7cf9f3e7cf9f3e7cf9f3e7cf9f3e7cf9f3e7cf9f3e7cf9f3e7cf9f3e7cf9f3e7cf9f3e7cf9f3e7cf9f3e7cf9f3e7cf9f3e7cf9f3e7cf9f3e7cf9f3e7cf9f3e7cf9f3e7cf9f3e7cf9f3e7cf9f3e7cf9f3e7cf9f3e7cf9f3e7cf9f3e7cf9f3e7cf9f3e7cf9f3e7cf9f3e7cf9f3e7cf9f3e7cf9f3e7cf9f3e7cf9f3e7cf9f3e7cf9f3e7cf9f3e7cf9f3e7cf9f3e7cf9f3e7cf9f3e7cf9f3e7cf9f3e7cf9f3e7cf9f3e7cf9f3e7cf9f3e7cf9f3e7cf9f3e7cf9f3e7cf9f3e7cf9f3e7cf9f3e7cf9f3e7cf9f3e7cf9f3e7cf9f3e7cf9f3e7cf9f3e7cf9f3e7cf9f3e7cf9f3e7cf9f3e7cf9f3e7cf9f3e7cf9f3e7cf9f3e7cf9f3e7cf9f3e7cf9f3e7cf9f3e7cf9f3e7cf9f3e7cf9f3e7cf9f3e7cf9f3e7cf9f3e7cf9f3e7cf9f3e7cf9f3e7cf9f3e7cf9f3e7cf9f3e7cf9f3e7cf9f3e7cf9f3e7cf9f3e7cf9f3e7cf9f3e7cf9f3e7cf9f3e7cf9f3e7cf9f3e7cf9f3e7cf9f3e7cf9f3e7cf9f3e7cf9f3e7cf9f3e7cf9f3e7cf9f3e7cf9f3e7cf9f3e7cf9f3e7cf9f3e7cf9f3e7cf9f3e7cf9f3e7cf9f3e7cf9f3e7cf9f3e7cf9f3e7cf9f3e7cf9f3e7cf9f3e7cf9f3e7cf9f3e7cf9f3e7cf9f3e7cf9f3e7cf9f3e7cf9f3e7cf9f3e7cf9f3e7cf9f3e7cf9f3e7cf9f3e7cf9f3e7cf9f3e7cf9f3e7cf9f3e7cf9f3e7cf9f3e7cf9f3e7cf9f3e7cf9f3e7cf9f3e7cf9f3e7cf9f3e7cf9f3e7cf9f3e7cf9f3e7cf9f3e7cf9f3e7cf9f3e7cf9f3e7cf9f3e7cf9f3e7cf9f3e7cf9f3e7cf9f3e7cf9f3e7cf9f3e7cf9f3e7cf9f3e7cf9f3e7cf9f3e7cf9f3e7cf9f3e7cf9f3e7cf9f3e7cf9f3e7cf9f3e7cf9f3e7cf9f3e7cf9f3e7cf9f3e7cf9f3e7cf9f3e7cf9f3e7cf9f3e7cf9f3e7cf9f3e7cf9f3e7cf9f3e7cf9f3e7cf9f3e7cf9f3e7cf9f3e7cf9f3e7cf9f3e7cf9f3e7cf9f3e7cf9f3e7cf9f3e7cf9f3e7cf9f3e7cf9f3e7cf9f3e7cf9f3e7cf9f3e7cf9f3e7cf9f3e7cf9f3e7cf9f3e7cf9f3e7cf9f3e7cf9f3e7cf9f3e7cf9f3e7cf9f3e7cf9f3e7cf9f3e7cf9f3e7cf9f3e7cf9f3e7cf9f3e7cf9f3e7cf9f3e7cf9f3e7cf9f3e7cf9f3e7cf9f3e7cf9f3e7cf9f3e7cf9f3e7cf9f3e7cf9f3e7cf9f3e7cf9f3e7cf9f3e7cf9f3e7cf9f3e7cf9f3e7cf9f3e7cf9f3e7cf9f3e7cf9f3e7cf9f3e7cf9f3e7cf9f3e7cf9f3e7cf9f3e7cf9f3e7cf9f3e7cf9f3e7cf9f3e7cf9f3e7cf9f3e7cf9f3e7cf9f3e7cf9f3e7cf9f3e7cf9f3e7cf9f3e7cf9f3e7cf9f3e7cf9f3e7cf9f3e7cf9f3e7cf9f3e7cf9f3e7cf9f3e7cf9f3e7cf9f3e7cf9f3e7cf9f3e7cf9f3e7cf9f3e7cf9f3e7cf9f3e7cf9f3e7cf9f3e7cf9f3e7cf9f3e7cf9f3e7cf9f3e7cf9f3e7cf9f3e7cf9f3e7cf9f3e7cf9f3e7cf9f3e7cf9f3e7cf9f3e7cf9f3e7cf9f3e7cf9f3e7cf9f3e7cf9f3e7cf9f3e7cf9f3e7cf9f3e7cf9f3e7cf9f3e7cf9f3e7cf9f3e7cf9f3e7cf9f3e7cf9f3e7cf9f3e7cf9f3e7cf9f3e7cf9f3e7cf9f3e7cf9f3e7cf9f3e7cf9f3e7cf9f3e7cf9f3e7cf9f3e7cf9f3e7cf9f3e7cf9f3e7cf9f3e7cf9f3e7cf9f3e7cf9f3e7cf9f3e7cf9f3e7cf9f3e7cf9f3e7cf9f3e7cf9f3e7cf9f3e7cf9f3e7cf9f3e7cf9f3e7cf9f3e7cf9f3e7cf9f3e7cf9f3e7cf9f3e7cf9f3e7cf9f3e7cf9f3e7cf9f3e7cf9f3e7cf9f3e7cf9f3e7cf9f3e7cf9f3e7cf9f3e7cf9f3e7cf9f3e7cf9f3e7cf9f3e7cf9f3e7cf9f3e7cf9f3e7cf9f3e7cf9f3e7cf9f3e7cf9f3e7cf9f3e7cf9f3e7cf9f3e7cf9f3e7cf9f3e7cf9f3e7cf9f3e7cf9f3e7cf9f3e7cf9f3e7cf9f3e7cf9f3e7cf9f3e7cf9f3e7cf9f3e7cf9f3e7cf9f3e7cf9f3e7cf9f3e7cf9f3e7cf9f3e7cf9f3e7cf9f3e7cf9f3e7cf9f3e7cf9f3e7cf9f3e7cf9f3e7cf9f3e7cf9f3e7cf9f3e7cf9f3e7cf9f3e7cf9f3e7cf9f3e7cf9f3e7cf9f3e7cf9f3e7cf9f3e7cf9f3e7cf9f3e7cf9f3e7cf9f3e7cf9f3e7cf9f3e7cf9f3e7cf9f3e7cf9f3e7cf9f3e7cf9f3e7cf9f3e7cf9f3e7cf9f3e7cf9f3e7cf9f3e7cf9f3e7cf9f3e7cf9f3e7cf9f3e7cf9f3e7cf9f3e7cf9f3e7cf9f3e7cf9f3e7cf9f3e7cf9f3e7cf9f3e7cf9f3e7cf9f3e7cf9f3e7cf9f3e7cf9f3e7cf9f3e7cf9f3e7cf9f3e7cf9f3e7cf9f3e7cf9f3e7cf9f3e7cf9f3e7cf9f3e7cf9f3e7cf9f3e7cf9f3e7cf9f3e7cf9f3e7cf9f3e7cf9f3e7cf9f3e7cf9f3e7cf9f3e7cf9f3e7cf9f3e7cf9f3e7cf9f3e7cf9f3e7cf9f3e7cf9f3e7cf9f3e7cf9f3e7cf9f3e7cf9f3e7cf9f3e7cf9f3e7cf9f3e7cf9f3e7cf9f3e7cf9f3e7cf9f3e7cf9f3e7cf9f3e7cf9f3e7cf9f3e7cf9f3e7cf9f3e7cf9f3e7cf9f3e7cf9f3e7cf9f3e7cf9f3e7cf9f3e7cf9f3e7cf9f3e7cf9f3e7cf9f3e7cf9f3e7cf9f3e7cf9f3e7cf9f3e7cf9f3e7cf9f3e7cf9f3e7cf9f3e7cf9f3e7cf9f3e7cf9f3e7cf9f3e7cf9f3e7cf9f3e7cf9f3e7cf9f3e7cf9f3e7cf9f3e7cf9f3e7cf9f3e7cf9f3e7cf9f3e7cf9f3e7cf9f3e7cf9f3e7cf9f3e7cf9f3e7cf9f3e7cf9f3e7cf9f3e7cf9f3e7cf9f3e7cf9f3e7cf9f3e7cf9f3e7cf9f3e7cf9f3e7cf9f3e7cf9f3e7cf9f3e7cf9f3e7cf9f3e7cf9f3e7cf9f3e7cf9f3e7cf9f3e7cf9f3e7cf9f3e7cf9f3e7cf9f3e7cf9f3e7cf9f3e7cf9f3e7cf9f3e7cf9f3e7cf9f3e7cf9f3e7cf9f3e7cf9f3e7cf9f3e7cf9f3e7cf9f3e7cf9f3e7cf9f3e7cf9f3e7cf9f3e7cf9f3e7cf9f3e7cf9f3e7cf9f3e7cf9f3e7cf9f3e7cf9f3e7cf9f3e7cf9f3e7cf9f3e7cf9f3e7cf9
2025-06-27T02:08:15.117696Z  DEBUG - Huffman decode: data.size=3500, hex=f3e7cf9f3e7cf9f3e7cf9f3e7cf9f3e7cf9f3e7cf9f3e7cf9f3e7cf9f3e7cf9f3e7cf9f3e7cf9f3e7cf9f3e7cf9f3e7cf9f3e7cf9f3e7cf9f3e7cf9f3e7cf9f3e7cf9f3e7cf9f3e7cf9f3e7cf9f3e7cf9f3e7cf9f3e7cf9f3e7cf9f3e7cf9f3e7cf9f3e7cf9f3e7cf9f3e7cf9f3e7cf9f3e7cf9f3e7cf9f3e7cf9f3e7cf9f3e7cf9f3e7cf9f3e7cf9f3e7cf9f3e7cf9f3e7cf9f3e7cf9f3e7cf9f3e7cf9f3e7cf9f3e7cf9f3e7cf9f3e7cf9f3e7cf9f3e7cf9f3e7cf9f3e7cf9f3e7cf9f3e7cf9f3e7cf9f3e7cf9f3e7cf9f3e7cf9f3e7cf9f3e7cf9f3e7cf9f3e7cf9f3e7cf9f3e7cf9f3e7cf9f3e7cf9f3e7cf9f3e7cf9f3e7cf9f3e7cf9f3e7cf9f3e7cf9f3e7cf9f3e7cf9f3e7cf9f3e7cf9f3e7cf9f3e7cf9f3e7cf9f3e7cf9f3e7cf9f3e7cf9f3e7cf9f3e7cf9f3e7cf9f3e7cf9f3e7cf9f3e7cf9f3e7cf9f3e7cf9f3e7cf9f3e7cf9f3e7cf9f3e7cf9f3e7cf9f3e7cf9f3e7cf9f3e7cf9f3e7cf9f3e7cf9f3e7cf9f3e7cf9f3e7cf9f3e7cf9f3e7cf9f3e7cf9f3e7cf9f3e7cf9f3e7cf9f3e7cf9f3e7cf9f3e7cf9f3e7cf9f3e7cf9f3e7cf9f3e7cf9f3e7cf9f3e7cf9f3e7cf9f3e7cf9f3e7cf9f3e7cf9f3e7cf9f3e7cf9f3e7cf9f3e7cf9f3e7cf9f3e7cf9f3e7cf9f3e7cf9f3e7cf9f3e7cf9f3e7cf9f3e7cf9f3e7cf9f3e7cf9f3e7cf9f3e7cf9f3e7cf9f3e7cf9f3e7cf9f3e7cf9f3e7cf9f3e7cf9f3e7cf9f3e7cf9f3e7cf9f3e7cf9f3e7cf9f3e7cf9f3e7cf9f3e7cf9f3e7cf9f3e7cf9f3e7cf9f3e7cf9f3e7cf9f3e7cf9f3e7cf9f3e7cf9f3e7cf9f3e7cf9f3e7cf9f3e7cf9f3e7cf9f3e7cf9f3e7cf9f3e7cf9f3e7cf9f3e7cf9f3e7cf9f3e7cf9f3e7cf9f3e7cf9f3e7cf9f3e7cf9f3e7cf9f3e7cf9f3e7cf9f3e7cf9f3e7cf9f3e7cf9f3e7cf9f3e7cf9f3e7cf9f3e7cf9f3e7cf9f3e7cf9f3e7cf9f3e7cf9f3e7cf9f3e7cf9f3e7cf9f3e7cf9f3e7cf9f3e7cf9f3e7cf9f3e7cf9f3e7cf9f3e7cf9f3e7cf9f3e7cf9f3e7cf9f3e7cf9f3e7cf9f3e7cf9f3e7cf9f3e7cf9f3e7cf9f3e7cf9f3e7cf9f3e7cf9f3e7cf9f3e7cf9f3e7cf9f3e7cf9f3e7cf9f3e7cf9f3e7cf9f3e7cf9f3e7cf9f3e7cf9f3e7cf9f3e7cf9f3e7cf9f3e7cf9f3e7cf9f3e7cf9f3e7cf9f3e7cf9f3e7cf9f3e7cf9f3e7cf9f3e7cf9f3e7cf9f3e7cf9f3e7cf9f3e7cf9f3e7cf9f3e7cf9f3e7cf9f3e7cf9f3e7cf9f3e7cf9f3e7cf9f3e7cf9f3e7cf9f3e7cf9f3e7cf9f3e7cf9f3e7cf9f3e7cf9f3e7cf9f3e7cf9f3e7cf9f3e7cf9f3e7cf9f3e7cf9f3e7cf9f3e7cf9f3e7cf9f3e7cf9f3e7cf9f3e7cf9f3e7cf9f3e7cf9f3e7cf9f3e7cf9f3e7cf9f3e7cf9f3e7cf9f3e7cf9f3e7cf9f3e7cf9f3e7cf9f3e7cf9f3e7cf9f3e7cf9f3e7cf9f3e7cf9f3e7cf9f3e7cf9f3e7cf9f3e7cf9f3e7cf9f3e7cf9f3e7cf9f3e7cf9f3e7cf9f3e7cf9f3e7cf9f3e7cf9f3e7cf9f3e7cf9f3e7cf9f3e7cf9f3e7cf9f3e7cf9f3e7cf9f3e7cf9f3e7cf9f3e7cf9f3e7cf9f3e7cf9f3e7cf9f3e7cf9f3e7cf9f3e7cf9f3e7cf9f3e7cf9f3e7cf9f3e7cf9f3e7cf9f3e7cf9f3e7cf9f3e7cf9f3e7cf9f3e7cf9f3e7cf9f3e7cf9f3e7cf9f3e7cf9f3e7cf9f3e7cf9f3e7cf9f3e7cf9f3e7cf9f3e7cf9f3e7cf9f3e7cf9f3e7cf9f3e7cf9f3e7cf9f3e7cf9f3e7cf9f3e7cf9f3e7cf9f3e7cf9f3e7cf9f3e7cf9f3e7cf9f3e7cf9f3e7cf9f3e7cf9f3e7cf9f3e7cf9f3e7cf9f3e7cf9f3e7cf9f3e7cf9f3e7cf9f3e7cf9f3e7cf9f3e7cf9f3e7cf9f3e7cf9f3e7cf9f3e7cf9f3e7cf9f3e7cf9f3e7cf9f3e7cf9f3e7cf9f3e7cf9f3e7cf9f3e7cf9f3e7cf9f3e7cf9f3e7cf9f3e7cf9f3e7cf9f3e7cf9f3e7cf9f3e7cf9f3e7cf9f3e7cf9f3e7cf9f3e7cf9f3e7cf9f3e7cf9f3e7cf9f3e7cf9f3e7cf9f3e7cf9f3e7cf9f3e7cf9f3e7cf9f3e7cf9f3e7cf9f3e7cf9f3e7cf9f3e7cf9f3e7cf9f3e7cf9f3e7cf9f3e7cf9f3e7cf9f3e7cf9f3e7cf9f3e7cf9f3e7cf9f3e7cf9f3e7cf9f3e7cf9f3e7cf9f3e7cf9f3e7cf9f3e7cf9f3e7cf9f3e7cf9f3e7cf9f3e7cf9f3e7cf9f3e7cf9f3e7cf9f3e7cf9f3e7cf9f3e7cf9f3e7cf9f3e7cf9f3e7cf9f3e7cf9f3e7cf9f3e7cf9f3e7cf9f3e7cf9f3e7cf9f3e7cf9f3e7cf9f3e7cf9f3e7cf9f3e7cf9f3e7cf9f3e7cf9f3e7cf9f3e7cf9f3e7cf9f3e7cf9f3e7cf9f3e7cf9f3e7cf9f3e7cf9f3e7cf9f3e7cf9f3e7cf9f3e7cf9f3e7cf9f3e7cf9f3e7cf9f3e7cf9f3e7cf9f3e7cf9f3e7cf9f3e7cf9f3e7cf9f3e7cf9f3e7cf9f3e7cf9f3e7cf9f3e7cf9f3e7cf9f3e7cf9f3e7cf9f3e7cf9f3e7cf9f3e7cf9f3e7cf9f3e7cf9f3e7cf9f3e7cf9f3e7cf9f3e7cf9f3e7cf9f3e7cf9f3e7cf9f3e7cf9f3e7cf9f3e7cf9f3e7cf9f3e7cf9f3e7cf9f3e7cf9f3e7cf9f3e7cf9f3e7cf9f3e7cf9f3e7cf9f3e7cf9f3e7cf9f3e7cf9f3e7cf9f3e7cf9f3e7cf9f3e7cf9f3e7cf9f3e7cf9f3e7cf9f3e7cf9f3e7cf9f3e7cf9f3e7cf9f3e7cf9f3e7cf9f3e7cf9f3e7cf9f3e7cf9f3e7cf9f3e7cf9f3e7cf9f3e7cf9f3e7cf9f3e7cf9f3e7cf9f3e7cf9f3e7cf9f3e7cf9f3e7cf9f3e7cf9f3e7cf9f3e7cf9f3e7cf9f3e7cf9f3e7cf9f3e7cf9f3e7cf9f3e7cf9f3e7cf9f3e7cf9f3e7cf9f3e7cf9f3e7cf9f3e7cf9f3e7cf9f3e7cf9f3e7cf9f3e7cf9f3e7cf9f3e7cf9f3e7cf9f3e7cf9f3e7cf9f3e7cf9f3e7cf9f3e7cf9f3e7cf9f3e7cf9f3e7cf9f3e7cf9f3e7cf9f3e7cf9f3e7cf9f3e7cf9f3e7cf9f3e7cf9f3e7cf9f3e7cf9f3e7cf9f3e7cf9f3e7cf9f3e7cf9f3e7cf9f3e7cf9f3e7cf9f3e7cf9f3e7cf9f3e7cf9f3e7cf9f3e7cf9f3e7cf9f3e7cf9f3e7cf9f3e7cf9f3e7cf9f3e7cf9f3e7cf9f3e7cf9f3e7cf9f3e7cf9f3e7cf9f3e7cf9f3e7cf9f3e7cf9f3e7cf9f3e7cf9f3e7cf9f3e7cf9f3e7cf9f3e7cf9f3e7cf9f3e7cf9f3e7cf9f3e7cf9f3e7cf9f3e7cf9f3e7cf9f3e7cf9f3e7cf9f3e7cf9f3e7cf9f3e7cf9f3e7cf9f3e7cf9f3e7cf9f3e7cf9f3e7cf9f3e7cf9f3e7cf9f3e7cf9f3e7cf9f3e7cf9f3e7cf9f3e7cf9f3e7cf9f3e7cf9f3e7cf9f3e7cf9f3e7cf9f3e7cf9f3e7cf9f3e7cf9f3e7cf9f3e7cf9f3e7cf9f3e7cf9f3e7cf9f3e7cf9f3e7cf9f3e7cf9f3e7cf9f3e7cf9f3e7cf9f3e7cf9f3e7cf9f3e7cf9f3e7cf9f3e7cf9f3e7cf9f3e7cf9f3e7cf9f3e7cf9f3e7cf9f3e7cf9f3e7cf9f3e7cf9f3e7cf9f3e7cf9f3e7cf9f3e7cf9f3e7cf9f3e7cf9f3e7cf9f3e7cf9f3e7cf9f3e7cf9f3e7cf9f3e7cf9f3e7cf9f3e7cf9f3e7cf9f3e7cf9f3e7cf9f3e7cf9f3e7cf9f3e7cf9f3e7cf9f3e7cf9f3e7cf9f3e7cf9f3e7cf9f3e7cf9f3e7cf9f3e7cf9f3e7cf9f3e7cf9f3e7cf9f3e7cf9f3e7cf9f3e7cf9f3e7cf9f3e7cf9f3e7cf9f3e7cf9f3e7cf9f3e7cf9f3e7cf9f3e7cf9f3e7cf9f3e7cf9f3e7cf9f3e7cf9f3e7cf9f3e7cf9f3e7cf9f3e7cf9f3e7cf9f3e7cf9f3e7cf9f3e7cf9f3e7cf9f3e7cf9f3e7cf9f3e7cf9f3e7cf9f3e7cf9f3e7cf9f3e7cf9f3e7cf9f3e7cf9f3e7cf9f3e7cf9f3e7cf9f3e7cf9f3e7cf9f3e7cf9f3e7cf9f3e7cf9f3e7cf9f3e7cf9f3e7cf9f3e7cf9f3e7cf9f3e7cf9f3e7cf9f3e7cf9f3e7cf9f3e7cf9f3e7cf9f3e7cf9f3e7cf9f3e7cf9f3e7cf9f3e7cf9f3e7cf9f3e7cf9f3e7cf9f3e7cf9f3e7cf9f3e7cf9f3e7cf9f3e7cf9f3e7cf9f3e7cf9f3e7cf9f3e7cf9f3e7cf9f3e7cf9f3e7cf9f3e7cf9f3e7cf9f3e7cf9f3e7cf9f3e7cf9f3e7cf9f3e7cf9f3e7cf9f3e7cf9f3e7cf9f3e7cf9f3e7cf9f3e7cf9f3e7cf9f3e7cf9f3e7cf9f3e7cf9f3e7cf9f3e7cf9f3e7cf9f3e7cf9f3e7cf9f3e7cf9f3e7cf9f3e7cf9f3e7cf9f3e7cf9f3e7cf9f3e7cf9f3e7cf9f3e7cf9f3e7cf9f3e7cf9f3e7cf9f3e7cf9f3e7cf9f3e7cf9f3e7cf9f3e7cf9f3e7cf9f3e7cf9f3e7cf9f3e7cf9f3e7cf9f3e7cf9f3e7cf9f3e7cf9f3e7cf9f3e7cf9f3e7cf9f3e7cf9f3e7cf9f3e7cf9f3e7cf9f3e7cf9f3e7cf9f3e7cf9f3e7cf9f3e7cf9f3e7cf9f3e7cf9f3e7cf9f3e7cf9f3e7cf9f3e7cf9f3e7cf9f3e7cf9f3e7cf9f3e7cf9f3e7cf9f3e7cf9f3e7cf9f3e7cf9f3e7cf9f3e7cf9f3e7cf9f3e7cf9f3e7cf9f3e7cf9f3e7cf9f3e7cf9f3e7cf9f3e7cf9f3e7cf9f3e7cf9f3e7cf9f3e7cf9f3e7cf9f3e7cf9f3e7cf9f3e7cf9f3e7cf9f3e7cf9f3e7cf9f3e7cf9f3e7cf9f3e7cf9f3e7cf9f3e7cf9f3e7cf9f3e7cf9f3e7cf9f3e7cf9f3e7cf9f3e7cf9f3e7cf9f3e7cf9f3e7cf9f3e7cf9f3e7cf9f3e7cf9f3e7cf9f3e7cf9f3e7cf9f3e7cf9f3e7cf9f3e7cf9f3e7cf9f3e7cf9f3e7cf9f3e7cf9f3e7cf9f3e7cf9f3e7cf9f3e7cf9f3e7cf9f3e7cf9f3e7cf9f3e7cf9f3e7cf9f3e7cf9f3e7cf9f3e7cf9f3e7cf9f3e7cf9f3e7cf9f3e7cf9f3e7cf9f3e7cf9f3e7cf9f3e7cf9f3e7cf9f3e7cf9f3e7cf9f3e7cf9f3e7cf9f3e7cf9f3e7cf9f3e7cf9f3e7cf9f3e7cf9f3e7cf9f3e7cf9f3e7cf9f3e7cf9f3e7cf9f3e7cf9f3e7cf9f3e7cf9f3e7cf9f3e7cf9f3e7cf9f3e7cf9f3e7cf9f3e7cf9f3e7cf9f3e7cf9f3e7cf9f3e7cf9f3e7cf9f3e7cf9f3e7cf9f3e7cf9f3e7cf9f3e7cf9f3e7cf9f3e7cf9f3e7cf9f3e7cf9f3e7cf9f3e7cf9f3e7cf9f3e7cf9f3e7cf9f3e7cf9f3e7cf9f3e7cf9f3e7cf9f3e7cf9f3e7cf9f3e7cf9f3e7cf9f3e7cf9f3e7cf9f3e7cf9f3e7cf9f3e7cf9f3e7cf9f3e7cf9f3e7cf9f3e7cf9f3e7cf9f3e7cf9f3e7cf9f3e7cf9f3e7cf9f3e7cf9f3e7cf9f3e7cf9f3e7cf9f3e7cf9f3e7cf9f3e7cf9f3e7cf9f3e7cf9f3e7cf9f3e7cf9f3e7cf9f3e7cf9f3e7cf9f3e7cf9f3e7cf9f3e7cf9f3e7cf9f3e7cf9f3e7cf9f3e7cf9f3e7cf9f3e7cf9f3e7cf9f3e7cf9f3e7cf9f3e7cf9f3e7cf9f3e7cf9f3e7cf9f3e7cf9f3e7cf9f3e7cf9f3e7cf9f3e7cf9f3e7cf9f3e7cf9f3e7cf9f3e7cf9f3e7cf9f3e7cf9f3e7cf9f3e7cf9f3e7cf9f3e7cf9f3e7cf9
2025-06-27T02:08:15.117696Z  DEBUG - Huffman decode: Checking for potential EOS pattern in data
2025-06-27T02:08:15.117992Z  DEBUG - HPACK: Huffman decoded to: "xxxxxxxxxxxxxxxxxxxxxxxxxxxxxxxxxxxxxxxxxxxxxxxxxxxxxxxxxxxxxxxxxxxxxxxxxxxxxxxxxxxxxxxxxxxxxxxxxxxxxxxxxxxxxxxxxxxxxxxxxxxxxxxxxxxxxxxxxxxxxxxxxxxxxxxxxxxxxxxxxxxxxxxxxxxxxxxxxxxxxxxxxxxxxxxxxxxxxxxxxxxxxxxxxxxxxxxxxxxxxxxxxxxxxxxxxxxxxxxxxxxxxxxxxxxxxxxxxxxxxxxxxxxxxxxxxxxxxxxxxxxxxxxxxxxxxxxxxxxxxxxxxxxxxxxxxxxxxxxxxxxxxxxxxxxxxxxxxxxxxxxxxxxxxxxxxxxxxxxxxxxxxxxxxxxxxxxxxxxxxxxxxxxxxxxxxxxxxxxxxxxxxxxxxxxxxxxxxxxxxxxxxxxxxxxxxxxxxxxxxxxxxxxxxxxxxxxxxxxxxxxxxxxxxxxxxxxxxxxxxxxxxxxxxxxxxxxxxxxxxxxxxxxxxxxxxxxxxxxxxxxxxxxxxxxxxxxxxxxxxxxxxxxxxxxxxxxxxxxxxxxxxxxxxxxxxxxxxxxxxxxxxxxxxxxxxxxxxxxxxxxxxxxxxxxxxxxxxxxxxxxxxxxxxxxxxxxxxxxxxxxxxxxxxxxxxxxxxxxxxxxxxxxxxxxxxxxxxxxxxxxxxxxxxxxxxxxxxxxxxxxxxxxxxxxxxxxxxxxxxxxxxxxxxxxxxxxxxxxxxxxxxxxxxxxxxxxxxxxxxxxxxxxxxxxxxxxxxxxxxxxxxxxxxxxxxxxxxxxxxxxxxxxxxxxxxxxxxxxxxxxxxxxxxxxxxxxxxxxxxxxxxxxxxxxxxxxxxxxxxxxxxxxxxxxxxxxxxxxxxxxxxxxxxxxxxxxxxxxxxxxxxxxxxxxxxxxxxxxxxxxxxxxxxxxxxxxxxxxxxxxxxxxxxxxxxxxxxxxxxxxxxxxxxxxxxxxxxxxxxxxxxxxxxxxxxxxxxxxxxxxxxxxxxxxxxxxxxxxxxxxxxxxxxxxxxxxxxxxxxxxxxxxxxxxxxxxxxxxxxxxxxxxxxxxxxxxxxxxxxxxxxxxxxxxxxxxxxxxxxxxxxxxxxxxxxxxxxxxxxxxxxxxxxxxxxxxxxxxxxxxxxxxxxxxxxxxxxxxxxxxxxxxxxxxxxxxxxxxxxxxxxxxxxxxxxxxxxxxxxxxxxxxxxxxxxxxxxxxxxxxxxxxxxxxxxxxxxxxxxxxxxxxxxxxxxxxxxxxxxxxxxxxxxxxxxxxxxxxxxxxxxxxxxxxxxxxxxxxxxxxxxxxxxxxxxxxxxxxxxxxxxxxxxxxxxxxxxxxxxxxxxxxxxxxxxxxxxxxxxxxxxxxxxxxxxxxxxxxxxxxxxxxxxxxxxxxxxxxxxxxxxxxxxxxxxxxxxxxxxxxxxxxxxxxxxxxxxxxxxxxxxxxxxxxxxxxxxxxxxxxxxxxxxxxxxxxxxxxxxxxxxxxxxxxxxxxxxxxxxxxxxxxxxxxxxxxxxxxxxxxxxxxxxxxxxxxxxxxxxxxxxxxxxxxxxxxxxxxxxxxxxxxxxxxxxxxxxxxxxxxxxxxxxxxxxxxxxxxxxxxxxxxxxxxxxxxxxxxxxxxxxxxxxxxxxxxxxxxxxxxxxxxxxxxxxxxxxxxxxxxxxxxxxxxxxxxxxxxxxxxxxxxxxxxxxxxxxxxxxxxxxxxxxxxxxxxxxxxxxxxxxxxxxxxxxxxxxxxxxxxxxxxxxxxxxxxxxxxxxxxxxxxxxxxxxxxxxxxxxxxxxxxxxxxxxxxxxxxxxxxxxxxxxxxxxxxxxxxxxxxxxxxxxxxxxxxxxxxxxxxxxxxxxxxxxxxxxxxxxxxxxxxxxxxxxxxxxxxxxxxxxxxxxxxxxxxxxxxxxxxxxxxxxxxxxxxxxxxxxxxxxxxxxxxxxxxxxxxxxxxxxxxxxxxxxxxxxxxxxxxxxxxxxxxxxxxxxxxxxxxxxxxxxxxxxxxxxxxxxxxxxxxxxxxxxxxxxxxxxxxxxxxxxxxxxxxxxxxxxxxxxxxxxxxxxxxxxxxxxxxxxxxxxxxxxxxxxxxxxxxxxxxxxxxxxxxxxxxxxxxxxxxxxxxxxxxxxxxxxxxxxxxxxxxxxxxxxxxxxxxxxxxxxxxxxxxxxxxxxxxxxxxxxxxxxxxxxxxxxxxxxxxxxxxxxxxxxxxxxxxxxxxxxxxxxxxxxxxxxxxxxxxxxxxxxxxxxxxxxxxxxxxxxxxxxxxxxxxxxxxxxxxxxxxxxxxxxxxxxxxxxxxxxxxxxxxxxxxxxxxxxxxxxxxxxxxxxxxxxxxxxxxxxxxxxxxxxxxxxxxxxxxxxxxxxxxxxxxxxxxxxxxxxxxxxxxxxxxxxxxxxxxxxxxxxxxxxxxxxxxxxxxxxxxxxxxxxxxxxxxxxxxxxxxxxxxxxxxxxxxxxxxxxxxxxxxxxxxxxxxxxxxxxxxxxxxxxxxxxxxxxxxxxxxxxxxxxxxxxxxxxxxxxxxxxxxxxxxxxxxxxxxxxxxxxxxxxxxxxxxxxxxxxxxxxxxxxxxxxxxxxxxxxxxxxxxxxxxxxxxxxxxxxxxxxxxxxxxxxxxxxxxxxxxxxxxxxxxxxxxxxxxxxxxxxxxxxxxxxxxxxxxxxxxxxxxxxxxxxxxxxxxxxxxxxxxxxxxxxxxxxxxxxxxxxxxxxxxxxxxxxxxxxxxxxxxxxxxxxxxxxxxxxxxxxxxxxxxxxxxxxxxxxxxxxxxxxxxxxxxxxxxxxxxxxxxxxxxxxxxxxxxxxxxxxxxxxxxxxxxxxxxxxxxxxxxxxxxxxxxxxxxxxxxxxxxxxxxxxxxxxxxxxxxxxxxxxxxxxxxxxxxxxxxxxxxxxxxxxxxxxxxxxxxxxxxxxxxxxxxxxxxxxxxxxxxxxxxxxxxxxxxxxxxxxxxxxxxxxxxxxxxxxxxxxxxxxxxxxxxxxxxxxxxxxxxxxxxxxxxxxxxxxxxxxxxxxxxxxxxxxxxxxxxxxxxxxxxxxxxxxxxxxxxxxxxxxxxxxxxxxxxxxxxxxxxxxxxxxxxxxxxxxxxxxxxxxxxxxxxxxxxxxxxxxxxxxxxxxxxxxxxxxxxxxxxxxxxxxxxxxxxxxxxxxxxxxxxxxxxxxxxxxxxxxxxxxxxxxxxxxxxxxxxxxxxxxxxxxxxxxxxxxxxxxxxxxxxxxxxxxxxxxxxxxxxxxxxxxxxxxxxxxxxxxxxxxxxxxxxxxxxxxxxxxxxxxxxxxxxxxxxxxxxxxxxxxxxxxxxxxxxxxxxxxxxxxxxxxxxxxxxxxxxxxxxxxxxxxxxxxxxxxxxxxxxxxxxxxxxxxxxxxxxxxxxxxxxxxxxxxxxxxxxxxxxxxxxxxxxxxxxxxxxxxxxxxxxxxxxxxxxxxxxxxxxxxxxxxxxxxxxxxxxxxxxxxxxxxxxxxxxxxxxxxxxxxxxxxxxxxxxxxxxxxxxxxxxxxxxxxxxxxxxxxxxxxxxxxxxxxxxxxxxxxxxxxxxxxxxxxxxxxxxxxxxxxxxxxxxxxxxxxxxxxxxxxxxxxxxxxxxxxxxxxxxxxxxxxxxxxxxxxxxxxxxxxxxxxxxxxxxxxxxxxxxxxxxxxxxxxxxxxxxxxxxxxxxxxxxxxxxxxxxxxxxxxxxxxxxxxxxxxxxxxxxxxxxxxxxxxxxxxxxxxxxxxxxxxxxxxxxxxxxxxxxxxxxxxxxxxxxxxxxxxxxxxxxxxxxxxxxxxxxxxxxxxxxxxxxxxxxxxxxxxxxxxxxxxxxxxxxxxxxxxxxxxxxxxxxxxxxxxxxxxxxxxxxxxxxxxxxxxxxxxxxxxxxxxxxxxxxxxxxxxxxxxxxxxxxxxxxxxxxxxxxxxxxxxxxxxxxxxxxxxxxxxxxxxxxxxxxxxxxxxxxxxxxxxxxxxxxxxxxxxxxxxxxxxxxxxxxxxxxxxxxxxxxxxxxxxxxxxxxxxxxxxxxxxxxxxxxxxxxxxxxxxxxx"
2025-06-27T02:08:15.117992Z  DEBUG - CONTINUATION: Decoded 5 headers
2025-06-27T02:08:15.117998Z  DEBUG - CONTINUATION: Invoking on_headers callback with 5 headers, end_stream=true
2025-06-27T02:08:15.117998Z  DEBUG - Server received headers for stream 1, end_stream: true, headers_count: 5
2025-06-27T02:08:15.118150Z  DEBUG - Headers: [{":method", "GET"}, {":scheme", "http"}, {":path", "/"}, {":authority", "localhost:9080"}, {"x-dummy0", "xxxxxxxxxxxxxxxxxxxxxxxxxxxxxxxxxxxxxxxxxxxxxxxxxxxxxxxxxxxxxxxxxxxxxxxxxxxxxxxxxxxxxxxxxxxxxxxxxxxxxxxxxxxxxxxxxxxxxxxxxxxxxxxxxxxxxxxxxxxxxxxxxxxxxxxxxxxxxxxxxxxxxxxxxxxxxxxxxxxxxxxxxxxxxxxxxxxxxxxxxxxxxxxxxxxxxxxxxxxxxxxxxxxxxxxxxxxxxxxxxxxxxxxxxxxxxxxxxxxxxxxxxxxxxxxxxxxxxxxxxxxxxxxxxxxxxxxxxxxxxxxxxxxxxxxxxxxxxxxxxxxxxxxxxxxxxxxxxxxxxxxxxxxxxxxxxxxxxxxxxxxxxxxxxxxxxxxxxxxxxxxxxxxxxxxxxxxxxxxxxxxxxxxxxxxxxxxxxxxxxxxxxxxxxxxxxxxxxxxxxxxxxxxxxxxxxxxxxxxxxxxxxxxxxxxxxxxxxxxxxxxxxxxxxxxxxxxxxxxxxxxxxxxxxxxxxxxxxxxxxxxxxxxxxxxxxxxxxxxxxxxxxxxxxxxxxxxxxxxxxxxxxxxxxxxxxxxxxxxxxxxxxxxxxxxxxxxxxxxxxxxxxxxxxxxxxxxxxxxxxxxxxxxxxxxxxxxxxxxxxxxxxxxxxxxxxxxxxxxxxxxxxxxxxxxxxxxxxxxxxxxxxxxxxxxxxxxxxxxxxxxxxxxxxxxxxxxxxxxxxxxxxxxxxxxxxxxxxxxxxxxxxxxxxxxxxxxxxxxxxxxxxxxxxxxxxxxxxxxxxxxxxxxxxxxxxxxxxxxxxxxxxxxxxxxxxxxxxxxxxxxxxxxxxxxxxxxxxxxxxxxxxxxxxxxxxxxxxxxxxxxxxxxxxxxxxxxxxxxxxxxxxxxxxxxxxxxxxxxxxxxxxxxxxxxxxxxxxxxxxxxxxxxxxxxxxxxxxxxxxxxxxxxxxxxxxxxxxxxxxxxxxxxxxxxxxxxxxxxxxxxxxxxxxxxxxxxxxxxxxxxxxxxxxxxxxxxxxxxxxxxxxxxxxxxxxxxxxxxxxxxxxxxxxxxxxxxxxxxxxxxxxxxxxxxxxxxxxxxxxxxxxxxxxxxxxxxxxxxxxxxxxxxxxxxxxxxxxxxxxxxxxxxxxxxxxxxxxxxxxxxxxxxxxxxxxxxxxxxxxxxxxxxxxxxxxxxxxxxxxxxxxxxxxxxxxxxxxxxxxxxxxxxxxxxxxxxxxxxxxxxxxxxxxxxxxxxxxxxxxxxxxxxxxxxxxxxxxxxxxxxxxxxxxxxxxxxxxxxxxxxxxxxxxxxxxxxxxxxxxxxxxxxxxxxxxxxxxxxxxxxxxxxxxxxxxxxxxxxxxxxxxxxxxxxxxxxxxxxxxxxxxxxxxxxxxxxxxxxxxxxxxxxxxxxxxxxxxxxxxxxxxxxxxxxxxxxxxxxxxxxxxxxxxxxxxxxxxxxxxxxxxxxxxxxxxxxxxxxxxxxxxxxxxxxxxxxxxxxxxxxxxxxxxxxxxxxxxxxxxxxxxxxxxxxxxxxxxxxxxxxxxxxxxxxxxxxxxxxxxxxxxxxxxxxxxxxxxxxxxxxxxxxxxxxxxxxxxxxxxxxxxxxxxxxxxxxxxxxxxxxxxxxxxxxxxxxxxxxxxxxxxxxxxxxxxxxxxxxxxxxxxxxxxxxxxxxxxxxxxxxxxxxxxxxxxxxxxxxxxxxxxxxxxxxxxxxxxxxxxxxxxxxxxxxxxxxxxxxxxxxxxxxxxxxxxxxxxxxxxxxxxxxxxxxxxxxxxxxxxxxxxxxxxxxxxxxxxxxxxxxxxxxxxxxxxxxxxxxxxxxxxxxxxxxxxxxxxxxxxxxxxxxxxxxxxxxxxxxxxxxxxxxxxxxxxxxxxxxxxxxxxxxxxxxxxxxxxxxxxxxxxxxxxxxxxxxxxxxxxxxxxxxxxxxxxxxxxxxxxxxxxxxxxxxxxxxxxxxxxxxxxxxxxxxxxxxxxxxxxxxxxxxxxxxxxxxxxxxxxxxxxxxxxxxxxxxxxxxxxxxxxxxxxxxxxxxxxxxxxxxxxxxxxxxxxxxxxxxxxxxxxxxxxxxxxxxxxxxxxxxxxxxxxxxxxxxxxxxxxxxxxxxxxxxxxxxxxxxxxxxxxxxxxxxxxxxxxxxxxxxxxxxxxxxxxxxxxxxxxxxxxxxxxxxxxxxxxxxxxxxxxxxxxxxxxxxxxxxxxxxxxxxxxxxxxxxxxxxxxxxxxxxxxxxxxxxxxxxxxxxxxxxxxxxxxxxxxxxxxxxxxxxxxxxxxxxxxxxxxxxxxxxxxxxxxxxxxxxxxxxxxxxxxxxxxxxxxxxxxxxxxxxxxxxxxxxxxxxxxxxxxxxxxxxxxxxxxxxxxxxxxxxxxxxxxxxxxxxxxxxxxxxxxxxxxxxxxxxxxxxxxxxxxxxxxxxxxxxxxxxxxxxxxxxxxxxxxxxxxxxxxxxxxxxxxxxxxxxxxxxxxxxxxxxxxxxxxxxxxxxxxxxxxxxxxxxxxxxxxxxxxxxxxxxxxxxxxxxxxxxxxxxxxxxxxxxxxxxxxxxxxxxxxxxxxxxxxxxxxxxxxxxxxxxxxxxxxxxxxxxxxxxxxxxxxxxxxxxxxxxxxxxxxxxxxxxxxxxxxxxxxxxxxxxxxxxxxxxxxxxxxxxxxxxxxxxxxxxxxxxxxxxxxxxxxxxxxxxxxxxxxxxxxxxxxxxxxxxxxxxxxxxxxxxxxxxxxxxxxxxxxxxxxxxxxxxxxxxxxxxxxxxxxxxxxxxxxxxxxxxxxxxxxxxxxxxxxxxxxxxxxxxxxxxxxxxxxxxxxxxxxxxxxxxxxxxxxxxxxxxxxxxxxxxxxxxxxxxxxxxxxxxxxxxxxxxxxxxxxxxxxxxxxxxxxxxxxxxxxxxxxxxxxxxxxxxxxxxxxxxxxxxxxxxxxxxxxxxxxxxxxxxxxxxxxxxxxxxxxxxxxxxxxxxxxxxxxxxxxxxxxxxxxxxxxxxxxxxxxxxxxxxxxxxxxxxxxxxxxxxxxxxxxxxxxxxxxxxxxxxxxxxxxxxxxxxxxxxxxxxxxxxxxxxxxxxxxxxxxxxxxxxxxxxxxxxxxxxxxxxxxxxxxxxxxxxxxxxxxxxxxxxxxxxxxxxxxxxxxxxxxxxxxxxxxxxxxxxxxxxxxxxxxxxxxxxxxxxxxxxxxxxxxxxxxxxxxxxxxxxxxxxxxxxxxxxxxxxxxxxxxxxxxxxxxxxxxxxxxxxxxxxxxxxxxxxxxxxxxxxxxxxxxxxxxxxxxxxxxxxxxxxxxxxxxxxxxxxxxxxxxxxxxxxxxxxxxxxxxxxxxxxxxxxxxxxxxxxxxxxxxxxxxxxxxxxxxxxxxxxxxxxxxxxxxxxxxxxxxxxxxxxxxxxxxxxxxxxxxxxxxxxxxxxxxxxxxxxxxxxxxxxxxxxxxxxxxxxxxxxxxxxxxxxxxxxxxxxxxxxxxxxxxxxxxxxxxxxxxxxxxxxxxxxxxxxxxxxxxxxxxxxxxxxxxxxxxxxxxxxxxxxxxxxxxxxxxxxxxxxxxxxxxxxxxxxxxxxxxxxxxxxxxxxxxxxxxxxxxxxxxxxxxxxxxxxxxxxxxxxxxxxxxxxxxxxxxxxxxxxxxxxxxxxxxxxxxxxxxxxxxxxxxxxxxxxxxxxxxxxxxxxxxxxxxxxxxxxxxxxxxxxxxxxxxxxxxxxxxxxxxxxxxxxxxxxxxxxxxxxxxxxxxxxxxxxxxxxxxxxxxxxxxxxxxxxxxxxxxxxxxxxxxxxxxxxxxxxxxxxxxxxxxxxxxxxxxxxxxxxxxxxxxxxxxxxxxxxxxxxxxxxxxxxxxxxxxxxxxxxxxxxxxxxxxxxxxxxxxxxxxxxxxxxxxxxxxxxxxxxxxxxxxxxxxxxxxxxxxxxxxxxxxxxxxxxxxxxxxxxxxxxxxxxxxxxxxxxxxxxxxxxxxxxxxxxxxxxxxxxxxxxxxxxxxxxxxxxxxxxxxxxxxxxxxxxxxxxxxxxxxxxxxxxxxxxxxxxxxxxxxxxxxxxxxxxxxxxx"}]
2025-06-27T02:08:15.118151Z  DEBUG - is_trailers=false, end_stream=true, stream.end_stream_received=true
2025-06-27T02:08:15.118151Z  DEBUG - Processing request immediately (headers with END_STREAM)
2025-06-27T02:08:15.118152Z  DEBUG - CONTINUATION: Processing complete, state cleared
2025-06-27T02:08:15.118152Z  DEBUG - CONTINUATION handler completed for stream 1
2025-06-27T02:08:15.118152Z  DEBUG - Successfully handled frame: HT2::ContinuationFrame on stream 1
2025-06-27T02:08:15.118153Z  DEBUG - Reading frame header...
2025-06-27T02:08:15.118155Z  DEBUG - CONTINUATION frame received: stream_id=1, end_headers=true, header_block_size=1
2025-06-27T02:08:15.118164Z  DEBUG - Read loop connection error: PROTOCOL_ERROR - CONTINUATION without HEADERS
2025-06-27T02:08:15.118500Z  DEBUG - Handling stream 1 with headers: [{":method", "GET"}, {":scheme", "http"}, {":path", "/"}, {":authority", "localhost:9080"}, {"x-dummy0", "xxxxxxxxxxxxxxxxxxxxxxxxxxxxxxxxxxxxxxxxxxxxxxxxxxxxxxxxxxxxxxxxxxxxxxxxxxxxxxxxxxxxxxxxxxxxxxxxxxxxxxxxxxxxxxxxxxxxxxxxxxxxxxxxxxxxxxxxxxxxxxxxxxxxxxxxxxxxxxxxxxxxxxxxxxxxxxxxxxxxxxxxxxxxxxxxxxxxxxxxxxxxxxxxxxxxxxxxxxxxxxxxxxxxxxxxxxxxxxxxxxxxxxxxxxxxxxxxxxxxxxxxxxxxxxxxxxxxxxxxxxxxxxxxxxxxxxxxxxxxxxxxxxxxxxxxxxxxxxxxxxxxxxxxxxxxxxxxxxxxxxxxxxxxxxxxxxxxxxxxxxxxxxxxxxxxxxxxxxxxxxxxxxxxxxxxxxxxxxxxxxxxxxxxxxxxxxxxxxxxxxxxxxxxxxxxxxxxxxxxxxxxxxxxxxxxxxxxxxxxxxxxxxxxxxxxxxxxxxxxxxxxxxxxxxxxxxxxxxxxxxxxxxxxxxxxxxxxxxxxxxxxxxxxxxxxxxxxxxxxxxxxxxxxxxxxxxxxxxxxxxxxxxxxxxxxxxxxxxxxxxxxxxxxxxxxxxxxxxxxxxxxxxxxxxxxxxxxxxxxxxxxxxxxxxxxxxxxxxxxxxxxxxxxxxxxxxxxxxxxxxxxxxxxxxxxxxxxxxxxxxxxxxxxxxxxxxxxxxxxxxxxxxxxxxxxxxxxxxxxxxxxxxxxxxxxxxxxxxxxxxxxxxxxxxxxxxxxxxxxxxxxxxxxxxxxxxxxxxxxxxxxxxxxxxxxxxxxxxxxxxxxxxxxxxxxxxxxxxxxxxxxxxxxxxxxxxxxxxxxxxxxxxxxxxxxxxxxxxxxxxxxxxxxxxxxxxxxxxxxxxxxxxxxxxxxxxxxxxxxxxxxxxxxxxxxxxxxxxxxxxxxxxxxxxxxxxxxxxxxxxxxxxxxxxxxxxxxxxxxxxxxxxxxxxxxxxxxxxxxxxxxxxxxxxxxxxxxxxxxxxxxxxxxxxxxxxxxxxxxxxxxxxxxxxxxxxxxxxxxxxxxxxxxxxxxxxxxxxxxxxxxxxxxxxxxxxxxxxxxxxxxxxxxxxxxxxxxxxxxxxxxxxxxxxxxxxxxxxxxxxxxxxxxxxxxxxxxxxxxxxxxxxxxxxxxxxxxxxxxxxxxxxxxxxxxxxxxxxxxxxxxxxxxxxxxxxxxxxxxxxxxxxxxxxxxxxxxxxxxxxxxxxxxxxxxxxxxxxxxxxxxxxxxxxxxxxxxxxxxxxxxxxxxxxxxxxxxxxxxxxxxxxxxxxxxxxxxxxxxxxxxxxxxxxxxxxxxxxxxxxxxxxxxxxxxxxxxxxxxxxxxxxxxxxxxxxxxxxxxxxxxxxxxxxxxxxxxxxxxxxxxxxxxxxxxxxxxxxxxxxxxxxxxxxxxxxxxxxxxxxxxxxxxxxxxxxxxxxxxxxxxxxxxxxxxxxxxxxxxxxxxxxxxxxxxxxxxxxxxxxxxxxxxxxxxxxxxxxxxxxxxxxxxxxxxxxxxxxxxxxxxxxxxxxxxxxxxxxxxxxxxxxxxxxxxxxxxxxxxxxxxxxxxxxxxxxxxxxxxxxxxxxxxxxxxxxxxxxxxxxxxxxxxxxxxxxxxxxxxxxxxxxxxxxxxxxxxxxxxxxxxxxxxxxxxxxxxxxxxxxxxxxxxxxxxxxxxxxxxxxxxxxxxxxxxxxxxxxxxxxxxxxxxxxxxxxxxxxxxxxxxxxxxxxxxxxxxxxxxxxxxxxxxxxxxxxxxxxxxxxxxxxxxxxxxxxxxxxxxxxxxxxxxxxxxxxxxxxxxxxxxxxxxxxxxxxxxxxxxxxxxxxxxxxxxxxxxxxxxxxxxxxxxxxxxxxxxxxxxxxxxxxxxxxxxxxxxxxxxxxxxxxxxxxxxxxxxxxxxxxxxxxxxxxxxxxxxxxxxxxxxxxxxxxxxxxxxxxxxxxxxxxxxxxxxxxxxxxxxxxxxxxxxxxxxxxxxxxxxxxxxxxxxxxxxxxxxxxxxxxxxxxxxxxxxxxxxxxxxxxxxxxxxxxxxxxxxxxxxxxxxxxxxxxxxxxxxxxxxxxxxxxxxxxxxxxxxxxxxxxxxxxxxxxxxxxxxxxxxxxxxxxxxxxxxxxxxxxxxxxxxxxxxxxxxxxxxxxxxxxxxxxxxxxxxxxxxxxxxxxxxxxxxxxxxxxxxxxxxxxxxxxxxxxxxxxxxxxxxxxxxxxxxxxxxxxxxxxxxxxxxxxxxxxxxxxxxxxxxxxxxxxxxxxxxxxxxxxxxxxxxxxxxxxxxxxxxxxxxxxxxxxxxxxxxxxxxxxxxxxxxxxxxxxxxxxxxxxxxxxxxxxxxxxxxxxxxxxxxxxxxxxxxxxxxxxxxxxxxxxxxxxxxxxxxxxxxxxxxxxxxxxxxxxxxxxxxxxxxxxxxxxxxxxxxxxxxxxxxxxxxxxxxxxxxxxxxxxxxxxxxxxxxxxxxxxxxxxxxxxxxxxxxxxxxxxxxxxxxxxxxxxxxxxxxxxxxxxxxxxxxxxxxxxxxxxxxxxxxxxxxxxxxxxxxxxxxxxxxxxxxxxxxxxxxxxxxxxxxxxxxxxxxxxxxxxxxxxxxxxxxxxxxxxxxxxxxxxxxxxxxxxxxxxxxxxxxxxxxxxxxxxxxxxxxxxxxxxxxxxxxxxxxxxxxxxxxxxxxxxxxxxxxxxxxxxxxxxxxxxxxxxxxxxxxxxxxxxxxxxxxxxxxxxxxxxxxxxxxxxxxxxxxxxxxxxxxxxxxxxxxxxxxxxxxxxxxxxxxxxxxxxxxxxxxxxxxxxxxxxxxxxxxxxxxxxxxxxxxxxxxxxxxxxxxxxxxxxxxxxxxxxxxxxxxxxxxxxxxxxxxxxxxxxxxxxxxxxxxxxxxxxxxxxxxxxxxxxxxxxxxxxxxxxxxxxxxxxxxxxxxxxxxxxxxxxxxxxxxxxxxxxxxxxxxxxxxxxxxxxxxxxxxxxxxxxxxxxxxxxxxxxxxxxxxxxxxxxxxxxxxxxxxxxxxxxxxxxxxxxxxxxxxxxxxxxxxxxxxxxxxxxxxxxxxxxxxxxxxxxxxxxxxxxxxxxxxxxxxxxxxxxxxxxxxxxxxxxxxxxxxxxxxxxxxxxxxxxxxxxxxxxxxxxxxxxxxxxxxxxxxxxxxxxxxxxxxxxxxxxxxxxxxxxxxxxxxxxxxxxxxxxxxxxxxxxxxxxxxxxxxxxxxxxxxxxxxxxxxxxxxxxxxxxxxxxxxxxxxxxxxxxxxxxxxxxxxxxxxxxxxxxxxxxxxxxxxxxxxxxxxxxxxxxxxxxxxxxxxxxxxxxxxxxxxxxxxxxxxxxxxxxxxxxxxxxxxxxxxxxxxxxxxxxxxxxxxxxxxxxxxxxxxxxxxxxxxxxxxxxxxxxxxxxxxxxxxxxxxxxxxxxxxxxxxxxxxxxxxxxxxxxxxxxxxxxxxxxxxxxxxxxxxxxxxxxxxxxxxxxxxxxxxxxxxxxxxxxxxxxxxxxxxxxxxxxxxxxxxxxxxxxxxxxxxxxxxxxxxxxxxxxxxxxxxxxxxxxxxxxxxxxxxxxxxxxxxxxxxxxxxxxxxxxxxxxxxxxxxxxxxxxxxxxxxxxxxxxxxxxxxxxxxxxxxxxxxxxxxxxxxxxxxxxxxxxxxxxxxxxxxxxxxxxxxxxxxxxxxxxxxxxxxxxxxxxxxxxxxxxxxxxxxxxxxxxxxxxxxxxxxxxxxxxxxxxxxxxxxxxxxxxxxxxxxxxxxxxxxxxxxxxxxxxxxxxxxxxxxxxxxxxxxxxxxxxxxxxxxxxxxxxxxxxxxxxxxxxxxxxxxxxxxxxxxxxxxxxxxxxxxxxxxxxxxxxxxxxxxxxxxxxxxxxxxxxxxxxxxxxxxxxxxxxxxxxxxxxxxxxxxxxxxxxxxxxxxxxxxxxxxxxxxxxxxxxxxxxxxxxxxxxxxxxxxxxxxxxxxxxxxxxxxxxxxxxxxxxxxxxxxxxxxxxxxxxxxxxxxxxxxxxxxxxxxxxxxxxxxxxxxxxxxxxxxxxxxxxxx"}]
2025-06-27T02:08:15.118518Z  DEBUG - Created request for stream 1: GET /
2025-06-27T02:08:15.118518Z   INFO - Request: GET /
2025-06-27T02:08:15.118519Z  DEBUG - Response.send_headers called, end_stream=false, headers_sent=false
2025-06-27T02:08:15.118521Z  DEBUG - Response: Sending 2 headers
2025-06-27T02:08:15.118521Z  DEBUG - Stream 1: send_headers called with 2 headers, end_stream=false
2025-06-27T02:08:15.118525Z  DEBUG - Stream 1: Sending HEADERS frame with flags=END_HEADERS, header_block_size=13
2025-06-27T02:08:15.118535Z  DEBUG - Stream 1: send_headers completed, new state=HALF_CLOSED_REMOTE
2025-06-27T02:08:15.118535Z  DEBUG - Response.write: Sending 100 bytes of data
2025-06-27T02:08:15.118536Z  DEBUG - Response.write: stream_window=65535, conn_window=65535, available=65535
2025-06-27T02:08:15.118537Z  DEBUG - Stream.send_chunks: Starting to send 100 bytes in chunks of 16384
2025-06-27T02:08:15.118538Z  DEBUG - Stream.send_chunk: Sending chunk from 0 to 100 (100 bytes), last_chunk=true
2025-06-27T02:08:15.118539Z  DEBUG - Stream.send_data: size=100, send_window=65535, conn_window=65535
2025-06-27T02:08:15.118542Z  DEBUG - Stream.send_chunks: Finished sending all chunks
2025-06-27T02:08:15.118543Z  DEBUG - Response.close: Sending empty DATA frame with END_STREAM
2025-06-27T02:08:15.118544Z  DEBUG - Stream.send_data: size=0, send_window=65435, conn_window=65435
2025-06-27T02:08:15.118546Z  DEBUG - Completed handling stream 1
2025-06-27T02:08:15.118654Z  DEBUG - Connection.start called, is_server=true
2025-06-27T02:08:15.118655Z  DEBUG - Reading client preface...
2025-06-27T02:08:15.118655Z  DEBUG - Attempting to read 24 bytes for preface
2025-06-27T02:08:15.118676Z  DEBUG - Read preface bytes: 505249202a20485454502f322e300d0a0d0a534d0d0a0d0a
2025-06-27T02:08:15.118677Z  DEBUG - Client preface read successfully
2025-06-27T02:08:15.118677Z  DEBUG - Starting without preface...
2025-06-27T02:08:15.118680Z  DEBUG - Connection started successfully
2025-06-27T02:08:15.118695Z  DEBUG - Read loop started for connection 127.0.0.1
2025-06-27T02:08:15.118696Z  DEBUG - Reading frame header...
2025-06-27T02:08:15.118701Z  DEBUG - Applying remote setting: INITIAL_WINDOW_SIZE = 65535
2025-06-27T02:08:15.118702Z  DEBUG - Updating stream windows: old=65535, new=65535, diff=0
2025-06-27T02:08:15.118702Z  DEBUG - Sending SETTINGS ACK
2025-06-27T02:08:15.118705Z  DEBUG - SETTINGS ACK sent
2025-06-27T02:08:15.118705Z  DEBUG - Successfully handled frame: HT2::SettingsFrame on stream 0
2025-06-27T02:08:15.118706Z  DEBUG - Reading frame header...
2025-06-27T02:08:15.118743Z  DEBUG - Successfully handled frame: HT2::SettingsFrame on stream 0
2025-06-27T02:08:15.118743Z  DEBUG - Reading frame header...
2025-06-27T02:08:15.118745Z  DEBUG - Successfully handled frame: HT2::SettingsFrame on stream 0
2025-06-27T02:08:15.118745Z  DEBUG - Reading frame header...
2025-06-27T02:08:15.118768Z  DEBUG - HEADERS frame parsing: payload_size=15, offset=0, padding=0, header_block_size=15
2025-06-27T02:08:15.118768Z  DEBUG - Header block hex: 838684418aa0e41d139d09b8f81e07
2025-06-27T02:08:15.118771Z  DEBUG - HEADERS frame: stream_id=1, flags=None, padding=0, priority=nil, header_block_size=15
2025-06-27T02:08:15.118772Z  DEBUG - Full header block hex: 838684418aa0e41d139d09b8f81e07
2025-06-27T02:08:15.118772Z  DEBUG - HEADERS without END_HEADERS received, expecting CONTINUATION frames for stream 1
2025-06-27T02:08:15.118772Z  DEBUG - Saved 15 bytes, end_stream=false
2025-06-27T02:08:15.118773Z  DEBUG - Successfully handled frame: HT2::HeadersFrame on stream 1
2025-06-27T02:08:15.118773Z  DEBUG - Reading frame header...
2025-06-27T02:08:15.118783Z  DEBUG - Read loop connection error: PROTOCOL_ERROR - HT2::DataFrame received while expecting CONTINUATION
2025-06-27T02:08:15.119297Z  DEBUG - Connection.start called, is_server=true
2025-06-27T02:08:15.119297Z  DEBUG - Reading client preface...
2025-06-27T02:08:15.119298Z  DEBUG - Attempting to read 24 bytes for preface
2025-06-27T02:08:15.119304Z  DEBUG - Read preface bytes: 505249202a20485454502f322e300d0a0d0a534d0d0a0d0a
2025-06-27T02:08:15.119305Z  DEBUG - Client preface read successfully
2025-06-27T02:08:15.119305Z  DEBUG - Starting without preface...
2025-06-27T02:08:15.119310Z  DEBUG - Connection started successfully
2025-06-27T02:08:15.119353Z  DEBUG - Read loop started for connection 127.0.0.1
2025-06-27T02:08:15.119354Z  DEBUG - Reading frame header...
2025-06-27T02:08:15.119358Z  DEBUG - Applying remote setting: INITIAL_WINDOW_SIZE = 65535
2025-06-27T02:08:15.119359Z  DEBUG - Updating stream windows: old=65535, new=65535, diff=0
2025-06-27T02:08:15.119360Z  DEBUG - Sending SETTINGS ACK
2025-06-27T02:08:15.119365Z  DEBUG - SETTINGS ACK sent
2025-06-27T02:08:15.119366Z  DEBUG - Successfully handled frame: HT2::SettingsFrame on stream 0
2025-06-27T02:08:15.119367Z  DEBUG - Reading frame header...
2025-06-27T02:08:15.119371Z  DEBUG - Successfully handled frame: HT2::SettingsFrame on stream 0
2025-06-27T02:08:15.119371Z  DEBUG - Reading frame header...
2025-06-27T02:08:15.119374Z  DEBUG - Successfully handled frame: HT2::SettingsFrame on stream 0
2025-06-27T02:08:15.119374Z  DEBUG - Reading frame header...
2025-06-27T02:08:15.119434Z  DEBUG - Successfully handled frame: HT2::GoAwayFrame on stream 0
2025-06-27T02:08:15.119435Z  DEBUG - Reading frame header...
2025-06-27T02:08:15.119443Z  DEBUG - Successfully handled frame: HT2::PingFrame on stream 0
2025-06-27T02:08:15.119444Z  DEBUG - Reading frame header...
2025-06-27T02:08:15.119532Z  DEBUG - Failed to read frame header: End of file reached
2025-06-27T02:08:15.119538Z  DEBUG - Read loop IO error: IO::EOFError - End of file reached
2025-06-27T02:08:15.119539Z  DEBUG - Socket closed: false
2025-06-27T02:08:15.119539Z  DEBUG - Read loop exiting, closing connection
2025-06-27T02:08:15.119928Z  DEBUG - Connection.start called, is_server=true
2025-06-27T02:08:15.119928Z  DEBUG - Reading client preface...
2025-06-27T02:08:15.119929Z  DEBUG - Attempting to read 24 bytes for preface
2025-06-27T02:08:15.119951Z  DEBUG - Read preface bytes: 505249202a20485454502f322e300d0a0d0a534d0d0a0d0a
2025-06-27T02:08:15.119952Z  DEBUG - Client preface read successfully
2025-06-27T02:08:15.119952Z  DEBUG - Starting without preface...
2025-06-27T02:08:15.119956Z  DEBUG - Connection started successfully
2025-06-27T02:08:15.119974Z  DEBUG - Read loop started for connection 127.0.0.1
2025-06-27T02:08:15.119974Z  DEBUG - Reading frame header...
2025-06-27T02:08:15.119977Z  DEBUG - Applying remote setting: INITIAL_WINDOW_SIZE = 65535
2025-06-27T02:08:15.119978Z  DEBUG - Updating stream windows: old=65535, new=65535, diff=0
2025-06-27T02:08:15.119979Z  DEBUG - Sending SETTINGS ACK
2025-06-27T02:08:15.119981Z  DEBUG - SETTINGS ACK sent
2025-06-27T02:08:15.119982Z  DEBUG - Successfully handled frame: HT2::SettingsFrame on stream 0
2025-06-27T02:08:15.119982Z  DEBUG - Reading frame header...
2025-06-27T02:08:15.119989Z  DEBUG - Successfully handled frame: HT2::SettingsFrame on stream 0
2025-06-27T02:08:15.119990Z  DEBUG - Reading frame header...
2025-06-27T02:08:15.120029Z  DEBUG - Successfully handled frame: HT2::SettingsFrame on stream 0
2025-06-27T02:08:15.120030Z  DEBUG - Reading frame header...
2025-06-27T02:08:15.120057Z  DEBUG - HEADERS frame parsing: payload_size=15, offset=0, padding=0, header_block_size=15
2025-06-27T02:08:15.120058Z  DEBUG - Header block hex: 838684418aa0e41d139d09b8f81e07
2025-06-27T02:08:15.120061Z  DEBUG - HEADERS frame: stream_id=1, flags=END_HEADERS, padding=0, priority=nil, header_block_size=15
2025-06-27T02:08:15.120061Z  DEBUG - Full header block hex: 838684418aa0e41d139d09b8f81e07
2025-06-27T02:08:15.120061Z  DEBUG - Decoding HEADERS frame with block size: 15
2025-06-27T02:08:15.120062Z  DEBUG - First 20 bytes of header block: less than 20 bytes
2025-06-27T02:08:15.120063Z  DEBUG - HPACK: Decoding Huffman string, length=10, data=a0e41d139d09b8f81e07
2025-06-27T02:08:15.120100Z  DEBUG - Huffman decode: data.size=10, hex=a0e41d139d09b8f81e07
2025-06-27T02:08:15.120100Z  DEBUG - Huffman decode: Checking for potential EOS pattern in data
2025-06-27T02:08:15.120102Z  DEBUG - Huffman padding check: last_symbol_bit=76, total_bits=80, padding_bits=3
2025-06-27T02:08:15.120103Z  DEBUG - HPACK: Huffman decoded to: "localhost:9080"
2025-06-27T02:08:15.120106Z  DEBUG - Decoded headers before validation: [{":method", "POST"}, {":scheme", "http"}, {":path", "/"}, {":authority", "localhost:9080"}]
2025-06-27T02:08:15.120112Z  DEBUG - Validated headers: [{":method", "POST"}, {":scheme", "http"}, {":path", "/"}, {":authority", "localhost:9080"}]
2025-06-27T02:08:15.120114Z  DEBUG - Server received headers for stream 1, end_stream: false, headers_count: 4
2025-06-27T02:08:15.120117Z  DEBUG - Headers: [{":method", "POST"}, {":scheme", "http"}, {":path", "/"}, {":authority", "localhost:9080"}]
2025-06-27T02:08:15.120117Z  DEBUG - is_trailers=false, end_stream=false, stream.end_stream_received=false
2025-06-27T02:08:15.120117Z  DEBUG - Received headers without END_STREAM, waiting for more frames
2025-06-27T02:08:15.120118Z  DEBUG - Successfully handled frame: HT2::HeadersFrame on stream 1
2025-06-27T02:08:15.120118Z  DEBUG - Reading frame header...
2025-06-27T02:08:15.120126Z  DEBUG - Successfully handled frame: HT2::RstStreamFrame on stream 1
2025-06-27T02:08:15.120127Z  DEBUG - Reading frame header...
2025-06-27T02:08:15.120134Z  DEBUG - Successfully handled frame: HT2::PingFrame on stream 0
2025-06-27T02:08:15.120134Z  DEBUG - Reading frame header...
2025-06-27T02:08:15.120219Z  DEBUG - Failed to read frame header: End of file reached
2025-06-27T02:08:15.120224Z  DEBUG - Read loop IO error: IO::EOFError - End of file reached
2025-06-27T02:08:15.120224Z  DEBUG - Socket closed: false
2025-06-27T02:08:15.120224Z  DEBUG - Read loop exiting, closing connection
2025-06-27T02:08:15.120626Z  DEBUG - Connection.start called, is_server=true
2025-06-27T02:08:15.120626Z  DEBUG - Reading client preface...
2025-06-27T02:08:15.120627Z  DEBUG - Attempting to read 24 bytes for preface
2025-06-27T02:08:15.120648Z  DEBUG - Read preface bytes: 505249202a20485454502f322e300d0a0d0a534d0d0a0d0a
2025-06-27T02:08:15.120648Z  DEBUG - Client preface read successfully
2025-06-27T02:08:15.120648Z  DEBUG - Starting without preface...
2025-06-27T02:08:15.120652Z  DEBUG - Connection started successfully
2025-06-27T02:08:15.120669Z  DEBUG - Read loop started for connection 127.0.0.1
2025-06-27T02:08:15.120670Z  DEBUG - Reading frame header...
2025-06-27T02:08:15.120672Z  DEBUG - Applying remote setting: INITIAL_WINDOW_SIZE = 65535
2025-06-27T02:08:15.120673Z  DEBUG - Updating stream windows: old=65535, new=65535, diff=0
2025-06-27T02:08:15.120674Z  DEBUG - Sending SETTINGS ACK
2025-06-27T02:08:15.120676Z  DEBUG - SETTINGS ACK sent
2025-06-27T02:08:15.120677Z  DEBUG - Successfully handled frame: HT2::SettingsFrame on stream 0
2025-06-27T02:08:15.120678Z  DEBUG - Reading frame header...
2025-06-27T02:08:15.120713Z  DEBUG - Successfully handled frame: HT2::SettingsFrame on stream 0
2025-06-27T02:08:15.120713Z  DEBUG - Reading frame header...
2025-06-27T02:08:15.120715Z  DEBUG - Successfully handled frame: HT2::SettingsFrame on stream 0
2025-06-27T02:08:15.120716Z  DEBUG - Reading frame header...
2025-06-27T02:08:15.120733Z  DEBUG - HEADERS frame parsing: payload_size=15, offset=0, padding=0, header_block_size=15
2025-06-27T02:08:15.120733Z  DEBUG - Header block hex: 838684418aa0e41d139d09b8f81e07
2025-06-27T02:08:15.120736Z  DEBUG - HEADERS frame: stream_id=1, flags=END_HEADERS, padding=0, priority=nil, header_block_size=15
2025-06-27T02:08:15.120737Z  DEBUG - Full header block hex: 838684418aa0e41d139d09b8f81e07
2025-06-27T02:08:15.120737Z  DEBUG - Decoding HEADERS frame with block size: 15
2025-06-27T02:08:15.120738Z  DEBUG - First 20 bytes of header block: less than 20 bytes
2025-06-27T02:08:15.120739Z  DEBUG - HPACK: Decoding Huffman string, length=10, data=a0e41d139d09b8f81e07
2025-06-27T02:08:15.120788Z  DEBUG - Huffman decode: data.size=10, hex=a0e41d139d09b8f81e07
2025-06-27T02:08:15.120788Z  DEBUG - Huffman decode: Checking for potential EOS pattern in data
2025-06-27T02:08:15.120790Z  DEBUG - Huffman padding check: last_symbol_bit=76, total_bits=80, padding_bits=3
2025-06-27T02:08:15.120791Z  DEBUG - HPACK: Huffman decoded to: "localhost:9080"
2025-06-27T02:08:15.120796Z  DEBUG - Decoded headers before validation: [{":method", "POST"}, {":scheme", "http"}, {":path", "/"}, {":authority", "localhost:9080"}]
2025-06-27T02:08:15.120804Z  DEBUG - Validated headers: [{":method", "POST"}, {":scheme", "http"}, {":path", "/"}, {":authority", "localhost:9080"}]
2025-06-27T02:08:15.120805Z  DEBUG - Server received headers for stream 1, end_stream: false, headers_count: 4
2025-06-27T02:08:15.120809Z  DEBUG - Headers: [{":method", "POST"}, {":scheme", "http"}, {":path", "/"}, {":authority", "localhost:9080"}]
2025-06-27T02:08:15.120809Z  DEBUG - is_trailers=false, end_stream=false, stream.end_stream_received=false
2025-06-27T02:08:15.120809Z  DEBUG - Received headers without END_STREAM, waiting for more frames
2025-06-27T02:08:15.120810Z  DEBUG - Successfully handled frame: HT2::HeadersFrame on stream 1
2025-06-27T02:08:15.120811Z  DEBUG - Reading frame header...
2025-06-27T02:08:15.120814Z  DEBUG - Server received data for stream 1, size: 4, end_stream: false
2025-06-27T02:08:15.120815Z  DEBUG - Successfully handled frame: HT2::DataFrame on stream 1
2025-06-27T02:08:15.120815Z  DEBUG - Reading frame header...
2025-06-27T02:08:15.120816Z  DEBUG - HEADERS frame parsing: payload_size=10, offset=0, padding=0, header_block_size=10
2025-06-27T02:08:15.120817Z  DEBUG - Header block hex: 4085f2b24a84ff026f6b
2025-06-27T02:08:15.120818Z  DEBUG - HEADERS frame: stream_id=1, flags=END_HEADERS, padding=0, priority=nil, header_block_size=10
2025-06-27T02:08:15.120818Z  DEBUG - Full header block hex: 4085f2b24a84ff026f6b
2025-06-27T02:08:15.120819Z  DEBUG - Decoding HEADERS frame with block size: 10
2025-06-27T02:08:15.120819Z  DEBUG - First 20 bytes of header block: less than 20 bytes
2025-06-27T02:08:15.120820Z  DEBUG - HPACK: Decoding Huffman string, length=5, data=f2b24a84ff
2025-06-27T02:08:15.120851Z  DEBUG - Huffman decode: data.size=5, hex=f2b24a84ff
2025-06-27T02:08:15.120852Z  DEBUG - Huffman decode: Checking for potential EOS pattern in data
2025-06-27T02:08:15.120852Z  DEBUG - Huffman padding check: last_symbol_bit=32, total_bits=40, padding_bits=7
2025-06-27T02:08:15.120853Z  DEBUG - HPACK: Huffman decoded to: "x-test"
2025-06-27T02:08:15.120855Z  DEBUG - Decoded headers before validation: [{"x-test", "ok"}]
2025-06-27T02:08:15.120856Z  DEBUG - Validated headers: [{"x-test", "ok"}]
2025-06-27T02:08:15.120870Z  DEBUG - Read loop stream error: 1 - PROTOCOL_ERROR - Already received headers for this stream
2025-06-27T02:08:15.120877Z  DEBUG - Reading frame header...
2025-06-27T02:08:15.121015Z  DEBUG - Failed to read frame header: End of file reached
2025-06-27T02:08:15.121021Z  DEBUG - Read loop IO error: IO::EOFError - End of file reached
2025-06-27T02:08:15.121021Z  DEBUG - Socket closed: false
2025-06-27T02:08:15.121021Z  DEBUG - Read loop exiting, closing connection
2025-06-27T02:08:15.121217Z  DEBUG - Connection.start called, is_server=true
2025-06-27T02:08:15.121218Z  DEBUG - Reading client preface...
2025-06-27T02:08:15.121218Z  DEBUG - Attempting to read 24 bytes for preface
2025-06-27T02:08:15.121222Z  DEBUG - Read preface bytes: 505249202a20485454502f322e300d0a0d0a534d0d0a0d0a
2025-06-27T02:08:15.121223Z  DEBUG - Client preface read successfully
2025-06-27T02:08:15.121223Z  DEBUG - Starting without preface...
2025-06-27T02:08:15.121227Z  DEBUG - Connection started successfully
2025-06-27T02:08:15.121261Z  DEBUG - Read loop started for connection 127.0.0.1
2025-06-27T02:08:15.121262Z  DEBUG - Reading frame header...
2025-06-27T02:08:15.121265Z  DEBUG - Applying remote setting: INITIAL_WINDOW_SIZE = 65535
2025-06-27T02:08:15.121266Z  DEBUG - Updating stream windows: old=65535, new=65535, diff=0
2025-06-27T02:08:15.121266Z  DEBUG - Sending SETTINGS ACK
2025-06-27T02:08:15.121273Z  DEBUG - SETTINGS ACK sent
2025-06-27T02:08:15.121273Z  DEBUG - Successfully handled frame: HT2::SettingsFrame on stream 0
2025-06-27T02:08:15.121274Z  DEBUG - Reading frame header...
2025-06-27T02:08:15.121277Z  DEBUG - Successfully handled frame: HT2::SettingsFrame on stream 0
2025-06-27T02:08:15.121278Z  DEBUG - Reading frame header...
2025-06-27T02:08:15.121280Z  DEBUG - Successfully handled frame: HT2::SettingsFrame on stream 0
2025-06-27T02:08:15.121281Z  DEBUG - Reading frame header...
2025-06-27T02:08:15.121335Z  DEBUG - HEADERS frame parsing: payload_size=26, offset=0, padding=0, header_block_size=26
2025-06-27T02:08:15.121336Z  DEBUG - Header block hex: 828684418aa0e41d139d09b8f81e074006582d54455354026f6b
2025-06-27T02:08:15.121342Z  DEBUG - HEADERS frame: stream_id=1, flags=END_STREAM | END_HEADERS, padding=0, priority=nil, header_block_size=26
2025-06-27T02:08:15.121342Z  DEBUG - Full header block hex: 828684418aa0e41d139d09b8f81e074006582d54455354026f6b
2025-06-27T02:08:15.121343Z  DEBUG - Decoding HEADERS frame with block size: 26
2025-06-27T02:08:15.121343Z  DEBUG - First 20 bytes of header block: 828684418aa0e41d139d09b8f81e074006582d54
2025-06-27T02:08:15.121345Z  DEBUG - HPACK: Decoding Huffman string, length=10, data=a0e41d139d09b8f81e07
2025-06-27T02:08:15.121387Z  DEBUG - Huffman decode: data.size=10, hex=a0e41d139d09b8f81e07
2025-06-27T02:08:15.121387Z  DEBUG - Huffman decode: Checking for potential EOS pattern in data
2025-06-27T02:08:15.121389Z  DEBUG - Huffman padding check: last_symbol_bit=76, total_bits=80, padding_bits=3
2025-06-27T02:08:15.121390Z  DEBUG - HPACK: Huffman decoded to: "localhost:9080"
2025-06-27T02:08:15.121399Z  DEBUG - Decoded headers before validation: [{":method", "GET"}, {":scheme", "http"}, {":path", "/"}, {":authority", "localhost:9080"}, {"X-TEST", "ok"}]
2025-06-27T02:08:15.121425Z  DEBUG - Read loop stream error: 1 - PROTOCOL_ERROR - Header field name must be lowercase: X-TEST
2025-06-27T02:08:15.121437Z  DEBUG - Reading frame header...
2025-06-27T02:08:15.121508Z  DEBUG - Failed to read frame header: End of file reached
2025-06-27T02:08:15.121514Z  DEBUG - Read loop IO error: IO::EOFError - End of file reached
2025-06-27T02:08:15.121514Z  DEBUG - Socket closed: false
2025-06-27T02:08:15.121514Z  DEBUG - Read loop exiting, closing connection
2025-06-27T02:08:15.121773Z  DEBUG - Connection.start called, is_server=true
2025-06-27T02:08:15.121773Z  DEBUG - Reading client preface...
2025-06-27T02:08:15.121774Z  DEBUG - Attempting to read 24 bytes for preface
2025-06-27T02:08:15.121777Z  DEBUG - Read preface bytes: 505249202a20485454502f322e300d0a0d0a534d0d0a0d0a
2025-06-27T02:08:15.121778Z  DEBUG - Client preface read successfully
2025-06-27T02:08:15.121778Z  DEBUG - Starting without preface...
2025-06-27T02:08:15.121782Z  DEBUG - Connection started successfully
2025-06-27T02:08:15.121814Z  DEBUG - Read loop started for connection 127.0.0.1
2025-06-27T02:08:15.121814Z  DEBUG - Reading frame header...
2025-06-27T02:08:15.121817Z  DEBUG - Applying remote setting: INITIAL_WINDOW_SIZE = 65535
2025-06-27T02:08:15.121818Z  DEBUG - Updating stream windows: old=65535, new=65535, diff=0
2025-06-27T02:08:15.121818Z  DEBUG - Sending SETTINGS ACK
2025-06-27T02:08:15.121823Z  DEBUG - SETTINGS ACK sent
2025-06-27T02:08:15.121824Z  DEBUG - Successfully handled frame: HT2::SettingsFrame on stream 0
2025-06-27T02:08:15.121825Z  DEBUG - Reading frame header...
2025-06-27T02:08:15.121828Z  DEBUG - Successfully handled frame: HT2::SettingsFrame on stream 0
2025-06-27T02:08:15.121828Z  DEBUG - Reading frame header...
2025-06-27T02:08:15.121830Z  DEBUG - Successfully handled frame: HT2::SettingsFrame on stream 0
2025-06-27T02:08:15.121831Z  DEBUG - Reading frame header...
2025-06-27T02:08:15.121882Z  DEBUG - HEADERS frame parsing: payload_size=24, offset=0, padding=0, header_block_size=24
2025-06-27T02:08:15.121883Z  DEBUG - Header block hex: 828684418aa0e41d139d09b8f81e074084b892a13f026f6b
2025-06-27T02:08:15.121887Z  DEBUG - HEADERS frame: stream_id=1, flags=END_STREAM | END_HEADERS, padding=0, priority=nil, header_block_size=24
2025-06-27T02:08:15.121888Z  DEBUG - Full header block hex: 828684418aa0e41d139d09b8f81e074084b892a13f026f6b
2025-06-27T02:08:15.121888Z  DEBUG - Decoding HEADERS frame with block size: 24
2025-06-27T02:08:15.121889Z  DEBUG - First 20 bytes of header block: 828684418aa0e41d139d09b8f81e074084b892a1
2025-06-27T02:08:15.121890Z  DEBUG - HPACK: Decoding Huffman string, length=10, data=a0e41d139d09b8f81e07
2025-06-27T02:08:15.121941Z  DEBUG - Huffman decode: data.size=10, hex=a0e41d139d09b8f81e07
2025-06-27T02:08:15.121941Z  DEBUG - Huffman decode: Checking for potential EOS pattern in data
2025-06-27T02:08:15.121942Z  DEBUG - Huffman padding check: last_symbol_bit=76, total_bits=80, padding_bits=3
2025-06-27T02:08:15.121943Z  DEBUG - HPACK: Huffman decoded to: "localhost:9080"
2025-06-27T02:08:15.121945Z  DEBUG - HPACK: Decoding Huffman string, length=4, data=b892a13f
2025-06-27T02:08:15.121978Z  DEBUG - Huffman decode: data.size=4, hex=b892a13f
2025-06-27T02:08:15.121978Z  DEBUG - Huffman decode: Checking for potential EOS pattern in data
2025-06-27T02:08:15.121979Z  DEBUG - Huffman padding check: last_symbol_bit=26, total_bits=32, padding_bits=5
2025-06-27T02:08:15.121979Z  DEBUG - HPACK: Huffman decoded to: ":test"
2025-06-27T02:08:15.121983Z  DEBUG - Decoded headers before validation: [{":method", "GET"}, {":scheme", "http"}, {":path", "/"}, {":authority", "localhost:9080"}, {":test", "ok"}]
2025-06-27T02:08:15.122006Z  DEBUG - Read loop stream error: 1 - PROTOCOL_ERROR - Unknown pseudo-header field: :test
2025-06-27T02:08:15.122012Z  DEBUG - Reading frame header...
2025-06-27T02:08:15.122095Z  DEBUG - Failed to read frame header: End of file reached
2025-06-27T02:08:15.122098Z  DEBUG - Read loop IO error: IO::EOFError - End of file reached
2025-06-27T02:08:15.122099Z  DEBUG - Socket closed: false
2025-06-27T02:08:15.122099Z  DEBUG - Read loop exiting, closing connection
2025-06-27T02:08:15.122485Z  DEBUG - Connection.start called, is_server=true
2025-06-27T02:08:15.122486Z  DEBUG - Reading client preface...
2025-06-27T02:08:15.122486Z  DEBUG - Attempting to read 24 bytes for preface
2025-06-27T02:08:15.122489Z  DEBUG - Read preface bytes: 505249202a20485454502f322e300d0a0d0a534d0d0a0d0a
2025-06-27T02:08:15.122490Z  DEBUG - Client preface read successfully
2025-06-27T02:08:15.122490Z  DEBUG - Starting without preface...
2025-06-27T02:08:15.122494Z  DEBUG - Connection started successfully
2025-06-27T02:08:15.122525Z  DEBUG - Read loop started for connection 127.0.0.1
2025-06-27T02:08:15.122526Z  DEBUG - Reading frame header...
2025-06-27T02:08:15.122528Z  DEBUG - Applying remote setting: INITIAL_WINDOW_SIZE = 65535
2025-06-27T02:08:15.122529Z  DEBUG - Updating stream windows: old=65535, new=65535, diff=0
2025-06-27T02:08:15.122530Z  DEBUG - Sending SETTINGS ACK
2025-06-27T02:08:15.122535Z  DEBUG - SETTINGS ACK sent
2025-06-27T02:08:15.122535Z  DEBUG - Successfully handled frame: HT2::SettingsFrame on stream 0
2025-06-27T02:08:15.122536Z  DEBUG - Reading frame header...
2025-06-27T02:08:15.122538Z  DEBUG - Successfully handled frame: HT2::SettingsFrame on stream 0
2025-06-27T02:08:15.122539Z  DEBUG - Reading frame header...
2025-06-27T02:08:15.122541Z  DEBUG - Successfully handled frame: HT2::SettingsFrame on stream 0
2025-06-27T02:08:15.122542Z  DEBUG - Reading frame header...
2025-06-27T02:08:15.122595Z  DEBUG - HEADERS frame parsing: payload_size=16, offset=0, padding=0, header_block_size=16
2025-06-27T02:08:15.122596Z  DEBUG - Header block hex: 828684418aa0e41d139d09b8f81e0788
2025-06-27T02:08:15.122601Z  DEBUG - HEADERS frame: stream_id=1, flags=END_STREAM | END_HEADERS, padding=0, priority=nil, header_block_size=16
2025-06-27T02:08:15.122602Z  DEBUG - Full header block hex: 828684418aa0e41d139d09b8f81e0788
2025-06-27T02:08:15.122602Z  DEBUG - Decoding HEADERS frame with block size: 16
2025-06-27T02:08:15.122603Z  DEBUG - First 20 bytes of header block: less than 20 bytes
2025-06-27T02:08:15.122603Z  DEBUG - HPACK: Decoding Huffman string, length=10, data=a0e41d139d09b8f81e07
2025-06-27T02:08:15.122642Z  DEBUG - Huffman decode: data.size=10, hex=a0e41d139d09b8f81e07
2025-06-27T02:08:15.122642Z  DEBUG - Huffman decode: Checking for potential EOS pattern in data
2025-06-27T02:08:15.122643Z  DEBUG - Huffman padding check: last_symbol_bit=76, total_bits=80, padding_bits=3
2025-06-27T02:08:15.122644Z  DEBUG - HPACK: Huffman decoded to: "localhost:9080"
2025-06-27T02:08:15.122648Z  DEBUG - Decoded headers before validation: [{":method", "GET"}, {":scheme", "http"}, {":path", "/"}, {":authority", "localhost:9080"}, {":status", "200"}]
2025-06-27T02:08:15.122669Z  DEBUG - Read loop stream error: 1 - PROTOCOL_ERROR - Response pseudo-header in request: :status
2025-06-27T02:08:15.122675Z  DEBUG - Reading frame header...
2025-06-27T02:08:15.122744Z  DEBUG - Failed to read frame header: End of file reached
2025-06-27T02:08:15.122748Z  DEBUG - Read loop IO error: IO::EOFError - End of file reached
2025-06-27T02:08:15.122749Z  DEBUG - Socket closed: false
2025-06-27T02:08:15.122749Z  DEBUG - Read loop exiting, closing connection
2025-06-27T02:08:15.123065Z  DEBUG - Connection.start called, is_server=true
2025-06-27T02:08:15.123065Z  DEBUG - Reading client preface...
2025-06-27T02:08:15.123065Z  DEBUG - Attempting to read 24 bytes for preface
2025-06-27T02:08:15.123087Z  DEBUG - Read preface bytes: 505249202a20485454502f322e300d0a0d0a534d0d0a0d0a
2025-06-27T02:08:15.123088Z  DEBUG - Client preface read successfully
2025-06-27T02:08:15.123088Z  DEBUG - Starting without preface...
2025-06-27T02:08:15.123092Z  DEBUG - Connection started successfully
2025-06-27T02:08:15.123109Z  DEBUG - Read loop started for connection 127.0.0.1
2025-06-27T02:08:15.123109Z  DEBUG - Reading frame header...
2025-06-27T02:08:15.123112Z  DEBUG - Applying remote setting: INITIAL_WINDOW_SIZE = 65535
2025-06-27T02:08:15.123113Z  DEBUG - Updating stream windows: old=65535, new=65535, diff=0
2025-06-27T02:08:15.123113Z  DEBUG - Sending SETTINGS ACK
2025-06-27T02:08:15.123116Z  DEBUG - SETTINGS ACK sent
2025-06-27T02:08:15.123116Z  DEBUG - Successfully handled frame: HT2::SettingsFrame on stream 0
2025-06-27T02:08:15.123117Z  DEBUG - Reading frame header...
2025-06-27T02:08:15.123121Z  DEBUG - Successfully handled frame: HT2::SettingsFrame on stream 0
2025-06-27T02:08:15.123122Z  DEBUG - Reading frame header...
2025-06-27T02:08:15.123168Z  DEBUG - Successfully handled frame: HT2::SettingsFrame on stream 0
2025-06-27T02:08:15.123169Z  DEBUG - Reading frame header...
2025-06-27T02:08:15.123174Z  DEBUG - HEADERS frame parsing: payload_size=15, offset=0, padding=0, header_block_size=15
2025-06-27T02:08:15.123174Z  DEBUG - Header block hex: 838684418aa0e41d139d09b8f81e07
2025-06-27T02:08:15.123177Z  DEBUG - HEADERS frame: stream_id=1, flags=END_HEADERS, padding=0, priority=nil, header_block_size=15
2025-06-27T02:08:15.123178Z  DEBUG - Full header block hex: 838684418aa0e41d139d09b8f81e07
2025-06-27T02:08:15.123178Z  DEBUG - Decoding HEADERS frame with block size: 15
2025-06-27T02:08:15.123178Z  DEBUG - First 20 bytes of header block: less than 20 bytes
2025-06-27T02:08:15.123180Z  DEBUG - HPACK: Decoding Huffman string, length=10, data=a0e41d139d09b8f81e07
2025-06-27T02:08:15.123226Z  DEBUG - Huffman decode: data.size=10, hex=a0e41d139d09b8f81e07
2025-06-27T02:08:15.123227Z  DEBUG - Huffman decode: Checking for potential EOS pattern in data
2025-06-27T02:08:15.123228Z  DEBUG - Huffman padding check: last_symbol_bit=76, total_bits=80, padding_bits=3
2025-06-27T02:08:15.123231Z  DEBUG - HPACK: Huffman decoded to: "localhost:9080"
2025-06-27T02:08:15.123234Z  DEBUG - Decoded headers before validation: [{":method", "POST"}, {":scheme", "http"}, {":path", "/"}, {":authority", "localhost:9080"}]
2025-06-27T02:08:15.123240Z  DEBUG - Validated headers: [{":method", "POST"}, {":scheme", "http"}, {":path", "/"}, {":authority", "localhost:9080"}]
2025-06-27T02:08:15.123241Z  DEBUG - Server received headers for stream 1, end_stream: false, headers_count: 4
2025-06-27T02:08:15.123244Z  DEBUG - Headers: [{":method", "POST"}, {":scheme", "http"}, {":path", "/"}, {":authority", "localhost:9080"}]
2025-06-27T02:08:15.123244Z  DEBUG - is_trailers=false, end_stream=false, stream.end_stream_received=false
2025-06-27T02:08:15.123245Z  DEBUG - Received headers without END_STREAM, waiting for more frames
2025-06-27T02:08:15.123245Z  DEBUG - Successfully handled frame: HT2::HeadersFrame on stream 1
2025-06-27T02:08:15.123245Z  DEBUG - Reading frame header...
2025-06-27T02:08:15.123252Z  DEBUG - Server received data for stream 1, size: 4, end_stream: false
2025-06-27T02:08:15.123252Z  DEBUG - Successfully handled frame: HT2::DataFrame on stream 1
2025-06-27T02:08:15.123252Z  DEBUG - Reading frame header...
2025-06-27T02:08:15.123253Z  DEBUG - HEADERS frame parsing: payload_size=1, offset=0, padding=0, header_block_size=1
2025-06-27T02:08:15.123254Z  DEBUG - Header block hex: 83
2025-06-27T02:08:15.123255Z  DEBUG - HEADERS frame: stream_id=1, flags=END_HEADERS, padding=0, priority=nil, header_block_size=1
2025-06-27T02:08:15.123255Z  DEBUG - Full header block hex: 83
2025-06-27T02:08:15.123255Z  DEBUG - Decoding HEADERS frame with block size: 1
2025-06-27T02:08:15.123255Z  DEBUG - First 20 bytes of header block: less than 20 bytes
2025-06-27T02:08:15.123256Z  DEBUG - Decoded headers before validation: [{":method", "POST"}]
2025-06-27T02:08:15.123274Z  DEBUG - Read loop stream error: 1 - PROTOCOL_ERROR - Pseudo-headers are not allowed in trailers: :method
2025-06-27T02:08:15.123285Z  DEBUG - Reading frame header...
2025-06-27T02:08:15.123411Z  DEBUG - Failed to read frame header: End of file reached
2025-06-27T02:08:15.123416Z  DEBUG - Read loop IO error: IO::EOFError - End of file reached
2025-06-27T02:08:15.123417Z  DEBUG - Socket closed: false
2025-06-27T02:08:15.123417Z  DEBUG - Read loop exiting, closing connection
2025-06-27T02:08:15.123683Z  DEBUG - Connection.start called, is_server=true
2025-06-27T02:08:15.123683Z  DEBUG - Reading client preface...
2025-06-27T02:08:15.123683Z  DEBUG - Attempting to read 24 bytes for preface
2025-06-27T02:08:15.123710Z  DEBUG - Read preface bytes: 505249202a20485454502f322e300d0a0d0a534d0d0a0d0a
2025-06-27T02:08:15.123711Z  DEBUG - Client preface read successfully
2025-06-27T02:08:15.123711Z  DEBUG - Starting without preface...
2025-06-27T02:08:15.123716Z  DEBUG - Connection started successfully
2025-06-27T02:08:15.123746Z  DEBUG - Read loop started for connection 127.0.0.1
2025-06-27T02:08:15.123746Z  DEBUG - Reading frame header...
2025-06-27T02:08:15.123748Z  DEBUG - Applying remote setting: INITIAL_WINDOW_SIZE = 65535
2025-06-27T02:08:15.123749Z  DEBUG - Updating stream windows: old=65535, new=65535, diff=0
2025-06-27T02:08:15.123749Z  DEBUG - Sending SETTINGS ACK
2025-06-27T02:08:15.123752Z  DEBUG - SETTINGS ACK sent
2025-06-27T02:08:15.123752Z  DEBUG - Successfully handled frame: HT2::SettingsFrame on stream 0
2025-06-27T02:08:15.123753Z  DEBUG - Reading frame header...
2025-06-27T02:08:15.123755Z  DEBUG - Successfully handled frame: HT2::SettingsFrame on stream 0
2025-06-27T02:08:15.123756Z  DEBUG - Reading frame header...
2025-06-27T02:08:15.123796Z  DEBUG - Successfully handled frame: HT2::SettingsFrame on stream 0
2025-06-27T02:08:15.123797Z  DEBUG - Reading frame header...
2025-06-27T02:08:15.123822Z  DEBUG - HEADERS frame parsing: payload_size=25, offset=0, padding=0, header_block_size=25
2025-06-27T02:08:15.123823Z  DEBUG - Header block hex: 4085f2b24a84ff026f6b828684418aa0e41d139d09b8f81e07
2025-06-27T02:08:15.123829Z  DEBUG - HEADERS frame: stream_id=1, flags=END_STREAM | END_HEADERS, padding=0, priority=nil, header_block_size=25
2025-06-27T02:08:15.123830Z  DEBUG - Full header block hex: 4085f2b24a84ff026f6b828684418aa0e41d139d09b8f81e07
2025-06-27T02:08:15.123830Z  DEBUG - Decoding HEADERS frame with block size: 25
2025-06-27T02:08:15.123831Z  DEBUG - First 20 bytes of header block: 4085f2b24a84ff026f6b828684418aa0e41d139d
2025-06-27T02:08:15.123832Z  DEBUG - HPACK: Decoding Huffman string, length=5, data=f2b24a84ff
2025-06-27T02:08:15.123876Z  DEBUG - Huffman decode: data.size=5, hex=f2b24a84ff
2025-06-27T02:08:15.123877Z  DEBUG - Huffman decode: Checking for potential EOS pattern in data
2025-06-27T02:08:15.123878Z  DEBUG - Huffman padding check: last_symbol_bit=32, total_bits=40, padding_bits=7
2025-06-27T02:08:15.123879Z  DEBUG - HPACK: Huffman decoded to: "x-test"
2025-06-27T02:08:15.123881Z  DEBUG - HPACK: Decoding Huffman string, length=10, data=a0e41d139d09b8f81e07
2025-06-27T02:08:15.123919Z  DEBUG - Huffman decode: data.size=10, hex=a0e41d139d09b8f81e07
2025-06-27T02:08:15.123919Z  DEBUG - Huffman decode: Checking for potential EOS pattern in data
2025-06-27T02:08:15.123920Z  DEBUG - Huffman padding check: last_symbol_bit=76, total_bits=80, padding_bits=3
2025-06-27T02:08:15.123920Z  DEBUG - HPACK: Huffman decoded to: "localhost:9080"
2025-06-27T02:08:15.123924Z  DEBUG - Decoded headers before validation: [{"x-test", "ok"}, {":method", "GET"}, {":scheme", "http"}, {":path", "/"}, {":authority", "localhost:9080"}]
2025-06-27T02:08:15.123943Z  DEBUG - Read loop stream error: 1 - PROTOCOL_ERROR - Pseudo-header field after regular header field: :method
2025-06-27T02:08:15.123953Z  DEBUG - Reading frame header...
2025-06-27T02:08:15.124030Z  DEBUG - Failed to read frame header: End of file reached
2025-06-27T02:08:15.124035Z  DEBUG - Read loop IO error: IO::EOFError - End of file reached
2025-06-27T02:08:15.124035Z  DEBUG - Socket closed: false
2025-06-27T02:08:15.124036Z  DEBUG - Read loop exiting, closing connection
2025-06-27T02:08:15.124326Z  DEBUG - Connection.start called, is_server=true
2025-06-27T02:08:15.124326Z  DEBUG - Reading client preface...
2025-06-27T02:08:15.124327Z  DEBUG - Attempting to read 24 bytes for preface
2025-06-27T02:08:15.124347Z  DEBUG - Read preface bytes: 505249202a20485454502f322e300d0a0d0a534d0d0a0d0a
2025-06-27T02:08:15.124348Z  DEBUG - Client preface read successfully
2025-06-27T02:08:15.124348Z  DEBUG - Starting without preface...
2025-06-27T02:08:15.124354Z  DEBUG - Connection started successfully
2025-06-27T02:08:15.124371Z  DEBUG - Read loop started for connection 127.0.0.1
2025-06-27T02:08:15.124372Z  DEBUG - Reading frame header...
2025-06-27T02:08:15.124374Z  DEBUG - Applying remote setting: INITIAL_WINDOW_SIZE = 65535
2025-06-27T02:08:15.124375Z  DEBUG - Updating stream windows: old=65535, new=65535, diff=0
2025-06-27T02:08:15.124375Z  DEBUG - Sending SETTINGS ACK
2025-06-27T02:08:15.124382Z  DEBUG - SETTINGS ACK sent
2025-06-27T02:08:15.124383Z  DEBUG - Successfully handled frame: HT2::SettingsFrame on stream 0
2025-06-27T02:08:15.124383Z  DEBUG - Reading frame header...
2025-06-27T02:08:15.124386Z  DEBUG - Successfully handled frame: HT2::SettingsFrame on stream 0
2025-06-27T02:08:15.124387Z  DEBUG - Reading frame header...
2025-06-27T02:08:15.124392Z  DEBUG - Successfully handled frame: HT2::SettingsFrame on stream 0
2025-06-27T02:08:15.124392Z  DEBUG - Reading frame header...
2025-06-27T02:08:15.124438Z  DEBUG - HEADERS frame parsing: payload_size=33, offset=0, padding=0, header_block_size=33
2025-06-27T02:08:15.124439Z  DEBUG - Header block hex: 828684418aa0e41d139d09b8f81e07408721eaa8a4498f5788ea52d6b0e83772ff
2025-06-27T02:08:15.124442Z  DEBUG - HEADERS frame: stream_id=1, flags=END_STREAM | END_HEADERS, padding=0, priority=nil, header_block_size=33
2025-06-27T02:08:15.124443Z  DEBUG - Full header block hex: 828684418aa0e41d139d09b8f81e07408721eaa8a4498f5788ea52d6b0e83772ff
2025-06-27T02:08:15.124443Z  DEBUG - Decoding HEADERS frame with block size: 33
2025-06-27T02:08:15.124444Z  DEBUG - First 20 bytes of header block: 828684418aa0e41d139d09b8f81e07408721eaa8
2025-06-27T02:08:15.124445Z  DEBUG - HPACK: Decoding Huffman string, length=10, data=a0e41d139d09b8f81e07
2025-06-27T02:08:15.124494Z  DEBUG - Huffman decode: data.size=10, hex=a0e41d139d09b8f81e07
2025-06-27T02:08:15.124494Z  DEBUG - Huffman decode: Checking for potential EOS pattern in data
2025-06-27T02:08:15.124495Z  DEBUG - Huffman padding check: last_symbol_bit=76, total_bits=80, padding_bits=3
2025-06-27T02:08:15.124496Z  DEBUG - HPACK: Huffman decoded to: "localhost:9080"
2025-06-27T02:08:15.124498Z  DEBUG - HPACK: Decoding Huffman string, length=7, data=21eaa8a4498f57
2025-06-27T02:08:15.124531Z  DEBUG - Huffman decode: data.size=7, hex=21eaa8a4498f57
2025-06-27T02:08:15.124531Z  DEBUG - Huffman decode: Checking for potential EOS pattern in data
2025-06-27T02:08:15.124533Z  DEBUG - Huffman padding check: last_symbol_bit=52, total_bits=56, padding_bits=3
2025-06-27T02:08:15.124533Z  DEBUG - HPACK: Huffman decoded to: "connection"
2025-06-27T02:08:15.124534Z  DEBUG - HPACK: Decoding Huffman string, length=8, data=ea52d6b0e83772ff
2025-06-27T02:08:15.124565Z  DEBUG - Huffman decode: data.size=8, hex=ea52d6b0e83772ff
2025-06-27T02:08:15.124565Z  DEBUG - Huffman decode: Checking for potential EOS pattern in data
2025-06-27T02:08:15.124566Z  DEBUG - Huffman padding check: last_symbol_bit=56, total_bits=64, padding_bits=7
2025-06-27T02:08:15.124567Z  DEBUG - HPACK: Huffman decoded to: "keep-alive"
2025-06-27T02:08:15.124572Z  DEBUG - Decoded headers before validation: [{":method", "GET"}, {":scheme", "http"}, {":path", "/"}, {":authority", "localhost:9080"}, {"connection", "keep-alive"}]
2025-06-27T02:08:15.124592Z  DEBUG - Read loop stream error: 1 - PROTOCOL_ERROR - Connection-specific header field not allowed: connection
2025-06-27T02:08:15.124602Z  DEBUG - Reading frame header...
2025-06-27T02:08:15.124694Z  DEBUG - Failed to read frame header: End of file reached
2025-06-27T02:08:15.124699Z  DEBUG - Read loop IO error: IO::EOFError - End of file reached
2025-06-27T02:08:15.124699Z  DEBUG - Socket closed: false
2025-06-27T02:08:15.124699Z  DEBUG - Read loop exiting, closing connection
2025-06-27T02:08:15.124999Z  DEBUG - Connection.start called, is_server=true
2025-06-27T02:08:15.125000Z  DEBUG - Reading client preface...
2025-06-27T02:08:15.125000Z  DEBUG - Attempting to read 24 bytes for preface
2025-06-27T02:08:15.125005Z  DEBUG - Read preface bytes: 505249202a20485454502f322e300d0a0d0a534d0d0a0d0a
2025-06-27T02:08:15.125006Z  DEBUG - Client preface read successfully
2025-06-27T02:08:15.125006Z  DEBUG - Starting without preface...
2025-06-27T02:08:15.125012Z  DEBUG - Connection started successfully
2025-06-27T02:08:15.125043Z  DEBUG - Read loop started for connection 127.0.0.1
2025-06-27T02:08:15.125043Z  DEBUG - Reading frame header...
2025-06-27T02:08:15.125046Z  DEBUG - Applying remote setting: INITIAL_WINDOW_SIZE = 65535
2025-06-27T02:08:15.125047Z  DEBUG - Updating stream windows: old=65535, new=65535, diff=0
2025-06-27T02:08:15.125047Z  DEBUG - Sending SETTINGS ACK
2025-06-27T02:08:15.125052Z  DEBUG - SETTINGS ACK sent
2025-06-27T02:08:15.125052Z  DEBUG - Successfully handled frame: HT2::SettingsFrame on stream 0
2025-06-27T02:08:15.125053Z  DEBUG - Reading frame header...
2025-06-27T02:08:15.125055Z  DEBUG - Successfully handled frame: HT2::SettingsFrame on stream 0
2025-06-27T02:08:15.125055Z  DEBUG - Reading frame header...
2025-06-27T02:08:15.125058Z  DEBUG - Successfully handled frame: HT2::SettingsFrame on stream 0
2025-06-27T02:08:15.125059Z  DEBUG - Reading frame header...
2025-06-27T02:08:15.125110Z  DEBUG - HEADERS frame parsing: payload_size=44, offset=0, padding=0, header_block_size=44
2025-06-27T02:08:15.125110Z  DEBUG - Header block hex: 828684418aa0e41d139d09b8f81e0740864d833505b11f8349509f400274658c4d833505b11f4a4859681a4b
2025-06-27T02:08:15.125112Z  DEBUG - HEADERS frame: stream_id=1, flags=END_STREAM | END_HEADERS, padding=0, priority=nil, header_block_size=44
2025-06-27T02:08:15.125113Z  DEBUG - Full header block hex: 828684418aa0e41d139d09b8f81e0740864d833505b11f8349509f400274658c4d833505b11f4a4859681a4b
2025-06-27T02:08:15.125113Z  DEBUG - Decoding HEADERS frame with block size: 44
2025-06-27T02:08:15.125114Z  DEBUG - First 20 bytes of header block: 828684418aa0e41d139d09b8f81e0740864d8335
2025-06-27T02:08:15.125115Z  DEBUG - HPACK: Decoding Huffman string, length=10, data=a0e41d139d09b8f81e07
2025-06-27T02:08:15.125173Z  DEBUG - Huffman decode: data.size=10, hex=a0e41d139d09b8f81e07
2025-06-27T02:08:15.125173Z  DEBUG - Huffman decode: Checking for potential EOS pattern in data
2025-06-27T02:08:15.125174Z  DEBUG - Huffman padding check: last_symbol_bit=76, total_bits=80, padding_bits=3
2025-06-27T02:08:15.125175Z  DEBUG - HPACK: Huffman decoded to: "localhost:9080"
2025-06-27T02:08:15.125176Z  DEBUG - HPACK: Decoding Huffman string, length=6, data=4d833505b11f
2025-06-27T02:08:15.125207Z  DEBUG - Huffman decode: data.size=6, hex=4d833505b11f
2025-06-27T02:08:15.125207Z  DEBUG - Huffman decode: Checking for potential EOS pattern in data
2025-06-27T02:08:15.125208Z  DEBUG - Huffman padding check: last_symbol_bit=42, total_bits=48, padding_bits=5
2025-06-27T02:08:15.125209Z  DEBUG - HPACK: Huffman decoded to: "trailers"
2025-06-27T02:08:15.125209Z  DEBUG - HPACK: Decoding Huffman string, length=3, data=49509f
2025-06-27T02:08:15.125242Z  DEBUG - Huffman decode: data.size=3, hex=49509f
2025-06-27T02:08:15.125243Z  DEBUG - Huffman padding check: last_symbol_bit=19, total_bits=24, padding_bits=4
2025-06-27T02:08:15.125243Z  DEBUG - HPACK: Huffman decoded to: "test"
2025-06-27T02:08:15.125245Z  DEBUG - HPACK: Decoding Huffman string, length=12, data=4d833505b11f4a4859681a4b
2025-06-27T02:08:15.125277Z  DEBUG - Huffman decode: data.size=12, hex=4d833505b11f4a4859681a4b
2025-06-27T02:08:15.125277Z  DEBUG - Huffman decode: Checking for potential EOS pattern in data
2025-06-27T02:08:15.125279Z  DEBUG - Huffman padding check: last_symbol_bit=94, total_bits=96, padding_bits=1
2025-06-27T02:08:15.125280Z  DEBUG - HPACK: Huffman decoded to: "trailers, deflate"
2025-06-27T02:08:15.125285Z  DEBUG - Decoded headers before validation: [{":method", "GET"}, {":scheme", "http"}, {":path", "/"}, {":authority", "localhost:9080"}, {"trailers", "test"}, {"te", "trailers, deflate"}]
2025-06-27T02:08:15.125305Z  DEBUG - Read loop stream error: 1 - PROTOCOL_ERROR - TE header field with value other than 'trailers' is not allowed
2025-06-27T02:08:15.125312Z  DEBUG - Reading frame header...
2025-06-27T02:08:15.125419Z  DEBUG - Failed to read frame header: End of file reached
2025-06-27T02:08:15.125424Z  DEBUG - Read loop IO error: IO::EOFError - End of file reached
2025-06-27T02:08:15.125425Z  DEBUG - Socket closed: false
2025-06-27T02:08:15.125425Z  DEBUG - Read loop exiting, closing connection
2025-06-27T02:08:15.125687Z  DEBUG - Connection.start called, is_server=true
2025-06-27T02:08:15.125687Z  DEBUG - Reading client preface...
2025-06-27T02:08:15.125688Z  DEBUG - Attempting to read 24 bytes for preface
2025-06-27T02:08:15.125711Z  DEBUG - Read preface bytes: 505249202a20485454502f322e300d0a0d0a534d0d0a0d0a
2025-06-27T02:08:15.125712Z  DEBUG - Client preface read successfully
2025-06-27T02:08:15.125712Z  DEBUG - Starting without preface...
2025-06-27T02:08:15.125719Z  DEBUG - Connection started successfully
2025-06-27T02:08:15.125736Z  DEBUG - Read loop started for connection 127.0.0.1
2025-06-27T02:08:15.125736Z  DEBUG - Reading frame header...
2025-06-27T02:08:15.125739Z  DEBUG - Applying remote setting: INITIAL_WINDOW_SIZE = 65535
2025-06-27T02:08:15.125740Z  DEBUG - Updating stream windows: old=65535, new=65535, diff=0
2025-06-27T02:08:15.125740Z  DEBUG - Sending SETTINGS ACK
2025-06-27T02:08:15.125745Z  DEBUG - SETTINGS ACK sent
2025-06-27T02:08:15.125746Z  DEBUG - Successfully handled frame: HT2::SettingsFrame on stream 0
2025-06-27T02:08:15.125746Z  DEBUG - Reading frame header...
2025-06-27T02:08:15.125751Z  DEBUG - Successfully handled frame: HT2::SettingsFrame on stream 0
2025-06-27T02:08:15.125751Z  DEBUG - Reading frame header...
2025-06-27T02:08:15.125753Z  DEBUG - Successfully handled frame: HT2::SettingsFrame on stream 0
2025-06-27T02:08:15.125754Z  DEBUG - Reading frame header...
2025-06-27T02:08:15.125806Z  DEBUG - HEADERS frame parsing: payload_size=16, offset=0, padding=0, header_block_size=16
2025-06-27T02:08:15.125806Z  DEBUG - Header block hex: 82864400418aa0e41d139d09b8f81e07
2025-06-27T02:08:15.125811Z  DEBUG - HEADERS frame: stream_id=1, flags=END_STREAM | END_HEADERS, padding=0, priority=nil, header_block_size=16
2025-06-27T02:08:15.125812Z  DEBUG - Full header block hex: 82864400418aa0e41d139d09b8f81e07
2025-06-27T02:08:15.125812Z  DEBUG - Decoding HEADERS frame with block size: 16
2025-06-27T02:08:15.125813Z  DEBUG - First 20 bytes of header block: less than 20 bytes
2025-06-27T02:08:15.125814Z  DEBUG - HPACK: Decoding Huffman string, length=10, data=a0e41d139d09b8f81e07
2025-06-27T02:08:15.125858Z  DEBUG - Huffman decode: data.size=10, hex=a0e41d139d09b8f81e07
2025-06-27T02:08:15.125858Z  DEBUG - Huffman decode: Checking for potential EOS pattern in data
2025-06-27T02:08:15.125859Z  DEBUG - Huffman padding check: last_symbol_bit=76, total_bits=80, padding_bits=3
2025-06-27T02:08:15.125860Z  DEBUG - HPACK: Huffman decoded to: "localhost:9080"
2025-06-27T02:08:15.125863Z  DEBUG - Decoded headers before validation: [{":method", "GET"}, {":scheme", "http"}, {":path", ""}, {":authority", "localhost:9080"}]
2025-06-27T02:08:15.125883Z  DEBUG - Read loop stream error: 1 - PROTOCOL_ERROR - Empty :path pseudo-header field
2025-06-27T02:08:15.125889Z  DEBUG - Reading frame header...
2025-06-27T02:08:15.125947Z  DEBUG - Failed to read frame header: End of file reached
2025-06-27T02:08:15.125952Z  DEBUG - Read loop IO error: IO::EOFError - End of file reached
2025-06-27T02:08:15.125952Z  DEBUG - Socket closed: false
2025-06-27T02:08:15.125952Z  DEBUG - Read loop exiting, closing connection
2025-06-27T02:08:15.126188Z  DEBUG - Connection.start called, is_server=true
2025-06-27T02:08:15.126188Z  DEBUG - Reading client preface...
2025-06-27T02:08:15.126189Z  DEBUG - Attempting to read 24 bytes for preface
2025-06-27T02:08:15.126211Z  DEBUG - Read preface bytes: 505249202a20485454502f322e300d0a0d0a534d0d0a0d0a
2025-06-27T02:08:15.126211Z  DEBUG - Client preface read successfully
2025-06-27T02:08:15.126212Z  DEBUG - Starting without preface...
2025-06-27T02:08:15.126216Z  DEBUG - Connection started successfully
2025-06-27T02:08:15.126231Z  DEBUG - Read loop started for connection 127.0.0.1
2025-06-27T02:08:15.126231Z  DEBUG - Reading frame header...
2025-06-27T02:08:15.126236Z  DEBUG - Applying remote setting: INITIAL_WINDOW_SIZE = 65535
2025-06-27T02:08:15.126237Z  DEBUG - Updating stream windows: old=65535, new=65535, diff=0
2025-06-27T02:08:15.126237Z  DEBUG - Sending SETTINGS ACK
2025-06-27T02:08:15.126240Z  DEBUG - SETTINGS ACK sent
2025-06-27T02:08:15.126241Z  DEBUG - Successfully handled frame: HT2::SettingsFrame on stream 0
2025-06-27T02:08:15.126241Z  DEBUG - Reading frame header...
2025-06-27T02:08:15.126244Z  DEBUG - Successfully handled frame: HT2::SettingsFrame on stream 0
2025-06-27T02:08:15.126245Z  DEBUG - Reading frame header...
2025-06-27T02:08:15.126287Z  DEBUG - Successfully handled frame: HT2::SettingsFrame on stream 0
2025-06-27T02:08:15.126288Z  DEBUG - Reading frame header...
2025-06-27T02:08:15.126292Z  DEBUG - HEADERS frame parsing: payload_size=13, offset=0, padding=0, header_block_size=13
2025-06-27T02:08:15.126293Z  DEBUG - Header block hex: 84418aa0e41d139d09b8f81e07
2025-06-27T02:08:15.126297Z  DEBUG - HEADERS frame: stream_id=1, flags=END_STREAM | END_HEADERS, padding=0, priority=nil, header_block_size=13
2025-06-27T02:08:15.126298Z  DEBUG - Full header block hex: 84418aa0e41d139d09b8f81e07
2025-06-27T02:08:15.126298Z  DEBUG - Decoding HEADERS frame with block size: 13
2025-06-27T02:08:15.126298Z  DEBUG - First 20 bytes of header block: less than 20 bytes
2025-06-27T02:08:15.126299Z  DEBUG - HPACK: Decoding Huffman string, length=10, data=a0e41d139d09b8f81e07
2025-06-27T02:08:15.126343Z  DEBUG - Huffman decode: data.size=10, hex=a0e41d139d09b8f81e07
2025-06-27T02:08:15.126344Z  DEBUG - Huffman decode: Checking for potential EOS pattern in data
2025-06-27T02:08:15.126345Z  DEBUG - Huffman padding check: last_symbol_bit=76, total_bits=80, padding_bits=3
2025-06-27T02:08:15.126346Z  DEBUG - HPACK: Huffman decoded to: "localhost:9080"
2025-06-27T02:08:15.126349Z  DEBUG - Decoded headers before validation: [{":path", "/"}, {":authority", "localhost:9080"}]
2025-06-27T02:08:15.126370Z  DEBUG - Read loop stream error: 1 - PROTOCOL_ERROR - Missing required pseudo-header: :method
2025-06-27T02:08:15.126380Z  DEBUG - Reading frame header...
2025-06-27T02:08:15.126445Z  DEBUG - Failed to read frame header: End of file reached
2025-06-27T02:08:15.126450Z  DEBUG - Read loop IO error: IO::EOFError - End of file reached
2025-06-27T02:08:15.126450Z  DEBUG - Socket closed: false
2025-06-27T02:08:15.126451Z  DEBUG - Read loop exiting, closing connection
2025-06-27T02:08:15.126698Z  DEBUG - Connection.start called, is_server=true
2025-06-27T02:08:15.126699Z  DEBUG - Reading client preface...
2025-06-27T02:08:15.126699Z  DEBUG - Attempting to read 24 bytes for preface
2025-06-27T02:08:15.126705Z  DEBUG - Read preface bytes: 505249202a20485454502f322e300d0a0d0a534d0d0a0d0a
2025-06-27T02:08:15.126706Z  DEBUG - Client preface read successfully
2025-06-27T02:08:15.126706Z  DEBUG - Starting without preface...
2025-06-27T02:08:15.126710Z  DEBUG - Connection started successfully
2025-06-27T02:08:15.126741Z  DEBUG - Read loop started for connection 127.0.0.1
2025-06-27T02:08:15.126742Z  DEBUG - Reading frame header...
2025-06-27T02:08:15.126744Z  DEBUG - Applying remote setting: INITIAL_WINDOW_SIZE = 65535
2025-06-27T02:08:15.126745Z  DEBUG - Updating stream windows: old=65535, new=65535, diff=0
2025-06-27T02:08:15.126745Z  DEBUG - Sending SETTINGS ACK
2025-06-27T02:08:15.126750Z  DEBUG - SETTINGS ACK sent
2025-06-27T02:08:15.126751Z  DEBUG - Successfully handled frame: HT2::SettingsFrame on stream 0
2025-06-27T02:08:15.126751Z  DEBUG - Reading frame header...
2025-06-27T02:08:15.126754Z  DEBUG - Successfully handled frame: HT2::SettingsFrame on stream 0
2025-06-27T02:08:15.126755Z  DEBUG - Reading frame header...
2025-06-27T02:08:15.126757Z  DEBUG - Successfully handled frame: HT2::SettingsFrame on stream 0
2025-06-27T02:08:15.126757Z  DEBUG - Reading frame header...
2025-06-27T02:08:15.126809Z  DEBUG - HEADERS frame parsing: payload_size=14, offset=0, padding=0, header_block_size=14
2025-06-27T02:08:15.126810Z  DEBUG - Header block hex: 8284418aa0e41d139d09b8f81e07
2025-06-27T02:08:15.126812Z  DEBUG - HEADERS frame: stream_id=1, flags=END_STREAM | END_HEADERS, padding=0, priority=nil, header_block_size=14
2025-06-27T02:08:15.126812Z  DEBUG - Full header block hex: 8284418aa0e41d139d09b8f81e07
2025-06-27T02:08:15.126813Z  DEBUG - Decoding HEADERS frame with block size: 14
2025-06-27T02:08:15.126813Z  DEBUG - First 20 bytes of header block: less than 20 bytes
2025-06-27T02:08:15.126814Z  DEBUG - HPACK: Decoding Huffman string, length=10, data=a0e41d139d09b8f81e07
2025-06-27T02:08:15.126853Z  DEBUG - Huffman decode: data.size=10, hex=a0e41d139d09b8f81e07
2025-06-27T02:08:15.126853Z  DEBUG - Huffman decode: Checking for potential EOS pattern in data
2025-06-27T02:08:15.126854Z  DEBUG - Huffman padding check: last_symbol_bit=76, total_bits=80, padding_bits=3
2025-06-27T02:08:15.126855Z  DEBUG - HPACK: Huffman decoded to: "localhost:9080"
2025-06-27T02:08:15.126858Z  DEBUG - Decoded headers before validation: [{":method", "GET"}, {":path", "/"}, {":authority", "localhost:9080"}]
2025-06-27T02:08:15.126877Z  DEBUG - Read loop stream error: 1 - PROTOCOL_ERROR - Missing required pseudo-header: :scheme
2025-06-27T02:08:15.126887Z  DEBUG - Reading frame header...
2025-06-27T02:08:15.126944Z  DEBUG - Failed to read frame header: End of file reached
2025-06-27T02:08:15.126949Z  DEBUG - Read loop IO error: IO::EOFError - End of file reached
2025-06-27T02:08:15.126949Z  DEBUG - Socket closed: false
2025-06-27T02:08:15.126950Z  DEBUG - Read loop exiting, closing connection
2025-06-27T02:08:15.127205Z  DEBUG - Connection.start called, is_server=true
2025-06-27T02:08:15.127205Z  DEBUG - Reading client preface...
2025-06-27T02:08:15.127206Z  DEBUG - Attempting to read 24 bytes for preface
2025-06-27T02:08:15.127212Z  DEBUG - Read preface bytes: 505249202a20485454502f322e300d0a0d0a534d0d0a0d0a
2025-06-27T02:08:15.127213Z  DEBUG - Client preface read successfully
2025-06-27T02:08:15.127213Z  DEBUG - Starting without preface...
2025-06-27T02:08:15.127218Z  DEBUG - Connection started successfully
2025-06-27T02:08:15.127248Z  DEBUG - Read loop started for connection 127.0.0.1
2025-06-27T02:08:15.127248Z  DEBUG - Reading frame header...
2025-06-27T02:08:15.127252Z  DEBUG - Applying remote setting: INITIAL_WINDOW_SIZE = 65535
2025-06-27T02:08:15.127252Z  DEBUG - Updating stream windows: old=65535, new=65535, diff=0
2025-06-27T02:08:15.127253Z  DEBUG - Sending SETTINGS ACK
2025-06-27T02:08:15.127257Z  DEBUG - SETTINGS ACK sent
2025-06-27T02:08:15.127257Z  DEBUG - Successfully handled frame: HT2::SettingsFrame on stream 0
2025-06-27T02:08:15.127258Z  DEBUG - Reading frame header...
2025-06-27T02:08:15.127260Z  DEBUG - Successfully handled frame: HT2::SettingsFrame on stream 0
2025-06-27T02:08:15.127260Z  DEBUG - Reading frame header...
2025-06-27T02:08:15.127263Z  DEBUG - Successfully handled frame: HT2::SettingsFrame on stream 0
2025-06-27T02:08:15.127264Z  DEBUG - Reading frame header...
2025-06-27T02:08:15.127310Z  DEBUG - HEADERS frame parsing: payload_size=14, offset=0, padding=0, header_block_size=14
2025-06-27T02:08:15.127310Z  DEBUG - Header block hex: 8286418aa0e41d139d09b8f81e07
2025-06-27T02:08:15.127313Z  DEBUG - HEADERS frame: stream_id=1, flags=END_STREAM | END_HEADERS, padding=0, priority=nil, header_block_size=14
2025-06-27T02:08:15.127313Z  DEBUG - Full header block hex: 8286418aa0e41d139d09b8f81e07
2025-06-27T02:08:15.127313Z  DEBUG - Decoding HEADERS frame with block size: 14
2025-06-27T02:08:15.127313Z  DEBUG - First 20 bytes of header block: less than 20 bytes
2025-06-27T02:08:15.127314Z  DEBUG - HPACK: Decoding Huffman string, length=10, data=a0e41d139d09b8f81e07
2025-06-27T02:08:15.127348Z  DEBUG - Huffman decode: data.size=10, hex=a0e41d139d09b8f81e07
2025-06-27T02:08:15.127349Z  DEBUG - Huffman decode: Checking for potential EOS pattern in data
2025-06-27T02:08:15.127350Z  DEBUG - Huffman padding check: last_symbol_bit=76, total_bits=80, padding_bits=3
2025-06-27T02:08:15.127350Z  DEBUG - HPACK: Huffman decoded to: "localhost:9080"
2025-06-27T02:08:15.127353Z  DEBUG - Decoded headers before validation: [{":method", "GET"}, {":scheme", "http"}, {":authority", "localhost:9080"}]
2025-06-27T02:08:15.127373Z  DEBUG - Read loop stream error: 1 - PROTOCOL_ERROR - Missing required pseudo-header: :path
2025-06-27T02:08:15.127382Z  DEBUG - Reading frame header...
2025-06-27T02:08:15.127440Z  DEBUG - Failed to read frame header: End of file reached
2025-06-27T02:08:15.127445Z  DEBUG - Read loop IO error: IO::EOFError - End of file reached
2025-06-27T02:08:15.127445Z  DEBUG - Socket closed: false
2025-06-27T02:08:15.127445Z  DEBUG - Read loop exiting, closing connection
2025-06-27T02:08:15.127681Z  DEBUG - Connection.start called, is_server=true
2025-06-27T02:08:15.127681Z  DEBUG - Reading client preface...
2025-06-27T02:08:15.127682Z  DEBUG - Attempting to read 24 bytes for preface
2025-06-27T02:08:15.127688Z  DEBUG - Read preface bytes: 505249202a20485454502f322e300d0a0d0a534d0d0a0d0a
2025-06-27T02:08:15.127688Z  DEBUG - Client preface read successfully
2025-06-27T02:08:15.127689Z  DEBUG - Starting without preface...
2025-06-27T02:08:15.127692Z  DEBUG - Connection started successfully
2025-06-27T02:08:15.127718Z  DEBUG - Read loop started for connection 127.0.0.1
2025-06-27T02:08:15.127719Z  DEBUG - Reading frame header...
2025-06-27T02:08:15.127721Z  DEBUG - Applying remote setting: INITIAL_WINDOW_SIZE = 65535
2025-06-27T02:08:15.127722Z  DEBUG - Updating stream windows: old=65535, new=65535, diff=0
2025-06-27T02:08:15.127723Z  DEBUG - Sending SETTINGS ACK
2025-06-27T02:08:15.127728Z  DEBUG - SETTINGS ACK sent
2025-06-27T02:08:15.127729Z  DEBUG - Successfully handled frame: HT2::SettingsFrame on stream 0
2025-06-27T02:08:15.127729Z  DEBUG - Reading frame header...
2025-06-27T02:08:15.127731Z  DEBUG - Successfully handled frame: HT2::SettingsFrame on stream 0
2025-06-27T02:08:15.127732Z  DEBUG - Reading frame header...
2025-06-27T02:08:15.127734Z  DEBUG - Successfully handled frame: HT2::SettingsFrame on stream 0
2025-06-27T02:08:15.127734Z  DEBUG - Reading frame header...
2025-06-27T02:08:15.127786Z  DEBUG - HEADERS frame parsing: payload_size=16, offset=0, padding=0, header_block_size=16
2025-06-27T02:08:15.127787Z  DEBUG - Header block hex: 828684418aa0e41d139d09b8f81e0782
2025-06-27T02:08:15.127790Z  DEBUG - HEADERS frame: stream_id=1, flags=END_STREAM | END_HEADERS, padding=0, priority=nil, header_block_size=16
2025-06-27T02:08:15.127790Z  DEBUG - Full header block hex: 828684418aa0e41d139d09b8f81e0782
2025-06-27T02:08:15.127791Z  DEBUG - Decoding HEADERS frame with block size: 16
2025-06-27T02:08:15.127791Z  DEBUG - First 20 bytes of header block: less than 20 bytes
2025-06-27T02:08:15.127792Z  DEBUG - HPACK: Decoding Huffman string, length=10, data=a0e41d139d09b8f81e07
2025-06-27T02:08:15.127827Z  DEBUG - Huffman decode: data.size=10, hex=a0e41d139d09b8f81e07
2025-06-27T02:08:15.127827Z  DEBUG - Huffman decode: Checking for potential EOS pattern in data
2025-06-27T02:08:15.127829Z  DEBUG - Huffman padding check: last_symbol_bit=76, total_bits=80, padding_bits=3
2025-06-27T02:08:15.127829Z  DEBUG - HPACK: Huffman decoded to: "localhost:9080"
2025-06-27T02:08:15.127833Z  DEBUG - Decoded headers before validation: [{":method", "GET"}, {":scheme", "http"}, {":path", "/"}, {":authority", "localhost:9080"}, {":method", "GET"}]
2025-06-27T02:08:15.127854Z  DEBUG - Read loop stream error: 1 - PROTOCOL_ERROR - Duplicate pseudo-header field: :method
2025-06-27T02:08:15.127864Z  DEBUG - Reading frame header...
2025-06-27T02:08:15.127922Z  DEBUG - Failed to read frame header: End of file reached
2025-06-27T02:08:15.127927Z  DEBUG - Read loop IO error: IO::EOFError - End of file reached
2025-06-27T02:08:15.127927Z  DEBUG - Socket closed: false
2025-06-27T02:08:15.127927Z  DEBUG - Read loop exiting, closing connection
2025-06-27T02:08:15.128168Z  DEBUG - Connection.start called, is_server=true
2025-06-27T02:08:15.128168Z  DEBUG - Reading client preface...
2025-06-27T02:08:15.128169Z  DEBUG - Attempting to read 24 bytes for preface
2025-06-27T02:08:15.128177Z  DEBUG - Read preface bytes: 505249202a20485454502f322e300d0a0d0a534d0d0a0d0a
2025-06-27T02:08:15.128177Z  DEBUG - Client preface read successfully
2025-06-27T02:08:15.128177Z  DEBUG - Starting without preface...
2025-06-27T02:08:15.128181Z  DEBUG - Connection started successfully
2025-06-27T02:08:15.128214Z  DEBUG - Read loop started for connection 127.0.0.1
2025-06-27T02:08:15.128214Z  DEBUG - Reading frame header...
2025-06-27T02:08:15.128218Z  DEBUG - Applying remote setting: INITIAL_WINDOW_SIZE = 65535
2025-06-27T02:08:15.128219Z  DEBUG - Updating stream windows: old=65535, new=65535, diff=0
2025-06-27T02:08:15.128219Z  DEBUG - Sending SETTINGS ACK
2025-06-27T02:08:15.128225Z  DEBUG - SETTINGS ACK sent
2025-06-27T02:08:15.128225Z  DEBUG - Successfully handled frame: HT2::SettingsFrame on stream 0
2025-06-27T02:08:15.128226Z  DEBUG - Reading frame header...
2025-06-27T02:08:15.128228Z  DEBUG - Successfully handled frame: HT2::SettingsFrame on stream 0
2025-06-27T02:08:15.128229Z  DEBUG - Reading frame header...
2025-06-27T02:08:15.128230Z  DEBUG - Successfully handled frame: HT2::SettingsFrame on stream 0
2025-06-27T02:08:15.128231Z  DEBUG - Reading frame header...
2025-06-27T02:08:15.128282Z  DEBUG - HEADERS frame parsing: payload_size=16, offset=0, padding=0, header_block_size=16
2025-06-27T02:08:15.128283Z  DEBUG - Header block hex: 828684418aa0e41d139d09b8f81e0786
2025-06-27T02:08:15.128286Z  DEBUG - HEADERS frame: stream_id=1, flags=END_STREAM | END_HEADERS, padding=0, priority=nil, header_block_size=16
2025-06-27T02:08:15.128287Z  DEBUG - Full header block hex: 828684418aa0e41d139d09b8f81e0786
2025-06-27T02:08:15.128287Z  DEBUG - Decoding HEADERS frame with block size: 16
2025-06-27T02:08:15.128288Z  DEBUG - First 20 bytes of header block: less than 20 bytes
2025-06-27T02:08:15.128289Z  DEBUG - HPACK: Decoding Huffman string, length=10, data=a0e41d139d09b8f81e07
2025-06-27T02:08:15.128332Z  DEBUG - Huffman decode: data.size=10, hex=a0e41d139d09b8f81e07
2025-06-27T02:08:15.128332Z  DEBUG - Huffman decode: Checking for potential EOS pattern in data
2025-06-27T02:08:15.128334Z  DEBUG - Huffman padding check: last_symbol_bit=76, total_bits=80, padding_bits=3
2025-06-27T02:08:15.128335Z  DEBUG - HPACK: Huffman decoded to: "localhost:9080"
2025-06-27T02:08:15.128339Z  DEBUG - Decoded headers before validation: [{":method", "GET"}, {":scheme", "http"}, {":path", "/"}, {":authority", "localhost:9080"}, {":scheme", "http"}]
2025-06-27T02:08:15.128361Z  DEBUG - Read loop stream error: 1 - PROTOCOL_ERROR - Duplicate pseudo-header field: :scheme
2025-06-27T02:08:15.128372Z  DEBUG - Reading frame header...
2025-06-27T02:08:15.128430Z  DEBUG - Failed to read frame header: End of file reached
2025-06-27T02:08:15.128435Z  DEBUG - Read loop IO error: IO::EOFError - End of file reached
2025-06-27T02:08:15.128435Z  DEBUG - Socket closed: false
2025-06-27T02:08:15.128435Z  DEBUG - Read loop exiting, closing connection
2025-06-27T02:08:15.128795Z  DEBUG - Connection.start called, is_server=true
2025-06-27T02:08:15.128795Z  DEBUG - Reading client preface...
2025-06-27T02:08:15.128796Z  DEBUG - Attempting to read 24 bytes for preface
2025-06-27T02:08:15.128800Z  DEBUG - Read preface bytes: 505249202a20485454502f322e300d0a0d0a534d0d0a0d0a
2025-06-27T02:08:15.128800Z  DEBUG - Client preface read successfully
2025-06-27T02:08:15.128801Z  DEBUG - Starting without preface...
2025-06-27T02:08:15.128804Z  DEBUG - Connection started successfully
2025-06-27T02:08:15.128835Z  DEBUG - Read loop started for connection 127.0.0.1
2025-06-27T02:08:15.128836Z  DEBUG - Reading frame header...
2025-06-27T02:08:15.128838Z  DEBUG - Applying remote setting: INITIAL_WINDOW_SIZE = 65535
2025-06-27T02:08:15.128839Z  DEBUG - Updating stream windows: old=65535, new=65535, diff=0
2025-06-27T02:08:15.128840Z  DEBUG - Sending SETTINGS ACK
2025-06-27T02:08:15.128846Z  DEBUG - SETTINGS ACK sent
2025-06-27T02:08:15.128847Z  DEBUG - Successfully handled frame: HT2::SettingsFrame on stream 0
2025-06-27T02:08:15.128847Z  DEBUG - Reading frame header...
2025-06-27T02:08:15.128849Z  DEBUG - Successfully handled frame: HT2::SettingsFrame on stream 0
2025-06-27T02:08:15.128850Z  DEBUG - Reading frame header...
2025-06-27T02:08:15.128851Z  DEBUG - Successfully handled frame: HT2::SettingsFrame on stream 0
2025-06-27T02:08:15.128852Z  DEBUG - Reading frame header...
2025-06-27T02:08:15.128902Z  DEBUG - HEADERS frame parsing: payload_size=16, offset=0, padding=0, header_block_size=16
2025-06-27T02:08:15.128902Z  DEBUG - Header block hex: 828684418aa0e41d139d09b8f81e0784
2025-06-27T02:08:15.128905Z  DEBUG - HEADERS frame: stream_id=1, flags=END_STREAM | END_HEADERS, padding=0, priority=nil, header_block_size=16
2025-06-27T02:08:15.128905Z  DEBUG - Full header block hex: 828684418aa0e41d139d09b8f81e0784
2025-06-27T02:08:15.128906Z  DEBUG - Decoding HEADERS frame with block size: 16
2025-06-27T02:08:15.128906Z  DEBUG - First 20 bytes of header block: less than 20 bytes
2025-06-27T02:08:15.128907Z  DEBUG - HPACK: Decoding Huffman string, length=10, data=a0e41d139d09b8f81e07
2025-06-27T02:08:15.128950Z  DEBUG - Huffman decode: data.size=10, hex=a0e41d139d09b8f81e07
2025-06-27T02:08:15.128950Z  DEBUG - Huffman decode: Checking for potential EOS pattern in data
2025-06-27T02:08:15.128951Z  DEBUG - Huffman padding check: last_symbol_bit=76, total_bits=80, padding_bits=3
2025-06-27T02:08:15.128952Z  DEBUG - HPACK: Huffman decoded to: "localhost:9080"
2025-06-27T02:08:15.128956Z  DEBUG - Decoded headers before validation: [{":method", "GET"}, {":scheme", "http"}, {":path", "/"}, {":authority", "localhost:9080"}, {":path", "/"}]
2025-06-27T02:08:15.128977Z  DEBUG - Read loop stream error: 1 - PROTOCOL_ERROR - Duplicate pseudo-header field: :path
2025-06-27T02:08:15.128987Z  DEBUG - Reading frame header...
2025-06-27T02:08:15.129046Z  DEBUG - Failed to read frame header: End of file reached
2025-06-27T02:08:15.129051Z  DEBUG - Read loop IO error: IO::EOFError - End of file reached
2025-06-27T02:08:15.129051Z  DEBUG - Socket closed: false
2025-06-27T02:08:15.129052Z  DEBUG - Read loop exiting, closing connection
2025-06-27T02:08:15.129292Z  DEBUG - Connection.start called, is_server=true
2025-06-27T02:08:15.129292Z  DEBUG - Reading client preface...
2025-06-27T02:08:15.129293Z  DEBUG - Attempting to read 24 bytes for preface
2025-06-27T02:08:15.129299Z  DEBUG - Read preface bytes: 505249202a20485454502f322e300d0a0d0a534d0d0a0d0a
2025-06-27T02:08:15.129299Z  DEBUG - Client preface read successfully
2025-06-27T02:08:15.129300Z  DEBUG - Starting without preface...
2025-06-27T02:08:15.129303Z  DEBUG - Connection started successfully
2025-06-27T02:08:15.129334Z  DEBUG - Read loop started for connection 127.0.0.1
2025-06-27T02:08:15.129335Z  DEBUG - Reading frame header...
2025-06-27T02:08:15.129338Z  DEBUG - Applying remote setting: INITIAL_WINDOW_SIZE = 65535
2025-06-27T02:08:15.129339Z  DEBUG - Updating stream windows: old=65535, new=65535, diff=0
2025-06-27T02:08:15.129340Z  DEBUG - Sending SETTINGS ACK
2025-06-27T02:08:15.129345Z  DEBUG - SETTINGS ACK sent
2025-06-27T02:08:15.129346Z  DEBUG - Successfully handled frame: HT2::SettingsFrame on stream 0
2025-06-27T02:08:15.129347Z  DEBUG - Reading frame header...
2025-06-27T02:08:15.129348Z  DEBUG - Successfully handled frame: HT2::SettingsFrame on stream 0
2025-06-27T02:08:15.129349Z  DEBUG - Reading frame header...
2025-06-27T02:08:15.129351Z  DEBUG - Successfully handled frame: HT2::SettingsFrame on stream 0
2025-06-27T02:08:15.129352Z  DEBUG - Reading frame header...
2025-06-27T02:08:15.129402Z  DEBUG - HEADERS frame parsing: payload_size=18, offset=0, padding=0, header_block_size=18
2025-06-27T02:08:15.129403Z  DEBUG - Header block hex: 838684418aa0e41d139d09b8f81e075c0131
2025-06-27T02:08:15.129408Z  DEBUG - HEADERS frame: stream_id=1, flags=END_HEADERS, padding=0, priority=nil, header_block_size=18
2025-06-27T02:08:15.129409Z  DEBUG - Full header block hex: 838684418aa0e41d139d09b8f81e075c0131
2025-06-27T02:08:15.129409Z  DEBUG - Decoding HEADERS frame with block size: 18
2025-06-27T02:08:15.129410Z  DEBUG - First 20 bytes of header block: less than 20 bytes
2025-06-27T02:08:15.129411Z  DEBUG - HPACK: Decoding Huffman string, length=10, data=a0e41d139d09b8f81e07
2025-06-27T02:08:15.129458Z  DEBUG - Huffman decode: data.size=10, hex=a0e41d139d09b8f81e07
2025-06-27T02:08:15.129458Z  DEBUG - Huffman decode: Checking for potential EOS pattern in data
2025-06-27T02:08:15.129459Z  DEBUG - Huffman padding check: last_symbol_bit=76, total_bits=80, padding_bits=3
2025-06-27T02:08:15.129460Z  DEBUG - HPACK: Huffman decoded to: "localhost:9080"
2025-06-27T02:08:15.129465Z  DEBUG - Decoded headers before validation: [{":method", "POST"}, {":scheme", "http"}, {":path", "/"}, {":authority", "localhost:9080"}, {"content-length", "1"}]
2025-06-27T02:08:15.129473Z  DEBUG - Validated headers: [{":method", "POST"}, {":scheme", "http"}, {":path", "/"}, {":authority", "localhost:9080"}, {"content-length", "1"}]
2025-06-27T02:08:15.129479Z  DEBUG - Server received headers for stream 1, end_stream: false, headers_count: 5
2025-06-27T02:08:15.129483Z  DEBUG - Headers: [{":method", "POST"}, {":scheme", "http"}, {":path", "/"}, {":authority", "localhost:9080"}, {"content-length", "1"}]
2025-06-27T02:08:15.129483Z  DEBUG - is_trailers=false, end_stream=false, stream.end_stream_received=false
2025-06-27T02:08:15.129483Z  DEBUG - Received headers without END_STREAM, waiting for more frames
2025-06-27T02:08:15.129484Z  DEBUG - Successfully handled frame: HT2::HeadersFrame on stream 1
2025-06-27T02:08:15.129484Z  DEBUG - Reading frame header...
2025-06-27T02:08:15.129503Z  DEBUG - Read loop stream error: 1 - PROTOCOL_ERROR - Received data (4 bytes) exceeds content-length (1 bytes)
2025-06-27T02:08:15.129509Z  DEBUG - Reading frame header...
2025-06-27T02:08:15.129595Z  DEBUG - Failed to read frame header: End of file reached
2025-06-27T02:08:15.129600Z  DEBUG - Read loop IO error: IO::EOFError - End of file reached
2025-06-27T02:08:15.129600Z  DEBUG - Socket closed: false
2025-06-27T02:08:15.129601Z  DEBUG - Read loop exiting, closing connection
2025-06-27T02:08:15.129824Z  DEBUG - Connection.start called, is_server=true
2025-06-27T02:08:15.129824Z  DEBUG - Reading client preface...
2025-06-27T02:08:15.129824Z  DEBUG - Attempting to read 24 bytes for preface
2025-06-27T02:08:15.129830Z  DEBUG - Read preface bytes: 505249202a20485454502f322e300d0a0d0a534d0d0a0d0a
2025-06-27T02:08:15.129831Z  DEBUG - Client preface read successfully
2025-06-27T02:08:15.129831Z  DEBUG - Starting without preface...
2025-06-27T02:08:15.129835Z  DEBUG - Connection started successfully
2025-06-27T02:08:15.129862Z  DEBUG - Read loop started for connection 127.0.0.1
2025-06-27T02:08:15.129862Z  DEBUG - Reading frame header...
2025-06-27T02:08:15.129865Z  DEBUG - Applying remote setting: INITIAL_WINDOW_SIZE = 65535
2025-06-27T02:08:15.129866Z  DEBUG - Updating stream windows: old=65535, new=65535, diff=0
2025-06-27T02:08:15.129866Z  DEBUG - Sending SETTINGS ACK
2025-06-27T02:08:15.129870Z  DEBUG - SETTINGS ACK sent
2025-06-27T02:08:15.129871Z  DEBUG - Successfully handled frame: HT2::SettingsFrame on stream 0
2025-06-27T02:08:15.129871Z  DEBUG - Reading frame header...
2025-06-27T02:08:15.129873Z  DEBUG - Successfully handled frame: HT2::SettingsFrame on stream 0
2025-06-27T02:08:15.129874Z  DEBUG - Reading frame header...
2025-06-27T02:08:15.129875Z  DEBUG - Successfully handled frame: HT2::SettingsFrame on stream 0
2025-06-27T02:08:15.129876Z  DEBUG - Reading frame header...
2025-06-27T02:08:15.129929Z  DEBUG - HEADERS frame parsing: payload_size=18, offset=0, padding=0, header_block_size=18
2025-06-27T02:08:15.129930Z  DEBUG - Header block hex: 838684418aa0e41d139d09b8f81e075c0131
2025-06-27T02:08:15.129932Z  DEBUG - HEADERS frame: stream_id=1, flags=END_HEADERS, padding=0, priority=nil, header_block_size=18
2025-06-27T02:08:15.129933Z  DEBUG - Full header block hex: 838684418aa0e41d139d09b8f81e075c0131
2025-06-27T02:08:15.129933Z  DEBUG - Decoding HEADERS frame with block size: 18
2025-06-27T02:08:15.129933Z  DEBUG - First 20 bytes of header block: less than 20 bytes
2025-06-27T02:08:15.129936Z  DEBUG - HPACK: Decoding Huffman string, length=10, data=a0e41d139d09b8f81e07
2025-06-27T02:08:15.129974Z  DEBUG - Huffman decode: data.size=10, hex=a0e41d139d09b8f81e07
2025-06-27T02:08:15.129974Z  DEBUG - Huffman decode: Checking for potential EOS pattern in data
2025-06-27T02:08:15.129975Z  DEBUG - Huffman padding check: last_symbol_bit=76, total_bits=80, padding_bits=3
2025-06-27T02:08:15.129976Z  DEBUG - HPACK: Huffman decoded to: "localhost:9080"
2025-06-27T02:08:15.129981Z  DEBUG - Decoded headers before validation: [{":method", "POST"}, {":scheme", "http"}, {":path", "/"}, {":authority", "localhost:9080"}, {"content-length", "1"}]
2025-06-27T02:08:15.129990Z  DEBUG - Validated headers: [{":method", "POST"}, {":scheme", "http"}, {":path", "/"}, {":authority", "localhost:9080"}, {"content-length", "1"}]
2025-06-27T02:08:15.129993Z  DEBUG - Server received headers for stream 1, end_stream: false, headers_count: 5
2025-06-27T02:08:15.129997Z  DEBUG - Headers: [{":method", "POST"}, {":scheme", "http"}, {":path", "/"}, {":authority", "localhost:9080"}, {"content-length", "1"}]
2025-06-27T02:08:15.129997Z  DEBUG - is_trailers=false, end_stream=false, stream.end_stream_received=false
2025-06-27T02:08:15.129997Z  DEBUG - Received headers without END_STREAM, waiting for more frames
2025-06-27T02:08:15.129998Z  DEBUG - Successfully handled frame: HT2::HeadersFrame on stream 1
2025-06-27T02:08:15.129998Z  DEBUG - Reading frame header...
2025-06-27T02:08:15.130014Z  DEBUG - Read loop stream error: 1 - PROTOCOL_ERROR - Received data (4 bytes) exceeds content-length (1 bytes)
2025-06-27T02:08:15.130026Z  DEBUG - Reading frame header...
2025-06-27T02:08:15.130039Z  DEBUG - Read loop stream error: 1 - STREAM_CLOSED - Cannot receive data on closed stream
2025-06-27T02:08:15.130040Z  DEBUG - Reading frame header...
2025-06-27T02:08:15.130133Z  DEBUG - Failed to read frame header: End of file reached
2025-06-27T02:08:15.130137Z  DEBUG - Read loop IO error: IO::EOFError - End of file reached
2025-06-27T02:08:15.130137Z  DEBUG - Socket closed: false
2025-06-27T02:08:15.130138Z  DEBUG - Read loop exiting, closing connection
2025-06-27T02:08:15.130339Z  DEBUG - Connection.start called, is_server=true
2025-06-27T02:08:15.130339Z  DEBUG - Reading client preface...
2025-06-27T02:08:15.130339Z  DEBUG - Attempting to read 24 bytes for preface
2025-06-27T02:08:15.130342Z  DEBUG - Read preface bytes: 505249202a20485454502f322e300d0a0d0a534d0d0a0d0a
2025-06-27T02:08:15.130343Z  DEBUG - Client preface read successfully
2025-06-27T02:08:15.130343Z  DEBUG - Starting without preface...
2025-06-27T02:08:15.130346Z  DEBUG - Connection started successfully
2025-06-27T02:08:15.130377Z  DEBUG - Read loop started for connection 127.0.0.1
2025-06-27T02:08:15.130377Z  DEBUG - Reading frame header...
2025-06-27T02:08:15.130379Z  DEBUG - Applying remote setting: INITIAL_WINDOW_SIZE = 65535
2025-06-27T02:08:15.130380Z  DEBUG - Updating stream windows: old=65535, new=65535, diff=0
2025-06-27T02:08:15.130380Z  DEBUG - Sending SETTINGS ACK
2025-06-27T02:08:15.130385Z  DEBUG - SETTINGS ACK sent
2025-06-27T02:08:15.130386Z  DEBUG - Successfully handled frame: HT2::SettingsFrame on stream 0
2025-06-27T02:08:15.130386Z  DEBUG - Reading frame header...
2025-06-27T02:08:15.130389Z  DEBUG - Successfully handled frame: HT2::SettingsFrame on stream 0
2025-06-27T02:08:15.130389Z  DEBUG - Reading frame header...
2025-06-27T02:08:15.130391Z  DEBUG - Successfully handled frame: HT2::SettingsFrame on stream 0
2025-06-27T02:08:15.130391Z  DEBUG - Reading frame header...
2025-06-27T02:08:15.130453Z  DEBUG - Read loop connection error: PROTOCOL_ERROR - Server received PUSH_PROMISE
2025-06-27T02:08:15.130784Z  DEBUG - Connection.start called, is_server=true
2025-06-27T02:08:15.130784Z  DEBUG - Reading client preface...
2025-06-27T02:08:15.130784Z  DEBUG - Attempting to read 24 bytes for preface
2025-06-27T02:08:15.130788Z  DEBUG - Read preface bytes: 505249202a20485454502f322e300d0a0d0a534d0d0a0d0a
2025-06-27T02:08:15.130788Z  DEBUG - Client preface read successfully
2025-06-27T02:08:15.130789Z  DEBUG - Starting without preface...
2025-06-27T02:08:15.130792Z  DEBUG - Connection started successfully
2025-06-27T02:08:15.130823Z  DEBUG - Read loop started for connection 127.0.0.1
2025-06-27T02:08:15.130823Z  DEBUG - Reading frame header...
2025-06-27T02:08:15.130826Z  DEBUG - Applying remote setting: INITIAL_WINDOW_SIZE = 65535
2025-06-27T02:08:15.130827Z  DEBUG - Updating stream windows: old=65535, new=65535, diff=0
2025-06-27T02:08:15.130827Z  DEBUG - Sending SETTINGS ACK
2025-06-27T02:08:15.130832Z  DEBUG - SETTINGS ACK sent
2025-06-27T02:08:15.130832Z  DEBUG - Successfully handled frame: HT2::SettingsFrame on stream 0
2025-06-27T02:08:15.130833Z  DEBUG - Reading frame header...
2025-06-27T02:08:15.130836Z  DEBUG - Successfully handled frame: HT2::SettingsFrame on stream 0
2025-06-27T02:08:15.130836Z  DEBUG - Reading frame header...
2025-06-27T02:08:15.130839Z  DEBUG - Successfully handled frame: HT2::SettingsFrame on stream 0
2025-06-27T02:08:15.130840Z  DEBUG - Reading frame header...
2025-06-27T02:08:15.130893Z  DEBUG - HEADERS frame parsing: payload_size=16, offset=0, padding=0, header_block_size=16
2025-06-27T02:08:15.130893Z  DEBUG - Header block hex: 828684418aa0e41d139d09b8f81e07c6
2025-06-27T02:08:15.130899Z  DEBUG - HEADERS frame: stream_id=1, flags=END_STREAM | END_HEADERS, padding=0, priority=nil, header_block_size=16
2025-06-27T02:08:15.130899Z  DEBUG - Full header block hex: 828684418aa0e41d139d09b8f81e07c6
2025-06-27T02:08:15.130899Z  DEBUG - Decoding HEADERS frame with block size: 16
2025-06-27T02:08:15.130900Z  DEBUG - First 20 bytes of header block: less than 20 bytes
2025-06-27T02:08:15.130901Z  DEBUG - HPACK: Decoding Huffman string, length=10, data=a0e41d139d09b8f81e07
2025-06-27T02:08:15.130939Z  DEBUG - Huffman decode: data.size=10, hex=a0e41d139d09b8f81e07
2025-06-27T02:08:15.130940Z  DEBUG - Huffman decode: Checking for potential EOS pattern in data
2025-06-27T02:08:15.130941Z  DEBUG - Huffman padding check: last_symbol_bit=76, total_bits=80, padding_bits=3
2025-06-27T02:08:15.130942Z  DEBUG - HPACK: Huffman decoded to: "localhost:9080"
2025-06-27T02:08:15.130951Z  ERROR - HPACK decompression error: Invalid header index: 70
2025-06-27T02:08:15.130952Z  DEBUG - Failed header block hex: 828684418aa0e41d139d09b8f81e07c6
2025-06-27T02:08:15.130961Z  DEBUG - Read loop connection error: COMPRESSION_ERROR - Invalid header index: 70
2025-06-27T02:08:15.131275Z  DEBUG - Connection.start called, is_server=true
2025-06-27T02:08:15.131276Z  DEBUG - Reading client preface...
2025-06-27T02:08:15.131276Z  DEBUG - Attempting to read 24 bytes for preface
2025-06-27T02:08:15.131282Z  DEBUG - Read preface bytes: 505249202a20485454502f322e300d0a0d0a534d0d0a0d0a
2025-06-27T02:08:15.131283Z  DEBUG - Client preface read successfully
2025-06-27T02:08:15.131283Z  DEBUG - Starting without preface...
2025-06-27T02:08:15.131287Z  DEBUG - Connection started successfully
2025-06-27T02:08:15.131317Z  DEBUG - Read loop started for connection 127.0.0.1
2025-06-27T02:08:15.131318Z  DEBUG - Reading frame header...
2025-06-27T02:08:15.131321Z  DEBUG - Applying remote setting: INITIAL_WINDOW_SIZE = 65535
2025-06-27T02:08:15.131321Z  DEBUG - Updating stream windows: old=65535, new=65535, diff=0
2025-06-27T02:08:15.131322Z  DEBUG - Sending SETTINGS ACK
2025-06-27T02:08:15.131326Z  DEBUG - SETTINGS ACK sent
2025-06-27T02:08:15.131327Z  DEBUG - Successfully handled frame: HT2::SettingsFrame on stream 0
2025-06-27T02:08:15.131327Z  DEBUG - Reading frame header...
2025-06-27T02:08:15.131329Z  DEBUG - Successfully handled frame: HT2::SettingsFrame on stream 0
2025-06-27T02:08:15.131329Z  DEBUG - Reading frame header...
2025-06-27T02:08:15.131334Z  DEBUG - Successfully handled frame: HT2::SettingsFrame on stream 0
2025-06-27T02:08:15.131334Z  DEBUG - Reading frame header...
2025-06-27T02:08:15.131384Z  DEBUG - HEADERS frame parsing: payload_size=18, offset=0, padding=0, header_block_size=18
2025-06-27T02:08:15.131384Z  DEBUG - Header block hex: 828684418aa0e41d139d09b8f81e077f0700
2025-06-27T02:08:15.131387Z  DEBUG - HEADERS frame: stream_id=1, flags=END_STREAM | END_HEADERS, padding=0, priority=nil, header_block_size=18
2025-06-27T02:08:15.131388Z  DEBUG - Full header block hex: 828684418aa0e41d139d09b8f81e077f0700
2025-06-27T02:08:15.131388Z  DEBUG - Decoding HEADERS frame with block size: 18
2025-06-27T02:08:15.131388Z  DEBUG - First 20 bytes of header block: less than 20 bytes
2025-06-27T02:08:15.131389Z  DEBUG - HPACK: Decoding Huffman string, length=10, data=a0e41d139d09b8f81e07
2025-06-27T02:08:15.131428Z  DEBUG - Huffman decode: data.size=10, hex=a0e41d139d09b8f81e07
2025-06-27T02:08:15.131428Z  DEBUG - Huffman decode: Checking for potential EOS pattern in data
2025-06-27T02:08:15.131429Z  DEBUG - Huffman padding check: last_symbol_bit=76, total_bits=80, padding_bits=3
2025-06-27T02:08:15.131430Z  DEBUG - HPACK: Huffman decoded to: "localhost:9080"
2025-06-27T02:08:15.131438Z  ERROR - HPACK decompression error: Invalid header index: 70
2025-06-27T02:08:15.131438Z  DEBUG - Failed header block hex: 828684418aa0e41d139d09b8f81e077f0700
2025-06-27T02:08:15.131447Z  DEBUG - Read loop connection error: COMPRESSION_ERROR - Invalid header index: 70
2025-06-27T02:08:15.131768Z  DEBUG - Connection.start called, is_server=true
2025-06-27T02:08:15.131769Z  DEBUG - Reading client preface...
2025-06-27T02:08:15.131769Z  DEBUG - Attempting to read 24 bytes for preface
2025-06-27T02:08:15.131773Z  DEBUG - Read preface bytes: 505249202a20485454502f322e300d0a0d0a534d0d0a0d0a
2025-06-27T02:08:15.131774Z  DEBUG - Client preface read successfully
2025-06-27T02:08:15.131774Z  DEBUG - Starting without preface...
2025-06-27T02:08:15.131777Z  DEBUG - Connection started successfully
2025-06-27T02:08:15.131808Z  DEBUG - Read loop started for connection 127.0.0.1
2025-06-27T02:08:15.131808Z  DEBUG - Reading frame header...
2025-06-27T02:08:15.131810Z  DEBUG - Applying remote setting: INITIAL_WINDOW_SIZE = 65535
2025-06-27T02:08:15.131811Z  DEBUG - Updating stream windows: old=65535, new=65535, diff=0
2025-06-27T02:08:15.131811Z  DEBUG - Sending SETTINGS ACK
2025-06-27T02:08:15.131816Z  DEBUG - SETTINGS ACK sent
2025-06-27T02:08:15.131817Z  DEBUG - Successfully handled frame: HT2::SettingsFrame on stream 0
2025-06-27T02:08:15.131818Z  DEBUG - Reading frame header...
2025-06-27T02:08:15.131820Z  DEBUG - Successfully handled frame: HT2::SettingsFrame on stream 0
2025-06-27T02:08:15.131821Z  DEBUG - Reading frame header...
2025-06-27T02:08:15.131825Z  DEBUG - Successfully handled frame: HT2::SettingsFrame on stream 0
2025-06-27T02:08:15.131826Z  DEBUG - Reading frame header...
2025-06-27T02:08:15.131878Z  DEBUG - HEADERS frame parsing: payload_size=16, offset=0, padding=0, header_block_size=16
2025-06-27T02:08:15.131879Z  DEBUG - Header block hex: 828684418aa0e41d139d09b8f81e0721
2025-06-27T02:08:15.131882Z  DEBUG - HEADERS frame: stream_id=1, flags=END_STREAM | END_HEADERS, padding=0, priority=nil, header_block_size=16
2025-06-27T02:08:15.131883Z  DEBUG - Full header block hex: 828684418aa0e41d139d09b8f81e0721
2025-06-27T02:08:15.131883Z  DEBUG - Decoding HEADERS frame with block size: 16
2025-06-27T02:08:15.131883Z  DEBUG - First 20 bytes of header block: less than 20 bytes
2025-06-27T02:08:15.131884Z  DEBUG - HPACK: Decoding Huffman string, length=10, data=a0e41d139d09b8f81e07
2025-06-27T02:08:15.131929Z  DEBUG - Huffman decode: data.size=10, hex=a0e41d139d09b8f81e07
2025-06-27T02:08:15.131929Z  DEBUG - Huffman decode: Checking for potential EOS pattern in data
2025-06-27T02:08:15.131930Z  DEBUG - Huffman padding check: last_symbol_bit=76, total_bits=80, padding_bits=3
2025-06-27T02:08:15.131930Z  DEBUG - HPACK: Huffman decoded to: "localhost:9080"
2025-06-27T02:08:15.131937Z  ERROR - HPACK decompression error: Dynamic table size update must be at the beginning of header block
2025-06-27T02:08:15.131938Z  DEBUG - Failed header block hex: 828684418aa0e41d139d09b8f81e0721
2025-06-27T02:08:15.131947Z  DEBUG - Read loop connection error: COMPRESSION_ERROR - Dynamic table size update must be at the beginning of header block
2025-06-27T02:08:15.132261Z  DEBUG - Connection.start called, is_server=true
2025-06-27T02:08:15.132262Z  DEBUG - Reading client preface...
2025-06-27T02:08:15.132262Z  DEBUG - Attempting to read 24 bytes for preface
2025-06-27T02:08:15.132266Z  DEBUG - Read preface bytes: 505249202a20485454502f322e300d0a0d0a534d0d0a0d0a
2025-06-27T02:08:15.132269Z  DEBUG - Client preface read successfully
2025-06-27T02:08:15.132269Z  DEBUG - Starting without preface...
2025-06-27T02:08:15.132273Z  DEBUG - Connection started successfully
2025-06-27T02:08:15.132302Z  DEBUG - Read loop started for connection 127.0.0.1
2025-06-27T02:08:15.132303Z  DEBUG - Reading frame header...
2025-06-27T02:08:15.132307Z  DEBUG - Applying remote setting: INITIAL_WINDOW_SIZE = 65535
2025-06-27T02:08:15.132307Z  DEBUG - Updating stream windows: old=65535, new=65535, diff=0
2025-06-27T02:08:15.132308Z  DEBUG - Sending SETTINGS ACK
2025-06-27T02:08:15.132313Z  DEBUG - SETTINGS ACK sent
2025-06-27T02:08:15.132314Z  DEBUG - Successfully handled frame: HT2::SettingsFrame on stream 0
2025-06-27T02:08:15.132315Z  DEBUG - Reading frame header...
2025-06-27T02:08:15.132317Z  DEBUG - Successfully handled frame: HT2::SettingsFrame on stream 0
2025-06-27T02:08:15.132317Z  DEBUG - Reading frame header...
2025-06-27T02:08:15.132319Z  DEBUG - Successfully handled frame: HT2::SettingsFrame on stream 0
2025-06-27T02:08:15.132320Z  DEBUG - Reading frame header...
2025-06-27T02:08:15.132368Z  DEBUG - HEADERS frame parsing: payload_size=27, offset=0, padding=0, header_block_size=27
2025-06-27T02:08:15.132369Z  DEBUG - Header block hex: 828684418aa0e41d139d09b8f81e070085f2b24a84ff8449509fff
2025-06-27T02:08:15.132371Z  DEBUG - HEADERS frame: stream_id=1, flags=END_STREAM | END_HEADERS, padding=0, priority=nil, header_block_size=27
2025-06-27T02:08:15.132372Z  DEBUG - Full header block hex: 828684418aa0e41d139d09b8f81e070085f2b24a84ff8449509fff
2025-06-27T02:08:15.132372Z  DEBUG - Decoding HEADERS frame with block size: 27
2025-06-27T02:08:15.132373Z  DEBUG - First 20 bytes of header block: 828684418aa0e41d139d09b8f81e070085f2b24a
2025-06-27T02:08:15.132374Z  DEBUG - HPACK: Decoding Huffman string, length=10, data=a0e41d139d09b8f81e07
2025-06-27T02:08:15.132415Z  DEBUG - Huffman decode: data.size=10, hex=a0e41d139d09b8f81e07
2025-06-27T02:08:15.132415Z  DEBUG - Huffman decode: Checking for potential EOS pattern in data
2025-06-27T02:08:15.132416Z  DEBUG - Huffman padding check: last_symbol_bit=76, total_bits=80, padding_bits=3
2025-06-27T02:08:15.132417Z  DEBUG - HPACK: Huffman decoded to: "localhost:9080"
2025-06-27T02:08:15.132418Z  DEBUG - HPACK: Decoding Huffman string, length=5, data=f2b24a84ff
2025-06-27T02:08:15.132453Z  DEBUG - Huffman decode: data.size=5, hex=f2b24a84ff
2025-06-27T02:08:15.132454Z  DEBUG - Huffman decode: Checking for potential EOS pattern in data
2025-06-27T02:08:15.132454Z  DEBUG - Huffman padding check: last_symbol_bit=32, total_bits=40, padding_bits=7
2025-06-27T02:08:15.132455Z  DEBUG - HPACK: Huffman decoded to: "x-test"
2025-06-27T02:08:15.132455Z  DEBUG - HPACK: Decoding Huffman string, length=4, data=49509fff
2025-06-27T02:08:15.132488Z  DEBUG - Huffman decode: data.size=4, hex=49509fff
2025-06-27T02:08:15.132488Z  DEBUG - Huffman decode: Checking for potential EOS pattern in data
2025-06-27T02:08:15.132489Z  DEBUG - Huffman padding check: last_symbol_bit=19, total_bits=32, padding_bits=12
2025-06-27T02:08:15.132498Z   WARN - Huffman decode failed: Padding longer than 7 bits
2025-06-27T02:08:15.132504Z  ERROR - HPACK decompression error: Padding longer than 7 bits
2025-06-27T02:08:15.132505Z  DEBUG - Failed header block hex: 828684418aa0e41d139d09b8f81e070085f2b24a84ff8449509fff
2025-06-27T02:08:15.132514Z  DEBUG - Read loop connection error: COMPRESSION_ERROR - Padding longer than 7 bits
2025-06-27T02:08:15.132839Z  DEBUG - Connection.start called, is_server=true
2025-06-27T02:08:15.132839Z  DEBUG - Reading client preface...
2025-06-27T02:08:15.132839Z  DEBUG - Attempting to read 24 bytes for preface
2025-06-27T02:08:15.132845Z  DEBUG - Read preface bytes: 505249202a20485454502f322e300d0a0d0a534d0d0a0d0a
2025-06-27T02:08:15.132846Z  DEBUG - Client preface read successfully
2025-06-27T02:08:15.132846Z  DEBUG - Starting without preface...
2025-06-27T02:08:15.132850Z  DEBUG - Connection started successfully
2025-06-27T02:08:15.132880Z  DEBUG - Read loop started for connection 127.0.0.1
2025-06-27T02:08:15.132881Z  DEBUG - Reading frame header...
2025-06-27T02:08:15.132884Z  DEBUG - Applying remote setting: INITIAL_WINDOW_SIZE = 65535
2025-06-27T02:08:15.132885Z  DEBUG - Updating stream windows: old=65535, new=65535, diff=0
2025-06-27T02:08:15.132885Z  DEBUG - Sending SETTINGS ACK
2025-06-27T02:08:15.132891Z  DEBUG - SETTINGS ACK sent
2025-06-27T02:08:15.132891Z  DEBUG - Successfully handled frame: HT2::SettingsFrame on stream 0
2025-06-27T02:08:15.132892Z  DEBUG - Reading frame header...
2025-06-27T02:08:15.132894Z  DEBUG - Successfully handled frame: HT2::SettingsFrame on stream 0
2025-06-27T02:08:15.132894Z  DEBUG - Reading frame header...
2025-06-27T02:08:15.132896Z  DEBUG - Successfully handled frame: HT2::SettingsFrame on stream 0
2025-06-27T02:08:15.132897Z  DEBUG - Reading frame header...
2025-06-27T02:08:15.132948Z  DEBUG - HEADERS frame parsing: payload_size=26, offset=0, padding=0, header_block_size=26
2025-06-27T02:08:15.132949Z  DEBUG - Header block hex: 828684418aa0e41d139d09b8f81e070085f2b24a84ff83495090
2025-06-27T02:08:15.132952Z  DEBUG - HEADERS frame: stream_id=1, flags=END_STREAM | END_HEADERS, padding=0, priority=nil, header_block_size=26
2025-06-27T02:08:15.132953Z  DEBUG - Full header block hex: 828684418aa0e41d139d09b8f81e070085f2b24a84ff83495090
2025-06-27T02:08:15.132953Z  DEBUG - Decoding HEADERS frame with block size: 26
2025-06-27T02:08:15.132954Z  DEBUG - First 20 bytes of header block: 828684418aa0e41d139d09b8f81e070085f2b24a
2025-06-27T02:08:15.132955Z  DEBUG - HPACK: Decoding Huffman string, length=10, data=a0e41d139d09b8f81e07
2025-06-27T02:08:15.133005Z  DEBUG - Huffman decode: data.size=10, hex=a0e41d139d09b8f81e07
2025-06-27T02:08:15.133005Z  DEBUG - Huffman decode: Checking for potential EOS pattern in data
2025-06-27T02:08:15.133006Z  DEBUG - Huffman padding check: last_symbol_bit=76, total_bits=80, padding_bits=3
2025-06-27T02:08:15.133007Z  DEBUG - HPACK: Huffman decoded to: "localhost:9080"
2025-06-27T02:08:15.133007Z  DEBUG - HPACK: Decoding Huffman string, length=5, data=f2b24a84ff
2025-06-27T02:08:15.133038Z  DEBUG - Huffman decode: data.size=5, hex=f2b24a84ff
2025-06-27T02:08:15.133038Z  DEBUG - Huffman decode: Checking for potential EOS pattern in data
2025-06-27T02:08:15.133039Z  DEBUG - Huffman padding check: last_symbol_bit=32, total_bits=40, padding_bits=7
2025-06-27T02:08:15.133039Z  DEBUG - HPACK: Huffman decoded to: "x-test"
2025-06-27T02:08:15.133040Z  DEBUG - HPACK: Decoding Huffman string, length=3, data=495090
2025-06-27T02:08:15.133075Z  DEBUG - Huffman decode: data.size=3, hex=495090
2025-06-27T02:08:15.133076Z  DEBUG - Huffman padding check: last_symbol_bit=19, total_bits=24, padding_bits=4
2025-06-27T02:08:15.133084Z   WARN - Huffman decode failed: Invalid Huffman padding (contains zeros)
2025-06-27T02:08:15.133091Z  ERROR - HPACK decompression error: Invalid Huffman padding (contains zeros)
2025-06-27T02:08:15.133092Z  DEBUG - Failed header block hex: 828684418aa0e41d139d09b8f81e070085f2b24a84ff83495090
2025-06-27T02:08:15.133101Z  DEBUG - Read loop connection error: COMPRESSION_ERROR - Invalid Huffman padding (contains zeros)
2025-06-27T02:08:15.133413Z  DEBUG - Connection.start called, is_server=true
2025-06-27T02:08:15.133413Z  DEBUG - Reading client preface...
2025-06-27T02:08:15.133413Z  DEBUG - Attempting to read 24 bytes for preface
2025-06-27T02:08:15.133417Z  DEBUG - Read preface bytes: 505249202a20485454502f322e300d0a0d0a534d0d0a0d0a
2025-06-27T02:08:15.133417Z  DEBUG - Client preface read successfully
2025-06-27T02:08:15.133418Z  DEBUG - Starting without preface...
2025-06-27T02:08:15.133421Z  DEBUG - Connection started successfully
2025-06-27T02:08:15.133449Z  DEBUG - Read loop started for connection 127.0.0.1
2025-06-27T02:08:15.133449Z  DEBUG - Reading frame header...
2025-06-27T02:08:15.133452Z  DEBUG - Applying remote setting: INITIAL_WINDOW_SIZE = 65535
2025-06-27T02:08:15.133453Z  DEBUG - Updating stream windows: old=65535, new=65535, diff=0
2025-06-27T02:08:15.133453Z  DEBUG - Sending SETTINGS ACK
2025-06-27T02:08:15.133458Z  DEBUG - SETTINGS ACK sent
2025-06-27T02:08:15.133459Z  DEBUG - Successfully handled frame: HT2::SettingsFrame on stream 0
2025-06-27T02:08:15.133459Z  DEBUG - Reading frame header...
2025-06-27T02:08:15.133461Z  DEBUG - Successfully handled frame: HT2::SettingsFrame on stream 0
2025-06-27T02:08:15.133461Z  DEBUG - Reading frame header...
2025-06-27T02:08:15.133463Z  DEBUG - Successfully handled frame: HT2::SettingsFrame on stream 0
2025-06-27T02:08:15.133463Z  DEBUG - Reading frame header...
2025-06-27T02:08:15.133514Z  DEBUG - HEADERS frame parsing: payload_size=30, offset=0, padding=0, header_block_size=30
2025-06-27T02:08:15.133515Z  DEBUG - Header block hex: 828684418aa0e41d139d09b8f81e070085f2b24a84ff874951fffffffa7f
2025-06-27T02:08:15.133517Z  DEBUG - HEADERS frame: stream_id=1, flags=END_STREAM | END_HEADERS, padding=0, priority=nil, header_block_size=30
2025-06-27T02:08:15.133518Z  DEBUG - Full header block hex: 828684418aa0e41d139d09b8f81e070085f2b24a84ff874951fffffffa7f
2025-06-27T02:08:15.133518Z  DEBUG - Decoding HEADERS frame with block size: 30
2025-06-27T02:08:15.133519Z  DEBUG - First 20 bytes of header block: 828684418aa0e41d139d09b8f81e070085f2b24a
2025-06-27T02:08:15.133519Z  DEBUG - HPACK: Decoding Huffman string, length=10, data=a0e41d139d09b8f81e07
2025-06-27T02:08:15.133559Z  DEBUG - Huffman decode: data.size=10, hex=a0e41d139d09b8f81e07
2025-06-27T02:08:15.133559Z  DEBUG - Huffman decode: Checking for potential EOS pattern in data
2025-06-27T02:08:15.133560Z  DEBUG - Huffman padding check: last_symbol_bit=76, total_bits=80, padding_bits=3
2025-06-27T02:08:15.133561Z  DEBUG - HPACK: Huffman decoded to: "localhost:9080"
2025-06-27T02:08:15.133563Z  DEBUG - HPACK: Decoding Huffman string, length=5, data=f2b24a84ff
2025-06-27T02:08:15.133597Z  DEBUG - Huffman decode: data.size=5, hex=f2b24a84ff
2025-06-27T02:08:15.133597Z  DEBUG - Huffman decode: Checking for potential EOS pattern in data
2025-06-27T02:08:15.133598Z  DEBUG - Huffman padding check: last_symbol_bit=32, total_bits=40, padding_bits=7
2025-06-27T02:08:15.133598Z  DEBUG - HPACK: Huffman decoded to: "x-test"
2025-06-27T02:08:15.133599Z  DEBUG - HPACK: Decoding Huffman string, length=7, data=4951fffffffa7f
2025-06-27T02:08:15.133599Z   WARN - HPACK: Potential EOS pattern detected in Huffman data: 4951fffffffa7f
2025-06-27T02:08:15.133600Z  ERROR - EOS pattern (30 consecutive 1s) found in Huffman data at byte 5, bit 4
2025-06-27T02:08:15.133607Z   WARN - Huffman decode failed: EOS symbol found in Huffman data
2025-06-27T02:08:15.133614Z  ERROR - HPACK decompression error: EOS symbol found in Huffman data
2025-06-27T02:08:15.133614Z  DEBUG - Failed header block hex: 828684418aa0e41d139d09b8f81e070085f2b24a84ff874951fffffffa7f
2025-06-27T02:08:15.133623Z  DEBUG - Read loop connection error: COMPRESSION_ERROR - EOS symbol found in Huffman data
2025-06-27T02:08:15.133936Z  DEBUG - Connection.start called, is_server=true
2025-06-27T02:08:15.133937Z  DEBUG - Reading client preface...
2025-06-27T02:08:15.133937Z  DEBUG - Attempting to read 24 bytes for preface
2025-06-27T02:08:15.133940Z  DEBUG - Read preface bytes: 505249202a20485454502f322e300d0a0d0a534d0d0a0d0a
2025-06-27T02:08:15.133941Z  DEBUG - Client preface read successfully
2025-06-27T02:08:15.133941Z  DEBUG - Starting without preface...
2025-06-27T02:08:15.133959Z  DEBUG - Connection started successfully
2025-06-27T02:08:15.133990Z  DEBUG - Read loop started for connection 127.0.0.1
2025-06-27T02:08:15.133990Z  DEBUG - Reading frame header...
2025-06-27T02:08:15.133994Z  DEBUG - Applying remote setting: INITIAL_WINDOW_SIZE = 65535
2025-06-27T02:08:15.133995Z  DEBUG - Updating stream windows: old=65535, new=65535, diff=0
2025-06-27T02:08:15.133995Z  DEBUG - Sending SETTINGS ACK
2025-06-27T02:08:15.134001Z  DEBUG - SETTINGS ACK sent
2025-06-27T02:08:15.134001Z  DEBUG - Successfully handled frame: HT2::SettingsFrame on stream 0
2025-06-27T02:08:15.134002Z  DEBUG - Reading frame header...
2025-06-27T02:08:15.134004Z  DEBUG - Successfully handled frame: HT2::SettingsFrame on stream 0
2025-06-27T02:08:15.134005Z  DEBUG - Reading frame header...
2025-06-27T02:08:15.134006Z  DEBUG - Successfully handled frame: HT2::SettingsFrame on stream 0
2025-06-27T02:08:15.134007Z  DEBUG - Reading frame header...
2025-06-27T02:08:15.134060Z  DEBUG - HEADERS frame parsing: payload_size=16, offset=0, padding=0, header_block_size=16
2025-06-27T02:08:15.134061Z  DEBUG - Header block hex: 828684418aa0e41d139d09b8f81e0780
2025-06-27T02:08:15.134064Z  DEBUG - HEADERS frame: stream_id=1, flags=END_STREAM | END_HEADERS, padding=0, priority=nil, header_block_size=16
2025-06-27T02:08:15.134064Z  DEBUG - Full header block hex: 828684418aa0e41d139d09b8f81e0780
2025-06-27T02:08:15.134065Z  DEBUG - Decoding HEADERS frame with block size: 16
2025-06-27T02:08:15.134065Z  DEBUG - First 20 bytes of header block: less than 20 bytes
2025-06-27T02:08:15.134066Z  DEBUG - HPACK: Decoding Huffman string, length=10, data=a0e41d139d09b8f81e07
2025-06-27T02:08:15.134106Z  DEBUG - Huffman decode: data.size=10, hex=a0e41d139d09b8f81e07
2025-06-27T02:08:15.134106Z  DEBUG - Huffman decode: Checking for potential EOS pattern in data
2025-06-27T02:08:15.134107Z  DEBUG - Huffman padding check: last_symbol_bit=76, total_bits=80, padding_bits=3
2025-06-27T02:08:15.134108Z  DEBUG - HPACK: Huffman decoded to: "localhost:9080"
2025-06-27T02:08:15.134116Z  ERROR - HPACK decompression error: Invalid header index: 0
2025-06-27T02:08:15.134116Z  DEBUG - Failed header block hex: 828684418aa0e41d139d09b8f81e0780
2025-06-27T02:08:15.134125Z  DEBUG - Read loop connection error: COMPRESSION_ERROR - Invalid header index: 0
2025-06-27T02:08:15.134452Z  DEBUG - Connection.start called, is_server=true
2025-06-27T02:08:15.134452Z  DEBUG - Reading client preface...
2025-06-27T02:08:15.134453Z  DEBUG - Attempting to read 24 bytes for preface
2025-06-27T02:08:15.134456Z  DEBUG - Read preface bytes: 505249202a20485454502f322e300d0a0d0a534d0d0a0d0a
2025-06-27T02:08:15.134457Z  DEBUG - Client preface read successfully
2025-06-27T02:08:15.134457Z  DEBUG - Starting without preface...
2025-06-27T02:08:15.134470Z  DEBUG - Connection started successfully
2025-06-27T02:08:15.134500Z  DEBUG - Read loop started for connection 127.0.0.1
2025-06-27T02:08:15.134501Z  DEBUG - Reading frame header...
2025-06-27T02:08:15.134503Z  DEBUG - Applying remote setting: INITIAL_WINDOW_SIZE = 65535
2025-06-27T02:08:15.134503Z  DEBUG - Updating stream windows: old=65535, new=65535, diff=0
2025-06-27T02:08:15.134504Z  DEBUG - Sending SETTINGS ACK
2025-06-27T02:08:15.134509Z  DEBUG - SETTINGS ACK sent
2025-06-27T02:08:15.134509Z  DEBUG - Successfully handled frame: HT2::SettingsFrame on stream 0
2025-06-27T02:08:15.134509Z  DEBUG - Reading frame header...
2025-06-27T02:08:15.134512Z  DEBUG - Successfully handled frame: HT2::SettingsFrame on stream 0
2025-06-27T02:08:15.134512Z  DEBUG - Reading frame header...
2025-06-27T02:08:15.134514Z  DEBUG - Successfully handled frame: HT2::SettingsFrame on stream 0
2025-06-27T02:08:15.134514Z  DEBUG - Reading frame header...
2025-06-27T02:08:15.134566Z  DEBUG - HEADERS frame parsing: payload_size=18, offset=0, padding=0, header_block_size=18
2025-06-27T02:08:15.134567Z  DEBUG - Header block hex: 3fe21f828684418aa0e41d139d09b8f81e07
2025-06-27T02:08:15.134570Z  DEBUG - HEADERS frame: stream_id=1, flags=END_STREAM | END_HEADERS, padding=0, priority=nil, header_block_size=18
2025-06-27T02:08:15.134570Z  DEBUG - Full header block hex: 3fe21f828684418aa0e41d139d09b8f81e07
2025-06-27T02:08:15.134571Z  DEBUG - Decoding HEADERS frame with block size: 18
2025-06-27T02:08:15.134571Z  DEBUG - First 20 bytes of header block: less than 20 bytes
2025-06-27T02:08:15.134583Z  ERROR - HPACK decompression error: Dynamic table size update exceeds maximum: 4097 > 4096
2025-06-27T02:08:15.134584Z  DEBUG - Failed header block hex: 3fe21f828684418aa0e41d139d09b8f81e07
2025-06-27T02:08:15.134596Z  DEBUG - Read loop connection error: COMPRESSION_ERROR - Dynamic table size update exceeds maximum: 4097 > 4096
2025-06-27T02:08:15.135205Z  DEBUG - Failed to read frame header: read (#<TCPSocket:0x169092b40>): Connection reset by peer
2025-06-27T02:08:15.135211Z  DEBUG - Read loop IO error: IO::Error - read (#<TCPSocket:0x169092b40>): Connection reset by peer
2025-06-27T02:08:15.135211Z  DEBUG - Socket closed: false
2025-06-27T02:08:15.135211Z  DEBUG - Read loop exiting, closing connection
2025-06-27T02:08:15.135246Z  DEBUG - Failed to send GOAWAY: write (#<TCPSocket:0x169092b40>): Broken pipe
2025-06-27T02:08:15.135278Z  DEBUG - Failed to read frame header: read (#<TCPSocket:0x169092d80>): Connection reset by peer
2025-06-27T02:08:15.135282Z  DEBUG - Read loop IO error: IO::Error - read (#<TCPSocket:0x169092d80>): Connection reset by peer
2025-06-27T02:08:15.135282Z  DEBUG - Socket closed: false
2025-06-27T02:08:15.135282Z  DEBUG - Read loop exiting, closing connection
2025-06-27T02:08:15.135305Z  DEBUG - Failed to send GOAWAY: write (#<TCPSocket:0x169092d80>): Broken pipe
2025-06-27T02:08:15.135313Z  DEBUG - Failed to read frame header: End of file reached
2025-06-27T02:08:15.135317Z  DEBUG - Read loop IO error: IO::EOFError - End of file reached
2025-06-27T02:08:15.135318Z  DEBUG - Socket closed: false
2025-06-27T02:08:15.135318Z  DEBUG - Read loop exiting, closing connection
2025-06-27T02:08:15.135331Z  DEBUG - Failed to read frame header: End of file reached
2025-06-27T02:08:15.135335Z  DEBUG - Read loop IO error: IO::EOFError - End of file reached
2025-06-27T02:08:15.135335Z  DEBUG - Socket closed: false
2025-06-27T02:08:15.135335Z  DEBUG - Read loop exiting, closing connection
